******************************************************************************
                  TI ARM Linker PC v5.1.6                      
******************************************************************************
>> Linked Tue Jan 06 16:10:31 2015

OUTPUT FILE NAME:   <test udp_socket.out>
ENTRY POINT SYMBOL: "_c_int00"  address: 20009df1


MEMORY CONFIGURATION

         name            origin    length      used     unused   attr    fill
----------------------  --------  ---------  --------  --------  ----  --------
  SRAM_CODE             20004000   00013000  00006c6e  0000c392  RW X
  SRAM_DATA             20017000   00019000  00001e08  000171f8  RW X


SEGMENT ALLOCATION MAP

run origin  load origin   length   init length attrs members
----------  ----------- ---------- ----------- ----- -------
20004000    20004000    00006c70   00006c70    r-x
  20004000    20004000    00000400   00000400    r-- .intvecs
  20004400    20004400    0000619e   0000619e    r-x .text
  2000a5a0    2000a5a0    00000678   00000678    r-- .const
  2000ac18    2000ac18    00000058   00000058    r-- .cinit
20017000    20017000    00001608   00000000    rw-
  20017000    20017000    00000c00   00000000    rw- .bss
  20017c00    20017c00    00000800   00000000    rw- .sysmem
  20018400    20018400    00000208   00000000    rw- .data
2002f800    2002f800    00000800   00000000    rw-
  2002f800    2002f800    00000800   00000000    rw- .stack


SECTION ALLOCATION MAP

 output                                  attributes/
section   page    origin      length       input sections
--------  ----  ----------  ----------   ----------------
.init_array 
*          0    20004000    00000000     UNINITIALIZED

.intvecs   0    20004000    00000400     
                  20004000    00000400     startup_ccs.obj (.intvecs)

.text      0    20004400    0000619e     
                  20004400    00000ec0     rtsv7M4_T_le_eabi.lib : _printfi.obj (.text)
                  200052c0    00000b88     main.obj (.text)
                  20005e48    000003cc     rtsv7M4_T_le_eabi.lib : memory.obj (.text)
                  20006214    000003b4     simplelink.a : driver.obj (.text:_SlDrvMsgRead)
                  200065c8    0000034c                  : driver.obj (.text:_SlAsyncEventGenericHandler)
                  20006914    0000026c     uart_if.obj (.text)
                  20006b80    00000200     udma_if.obj (.text)
                  20006d80    000001f4     rtsv7M4_T_le_eabi.lib : ull_div_t2.obj (.text)
                  20006f74    000001b6                           : fd_add_t2.obj (.text)
                  2000712a    00000002     driverlib.a : interrupt.obj (.text:IntDefaultHandler)
                  2000712c    0000019c     simplelink.a : wlan.obj (.text:sl_WlanConnect)
                  200072c8    00000140                  : driver.obj (.text:_SlDrvDataWriteOp)
                  20007408    00000140                  : driver.obj (.text:_SlDrvRxHdrRead)
                  20007548    00000136     rtsv7M4_T_le_eabi.lib : fd_div_t2.obj (.text)
                  2000767e    00000002     --HOLE-- [fill = 0]
                  20007680    00000134     driverlib.a : prcm.obj (.text:PRCMCC3200MCUInit)
                  200077b4    00000128     simplelink.a : cc_pal.obj (.text:spi_Open)
                  200078dc    00000118                  : driver.obj (.text:_SlDrvWaitForPoolObj)
                  200079f4    00000114                  : driver.obj (.text:_SlDrvMsgWrite)
                  20007b08    0000010c                  : driver.obj (.text:_SlDrvReleasePoolObj)
                  20007c14    000000fc     rtsv7M4_T_le_eabi.lib : fd_mul_t2.obj (.text)
                  20007d10    000000f0     driverlib.a : udma.obj (.text:uDMAChannelTransferSet)
                  20007e00    000000ec     simplelink.a : cc_pal.obj (.text:spi_Write)
                  20007eec    000000cc                  : device.obj (.text:sl_Stop)
                  20007fb8    000000cc                  : cc_pal.obj (.text:spi_Read)
                  20008084    000000c8                  : device.obj (.text:sl_Start)
                  2000814c    000000bc                  : driver.obj (.text:_SlDrvMsgReadCmdCtx)
                  20008208    000000b4                  : socket.obj (.text:sl_SendTo)
                  200082bc    000000b2                  : netapp.obj (.text:_SlDrvNetAppEventHandler)
                  2000836e    00000002     --HOLE-- [fill = 0]
                  20008370    000000a8     driverlib.a : interrupt.obj (.text:IntDisable)
                  20008418    000000a8                 : interrupt.obj (.text:IntEnable)
                  200084c0    000000a0                 : spi.obj (.text:SPIConfigSetExpClk)
                  20008560    0000009c     rtsv7M4_T_le_eabi.lib : memcpy_t2.obj (.text)
                  200085fc    00000098     simplelink.a : driver.obj (.text:_SlFindAndSetActiveObj)
                  20008694    00000094     driverlib.a : prcm.obj (.text:PRCMPeripheralClockGet)
                  20008728    00000094     simplelink.a : driver.obj (.text:_SlDrvClassifyRxMsg)
                  200087bc    00000094                  : driver.obj (.text:_SlDrvMsgReadSpawnCtx)
                  20008850    00000094     rtsv7M4_T_le_eabi.lib : auto_init.obj (.text)
                  200088e4    00000090     simplelink.a : driver.obj (.text:_SlDrvDriverCBInit)
                  20008974    00000088     driverlib.a : pin.obj (.text:PinConfigSet)
                  200089fc    00000088     simplelink.a : driver.obj (.text:_SlDrvCmdOp)
                  20008a84    00000088     rtsv7M4_T_le_eabi.lib : vsnprintf.obj (.text)
                  20008b0c    00000088     simplelink.a : netapp.obj (.text:sl_NetAppMDNSRegisterUnregisterService)
                  20008b94    00000086     rtsv7M4_T_le_eabi.lib : fd_cmp_t2.obj (.text:__aeabi_cdcmple)
                  20008c1a    00000086                           : fd_cmp_t2.obj (.text:__aeabi_cdrcmple)
                  20008ca0    00000084     simplelink.a : netapp.obj (.text:_sl_HandleAsync_DnsGetHostByName)
                  20008d24    00000080                  : cc_pal.obj (.text:NwpPowerOnPreamble)
                  20008da4    0000007c                  : device.obj (.text:sl_DevGet)
                  20008e20    00000078                  : cc_pal.obj (.text:SetupDMAReceive)
                  20008e98    00000078                  : device.obj (.text:_sl_HandleAsync_InitComplete)
                  20008f10    00000078                  : netapp.obj (.text:_sl_HandleAsync_PingResponse)
                  20008f88    00000078     rtsv7M4_T_le_eabi.lib : memset_t2.obj (.text)
                  20009000    00000076     driverlib.a : uart.obj (.text:UARTConfigSetExpClk)
                  20009076    00000002     --HOLE-- [fill = 0]
                  20009078    00000074     simplelink.a : cc_pal.obj (.text:spi_Close)
                  200090ec    0000006e                  : socket.obj (.text:_sl_TruncatePayloadByProtocol)
                  2000915a    00000002     --HOLE-- [fill = 0]
                  2000915c    0000006c                  : socket.obj (.text:_sl_HandleAsync_Connect)
                  200091c8    00000068                  : socket.obj (.text:_sl_HandleAsync_Accept)
                  20009230    00000068                  : netapp.obj (.text:_sl_HandleAsync_DnsGetHostByService)
                  20009298    00000064     driverlib.a : udma.obj (.text:uDMAChannelAttributeDisable)
                  200092fc    00000064                 : udma.obj (.text:uDMAChannelAttributeEnable)
                  20009360    00000060     simplelink.a : driver.obj (.text:_SlDrvDriverCBDeinit)
                  200093c0    0000005e     rtsv7M4_T_le_eabi.lib : copy_decompress_rle.obj (.text)
                  2000941e    00000002     --HOLE-- [fill = 0]
                  20009420    0000005c     simplelink.a : socket.obj (.text:_sl_HandleAsync_Select)
                  2000947c    0000005a     rtsv7M4_T_le_eabi.lib : ltoa.obj (.text)
                  200094d6    00000002     --HOLE-- [fill = 0]
                  200094d8    00000058     driverlib.a : interrupt.obj (.text:IntPendClear)
                  20009530    00000058                 : prcm.obj (.text:PRCMPeripheralReset)
                  20009588    00000058     simplelink.a : device.obj (.text:_sl_HandleAsync_Stop)
                  200095e0    00000054     driverlib.a : interrupt.obj (.text:IntPrioritySet)
                  20009634    00000054     simplelink.a : netapp.obj (.text:sl_NetAppSendTokenValue)
                  20009688    0000004c     driverlib.a : spi.obj (.text:SPIIntEnable)
                  200096d4    0000004c                 : spi.obj (.text:SPIIntNumberGet)
                  20009720    0000004c     rtsv7M4_T_le_eabi.lib : atoi.obj (.text)
                  2000976c    0000004c     driverlib.a : udma.obj (.text:uDMAChannelAssign)
                  200097b8    0000004a     simplelink.a : device.obj (.text:_sl_GetStartResponseConvert)
                  20009802    00000002     --HOLE-- [fill = 0]
                  20009804    00000048     driverlib.a : spi.obj (.text:SPIIntClear)
                  2000984c    00000048     rtsv7M4_T_le_eabi.lib : fd_toi_t2.obj (.text)
                  20009894    00000048     simplelink.a : wlan.obj (.text:sl_WlanSet)
                  200098dc    00000044     driverlib.a : spi.obj (.text:SPIDmaMaskGet)
                  20009920    00000044     pinmux.obj (.text)
                  20009964    00000044     rtsv7M4_T_le_eabi.lib : cpy_tbl.obj (.text)
                  200099a8    00000044                           : exit.obj (.text)
                  200099ec    00000044                           : xdtest.obj (.text)
                  20009a30    00000044     simplelink.a : netcfg.obj (.text:sl_NetCfgSet)
                  20009a74    00000040     driverlib.a : pin.obj (.text:PinModeSet)
                  20009ab4    00000040     simplelink.a : driver.obj (.text:_SlDrvRxIrqHandler)
                  20009af4    00000040                  : nonos.obj (.text:_SlNonOsMainLoopTask)
                  20009b34    00000040                  : driver.obj (.text:_SlRemoveFromList)
                  20009b74    00000040                  : wlan.obj (.text:sl_WlanPolicySet)
                  20009bb4    00000040                  : wlan.obj (.text:sl_WlanRxFilterSet)
                  20009bf4    0000003c                  : cc_pal.obj (.text:NwpPowerOff)
                  20009c30    0000003c     driverlib.a : prcm.obj (.text:PRCMPeripheralClkEnable)
                  20009c6c    0000003c     simplelink.a : driver.obj (.text:_SlDrvObjInit)
                  20009ca8    0000003c     driverlib.a : udma.obj (.text:uDMAChannelControlSet)
                  20009ce4    00000038     simplelink.a : cc_pal.obj (.text:NwpRegisterInterruptHandler)
                  20009d1c    00000038                  : socket.obj (.text:sl_Htonl)
                  20009d54    00000034     driverlib.a : prcm.obj (.text:PRCMPeripheralStatusGet)
                  20009d88    00000034                 : spi.obj (.text:SPIFIFOLevelSet)
                  20009dbc    00000034     simplelink.a : driver.obj (.text:_SlDrvBasicCmd)
                  20009df0    00000034     rtsv7M4_T_le_eabi.lib : boot.obj (.text)
                  20009e24    00000034     simplelink.a : socket.obj (.text:sl_Htons)
                  20009e58    00000030                  : cc_pal.obj (.text:NwpPowerOn)
                  20009e88    00000030     driverlib.a : uart.obj (.text:UARTDisable)
                  20009eb8    00000030     simplelink.a : flowcont.obj (.text:_SlDrvFlowContDeinit)
                  20009ee8    00000030                  : flowcont.obj (.text:_SlDrvFlowContInit)
                  20009f18    00000030                  : nonos.obj (.text:_SlNonOsSemGet)
                  20009f48    00000030                  : socket.obj (.text:sl_Socket)
                  20009f78    0000002e     rtsv7M4_T_le_eabi.lib : i_tofd_t2.obj (.text)
                  20009fa6    00000002     --HOLE-- [fill = 0]
                  20009fa8    0000002c     driverlib.a : prcm.obj (.text:PRCMSysResetCauseGet)
                  20009fd4    00000028                 : prcm.obj (.text:PRCMPeripheralClkDisable)
                  20009ffc    00000028     simplelink.a : socket.obj (.text:_sl_BuildAddress)
                  2000a024    00000028                  : wlan.obj (.text:sl_WlanSetMode)
                  2000a04c    00000024                  : cc_pal.obj (.text:DmaSpiSwIntHandler)
                  2000a070    00000024     driverlib.a : interrupt.obj (.text:IntUnregister)
                  2000a094    00000024                 : uart.obj (.text:UARTEnable)
                  2000a0b8    00000024     rtsv7M4_T_le_eabi.lib : memmov.obj (.text)
                  2000a0dc    00000024     simplelink.a : socket.obj (.text:sl_Close)
                  2000a100    00000024                  : wlan.obj (.text:sl_WlanProfileDel)
                  2000a124    00000022     driverlib.a : spi.obj (.text:SPIReset)
                  2000a146    00000022                 : spi.obj (.text:SPIWordCountSet)
                  2000a168    00000020                 : interrupt.obj (.text:IntRegister)
                  2000a188    00000020     simplelink.a : driver.obj (.text:_SlDrvCmdSend)
                  2000a1a8    00000020                  : nonos.obj (.text:_SlNonOsSpawn)
                  2000a1c8    0000001e     driverlib.a : uart.obj (.text:UARTCharPut)
                  2000a1e6    00000002     --HOLE-- [fill = 0]
                  2000a1e8    0000001c     simplelink.a : driver.obj (.text:_SlDrvObjDeInit)
                  2000a204    0000001c     rtsv7M4_T_le_eabi.lib : memccpy.obj (.text)
                  2000a220    0000001c     driverlib.a : udma.obj (.text:uDMAChannelDisable)
                  2000a23c    0000001c                 : udma.obj (.text:uDMAChannelEnable)
                  2000a258    0000001c                 : udma.obj (.text:uDMAChannelRequest)
                  2000a274    0000001a     simplelink.a : netapp.obj (.text:CopyPingResultsToReport)
                  2000a28e    0000001a     driverlib.a : pin.obj (.text:PinTypeSPI)
                  2000a2a8    0000001a                 : pin.obj (.text:PinTypeUART)
                  2000a2c2    0000001a                 : spi.obj (.text:SPIDmaDisable)
                  2000a2dc    0000001a                 : spi.obj (.text:SPIDmaEnable)
                  2000a2f6    0000001a                 : spi.obj (.text:SPIFIFODisable)
                  2000a310    0000001a                 : spi.obj (.text:SPIFIFOEnable)
                  2000a32a    0000001a                 : spi.obj (.text:SPIIntUnregister)
                  2000a344    0000001a     simplelink.a : device.obj (.text:_SlDrvDeviceEventHandler)
                  2000a35e    00000018     driverlib.a : spi.obj (.text:SPICSDisable)
                  2000a376    00000018                 : spi.obj (.text:SPICSEnable)
                  2000a38e    00000018                 : spi.obj (.text:SPIDisable)
                  2000a3a6    00000018                 : spi.obj (.text:SPIEnable)
                  2000a3be    00000002     --HOLE-- [fill = 0]
                  2000a3c0    00000018     rtsv7M4_T_le_eabi.lib : args_main.obj (.text)
                  2000a3d8    00000018                           : ll_mul_t2.obj (.text)
                  2000a3f0    00000016     driverlib.a : prcm.obj (.text:PRCMHIBRegRead)
                  2000a406    00000016                 : prcm.obj (.text:PRCMHIBRegWrite)
                  2000a41c    00000016                 : uart.obj (.text:UARTCharGet)
                  2000a432    00000016                 : udma.obj (.text:uDMAIntRegister)
                  2000a448    00000014                 : cpu.obj (.text:CPUcpsie)
                  2000a45c    00000014                 : interrupt.obj (.text:IntVTableBaseSet)
                  2000a470    00000014     simplelink.a : driver.obj (.text:_SlDrvShiftDWord)
                  2000a484    00000014     rtsv7M4_T_le_eabi.lib : _lock.obj (.text)
                  2000a498    00000014                           : strlen.obj (.text)
                  2000a4ac    00000014     driverlib.a : udma.obj (.text:uDMAControlBaseSet)
                  2000a4c0    00000014                 : udma.obj (.text:uDMAIntClear)
                  2000a4d4    00000012     rtsv7M4_T_le_eabi.lib : copy_zero_init.obj (.text:decompress:ZI)
                  2000a4e6    00000012     simplelink.a : netapp.obj (.text:sl_NetAppMDNSUnRegisterService)
                  2000a4f8    00000012     driverlib.a : udma.obj (.text:uDMAIntUnregister)
                  2000a50a    00000002     --HOLE-- [fill = 0]
                  2000a50c    00000010     simplelink.a : cc_pal.obj (.text:NwpMaskInterrupt)
                  2000a51c    0000000e     rtsv7M4_T_le_eabi.lib : copy_decompress_none.obj (.text:decompress:none)
                  2000a52a    0000000e                           : xdclass.obj (.text)
                  2000a538    0000000e     startup_ccs.obj (.text)
                  2000a546    00000002     --HOLE-- [fill = 0]
                  2000a548    0000000c     simplelink.a : cc_pal.obj (.text:NwpUnMaskInterrupt)
                  2000a554    0000000c     driverlib.a : udma.obj (.text:uDMADisable)
                  2000a560    0000000c                 : udma.obj (.text:uDMAEnable)
                  2000a56c    0000000c                 : udma.obj (.text:uDMAIntStatus)
                  2000a578    0000000a                 : interrupt.obj (.text:IntMasterEnable)
                  2000a582    00000008     simplelink.a : nonos.obj (.text:_SlNonOsSemSet)
                  2000a58a    00000008                  : wlan.obj (.text:sl_WlanDisconnect)
                  2000a592    00000006     driverlib.a : utils.obj (.text:UtilsDelay)
                  2000a598    00000006     rtsv7M4_T_le_eabi.lib : copy_decompress_rle.obj (.text:decompress:rle24)

.const     0    2000a5a0    00000678     
                  2000a5a0    00000102     rtsv7M4_T_le_eabi.lib : ctype.obj (.const:.string:_ctypes_)
                  2000a6a2    00000002     --HOLE-- [fill = 0]
                  2000a6a4    00000100     driverlib.a : pin.obj (.const:g_ulPinToPadMap)
                  2000a7a4    000000ec     simplelink.a : wlan.obj (.const)
                  2000a890    000000d4     driverlib.a : interrupt.obj (.const:g_pulRegs)
                  2000a964    000000a8                 : prcm.obj (.const:PRCM_PeriphRegsList)
                  2000aa0c    00000080                 : interrupt.obj (.const)
                  2000aa8c    0000004c     simplelink.a : driver.obj (.const)
                  2000aad8    00000034                  : socket.obj (.const)
                  2000ab0c    0000002c     main.obj (.const:$P$T1$2)
                  2000ab38    00000028     simplelink.a : netapp.obj (.const)
                  2000ab60    00000024     driverlib.a : spi.obj (.const:g_ppulSPIIntMap)
                  2000ab84    00000022     main.obj (.const:.string:$P$T0$1)
                  2000aba6    00000002     --HOLE-- [fill = 0]
                  2000aba8    00000020     main.obj (.const)
                  2000abc8    00000019     main.obj (.const:.string)
                  2000abe1    00000003     --HOLE-- [fill = 0]
                  2000abe4    00000018     driverlib.a : spi.obj (.const)
                  2000abfc    00000014     simplelink.a : device.obj (.const)
                  2000ac10    00000008                  : netcfg.obj (.const)

.cinit     0    2000ac18    00000058     
                  2000ac18    00000034     (.cinit..data.load) [load image, compression = rle]
                  2000ac4c    0000000c     (__TI_handler_table)
                  2000ac58    00000008     (.cinit..bss.load) [load image, compression = zero_init]
                  2000ac60    00000010     (__TI_cinit_table)

.bss       0    20017000    00000c00     UNINITIALIZED
                  20017000    00000578     main.obj (.bss:g_cBsdBuf)
                  20017578    00000100     udma_if.obj (.bss:gfpAppCallbackHndl)
                  20017678    00000028     simplelink.a : nonos.obj (.bss:g__SlNonOsCB)
                  200176a0    00000024     main.obj (.bss:g_ucConnectionSSID)
                  200176c4    00000008     (.common:g_ucConnectionBSSID)
                  200176cc    00000004     (.common:__Errorlog)
                  200176d0    00000001     (.common:g_cDummy)
                  200176d1    00000001     (.common:iDone)
                  200176d2    0000012e     --HOLE--
                  20017800    00000400     udma_if.obj (.bss:gpCtlTbl)

.sysmem    0    20017c00    00000800     UNINITIALIZED
                  20017c00    00000008     rtsv7M4_T_le_eabi.lib : memory.obj (.sysmem)
                  20017c08    000007f8     --HOLE--

.data      0    20018400    00000208     UNINITIALIZED
                  20018400    00000170     simplelink.a : driver.obj (.data)
                  20018570    0000005c                  : cc_pal.obj (.data)
                  200185cc    0000001c     main.obj (.data)
                  200185e8    0000000c     rtsv7M4_T_le_eabi.lib : memory.obj (.data)
                  200185f4    00000008                           : _lock.obj (.data)
                  200185fc    00000008                           : exit.obj (.data)
                  20018604    00000004                           : stkdepth_vars.obj (.data)

.stack     0    2002f800    00000800     UNINITIALIZED
                  2002f800    00000800     --HOLE--


LINKER GENERATED COPY TABLES

__TI_cinit_table @ 2000ac60 records: 2, size/record: 8, table size: 16
	.data: load addr=2000ac18, load size=00000034 bytes, run addr=20018400, run size=00000208 bytes, compression=rle
	.bss: load addr=2000ac58, load size=00000008 bytes, run addr=20017000, run size=00000c00 bytes, compression=zero_init


LINKER GENERATED HANDLER TABLE

__TI_handler_table @ 2000ac4c records: 3, size/record: 4, table size: 12
	index: 0, handler: __TI_decompress_rle24
	index: 1, handler: __TI_decompress_none
	index: 2, handler: __TI_zero_init


GLOBAL SYMBOLS: SORTED ALPHABETICALLY BY Name 

address    name
--------   ----
20005a3d   BsdUdpClient
200099a9   C$$EXIT
2000a449   CPUcpsie
20006955   ClearTerm
2000a275   CopyPingResultsToReport
20006d27   DMASetupTransfer
20006b97   DmaErrorIntHandler
2000a04d   DmaSpiSwIntHandler
20006b81   DmaSwIntHandler
2000695f   Error
20006997   GetCmd
20006915   InitTerm
20008371   IntDisable
20008419   IntEnable
2000a579   IntMasterEnable
200094d9   IntPendClear
200095e1   IntPrioritySet
2000a169   IntRegister
2000a071   IntUnregister
2000a45d   IntVTableBaseSet
20006933   Message
2000a50d   NwpMaskInterrupt
20009bf5   NwpPowerOff
20009e59   NwpPowerOn
20008d25   NwpPowerOnPreamble
20009ce5   NwpRegisterInterruptHandler
2000a549   NwpUnMaskInterrupt
20007681   PRCMCC3200MCUInit
2000a3f1   PRCMHIBRegRead
2000a407   PRCMHIBRegWrite
20009fd5   PRCMPeripheralClkDisable
20009c31   PRCMPeripheralClkEnable
20008695   PRCMPeripheralClockGet
20009531   PRCMPeripheralReset
20009d55   PRCMPeripheralStatusGet
20009fa9   PRCMSysResetCauseGet
20008975   PinConfigSet
20009a75   PinModeSet
20009921   PinMuxConfig
2000a28f   PinTypeSPI
2000a2a9   PinTypeUART
20006ac1   Report
2000a539   ResetISR
UNDEFED    SHT$$INIT_ARRAY$$Base
UNDEFED    SHT$$INIT_ARRAY$$Limit
2000a35f   SPICSDisable
2000a377   SPICSEnable
200084c1   SPIConfigSetExpClk
2000a38f   SPIDisable
2000a2c3   SPIDmaDisable
2000a2dd   SPIDmaEnable
2000a3a7   SPIEnable
2000a2f7   SPIFIFODisable
2000a311   SPIFIFOEnable
20009d89   SPIFIFOLevelSet
20009805   SPIIntClear
20009689   SPIIntEnable
2000a32b   SPIIntUnregister
2000a125   SPIReset
2000a147   SPIWordCountSet
20006c29   SetupTransfer
20005491   SimpleLinkGeneralEventHandler
200054e5   SimpleLinkHttpServerCallback
200053d1   SimpleLinkNetAppEventHandler
200054f1   SimpleLinkSockEventHandler
200052c1   SimpleLinkWlanEventHandler
20006a29   TrimSpace
2000a41d   UARTCharGet
2000a1c9   UARTCharPut
20009001   UARTConfigSetExpClk
20009e89   UARTDisable
2000a095   UARTEnable
20006bfb   UDMAChannelSelect
20006d13   UDMADeInit
20006ba3   UDMAInit
20006c6d   UDMASetupAutoMemTransfer
20006ca1   UDMASetupPingPongTransfer
20006cfb   UDMAStartTransfer
20006d07   UDMAStopTransfer
2000a593   UtilsDelay
2000a52b   _Dclass
200099ed   _Dtest
2000aaf8   _SlAcceptCmdCtrl
2000aaa0   _SlActionLookupTable
200065c9   _SlAsyncEventGenericHandler
2000ac08   _SlDeviceGetCmdCtrl
2000ac0c   _SlDeviceSetCmdCtrl
20009dbd   _SlDrvBasicCmd
20008729   _SlDrvClassifyRxMsg
200089fd   _SlDrvCmdOp
2000a189   _SlDrvCmdSend
200072c9   _SlDrvDataWriteOp
2000a345   _SlDrvDeviceEventHandler
20009361   _SlDrvDriverCBDeinit
200088e5   _SlDrvDriverCBInit
20009eb9   _SlDrvFlowContDeinit
20009ee9   _SlDrvFlowContInit
20006215   _SlDrvMsgRead
2000814d   _SlDrvMsgReadCmdCtx
200087bd   _SlDrvMsgReadSpawnCtx
200079f5   _SlDrvMsgWrite
200082bd   _SlDrvNetAppEventHandler
2000a1e9   _SlDrvObjDeInit
20009c6d   _SlDrvObjInit
20007b09   _SlDrvReleasePoolObj
20007409   _SlDrvRxHdrRead
20009ab5   _SlDrvRxIrqHandler
2000a471   _SlDrvShiftDWord
200078dd   _SlDrvWaitForPoolObj
2000ac04   _SlEventMaskGetCmdCtrl
2000ac00   _SlEventMaskSetCmdCtrl
200085fd   _SlFindAndSetActiveObj
2000ab50   _SlGetHostByNameCtrl
2000ab4c   _SlGetHostByServiceCtrl
2000ab44   _SlGetServiceListeCtrl
2000ab04   _SlGetSockOptCmdCtrl
2000aaf4   _SlListenCmdCtrl
2000ab5c   _SlNetAppGetCmdCtrl
2000ab58   _SlNetAppSendTokenValueCmdCtrl
2000ab54   _SlNetAppSetCmdCtrl
2000ab3c   _SlNetAppStartCtrl
2000ab40   _SlNetAppStopCtrl
2000ac14   _SlNetCfgGetCmdCtrl
2000ac10   _SlNetCfgSetCmdCtrl
20009af5   _SlNonOsMainLoopTask
20009f19   _SlNonOsSemGet
2000a583   _SlNonOsSemSet
2000a1a9   _SlNonOsSpawn
2000a7ac   _SlPolicyGetCmdCtrl
2000a7a8   _SlPolicySetCmdCtrl
2000a7b4   _SlProfileDelCmdCtrl
2000a7b0   _SlProfileGetCmdCtrl
2000aafc   _SlRecvCmdCtrl
2000aaec   _SlRecvfomCmdCtrl
2000ab48   _SlRegisterServiceCtrl
20009b35   _SlRemoveFromList
2000a7bc   _SlRxFilterAddtCmdCtrl
2000a7c4   _SlRxFilterGetCmdCtrl
2000a7c0   _SlRxFilterSetCmdCtrl
2000ab08   _SlSelectCmdCtrl
2000aaf0   _SlSendCmdCtrl
2000ab00   _SlSetSockOptCmdCtrl
2000a7c8   _SlSmartConfigStartCmdCtrl
2000aae8   _SlSockCloseCmdCtrl
2000aae4   _SlSockSocketCmdCtrl
2000abfc   _SlStopCmdCtrl
2000a7d4   _SlWlanCfgGetCmdCtrl
2000a7d0   _SlWlanCfgSetCmdCtrl
2000a7b8   _SlWlanGetNetworkListCtrl
2000a7cc   _SlWlanSetModeCmdCtrl
20030000   __STACK_END
00000800   __STACK_SIZE
00000800   __SYSMEM_SIZE
2000ac60   __TI_CINIT_Base
2000ac70   __TI_CINIT_Limit
2000ac4c   __TI_Handler_Table_Base
2000ac58   __TI_Handler_Table_Limit
00000001   __TI_args_main
20008851   __TI_auto_init
200185fc   __TI_cleanup_ptr
2000a51d   __TI_decompress_none
2000a599   __TI_decompress_rle24
20018600   __TI_dtors_ptr
20004fb7   __TI_printfi
2000ac18   __TI_static_base__
2000a4d5   __TI_zero_init
20008b95   __aeabi_cdcmpeq
20008b95   __aeabi_cdcmple
20008c1b   __aeabi_cdrcmple
2000984d   __aeabi_d2iz
20006f7f   __aeabi_dadd
20007549   __aeabi_ddiv
20007c15   __aeabi_dmul
20006f75   __aeabi_dsub
20009f79   __aeabi_i2d
2000a3d9   __aeabi_lmul
20008f89   __aeabi_memclr
20008f89   __aeabi_memclr4
20008f89   __aeabi_memclr8
20008561   __aeabi_memcpy
20008561   __aeabi_memcpy4
20008561   __aeabi_memcpy8
20008f8b   __aeabi_memset
20008f8b   __aeabi_memset4
20008f8b   __aeabi_memset8
20006d81   __aeabi_uldivmod
ffffffff   __binit__
ffffffff   __c_args__
2002f800   __stack
2000a3c1   _args_main
20009df1   _c_int00
2000a5a0   _ctypes_
200185f4   _lock
2000a493   _nop
2000a48b   _register_lock
2000a485   _register_unlock
20009ffd   _sl_BuildAddress
200097b9   _sl_GetStartResponseConvert
200091c9   _sl_HandleAsync_Accept
2000915d   _sl_HandleAsync_Connect
20008ca1   _sl_HandleAsync_DnsGetHostByName
20009231   _sl_HandleAsync_DnsGetHostByService
20008e99   _sl_HandleAsync_InitComplete
20008f11   _sl_HandleAsync_PingResponse
20009421   _sl_HandleAsync_Select
20009589   _sl_HandleAsync_Stop
200090ed   _sl_TruncatePayloadByProtocol
20017c00   _sys_memory
200185f8   _unlock
200099ad   abort
20009721   atoi
ffffffff   binit
200061dd   calloc
20009965   copy_in
200099b5   exit
20005f37   free
20018404   gFirstCmdMode
2000aa98   g_H2NCnysPattern
2000aa90   g_H2NSyncPattern
20018570   g_SpiFd
2001840c   g_StatMem
20017678   g__SlNonOsCB
20017000   g_cBsdBuf
200176d0   g_cDummy
20018408   g_pCB
20018574   g_pHostIntHdl
20004000   g_pfnVectors
200176c4   g_ucConnectionBSSID
200176a0   g_ucConnectionSSID
20018578   g_ucDMAEnabled
2001857c   g_ucDinDout
200185e0   g_ucSimplelinkstarted
200185d8   g_uiPortNum
200185d4   g_ulDestinationIp
200185d0   g_ulGatewayIP
200185e4   g_ulIpAddr
200185dc   g_ulPacketCount
200185cc   g_ulStatus
20017578   gfpAppCallbackHndl
20017800   gpCtlTbl
200176d1   iDone
2000947d   ltoa
20005c09   main
20018604   main_func_sp
20005ed5   malloc
200060fd   memalign
2000a205   memccpy
20008561   memcpy
2000a0b9   memmove
20008f91   memset
20005e49   minit
20018400   pPingCallBackFunc
20005ff7   realloc
2000a0dd   sl_Close
20008da5   sl_DevGet
20009d1d   sl_Htonl
20009e25   sl_Htons
20008b0d   sl_NetAppMDNSRegisterUnregisterService
2000a4e7   sl_NetAppMDNSUnRegisterService
20009635   sl_NetAppSendTokenValue
20009a31   sl_NetCfgSet
20008209   sl_SendTo
20009f49   sl_Socket
20008085   sl_Start
20007eed   sl_Stop
2000712d   sl_WlanConnect
2000a58b   sl_WlanDisconnect
20009b75   sl_WlanPolicySet
2000a101   sl_WlanProfileDel
20009bb5   sl_WlanRxFilterSet
20009895   sl_WlanSet
2000a025   sl_WlanSetMode
20009079   spi_Close
200077b5   spi_Open
20007fb9   spi_Read
20007e01   spi_Write
2000a499   strlen
2000976d   uDMAChannelAssign
20009299   uDMAChannelAttributeDisable
200092fd   uDMAChannelAttributeEnable
20009ca9   uDMAChannelControlSet
2000a221   uDMAChannelDisable
2000a23d   uDMAChannelEnable
2000a259   uDMAChannelRequest
20007d11   uDMAChannelTransferSet
2000a4ad   uDMAControlBaseSet
2000a555   uDMADisable
2000a561   uDMAEnable
2000a4c1   uDMAIntClear
2000a433   uDMAIntRegister
2000a56d   uDMAIntStatus
2000a4f9   uDMAIntUnregister
20008a85   vsnprintf


GLOBAL SYMBOLS: SORTED BY Symbol Address 

address    name
--------   ----
00000001   __TI_args_main
00000800   __STACK_SIZE
00000800   __SYSMEM_SIZE
20004000   g_pfnVectors
20004fb7   __TI_printfi
200052c1   SimpleLinkWlanEventHandler
200053d1   SimpleLinkNetAppEventHandler
20005491   SimpleLinkGeneralEventHandler
200054e5   SimpleLinkHttpServerCallback
200054f1   SimpleLinkSockEventHandler
20005a3d   BsdUdpClient
20005c09   main
20005e49   minit
20005ed5   malloc
20005f37   free
20005ff7   realloc
200060fd   memalign
200061dd   calloc
20006215   _SlDrvMsgRead
200065c9   _SlAsyncEventGenericHandler
20006915   InitTerm
20006933   Message
20006955   ClearTerm
2000695f   Error
20006997   GetCmd
20006a29   TrimSpace
20006ac1   Report
20006b81   DmaSwIntHandler
20006b97   DmaErrorIntHandler
20006ba3   UDMAInit
20006bfb   UDMAChannelSelect
20006c29   SetupTransfer
20006c6d   UDMASetupAutoMemTransfer
20006ca1   UDMASetupPingPongTransfer
20006cfb   UDMAStartTransfer
20006d07   UDMAStopTransfer
20006d13   UDMADeInit
20006d27   DMASetupTransfer
20006d81   __aeabi_uldivmod
20006f75   __aeabi_dsub
20006f7f   __aeabi_dadd
2000712d   sl_WlanConnect
200072c9   _SlDrvDataWriteOp
20007409   _SlDrvRxHdrRead
20007549   __aeabi_ddiv
20007681   PRCMCC3200MCUInit
200077b5   spi_Open
200078dd   _SlDrvWaitForPoolObj
200079f5   _SlDrvMsgWrite
20007b09   _SlDrvReleasePoolObj
20007c15   __aeabi_dmul
20007d11   uDMAChannelTransferSet
20007e01   spi_Write
20007eed   sl_Stop
20007fb9   spi_Read
20008085   sl_Start
2000814d   _SlDrvMsgReadCmdCtx
20008209   sl_SendTo
200082bd   _SlDrvNetAppEventHandler
20008371   IntDisable
20008419   IntEnable
200084c1   SPIConfigSetExpClk
20008561   __aeabi_memcpy
20008561   __aeabi_memcpy4
20008561   __aeabi_memcpy8
20008561   memcpy
200085fd   _SlFindAndSetActiveObj
20008695   PRCMPeripheralClockGet
20008729   _SlDrvClassifyRxMsg
200087bd   _SlDrvMsgReadSpawnCtx
20008851   __TI_auto_init
200088e5   _SlDrvDriverCBInit
20008975   PinConfigSet
200089fd   _SlDrvCmdOp
20008a85   vsnprintf
20008b0d   sl_NetAppMDNSRegisterUnregisterService
20008b95   __aeabi_cdcmpeq
20008b95   __aeabi_cdcmple
20008c1b   __aeabi_cdrcmple
20008ca1   _sl_HandleAsync_DnsGetHostByName
20008d25   NwpPowerOnPreamble
20008da5   sl_DevGet
20008e99   _sl_HandleAsync_InitComplete
20008f11   _sl_HandleAsync_PingResponse
20008f89   __aeabi_memclr
20008f89   __aeabi_memclr4
20008f89   __aeabi_memclr8
20008f8b   __aeabi_memset
20008f8b   __aeabi_memset4
20008f8b   __aeabi_memset8
20008f91   memset
20009001   UARTConfigSetExpClk
20009079   spi_Close
200090ed   _sl_TruncatePayloadByProtocol
2000915d   _sl_HandleAsync_Connect
200091c9   _sl_HandleAsync_Accept
20009231   _sl_HandleAsync_DnsGetHostByService
20009299   uDMAChannelAttributeDisable
200092fd   uDMAChannelAttributeEnable
20009361   _SlDrvDriverCBDeinit
20009421   _sl_HandleAsync_Select
2000947d   ltoa
200094d9   IntPendClear
20009531   PRCMPeripheralReset
20009589   _sl_HandleAsync_Stop
200095e1   IntPrioritySet
20009635   sl_NetAppSendTokenValue
20009689   SPIIntEnable
20009721   atoi
2000976d   uDMAChannelAssign
200097b9   _sl_GetStartResponseConvert
20009805   SPIIntClear
2000984d   __aeabi_d2iz
20009895   sl_WlanSet
20009921   PinMuxConfig
20009965   copy_in
200099a9   C$$EXIT
200099ad   abort
200099b5   exit
200099ed   _Dtest
20009a31   sl_NetCfgSet
20009a75   PinModeSet
20009ab5   _SlDrvRxIrqHandler
20009af5   _SlNonOsMainLoopTask
20009b35   _SlRemoveFromList
20009b75   sl_WlanPolicySet
20009bb5   sl_WlanRxFilterSet
20009bf5   NwpPowerOff
20009c31   PRCMPeripheralClkEnable
20009c6d   _SlDrvObjInit
20009ca9   uDMAChannelControlSet
20009ce5   NwpRegisterInterruptHandler
20009d1d   sl_Htonl
20009d55   PRCMPeripheralStatusGet
20009d89   SPIFIFOLevelSet
20009dbd   _SlDrvBasicCmd
20009df1   _c_int00
20009e25   sl_Htons
20009e59   NwpPowerOn
20009e89   UARTDisable
20009eb9   _SlDrvFlowContDeinit
20009ee9   _SlDrvFlowContInit
20009f19   _SlNonOsSemGet
20009f49   sl_Socket
20009f79   __aeabi_i2d
20009fa9   PRCMSysResetCauseGet
20009fd5   PRCMPeripheralClkDisable
20009ffd   _sl_BuildAddress
2000a025   sl_WlanSetMode
2000a04d   DmaSpiSwIntHandler
2000a071   IntUnregister
2000a095   UARTEnable
2000a0b9   memmove
2000a0dd   sl_Close
2000a101   sl_WlanProfileDel
2000a125   SPIReset
2000a147   SPIWordCountSet
2000a169   IntRegister
2000a189   _SlDrvCmdSend
2000a1a9   _SlNonOsSpawn
2000a1c9   UARTCharPut
2000a1e9   _SlDrvObjDeInit
2000a205   memccpy
2000a221   uDMAChannelDisable
2000a23d   uDMAChannelEnable
2000a259   uDMAChannelRequest
2000a275   CopyPingResultsToReport
2000a28f   PinTypeSPI
2000a2a9   PinTypeUART
2000a2c3   SPIDmaDisable
2000a2dd   SPIDmaEnable
2000a2f7   SPIFIFODisable
2000a311   SPIFIFOEnable
2000a32b   SPIIntUnregister
2000a345   _SlDrvDeviceEventHandler
2000a35f   SPICSDisable
2000a377   SPICSEnable
2000a38f   SPIDisable
2000a3a7   SPIEnable
2000a3c1   _args_main
2000a3d9   __aeabi_lmul
2000a3f1   PRCMHIBRegRead
2000a407   PRCMHIBRegWrite
2000a41d   UARTCharGet
2000a433   uDMAIntRegister
2000a449   CPUcpsie
2000a45d   IntVTableBaseSet
2000a471   _SlDrvShiftDWord
2000a485   _register_unlock
2000a48b   _register_lock
2000a493   _nop
2000a499   strlen
2000a4ad   uDMAControlBaseSet
2000a4c1   uDMAIntClear
2000a4d5   __TI_zero_init
2000a4e7   sl_NetAppMDNSUnRegisterService
2000a4f9   uDMAIntUnregister
2000a50d   NwpMaskInterrupt
2000a51d   __TI_decompress_none
2000a52b   _Dclass
2000a539   ResetISR
2000a549   NwpUnMaskInterrupt
2000a555   uDMADisable
2000a561   uDMAEnable
2000a56d   uDMAIntStatus
2000a579   IntMasterEnable
2000a583   _SlNonOsSemSet
2000a58b   sl_WlanDisconnect
2000a593   UtilsDelay
2000a599   __TI_decompress_rle24
2000a5a0   _ctypes_
2000a7a8   _SlPolicySetCmdCtrl
2000a7ac   _SlPolicyGetCmdCtrl
2000a7b0   _SlProfileGetCmdCtrl
2000a7b4   _SlProfileDelCmdCtrl
2000a7b8   _SlWlanGetNetworkListCtrl
2000a7bc   _SlRxFilterAddtCmdCtrl
2000a7c0   _SlRxFilterSetCmdCtrl
2000a7c4   _SlRxFilterGetCmdCtrl
2000a7c8   _SlSmartConfigStartCmdCtrl
2000a7cc   _SlWlanSetModeCmdCtrl
2000a7d0   _SlWlanCfgSetCmdCtrl
2000a7d4   _SlWlanCfgGetCmdCtrl
2000aa90   g_H2NSyncPattern
2000aa98   g_H2NCnysPattern
2000aaa0   _SlActionLookupTable
2000aae4   _SlSockSocketCmdCtrl
2000aae8   _SlSockCloseCmdCtrl
2000aaec   _SlRecvfomCmdCtrl
2000aaf0   _SlSendCmdCtrl
2000aaf4   _SlListenCmdCtrl
2000aaf8   _SlAcceptCmdCtrl
2000aafc   _SlRecvCmdCtrl
2000ab00   _SlSetSockOptCmdCtrl
2000ab04   _SlGetSockOptCmdCtrl
2000ab08   _SlSelectCmdCtrl
2000ab3c   _SlNetAppStartCtrl
2000ab40   _SlNetAppStopCtrl
2000ab44   _SlGetServiceListeCtrl
2000ab48   _SlRegisterServiceCtrl
2000ab4c   _SlGetHostByServiceCtrl
2000ab50   _SlGetHostByNameCtrl
2000ab54   _SlNetAppSetCmdCtrl
2000ab58   _SlNetAppSendTokenValueCmdCtrl
2000ab5c   _SlNetAppGetCmdCtrl
2000abfc   _SlStopCmdCtrl
2000ac00   _SlEventMaskSetCmdCtrl
2000ac04   _SlEventMaskGetCmdCtrl
2000ac08   _SlDeviceGetCmdCtrl
2000ac0c   _SlDeviceSetCmdCtrl
2000ac10   _SlNetCfgSetCmdCtrl
2000ac14   _SlNetCfgGetCmdCtrl
2000ac18   __TI_static_base__
2000ac4c   __TI_Handler_Table_Base
2000ac58   __TI_Handler_Table_Limit
2000ac60   __TI_CINIT_Base
2000ac70   __TI_CINIT_Limit
20017000   g_cBsdBuf
20017578   gfpAppCallbackHndl
20017678   g__SlNonOsCB
200176a0   g_ucConnectionSSID
200176c4   g_ucConnectionBSSID
200176d0   g_cDummy
200176d1   iDone
20017800   gpCtlTbl
20017c00   _sys_memory
20018400   pPingCallBackFunc
20018404   gFirstCmdMode
20018408   g_pCB
2001840c   g_StatMem
20018570   g_SpiFd
20018574   g_pHostIntHdl
20018578   g_ucDMAEnabled
2001857c   g_ucDinDout
200185cc   g_ulStatus
200185d0   g_ulGatewayIP
200185d4   g_ulDestinationIp
200185d8   g_uiPortNum
200185dc   g_ulPacketCount
200185e0   g_ucSimplelinkstarted
200185e4   g_ulIpAddr
200185f4   _lock
200185f8   _unlock
200185fc   __TI_cleanup_ptr
20018600   __TI_dtors_ptr
20018604   main_func_sp
2002f800   __stack
20030000   __STACK_END
ffffffff   __binit__
ffffffff   __c_args__
ffffffff   binit
UNDEFED    SHT$$INIT_ARRAY$$Base
UNDEFED    SHT$$INIT_ARRAY$$Limit

[293 symbols]
