******************************************************************************
                  TI ARM Linker PC v5.1.6                      
******************************************************************************
>> Linked Sun Mar 15 13:30:27 2015

OUTPUT FILE NAME:   <test udp_socket.out>
ENTRY POINT SYMBOL: "_c_int00"  address: 2000a475


MEMORY CONFIGURATION

         name            origin    length      used     unused   attr    fill
----------------------  --------  ---------  --------  --------  ----  --------
  SRAM_CODE             20004000   00013000  00007376  0000bc8a  RW X
  SRAM_DATA             20017000   00019000  00001a48  000175b8  RW X


SEGMENT ALLOCATION MAP

run origin  load origin   length   init length attrs members
----------  ----------- ---------- ----------- ----- -------
20004000    20004000    00007378   00007378    r-x
  20004000    20004000    00000400   00000400    r-- .intvecs
  20004400    20004400    00006866   00006866    r-x .text
  2000ac68    2000ac68    00000698   00000698    r-- .const
  2000b300    2000b300    00000078   00000078    r-- .cinit
20017000    20017000    00001248   00000000    rw-
  20017000    20017000    00000820   00000000    rw- .bss
  20017820    20017820    00000800   00000000    rw- .sysmem
  20018020    20018020    00000228   00000000    rw- .data
2002f800    2002f800    00000800   00000000    rw-
  2002f800    2002f800    00000800   00000000    rw- .stack


SECTION ALLOCATION MAP

 output                                  attributes/
section   page    origin      length       input sections
--------  ----  ----------  ----------   ----------------
.init_array 
*          0    20004000    00000000     UNINITIALIZED

.intvecs   0    20004000    00000400     
                  20004000    00000400     startup_ccs.obj (.intvecs)

.text      0    20004400    00006866     
                  20004400    00000ec0     rtsv7M4_T_le_eabi.lib : _printfi.obj (.text)
                  200052c0    00000d90     main.obj (.text)
                  20006050    000003cc     rtsv7M4_T_le_eabi.lib : memory.obj (.text)
                  2000641c    000003b4     simplelink.a : driver.obj (.text:_SlDrvMsgRead)
                  200067d0    0000034c                  : driver.obj (.text:_SlAsyncEventGenericHandler)
                  20006b1c    00000348     spi.obj (.text)
                  20006e64    0000026c     uart_if.obj (.text)
                  200070d0    00000200     udma_if.obj (.text)
                  200072d0    000001f4     rtsv7M4_T_le_eabi.lib : ull_div_t2.obj (.text)
                  200074c4    000001b6                           : fd_add_t2.obj (.text)
                  2000767a    00000002     driverlib.a : interrupt.obj (.text:IntDefaultHandler)
                  2000767c    0000019c     simplelink.a : wlan.obj (.text:sl_WlanConnect)
                  20007818    0000017c                  : driver.obj (.text:_SlDrvDataReadOp)
                  20007994    00000140                  : driver.obj (.text:_SlDrvRxHdrRead)
                  20007ad4    00000136     rtsv7M4_T_le_eabi.lib : fd_div_t2.obj (.text)
                  20007c0a    00000002     --HOLE-- [fill = 0]
                  20007c0c    00000134     driverlib.a : prcm.obj (.text:PRCMCC3200MCUInit)
                  20007d40    00000128     simplelink.a : cc_pal.obj (.text:spi_Open)
                  20007e68    00000118                  : driver.obj (.text:_SlDrvWaitForPoolObj)
                  20007f80    00000114                  : driver.obj (.text:_SlDrvMsgWrite)
                  20008094    0000010c                  : driver.obj (.text:_SlDrvReleasePoolObj)
                  200081a0    000000fc     rtsv7M4_T_le_eabi.lib : fd_mul_t2.obj (.text)
                  2000829c    000000f0     driverlib.a : udma.obj (.text:uDMAChannelTransferSet)
                  2000838c    000000ec     simplelink.a : cc_pal.obj (.text:spi_Write)
                  20008478    000000cc                  : device.obj (.text:sl_Stop)
                  20008544    000000cc                  : cc_pal.obj (.text:spi_Read)
                  20008610    000000c8                  : device.obj (.text:sl_Start)
                  200086d8    000000bc                  : driver.obj (.text:_SlDrvMsgReadCmdCtx)
                  20008794    000000b2                  : netapp.obj (.text:_SlDrvNetAppEventHandler)
                  20008846    00000002     --HOLE-- [fill = 0]
                  20008848    000000ac                  : socket.obj (.text:sl_RecvFrom)
                  200088f4    000000a8     driverlib.a : interrupt.obj (.text:IntDisable)
                  2000899c    000000a8                 : interrupt.obj (.text:IntEnable)
                  20008a44    000000a0                 : spi.obj (.text:SPIConfigSetExpClk)
                  20008ae4    0000009c     rtsv7M4_T_le_eabi.lib : memcpy_t2.obj (.text)
                  20008b80    00000098     simplelink.a : driver.obj (.text:_SlFindAndSetActiveObj)
                  20008c18    00000094     driverlib.a : prcm.obj (.text:PRCMPeripheralClockGet)
                  20008cac    00000094     simplelink.a : driver.obj (.text:_SlDrvClassifyRxMsg)
                  20008d40    00000094                  : driver.obj (.text:_SlDrvMsgReadSpawnCtx)
                  20008dd4    00000094     rtsv7M4_T_le_eabi.lib : auto_init.obj (.text)
                  20008e68    00000090     simplelink.a : driver.obj (.text:_SlDrvDriverCBInit)
                  20008ef8    00000088     driverlib.a : pin.obj (.text:PinConfigSet)
                  20008f80    00000088     simplelink.a : driver.obj (.text:_SlDrvCmdOp)
                  20009008    00000088     rtsv7M4_T_le_eabi.lib : vsnprintf.obj (.text)
                  20009090    00000088     simplelink.a : netapp.obj (.text:sl_NetAppMDNSRegisterUnregisterService)
                  20009118    00000086     rtsv7M4_T_le_eabi.lib : fd_cmp_t2.obj (.text:__aeabi_cdcmple)
                  2000919e    00000086                           : fd_cmp_t2.obj (.text:__aeabi_cdrcmple)
                  20009224    00000084     simplelink.a : netapp.obj (.text:_sl_HandleAsync_DnsGetHostByName)
                  200092a8    00000080                  : cc_pal.obj (.text:NwpPowerOnPreamble)
                  20009328    0000007c     driverlib.a : spi.obj (.text:SPIIntStatus)
                  200093a4    0000007c     simplelink.a : device.obj (.text:sl_DevGet)
                  20009420    00000078                  : cc_pal.obj (.text:SetupDMAReceive)
                  20009498    00000078                  : device.obj (.text:_sl_HandleAsync_InitComplete)
                  20009510    00000078                  : netapp.obj (.text:_sl_HandleAsync_PingResponse)
                  20009588    00000078     rtsv7M4_T_le_eabi.lib : memset_t2.obj (.text)
                  20009600    00000076     driverlib.a : uart.obj (.text:UARTConfigSetExpClk)
                  20009676    00000002     --HOLE-- [fill = 0]
                  20009678    00000074     simplelink.a : cc_pal.obj (.text:spi_Close)
                  200096ec    0000006c                  : socket.obj (.text:_sl_HandleAsync_Connect)
                  20009758    00000068                  : socket.obj (.text:_sl_HandleAsync_Accept)
                  200097c0    00000068                  : netapp.obj (.text:_sl_HandleAsync_DnsGetHostByService)
                  20009828    00000064     driverlib.a : udma.obj (.text:uDMAChannelAttributeDisable)
                  2000988c    00000064                 : udma.obj (.text:uDMAChannelAttributeEnable)
                  200098f0    00000060     simplelink.a : driver.obj (.text:_SlDrvDriverCBDeinit)
                  20009950    0000005e     rtsv7M4_T_le_eabi.lib : copy_decompress_rle.obj (.text)
                  200099ae    00000002     --HOLE-- [fill = 0]
                  200099b0    0000005c     simplelink.a : socket.obj (.text:_sl_HandleAsync_Select)
                  20009a0c    0000005c                  : socket.obj (.text:sl_Bind)
                  20009a68    0000005a     rtsv7M4_T_le_eabi.lib : ltoa.obj (.text)
                  20009ac2    00000002     --HOLE-- [fill = 0]
                  20009ac4    00000058     driverlib.a : interrupt.obj (.text:IntPendClear)
                  20009b1c    00000058                 : prcm.obj (.text:PRCMPeripheralReset)
                  20009b74    00000058     simplelink.a : device.obj (.text:_sl_HandleAsync_Stop)
                  20009bcc    00000054     driverlib.a : interrupt.obj (.text:IntPrioritySet)
                  20009c20    00000054     simplelink.a : netapp.obj (.text:sl_NetAppSendTokenValue)
                  20009c74    0000004c     driverlib.a : spi.obj (.text:SPIIntDisable)
                  20009cc0    0000004c                 : spi.obj (.text:SPIIntEnable)
                  20009d0c    0000004c                 : spi.obj (.text:SPIIntNumberGet)
                  20009d58    0000004c     rtsv7M4_T_le_eabi.lib : atoi.obj (.text)
                  20009da4    0000004c     driverlib.a : udma.obj (.text:uDMAChannelAssign)
                  20009df0    0000004c                 : udma.obj (.text:uDMAChannelModeGet)
                  20009e3c    0000004a     simplelink.a : device.obj (.text:_sl_GetStartResponseConvert)
                  20009e86    00000002     --HOLE-- [fill = 0]
                  20009e88    00000048     driverlib.a : spi.obj (.text:SPIIntClear)
                  20009ed0    00000048     rtsv7M4_T_le_eabi.lib : fd_toi_t2.obj (.text)
                  20009f18    00000048     simplelink.a : wlan.obj (.text:sl_WlanSet)
                  20009f60    00000044     driverlib.a : spi.obj (.text:SPIDmaMaskGet)
                  20009fa4    00000044     pinmux.obj (.text)
                  20009fe8    00000044     rtsv7M4_T_le_eabi.lib : cpy_tbl.obj (.text)
                  2000a02c    00000044                           : exit.obj (.text)
                  2000a070    00000044                           : xdtest.obj (.text)
                  2000a0b4    00000044     simplelink.a : netcfg.obj (.text:sl_NetCfgSet)
                  2000a0f8    00000040     driverlib.a : pin.obj (.text:PinModeSet)
                  2000a138    00000040     simplelink.a : driver.obj (.text:_SlDrvRxIrqHandler)
                  2000a178    00000040                  : nonos.obj (.text:_SlNonOsMainLoopTask)
                  2000a1b8    00000040                  : driver.obj (.text:_SlRemoveFromList)
                  2000a1f8    00000040                  : wlan.obj (.text:sl_WlanPolicySet)
                  2000a238    00000040                  : wlan.obj (.text:sl_WlanRxFilterSet)
                  2000a278    0000003c                  : cc_pal.obj (.text:NwpPowerOff)
                  2000a2b4    0000003c     driverlib.a : prcm.obj (.text:PRCMPeripheralClkEnable)
                  2000a2f0    0000003c     simplelink.a : driver.obj (.text:_SlDrvObjInit)
                  2000a32c    0000003c     driverlib.a : udma.obj (.text:uDMAChannelControlSet)
                  2000a368    00000038     simplelink.a : cc_pal.obj (.text:NwpRegisterInterruptHandler)
                  2000a3a0    00000038                  : socket.obj (.text:sl_Htonl)
                  2000a3d8    00000034     driverlib.a : prcm.obj (.text:PRCMPeripheralStatusGet)
                  2000a40c    00000034                 : spi.obj (.text:SPIFIFOLevelSet)
                  2000a440    00000034     simplelink.a : driver.obj (.text:_SlDrvBasicCmd)
                  2000a474    00000034     rtsv7M4_T_le_eabi.lib : boot.obj (.text)
                  2000a4a8    00000034     simplelink.a : socket.obj (.text:sl_Htons)
                  2000a4dc    00000030                  : cc_pal.obj (.text:NwpPowerOn)
                  2000a50c    00000030     driverlib.a : uart.obj (.text:UARTDisable)
                  2000a53c    00000030     simplelink.a : flowcont.obj (.text:_SlDrvFlowContDeinit)
                  2000a56c    00000030                  : flowcont.obj (.text:_SlDrvFlowContInit)
                  2000a59c    00000030                  : nonos.obj (.text:_SlNonOsSemGet)
                  2000a5cc    00000030                  : socket.obj (.text:sl_Socket)
                  2000a5fc    0000002e     rtsv7M4_T_le_eabi.lib : i_tofd_t2.obj (.text)
                  2000a62a    00000002     --HOLE-- [fill = 0]
                  2000a62c    0000002c     driverlib.a : prcm.obj (.text:PRCMSysResetCauseGet)
                  2000a658    00000028                 : prcm.obj (.text:PRCMPeripheralClkDisable)
                  2000a680    00000028                 : spi.obj (.text:SPIDataPutNonBlocking)
                  2000a6a8    00000028     simplelink.a : socket.obj (.text:_sl_BuildAddress)
                  2000a6d0    00000028                  : wlan.obj (.text:sl_WlanSetMode)
                  2000a6f8    00000024                  : cc_pal.obj (.text:DmaSpiSwIntHandler)
                  2000a71c    00000024     driverlib.a : interrupt.obj (.text:IntUnregister)
                  2000a740    00000024                 : uart.obj (.text:UARTEnable)
                  2000a764    00000024     rtsv7M4_T_le_eabi.lib : memmov.obj (.text)
                  2000a788    00000024     simplelink.a : socket.obj (.text:sl_Close)
                  2000a7ac    00000024                  : wlan.obj (.text:sl_WlanProfileDel)
                  2000a7d0    00000022     driverlib.a : spi.obj (.text:SPIReset)
                  2000a7f2    00000022                 : spi.obj (.text:SPIWordCountSet)
                  2000a814    00000020                 : interrupt.obj (.text:IntRegister)
                  2000a834    00000020     simplelink.a : driver.obj (.text:_SlDrvCmdSend)
                  2000a854    00000020                  : nonos.obj (.text:_SlNonOsSpawn)
                  2000a874    0000001e     driverlib.a : spi.obj (.text:SPIIntRegister)
                  2000a892    0000001e                 : uart.obj (.text:UARTCharPut)
                  2000a8b0    0000001c     simplelink.a : driver.obj (.text:_SlDrvObjDeInit)
                  2000a8cc    0000001c     rtsv7M4_T_le_eabi.lib : memccpy.obj (.text)
                  2000a8e8    0000001c     driverlib.a : udma.obj (.text:uDMAChannelDisable)
                  2000a904    0000001c                 : udma.obj (.text:uDMAChannelEnable)
                  2000a920    0000001c                 : udma.obj (.text:uDMAChannelRequest)
                  2000a93c    0000001a     simplelink.a : netapp.obj (.text:CopyPingResultsToReport)
                  2000a956    0000001a     driverlib.a : pin.obj (.text:PinTypeSPI)
                  2000a970    0000001a                 : pin.obj (.text:PinTypeUART)
                  2000a98a    0000001a                 : spi.obj (.text:SPIDmaDisable)
                  2000a9a4    0000001a                 : spi.obj (.text:SPIDmaEnable)
                  2000a9be    0000001a                 : spi.obj (.text:SPIFIFODisable)
                  2000a9d8    0000001a                 : spi.obj (.text:SPIFIFOEnable)
                  2000a9f2    0000001a                 : spi.obj (.text:SPIIntUnregister)
                  2000aa0c    0000001a     simplelink.a : device.obj (.text:_SlDrvDeviceEventHandler)
                  2000aa26    00000018     driverlib.a : spi.obj (.text:SPICSDisable)
                  2000aa3e    00000018                 : spi.obj (.text:SPICSEnable)
                  2000aa56    00000018                 : spi.obj (.text:SPIDisable)
                  2000aa6e    00000018                 : spi.obj (.text:SPIEnable)
                  2000aa86    00000002     --HOLE-- [fill = 0]
                  2000aa88    00000018     rtsv7M4_T_le_eabi.lib : args_main.obj (.text)
                  2000aaa0    00000018                           : ll_mul_t2.obj (.text)
                  2000aab8    00000016     driverlib.a : prcm.obj (.text:PRCMHIBRegRead)
                  2000aace    00000016                 : prcm.obj (.text:PRCMHIBRegWrite)
                  2000aae4    00000016                 : uart.obj (.text:UARTCharGet)
                  2000aafa    00000016                 : udma.obj (.text:uDMAIntRegister)
                  2000ab10    00000014                 : cpu.obj (.text:CPUcpsie)
                  2000ab24    00000014                 : interrupt.obj (.text:IntVTableBaseSet)
                  2000ab38    00000014     simplelink.a : driver.obj (.text:_SlDrvShiftDWord)
                  2000ab4c    00000014     rtsv7M4_T_le_eabi.lib : _lock.obj (.text)
                  2000ab60    00000014                           : strlen.obj (.text)
                  2000ab74    00000014     driverlib.a : udma.obj (.text:uDMAControlBaseSet)
                  2000ab88    00000014                 : udma.obj (.text:uDMAIntClear)
                  2000ab9c    00000012     rtsv7M4_T_le_eabi.lib : copy_zero_init.obj (.text:decompress:ZI)
                  2000abae    00000012     simplelink.a : netapp.obj (.text:sl_NetAppMDNSUnRegisterService)
                  2000abc0    00000012     driverlib.a : udma.obj (.text:uDMAIntUnregister)
                  2000abd2    00000002     --HOLE-- [fill = 0]
                  2000abd4    00000010     simplelink.a : cc_pal.obj (.text:NwpMaskInterrupt)
                  2000abe4    0000000e     rtsv7M4_T_le_eabi.lib : copy_decompress_none.obj (.text:decompress:none)
                  2000abf2    0000000e                           : xdclass.obj (.text)
                  2000ac00    0000000e     startup_ccs.obj (.text)
                  2000ac0e    00000002     --HOLE-- [fill = 0]
                  2000ac10    0000000c     simplelink.a : cc_pal.obj (.text:NwpUnMaskInterrupt)
                  2000ac1c    0000000c     driverlib.a : udma.obj (.text:uDMADisable)
                  2000ac28    0000000c                 : udma.obj (.text:uDMAEnable)
                  2000ac34    0000000c                 : udma.obj (.text:uDMAIntStatus)
                  2000ac40    0000000a                 : interrupt.obj (.text:IntMasterEnable)
                  2000ac4a    00000008     simplelink.a : nonos.obj (.text:_SlNonOsSemSet)
                  2000ac52    00000008                  : wlan.obj (.text:sl_WlanDisconnect)
                  2000ac5a    00000006     driverlib.a : utils.obj (.text:UtilsDelay)
                  2000ac60    00000006     rtsv7M4_T_le_eabi.lib : copy_decompress_rle.obj (.text:decompress:rle24)

.const     0    2000ac68    00000698     
                  2000ac68    00000102     rtsv7M4_T_le_eabi.lib : ctype.obj (.const:.string:_ctypes_)
                  2000ad6a    00000002     --HOLE-- [fill = 0]
                  2000ad6c    00000100     driverlib.a : pin.obj (.const:g_ulPinToPadMap)
                  2000ae6c    000000ec     simplelink.a : wlan.obj (.const)
                  2000af58    000000d4     driverlib.a : interrupt.obj (.const:g_pulRegs)
                  2000b02c    000000a8                 : prcm.obj (.const:PRCM_PeriphRegsList)
                  2000b0d4    00000080                 : interrupt.obj (.const)
                  2000b154    0000004c     simplelink.a : driver.obj (.const)
                  2000b1a0    0000003c     main.obj (.const:.string)
                  2000b1dc    00000034     simplelink.a : socket.obj (.const)
                  2000b210    0000002c     main.obj (.const:$P$T1$2)
                  2000b23c    00000028     simplelink.a : netapp.obj (.const)
                  2000b264    00000024     driverlib.a : spi.obj (.const:g_ppulSPIIntMap)
                  2000b288    00000022     main.obj (.const:.string:$P$T0$1)
                  2000b2aa    00000002     --HOLE-- [fill = 0]
                  2000b2ac    00000020     main.obj (.const)
                  2000b2cc    00000018     driverlib.a : spi.obj (.const)
                  2000b2e4    00000014     simplelink.a : device.obj (.const)
                  2000b2f8    00000008                  : netcfg.obj (.const)

.cinit     0    2000b300    00000078     
                  2000b300    0000004d     (.cinit..data.load) [load image, compression = rle]
                  2000b34d    00000003     --HOLE-- [fill = 0]
                  2000b350    0000000c     (__TI_handler_table)
                  2000b35c    00000004     --HOLE-- [fill = 0]
                  2000b360    00000008     (.cinit..bss.load) [load image, compression = zero_init]
                  2000b368    00000010     (__TI_cinit_table)

.bss       0    20017000    00000820     UNINITIALIZED
                  20017000    00000400     udma_if.obj (.bss:gpCtlTbl)
                  20017400    00000100     udma_if.obj (.bss:gfpAppCallbackHndl)
                  20017500    000000c8     main.obj (.bss:rx_udp_server)
                  200175c8    00000064     spi.obj (.bss:myStrA)
                  2001762c    00000064     spi.obj (.bss:myStrB)
                  20017690    00000064     spi.obj (.bss:myStrC)
                  200176f4    00000064     spi.obj (.bss:myStrX)
                  20017758    00000064     spi.obj (.bss:myStrY)
                  200177bc    00000028     simplelink.a : nonos.obj (.bss:g__SlNonOsCB)
                  200177e4    00000024     main.obj (.bss:g_ucConnectionSSID)
                  20017808    00000008     (.common:g_ucConnectionBSSID)
                  20017810    00000004     (.common:SYNC)
                  20017814    00000004     (.common:__Errorlog)
                  20017818    00000004     (.common:ulMode)
                  2001781c    00000002     (.common:ulRecvData)
                  2001781e    00000001     (.common:g_cDummy)
                  2001781f    00000001     (.common:iDone)

.sysmem    0    20017820    00000800     UNINITIALIZED
                  20017820    00000008     rtsv7M4_T_le_eabi.lib : memory.obj (.sysmem)
                  20017828    000007f8     --HOLE--

.data      0    20018020    00000228     UNINITIALIZED
                  20018020    00000170     simplelink.a : driver.obj (.data)
                  20018190    0000005c                  : cc_pal.obj (.data)
                  200181ec    0000002c     main.obj (.data)
                  20018218    00000010     spi.obj (.data)
                  20018228    0000000c     rtsv7M4_T_le_eabi.lib : memory.obj (.data)
                  20018234    00000008                           : _lock.obj (.data)
                  2001823c    00000008                           : exit.obj (.data)
                  20018244    00000004                           : stkdepth_vars.obj (.data)

.stack     0    2002f800    00000800     UNINITIALIZED
                  2002f800    00000800     --HOLE--


LINKER GENERATED COPY TABLES

__TI_cinit_table @ 2000b368 records: 2, size/record: 8, table size: 16
	.data: load addr=2000b300, load size=0000004d bytes, run addr=20018020, run size=00000228 bytes, compression=rle
	.bss: load addr=2000b360, load size=00000008 bytes, run addr=20017000, run size=00000820 bytes, compression=zero_init


LINKER GENERATED HANDLER TABLE

__TI_handler_table @ 2000b350 records: 3, size/record: 4, table size: 12
	index: 0, handler: __TI_decompress_rle24
	index: 1, handler: __TI_decompress_none
	index: 2, handler: __TI_zero_init


GLOBAL SYMBOLS: SORTED ALPHABETICALLY BY Name 

address    name
--------   ----
20005bfb   BsdUdpClient
20005ae1   BsdUdpServer
2000a02d   C$$EXIT
2000ab11   CPUcpsie
20006ea5   ClearTerm
2000a93d   CopyPingResultsToReport
20007277   DMASetupTransfer
200070e7   DmaErrorIntHandler
2000a6f9   DmaSpiSwIntHandler
200070d1   DmaSwIntHandler
20006eaf   Error
20006ee7   GetCmd
20006e65   InitTerm
200088f5   IntDisable
2000899d   IntEnable
2000ac41   IntMasterEnable
20009ac5   IntPendClear
20009bcd   IntPrioritySet
2000a815   IntRegister
2000a71d   IntUnregister
2000ab25   IntVTableBaseSet
20006e83   Message
2000abd5   NwpMaskInterrupt
2000a279   NwpPowerOff
2000a4dd   NwpPowerOn
200092a9   NwpPowerOnPreamble
2000a369   NwpRegisterInterruptHandler
2000ac11   NwpUnMaskInterrupt
20007c0d   PRCMCC3200MCUInit
2000aab9   PRCMHIBRegRead
2000aacf   PRCMHIBRegWrite
2000a659   PRCMPeripheralClkDisable
2000a2b5   PRCMPeripheralClkEnable
20008c19   PRCMPeripheralClockGet
20009b1d   PRCMPeripheralReset
2000a3d9   PRCMPeripheralStatusGet
2000a62d   PRCMSysResetCauseGet
20008ef9   PinConfigSet
2000a0f9   PinModeSet
20009fa5   PinMuxConfig
2000a957   PinTypeSPI
2000a971   PinTypeUART
20007011   Report
2000ac01   ResetISR
UNDEFED    SHT$$INIT_ARRAY$$Base
UNDEFED    SHT$$INIT_ARRAY$$Limit
2000aa27   SPICSDisable
2000aa3f   SPICSEnable
20008a45   SPIConfigSetExpClk
2000a681   SPIDataPutNonBlocking
2000aa57   SPIDisable
2000a98b   SPIDmaDisable
2000a9a5   SPIDmaEnable
2000aa6f   SPIEnable
2000a9bf   SPIFIFODisable
2000a9d9   SPIFIFOEnable
2000a40d   SPIFIFOLevelSet
20009e89   SPIIntClear
20009c75   SPIIntDisable
20009cc1   SPIIntEnable
2000a875   SPIIntRegister
20009329   SPIIntStatus
2000a9f3   SPIIntUnregister
2000a7d1   SPIReset
2000a7f3   SPIWordCountSet
20017810   SYNC
20007179   SetupTransfer
200054c9   SimpleLinkGeneralEventHandler
2000551d   SimpleLinkHttpServerCallback
20005409   SimpleLinkNetAppEventHandler
20005529   SimpleLinkSockEventHandler
200052f9   SimpleLinkWlanEventHandler
20006cc1   SlaveMain
20006f79   TrimSpace
2000aae5   UARTCharGet
2000a893   UARTCharPut
20009601   UARTConfigSetExpClk
2000a50d   UARTDisable
2000a741   UARTEnable
2000714b   UDMAChannelSelect
20007263   UDMADeInit
200070f3   UDMAInit
200071bd   UDMASetupAutoMemTransfer
200071f1   UDMASetupPingPongTransfer
2000724b   UDMAStartTransfer
20007257   UDMAStopTransfer
2000ac5b   UtilsDelay
2000abf3   _Dclass
2000a071   _Dtest
2000b1fc   _SlAcceptCmdCtrl
2000b168   _SlActionLookupTable
200067d1   _SlAsyncEventGenericHandler
2000b2f0   _SlDeviceGetCmdCtrl
2000b2f4   _SlDeviceSetCmdCtrl
2000a441   _SlDrvBasicCmd
20008cad   _SlDrvClassifyRxMsg
20008f81   _SlDrvCmdOp
2000a835   _SlDrvCmdSend
20007819   _SlDrvDataReadOp
2000aa0d   _SlDrvDeviceEventHandler
200098f1   _SlDrvDriverCBDeinit
20008e69   _SlDrvDriverCBInit
2000a53d   _SlDrvFlowContDeinit
2000a56d   _SlDrvFlowContInit
2000641d   _SlDrvMsgRead
200086d9   _SlDrvMsgReadCmdCtx
20008d41   _SlDrvMsgReadSpawnCtx
20007f81   _SlDrvMsgWrite
20008795   _SlDrvNetAppEventHandler
2000a8b1   _SlDrvObjDeInit
2000a2f1   _SlDrvObjInit
20008095   _SlDrvReleasePoolObj
20007995   _SlDrvRxHdrRead
2000a139   _SlDrvRxIrqHandler
2000ab39   _SlDrvShiftDWord
20007e69   _SlDrvWaitForPoolObj
2000b2ec   _SlEventMaskGetCmdCtrl
2000b2e8   _SlEventMaskSetCmdCtrl
20008b81   _SlFindAndSetActiveObj
2000b254   _SlGetHostByNameCtrl
2000b250   _SlGetHostByServiceCtrl
2000b248   _SlGetServiceListeCtrl
2000b208   _SlGetSockOptCmdCtrl
2000b1f8   _SlListenCmdCtrl
2000b260   _SlNetAppGetCmdCtrl
2000b25c   _SlNetAppSendTokenValueCmdCtrl
2000b258   _SlNetAppSetCmdCtrl
2000b240   _SlNetAppStartCtrl
2000b244   _SlNetAppStopCtrl
2000b2fc   _SlNetCfgGetCmdCtrl
2000b2f8   _SlNetCfgSetCmdCtrl
2000a179   _SlNonOsMainLoopTask
2000a59d   _SlNonOsSemGet
2000ac4b   _SlNonOsSemSet
2000a855   _SlNonOsSpawn
2000ae74   _SlPolicyGetCmdCtrl
2000ae70   _SlPolicySetCmdCtrl
2000ae7c   _SlProfileDelCmdCtrl
2000ae78   _SlProfileGetCmdCtrl
2000b200   _SlRecvCmdCtrl
2000b1f0   _SlRecvfomCmdCtrl
2000b24c   _SlRegisterServiceCtrl
2000a1b9   _SlRemoveFromList
2000ae84   _SlRxFilterAddtCmdCtrl
2000ae8c   _SlRxFilterGetCmdCtrl
2000ae88   _SlRxFilterSetCmdCtrl
2000b20c   _SlSelectCmdCtrl
2000b1f4   _SlSendCmdCtrl
2000b204   _SlSetSockOptCmdCtrl
2000ae90   _SlSmartConfigStartCmdCtrl
2000b1ec   _SlSockCloseCmdCtrl
2000b1e8   _SlSockSocketCmdCtrl
2000b2e4   _SlStopCmdCtrl
2000ae9c   _SlWlanCfgGetCmdCtrl
2000ae98   _SlWlanCfgSetCmdCtrl
2000ae80   _SlWlanGetNetworkListCtrl
2000ae94   _SlWlanSetModeCmdCtrl
20030000   __STACK_END
00000800   __STACK_SIZE
00000800   __SYSMEM_SIZE
2000b368   __TI_CINIT_Base
2000b378   __TI_CINIT_Limit
2000b350   __TI_Handler_Table_Base
2000b35c   __TI_Handler_Table_Limit
00000001   __TI_args_main
20008dd5   __TI_auto_init
2001823c   __TI_cleanup_ptr
2000abe5   __TI_decompress_none
2000ac61   __TI_decompress_rle24
20018240   __TI_dtors_ptr
20004fb7   __TI_printfi
2000b300   __TI_static_base__
2000ab9d   __TI_zero_init
20009119   __aeabi_cdcmpeq
20009119   __aeabi_cdcmple
2000919f   __aeabi_cdrcmple
20009ed1   __aeabi_d2iz
200074cf   __aeabi_dadd
20007ad5   __aeabi_ddiv
200081a1   __aeabi_dmul
200074c5   __aeabi_dsub
2000a5fd   __aeabi_i2d
2000aaa1   __aeabi_lmul
20009589   __aeabi_memclr
20009589   __aeabi_memclr4
20009589   __aeabi_memclr8
20008ae5   __aeabi_memcpy
20008ae5   __aeabi_memcpy4
20008ae5   __aeabi_memcpy8
2000958b   __aeabi_memset
2000958b   __aeabi_memset4
2000958b   __aeabi_memset8
200072d1   __aeabi_uldivmod
ffffffff   __binit__
ffffffff   __c_args__
2002f800   __stack
2000aa89   _args_main
2000a475   _c_int00
2000ac68   _ctypes_
20018234   _lock
2000ab5b   _nop
2000ab53   _register_lock
2000ab4d   _register_unlock
2000a6a9   _sl_BuildAddress
20009e3d   _sl_GetStartResponseConvert
20009759   _sl_HandleAsync_Accept
200096ed   _sl_HandleAsync_Connect
20009225   _sl_HandleAsync_DnsGetHostByName
200097c1   _sl_HandleAsync_DnsGetHostByService
20009499   _sl_HandleAsync_InitComplete
20009511   _sl_HandleAsync_PingResponse
200099b1   _sl_HandleAsync_Select
20009b75   _sl_HandleAsync_Stop
20017820   _sys_memory
20018238   _unlock
2000a031   abort
20009d59   atoi
ffffffff   binit
200063e5   calloc
20018220   check_cmd
20009fe9   copy_in
2000a039   exit
2001821c   flag
2000613f   free
20018024   gFirstCmdMode
2000b160   g_H2NCnysPattern
2000b158   g_H2NSyncPattern
20018190   g_SpiFd
2001802c   g_StatMem
200177bc   g__SlNonOsCB
2001781e   g_cDummy
20018028   g_pCB
20018194   g_pHostIntHdl
20004000   g_pfnVectors
20017808   g_ucConnectionBSSID
200177e4   g_ucConnectionSSID
20018198   g_ucDMAEnabled
2001819c   g_ucDinDout
20018200   g_ucSimplelinkstarted
200181f8   g_uiPortNum
200181f4   g_ulDestinationIp
200181f0   g_ulGatewayIP
20018204   g_ulIpAddr
200181fc   g_ulPacketCount
200181ec   g_ulStatus
20017400   gfpAppCallbackHndl
20017000   gpCtlTbl
20018224   h
2001781f   iDone
20018218   index
20009a69   ltoa
20005d6d   main
20018244   main_func_sp
200060dd   malloc
20006305   memalign
2000a8cd   memccpy
20008ae5   memcpy
2000a765   memmove
20009591   memset
20006051   minit
200052c1   ms_delay
200175c8   myStrA
2001762c   myStrB
20017690   myStrC
200176f4   myStrX
20017758   myStrY
20018214   num
20018020   pPingCallBackFunc
200061ff   realloc
20017500   rx_udp_server
20009a0d   sl_Bind
2000a789   sl_Close
200093a5   sl_DevGet
2000a3a1   sl_Htonl
2000a4a9   sl_Htons
20009091   sl_NetAppMDNSRegisterUnregisterService
2000abaf   sl_NetAppMDNSUnRegisterService
20009c21   sl_NetAppSendTokenValue
2000a0b5   sl_NetCfgSet
20008849   sl_RecvFrom
2000a5cd   sl_Socket
20008611   sl_Start
20008479   sl_Stop
2000767d   sl_WlanConnect
2000ac53   sl_WlanDisconnect
2000a1f9   sl_WlanPolicySet
2000a7ad   sl_WlanProfileDel
2000a239   sl_WlanRxFilterSet
20009f19   sl_WlanSet
2000a6d1   sl_WlanSetMode
20006e2d   spi
20009679   spi_Close
20007d41   spi_Open
20008545   spi_Read
2000838d   spi_Write
2000ab61   strlen
20006db1   sync_spi
20009da5   uDMAChannelAssign
20009829   uDMAChannelAttributeDisable
2000988d   uDMAChannelAttributeEnable
2000a32d   uDMAChannelControlSet
2000a8e9   uDMAChannelDisable
2000a905   uDMAChannelEnable
20009df1   uDMAChannelModeGet
2000a921   uDMAChannelRequest
2000829d   uDMAChannelTransferSet
2000ab75   uDMAControlBaseSet
2000ac1d   uDMADisable
2000ac29   uDMAEnable
2000ab89   uDMAIntClear
2000aafb   uDMAIntRegister
2000ac35   uDMAIntStatus
2000abc1   uDMAIntUnregister
20018208   udp_str
20017818   ulMode
2001781c   ulRecvData
20009009   vsnprintf


GLOBAL SYMBOLS: SORTED BY Symbol Address 

address    name
--------   ----
00000001   __TI_args_main
00000800   __STACK_SIZE
00000800   __SYSMEM_SIZE
20004000   g_pfnVectors
20004fb7   __TI_printfi
200052c1   ms_delay
200052f9   SimpleLinkWlanEventHandler
20005409   SimpleLinkNetAppEventHandler
200054c9   SimpleLinkGeneralEventHandler
2000551d   SimpleLinkHttpServerCallback
20005529   SimpleLinkSockEventHandler
20005ae1   BsdUdpServer
20005bfb   BsdUdpClient
20005d6d   main
20006051   minit
200060dd   malloc
2000613f   free
200061ff   realloc
20006305   memalign
200063e5   calloc
2000641d   _SlDrvMsgRead
200067d1   _SlAsyncEventGenericHandler
20006cc1   SlaveMain
20006db1   sync_spi
20006e2d   spi
20006e65   InitTerm
20006e83   Message
20006ea5   ClearTerm
20006eaf   Error
20006ee7   GetCmd
20006f79   TrimSpace
20007011   Report
200070d1   DmaSwIntHandler
200070e7   DmaErrorIntHandler
200070f3   UDMAInit
2000714b   UDMAChannelSelect
20007179   SetupTransfer
200071bd   UDMASetupAutoMemTransfer
200071f1   UDMASetupPingPongTransfer
2000724b   UDMAStartTransfer
20007257   UDMAStopTransfer
20007263   UDMADeInit
20007277   DMASetupTransfer
200072d1   __aeabi_uldivmod
200074c5   __aeabi_dsub
200074cf   __aeabi_dadd
2000767d   sl_WlanConnect
20007819   _SlDrvDataReadOp
20007995   _SlDrvRxHdrRead
20007ad5   __aeabi_ddiv
20007c0d   PRCMCC3200MCUInit
20007d41   spi_Open
20007e69   _SlDrvWaitForPoolObj
20007f81   _SlDrvMsgWrite
20008095   _SlDrvReleasePoolObj
200081a1   __aeabi_dmul
2000829d   uDMAChannelTransferSet
2000838d   spi_Write
20008479   sl_Stop
20008545   spi_Read
20008611   sl_Start
200086d9   _SlDrvMsgReadCmdCtx
20008795   _SlDrvNetAppEventHandler
20008849   sl_RecvFrom
200088f5   IntDisable
2000899d   IntEnable
20008a45   SPIConfigSetExpClk
20008ae5   __aeabi_memcpy
20008ae5   __aeabi_memcpy4
20008ae5   __aeabi_memcpy8
20008ae5   memcpy
20008b81   _SlFindAndSetActiveObj
20008c19   PRCMPeripheralClockGet
20008cad   _SlDrvClassifyRxMsg
20008d41   _SlDrvMsgReadSpawnCtx
20008dd5   __TI_auto_init
20008e69   _SlDrvDriverCBInit
20008ef9   PinConfigSet
20008f81   _SlDrvCmdOp
20009009   vsnprintf
20009091   sl_NetAppMDNSRegisterUnregisterService
20009119   __aeabi_cdcmpeq
20009119   __aeabi_cdcmple
2000919f   __aeabi_cdrcmple
20009225   _sl_HandleAsync_DnsGetHostByName
200092a9   NwpPowerOnPreamble
20009329   SPIIntStatus
200093a5   sl_DevGet
20009499   _sl_HandleAsync_InitComplete
20009511   _sl_HandleAsync_PingResponse
20009589   __aeabi_memclr
20009589   __aeabi_memclr4
20009589   __aeabi_memclr8
2000958b   __aeabi_memset
2000958b   __aeabi_memset4
2000958b   __aeabi_memset8
20009591   memset
20009601   UARTConfigSetExpClk
20009679   spi_Close
200096ed   _sl_HandleAsync_Connect
20009759   _sl_HandleAsync_Accept
200097c1   _sl_HandleAsync_DnsGetHostByService
20009829   uDMAChannelAttributeDisable
2000988d   uDMAChannelAttributeEnable
200098f1   _SlDrvDriverCBDeinit
200099b1   _sl_HandleAsync_Select
20009a0d   sl_Bind
20009a69   ltoa
20009ac5   IntPendClear
20009b1d   PRCMPeripheralReset
20009b75   _sl_HandleAsync_Stop
20009bcd   IntPrioritySet
20009c21   sl_NetAppSendTokenValue
20009c75   SPIIntDisable
20009cc1   SPIIntEnable
20009d59   atoi
20009da5   uDMAChannelAssign
20009df1   uDMAChannelModeGet
20009e3d   _sl_GetStartResponseConvert
20009e89   SPIIntClear
20009ed1   __aeabi_d2iz
20009f19   sl_WlanSet
20009fa5   PinMuxConfig
20009fe9   copy_in
2000a02d   C$$EXIT
2000a031   abort
2000a039   exit
2000a071   _Dtest
2000a0b5   sl_NetCfgSet
2000a0f9   PinModeSet
2000a139   _SlDrvRxIrqHandler
2000a179   _SlNonOsMainLoopTask
2000a1b9   _SlRemoveFromList
2000a1f9   sl_WlanPolicySet
2000a239   sl_WlanRxFilterSet
2000a279   NwpPowerOff
2000a2b5   PRCMPeripheralClkEnable
2000a2f1   _SlDrvObjInit
2000a32d   uDMAChannelControlSet
2000a369   NwpRegisterInterruptHandler
2000a3a1   sl_Htonl
2000a3d9   PRCMPeripheralStatusGet
2000a40d   SPIFIFOLevelSet
2000a441   _SlDrvBasicCmd
2000a475   _c_int00
2000a4a9   sl_Htons
2000a4dd   NwpPowerOn
2000a50d   UARTDisable
2000a53d   _SlDrvFlowContDeinit
2000a56d   _SlDrvFlowContInit
2000a59d   _SlNonOsSemGet
2000a5cd   sl_Socket
2000a5fd   __aeabi_i2d
2000a62d   PRCMSysResetCauseGet
2000a659   PRCMPeripheralClkDisable
2000a681   SPIDataPutNonBlocking
2000a6a9   _sl_BuildAddress
2000a6d1   sl_WlanSetMode
2000a6f9   DmaSpiSwIntHandler
2000a71d   IntUnregister
2000a741   UARTEnable
2000a765   memmove
2000a789   sl_Close
2000a7ad   sl_WlanProfileDel
2000a7d1   SPIReset
2000a7f3   SPIWordCountSet
2000a815   IntRegister
2000a835   _SlDrvCmdSend
2000a855   _SlNonOsSpawn
2000a875   SPIIntRegister
2000a893   UARTCharPut
2000a8b1   _SlDrvObjDeInit
2000a8cd   memccpy
2000a8e9   uDMAChannelDisable
2000a905   uDMAChannelEnable
2000a921   uDMAChannelRequest
2000a93d   CopyPingResultsToReport
2000a957   PinTypeSPI
2000a971   PinTypeUART
2000a98b   SPIDmaDisable
2000a9a5   SPIDmaEnable
2000a9bf   SPIFIFODisable
2000a9d9   SPIFIFOEnable
2000a9f3   SPIIntUnregister
2000aa0d   _SlDrvDeviceEventHandler
2000aa27   SPICSDisable
2000aa3f   SPICSEnable
2000aa57   SPIDisable
2000aa6f   SPIEnable
2000aa89   _args_main
2000aaa1   __aeabi_lmul
2000aab9   PRCMHIBRegRead
2000aacf   PRCMHIBRegWrite
2000aae5   UARTCharGet
2000aafb   uDMAIntRegister
2000ab11   CPUcpsie
2000ab25   IntVTableBaseSet
2000ab39   _SlDrvShiftDWord
2000ab4d   _register_unlock
2000ab53   _register_lock
2000ab5b   _nop
2000ab61   strlen
2000ab75   uDMAControlBaseSet
2000ab89   uDMAIntClear
2000ab9d   __TI_zero_init
2000abaf   sl_NetAppMDNSUnRegisterService
2000abc1   uDMAIntUnregister
2000abd5   NwpMaskInterrupt
2000abe5   __TI_decompress_none
2000abf3   _Dclass
2000ac01   ResetISR
2000ac11   NwpUnMaskInterrupt
2000ac1d   uDMADisable
2000ac29   uDMAEnable
2000ac35   uDMAIntStatus
2000ac41   IntMasterEnable
2000ac4b   _SlNonOsSemSet
2000ac53   sl_WlanDisconnect
2000ac5b   UtilsDelay
2000ac61   __TI_decompress_rle24
2000ac68   _ctypes_
2000ae70   _SlPolicySetCmdCtrl
2000ae74   _SlPolicyGetCmdCtrl
2000ae78   _SlProfileGetCmdCtrl
2000ae7c   _SlProfileDelCmdCtrl
2000ae80   _SlWlanGetNetworkListCtrl
2000ae84   _SlRxFilterAddtCmdCtrl
2000ae88   _SlRxFilterSetCmdCtrl
2000ae8c   _SlRxFilterGetCmdCtrl
2000ae90   _SlSmartConfigStartCmdCtrl
2000ae94   _SlWlanSetModeCmdCtrl
2000ae98   _SlWlanCfgSetCmdCtrl
2000ae9c   _SlWlanCfgGetCmdCtrl
2000b158   g_H2NSyncPattern
2000b160   g_H2NCnysPattern
2000b168   _SlActionLookupTable
2000b1e8   _SlSockSocketCmdCtrl
2000b1ec   _SlSockCloseCmdCtrl
2000b1f0   _SlRecvfomCmdCtrl
2000b1f4   _SlSendCmdCtrl
2000b1f8   _SlListenCmdCtrl
2000b1fc   _SlAcceptCmdCtrl
2000b200   _SlRecvCmdCtrl
2000b204   _SlSetSockOptCmdCtrl
2000b208   _SlGetSockOptCmdCtrl
2000b20c   _SlSelectCmdCtrl
2000b240   _SlNetAppStartCtrl
2000b244   _SlNetAppStopCtrl
2000b248   _SlGetServiceListeCtrl
2000b24c   _SlRegisterServiceCtrl
2000b250   _SlGetHostByServiceCtrl
2000b254   _SlGetHostByNameCtrl
2000b258   _SlNetAppSetCmdCtrl
2000b25c   _SlNetAppSendTokenValueCmdCtrl
2000b260   _SlNetAppGetCmdCtrl
2000b2e4   _SlStopCmdCtrl
2000b2e8   _SlEventMaskSetCmdCtrl
2000b2ec   _SlEventMaskGetCmdCtrl
2000b2f0   _SlDeviceGetCmdCtrl
2000b2f4   _SlDeviceSetCmdCtrl
2000b2f8   _SlNetCfgSetCmdCtrl
2000b2fc   _SlNetCfgGetCmdCtrl
2000b300   __TI_static_base__
2000b350   __TI_Handler_Table_Base
2000b35c   __TI_Handler_Table_Limit
2000b368   __TI_CINIT_Base
2000b378   __TI_CINIT_Limit
20017000   gpCtlTbl
20017400   gfpAppCallbackHndl
20017500   rx_udp_server
200175c8   myStrA
2001762c   myStrB
20017690   myStrC
200176f4   myStrX
20017758   myStrY
200177bc   g__SlNonOsCB
200177e4   g_ucConnectionSSID
20017808   g_ucConnectionBSSID
20017810   SYNC
20017818   ulMode
2001781c   ulRecvData
2001781e   g_cDummy
2001781f   iDone
20017820   _sys_memory
20018020   pPingCallBackFunc
20018024   gFirstCmdMode
20018028   g_pCB
2001802c   g_StatMem
20018190   g_SpiFd
20018194   g_pHostIntHdl
20018198   g_ucDMAEnabled
2001819c   g_ucDinDout
200181ec   g_ulStatus
200181f0   g_ulGatewayIP
200181f4   g_ulDestinationIp
200181f8   g_uiPortNum
200181fc   g_ulPacketCount
20018200   g_ucSimplelinkstarted
20018204   g_ulIpAddr
20018208   udp_str
20018214   num
20018218   index
2001821c   flag
20018220   check_cmd
20018224   h
20018234   _lock
20018238   _unlock
2001823c   __TI_cleanup_ptr
20018240   __TI_dtors_ptr
20018244   main_func_sp
2002f800   __stack
20030000   __STACK_END
ffffffff   __binit__
ffffffff   __c_args__
ffffffff   binit
UNDEFED    SHT$$INIT_ARRAY$$Base
UNDEFED    SHT$$INIT_ARRAY$$Limit

[317 symbols]
