******************************************************************************
                  TI ARM Linker PC v5.1.6                      
******************************************************************************
>> Linked Thu Jan 08 05:55:29 2015

OUTPUT FILE NAME:   <test udp_socket.out>
ENTRY POINT SYMBOL: "_c_int00"  address: 20009ed1


MEMORY CONFIGURATION

         name            origin    length      used     unused   attr    fill
----------------------  --------  ---------  --------  --------  ----  --------
  SRAM_CODE             20004000   00013000  00006d5e  0000c2a2  RW X
  SRAM_DATA             20017000   00019000  0000180c  000177f4  RW X


SEGMENT ALLOCATION MAP

run origin  load origin   length   init length attrs members
----------  ----------- ---------- ----------- ----- -------
20004000    20004000    00006d60   00006d60    r-x
  20004000    20004000    00000400   00000400    r-- .intvecs
  20004400    20004400    0000627e   0000627e    r-x .text
  2000a680    2000a680    00000678   00000678    r-- .const
  2000acf8    2000acf8    00000068   00000068    r-- .cinit
20017000    20017000    0000100c   00000000    rw-
  20017000    20017000    00000800   00000000    rw- .sysmem
  20017800    20017800    000005f4   00000000    rw- .bss
  20017df4    20017df4    00000218   00000000    rw- .data
2002f800    2002f800    00000800   00000000    rw-
  2002f800    2002f800    00000800   00000000    rw- .stack


SECTION ALLOCATION MAP

 output                                  attributes/
section   page    origin      length       input sections
--------  ----  ----------  ----------   ----------------
.init_array 
*          0    20004000    00000000     UNINITIALIZED

.intvecs   0    20004000    00000400     
                  20004000    00000400     startup_ccs.obj (.intvecs)

.text      0    20004400    0000627e     
                  20004400    00000ec0     rtsv7M4_T_le_eabi.lib : _printfi.obj (.text)
                  200052c0    00000b78     main.obj (.text)
                  20005e38    000003cc     rtsv7M4_T_le_eabi.lib : memory.obj (.text)
                  20006204    000003b4     simplelink.a : driver.obj (.text:_SlDrvMsgRead)
                  200065b8    0000034c                  : driver.obj (.text:_SlAsyncEventGenericHandler)
                  20006904    0000026c     uart_if.obj (.text)
                  20006b70    00000200     udma_if.obj (.text)
                  20006d70    000001f4     rtsv7M4_T_le_eabi.lib : ull_div_t2.obj (.text)
                  20006f64    000001b6                           : fd_add_t2.obj (.text)
                  2000711a    00000002     driverlib.a : interrupt.obj (.text:IntDefaultHandler)
                  2000711c    0000019c     simplelink.a : wlan.obj (.text:sl_WlanConnect)
                  200072b8    00000140                  : driver.obj (.text:_SlDrvDataWriteOp)
                  200073f8    00000140                  : driver.obj (.text:_SlDrvRxHdrRead)
                  20007538    00000136     rtsv7M4_T_le_eabi.lib : fd_div_t2.obj (.text)
                  2000766e    00000002     --HOLE-- [fill = 0]
                  20007670    00000134     driverlib.a : prcm.obj (.text:PRCMCC3200MCUInit)
                  200077a4    00000128     simplelink.a : cc_pal.obj (.text:spi_Open)
                  200078cc    00000118                  : driver.obj (.text:_SlDrvWaitForPoolObj)
                  200079e4    00000114                  : driver.obj (.text:_SlDrvMsgWrite)
                  20007af8    0000010c                  : driver.obj (.text:_SlDrvReleasePoolObj)
                  20007c04    000000fc     rtsv7M4_T_le_eabi.lib : fd_mul_t2.obj (.text)
                  20007d00    000000f0     spi.obj (.text)
                  20007df0    000000f0     driverlib.a : udma.obj (.text:uDMAChannelTransferSet)
                  20007ee0    000000ec     simplelink.a : cc_pal.obj (.text:spi_Write)
                  20007fcc    000000cc                  : device.obj (.text:sl_Stop)
                  20008098    000000cc                  : cc_pal.obj (.text:spi_Read)
                  20008164    000000c8                  : device.obj (.text:sl_Start)
                  2000822c    000000bc                  : driver.obj (.text:_SlDrvMsgReadCmdCtx)
                  200082e8    000000b4                  : socket.obj (.text:sl_SendTo)
                  2000839c    000000b2                  : netapp.obj (.text:_SlDrvNetAppEventHandler)
                  2000844e    00000002     --HOLE-- [fill = 0]
                  20008450    000000a8     driverlib.a : interrupt.obj (.text:IntDisable)
                  200084f8    000000a8                 : interrupt.obj (.text:IntEnable)
                  200085a0    000000a0                 : spi.obj (.text:SPIConfigSetExpClk)
                  20008640    0000009c     rtsv7M4_T_le_eabi.lib : memcpy_t2.obj (.text)
                  200086dc    00000098     simplelink.a : driver.obj (.text:_SlFindAndSetActiveObj)
                  20008774    00000094     driverlib.a : prcm.obj (.text:PRCMPeripheralClockGet)
                  20008808    00000094     simplelink.a : driver.obj (.text:_SlDrvClassifyRxMsg)
                  2000889c    00000094                  : driver.obj (.text:_SlDrvMsgReadSpawnCtx)
                  20008930    00000094     rtsv7M4_T_le_eabi.lib : auto_init.obj (.text)
                  200089c4    00000090     simplelink.a : driver.obj (.text:_SlDrvDriverCBInit)
                  20008a54    00000088     driverlib.a : pin.obj (.text:PinConfigSet)
                  20008adc    00000088     simplelink.a : driver.obj (.text:_SlDrvCmdOp)
                  20008b64    00000088     rtsv7M4_T_le_eabi.lib : vsnprintf.obj (.text)
                  20008bec    00000088     simplelink.a : netapp.obj (.text:sl_NetAppMDNSRegisterUnregisterService)
                  20008c74    00000086     rtsv7M4_T_le_eabi.lib : fd_cmp_t2.obj (.text:__aeabi_cdcmple)
                  20008cfa    00000086                           : fd_cmp_t2.obj (.text:__aeabi_cdrcmple)
                  20008d80    00000084     simplelink.a : netapp.obj (.text:_sl_HandleAsync_DnsGetHostByName)
                  20008e04    00000080                  : cc_pal.obj (.text:NwpPowerOnPreamble)
                  20008e84    0000007c                  : device.obj (.text:sl_DevGet)
                  20008f00    00000078                  : cc_pal.obj (.text:SetupDMAReceive)
                  20008f78    00000078                  : device.obj (.text:_sl_HandleAsync_InitComplete)
                  20008ff0    00000078                  : netapp.obj (.text:_sl_HandleAsync_PingResponse)
                  20009068    00000078     rtsv7M4_T_le_eabi.lib : memset_t2.obj (.text)
                  200090e0    00000076     driverlib.a : uart.obj (.text:UARTConfigSetExpClk)
                  20009156    00000002     --HOLE-- [fill = 0]
                  20009158    00000074     simplelink.a : cc_pal.obj (.text:spi_Close)
                  200091cc    0000006e                  : socket.obj (.text:_sl_TruncatePayloadByProtocol)
                  2000923a    00000002     --HOLE-- [fill = 0]
                  2000923c    0000006c                  : socket.obj (.text:_sl_HandleAsync_Connect)
                  200092a8    00000068                  : socket.obj (.text:_sl_HandleAsync_Accept)
                  20009310    00000068                  : netapp.obj (.text:_sl_HandleAsync_DnsGetHostByService)
                  20009378    00000064     driverlib.a : udma.obj (.text:uDMAChannelAttributeDisable)
                  200093dc    00000064                 : udma.obj (.text:uDMAChannelAttributeEnable)
                  20009440    00000060     simplelink.a : driver.obj (.text:_SlDrvDriverCBDeinit)
                  200094a0    0000005e     rtsv7M4_T_le_eabi.lib : copy_decompress_rle.obj (.text)
                  200094fe    00000002     --HOLE-- [fill = 0]
                  20009500    0000005c     simplelink.a : socket.obj (.text:_sl_HandleAsync_Select)
                  2000955c    0000005a     rtsv7M4_T_le_eabi.lib : ltoa.obj (.text)
                  200095b6    00000002     --HOLE-- [fill = 0]
                  200095b8    00000058     driverlib.a : interrupt.obj (.text:IntPendClear)
                  20009610    00000058                 : prcm.obj (.text:PRCMPeripheralReset)
                  20009668    00000058     simplelink.a : device.obj (.text:_sl_HandleAsync_Stop)
                  200096c0    00000054     driverlib.a : interrupt.obj (.text:IntPrioritySet)
                  20009714    00000054     simplelink.a : netapp.obj (.text:sl_NetAppSendTokenValue)
                  20009768    0000004c     driverlib.a : spi.obj (.text:SPIIntEnable)
                  200097b4    0000004c                 : spi.obj (.text:SPIIntNumberGet)
                  20009800    0000004c     rtsv7M4_T_le_eabi.lib : atoi.obj (.text)
                  2000984c    0000004c     driverlib.a : udma.obj (.text:uDMAChannelAssign)
                  20009898    0000004a     simplelink.a : device.obj (.text:_sl_GetStartResponseConvert)
                  200098e2    00000002     --HOLE-- [fill = 0]
                  200098e4    00000048     driverlib.a : spi.obj (.text:SPIIntClear)
                  2000992c    00000048     rtsv7M4_T_le_eabi.lib : fd_toi_t2.obj (.text)
                  20009974    00000048     simplelink.a : wlan.obj (.text:sl_WlanSet)
                  200099bc    00000044     driverlib.a : spi.obj (.text:SPIDmaMaskGet)
                  20009a00    00000044     pinmux.obj (.text)
                  20009a44    00000044     rtsv7M4_T_le_eabi.lib : cpy_tbl.obj (.text)
                  20009a88    00000044                           : exit.obj (.text)
                  20009acc    00000044                           : xdtest.obj (.text)
                  20009b10    00000044     simplelink.a : netcfg.obj (.text:sl_NetCfgSet)
                  20009b54    00000040     driverlib.a : pin.obj (.text:PinModeSet)
                  20009b94    00000040     simplelink.a : driver.obj (.text:_SlDrvRxIrqHandler)
                  20009bd4    00000040                  : nonos.obj (.text:_SlNonOsMainLoopTask)
                  20009c14    00000040                  : driver.obj (.text:_SlRemoveFromList)
                  20009c54    00000040                  : wlan.obj (.text:sl_WlanPolicySet)
                  20009c94    00000040                  : wlan.obj (.text:sl_WlanRxFilterSet)
                  20009cd4    0000003c                  : cc_pal.obj (.text:NwpPowerOff)
                  20009d10    0000003c     driverlib.a : prcm.obj (.text:PRCMPeripheralClkEnable)
                  20009d4c    0000003c     simplelink.a : driver.obj (.text:_SlDrvObjInit)
                  20009d88    0000003c     driverlib.a : udma.obj (.text:uDMAChannelControlSet)
                  20009dc4    00000038     simplelink.a : cc_pal.obj (.text:NwpRegisterInterruptHandler)
                  20009dfc    00000038                  : socket.obj (.text:sl_Htonl)
                  20009e34    00000034     driverlib.a : prcm.obj (.text:PRCMPeripheralStatusGet)
                  20009e68    00000034                 : spi.obj (.text:SPIFIFOLevelSet)
                  20009e9c    00000034     simplelink.a : driver.obj (.text:_SlDrvBasicCmd)
                  20009ed0    00000034     rtsv7M4_T_le_eabi.lib : boot.obj (.text)
                  20009f04    00000034     simplelink.a : socket.obj (.text:sl_Htons)
                  20009f38    00000030                  : cc_pal.obj (.text:NwpPowerOn)
                  20009f68    00000030     driverlib.a : uart.obj (.text:UARTDisable)
                  20009f98    00000030     simplelink.a : flowcont.obj (.text:_SlDrvFlowContDeinit)
                  20009fc8    00000030                  : flowcont.obj (.text:_SlDrvFlowContInit)
                  20009ff8    00000030                  : nonos.obj (.text:_SlNonOsSemGet)
                  2000a028    00000030                  : socket.obj (.text:sl_Socket)
                  2000a058    0000002e     rtsv7M4_T_le_eabi.lib : i_tofd_t2.obj (.text)
                  2000a086    00000002     --HOLE-- [fill = 0]
                  2000a088    0000002c     driverlib.a : prcm.obj (.text:PRCMSysResetCauseGet)
                  2000a0b4    00000028                 : prcm.obj (.text:PRCMPeripheralClkDisable)
                  2000a0dc    00000028     simplelink.a : socket.obj (.text:_sl_BuildAddress)
                  2000a104    00000028                  : wlan.obj (.text:sl_WlanSetMode)
                  2000a12c    00000024                  : cc_pal.obj (.text:DmaSpiSwIntHandler)
                  2000a150    00000024     driverlib.a : interrupt.obj (.text:IntUnregister)
                  2000a174    00000024                 : uart.obj (.text:UARTEnable)
                  2000a198    00000024     rtsv7M4_T_le_eabi.lib : memmov.obj (.text)
                  2000a1bc    00000024     simplelink.a : socket.obj (.text:sl_Close)
                  2000a1e0    00000024                  : wlan.obj (.text:sl_WlanProfileDel)
                  2000a204    00000022     driverlib.a : spi.obj (.text:SPIReset)
                  2000a226    00000022                 : spi.obj (.text:SPIWordCountSet)
                  2000a248    00000020                 : interrupt.obj (.text:IntRegister)
                  2000a268    00000020     simplelink.a : driver.obj (.text:_SlDrvCmdSend)
                  2000a288    00000020                  : nonos.obj (.text:_SlNonOsSpawn)
                  2000a2a8    0000001e     driverlib.a : uart.obj (.text:UARTCharPut)
                  2000a2c6    00000002     --HOLE-- [fill = 0]
                  2000a2c8    0000001c     simplelink.a : driver.obj (.text:_SlDrvObjDeInit)
                  2000a2e4    0000001c     rtsv7M4_T_le_eabi.lib : memccpy.obj (.text)
                  2000a300    0000001c     driverlib.a : udma.obj (.text:uDMAChannelDisable)
                  2000a31c    0000001c                 : udma.obj (.text:uDMAChannelEnable)
                  2000a338    0000001c                 : udma.obj (.text:uDMAChannelRequest)
                  2000a354    0000001a     simplelink.a : netapp.obj (.text:CopyPingResultsToReport)
                  2000a36e    0000001a     driverlib.a : pin.obj (.text:PinTypeSPI)
                  2000a388    0000001a                 : pin.obj (.text:PinTypeUART)
                  2000a3a2    0000001a                 : spi.obj (.text:SPIDmaDisable)
                  2000a3bc    0000001a                 : spi.obj (.text:SPIDmaEnable)
                  2000a3d6    0000001a                 : spi.obj (.text:SPIFIFODisable)
                  2000a3f0    0000001a                 : spi.obj (.text:SPIFIFOEnable)
                  2000a40a    0000001a                 : spi.obj (.text:SPIIntUnregister)
                  2000a424    0000001a     simplelink.a : device.obj (.text:_SlDrvDeviceEventHandler)
                  2000a43e    00000018     driverlib.a : spi.obj (.text:SPICSDisable)
                  2000a456    00000018                 : spi.obj (.text:SPICSEnable)
                  2000a46e    00000018                 : spi.obj (.text:SPIDisable)
                  2000a486    00000018                 : spi.obj (.text:SPIEnable)
                  2000a49e    00000002     --HOLE-- [fill = 0]
                  2000a4a0    00000018     rtsv7M4_T_le_eabi.lib : args_main.obj (.text)
                  2000a4b8    00000018                           : ll_mul_t2.obj (.text)
                  2000a4d0    00000016     driverlib.a : prcm.obj (.text:PRCMHIBRegRead)
                  2000a4e6    00000016                 : prcm.obj (.text:PRCMHIBRegWrite)
                  2000a4fc    00000016                 : uart.obj (.text:UARTCharGet)
                  2000a512    00000016                 : udma.obj (.text:uDMAIntRegister)
                  2000a528    00000014                 : cpu.obj (.text:CPUcpsie)
                  2000a53c    00000014                 : interrupt.obj (.text:IntVTableBaseSet)
                  2000a550    00000014     simplelink.a : driver.obj (.text:_SlDrvShiftDWord)
                  2000a564    00000014     rtsv7M4_T_le_eabi.lib : _lock.obj (.text)
                  2000a578    00000014                           : strlen.obj (.text)
                  2000a58c    00000014     driverlib.a : udma.obj (.text:uDMAControlBaseSet)
                  2000a5a0    00000014                 : udma.obj (.text:uDMAIntClear)
                  2000a5b4    00000012     rtsv7M4_T_le_eabi.lib : copy_zero_init.obj (.text:decompress:ZI)
                  2000a5c6    00000012     simplelink.a : netapp.obj (.text:sl_NetAppMDNSUnRegisterService)
                  2000a5d8    00000012     driverlib.a : udma.obj (.text:uDMAIntUnregister)
                  2000a5ea    00000002     --HOLE-- [fill = 0]
                  2000a5ec    00000010     simplelink.a : cc_pal.obj (.text:NwpMaskInterrupt)
                  2000a5fc    0000000e     rtsv7M4_T_le_eabi.lib : copy_decompress_none.obj (.text:decompress:none)
                  2000a60a    0000000e                           : xdclass.obj (.text)
                  2000a618    0000000e     startup_ccs.obj (.text)
                  2000a626    00000002     --HOLE-- [fill = 0]
                  2000a628    0000000c     simplelink.a : cc_pal.obj (.text:NwpUnMaskInterrupt)
                  2000a634    0000000c     driverlib.a : udma.obj (.text:uDMADisable)
                  2000a640    0000000c                 : udma.obj (.text:uDMAEnable)
                  2000a64c    0000000c                 : udma.obj (.text:uDMAIntStatus)
                  2000a658    0000000a                 : interrupt.obj (.text:IntMasterEnable)
                  2000a662    00000008     simplelink.a : nonos.obj (.text:_SlNonOsSemSet)
                  2000a66a    00000008                  : wlan.obj (.text:sl_WlanDisconnect)
                  2000a672    00000006     driverlib.a : utils.obj (.text:UtilsDelay)
                  2000a678    00000006     rtsv7M4_T_le_eabi.lib : copy_decompress_rle.obj (.text:decompress:rle24)

.const     0    2000a680    00000678     
                  2000a680    00000102     rtsv7M4_T_le_eabi.lib : ctype.obj (.const:.string:_ctypes_)
                  2000a782    00000002     --HOLE-- [fill = 0]
                  2000a784    00000100     driverlib.a : pin.obj (.const:g_ulPinToPadMap)
                  2000a884    000000ec     simplelink.a : wlan.obj (.const)
                  2000a970    000000d4     driverlib.a : interrupt.obj (.const:g_pulRegs)
                  2000aa44    000000a8                 : prcm.obj (.const:PRCM_PeriphRegsList)
                  2000aaec    00000080                 : interrupt.obj (.const)
                  2000ab6c    0000004c     simplelink.a : driver.obj (.const)
                  2000abb8    00000034                  : socket.obj (.const)
                  2000abec    0000002c     main.obj (.const:$P$T1$2)
                  2000ac18    00000028     simplelink.a : netapp.obj (.const)
                  2000ac40    00000024     driverlib.a : spi.obj (.const:g_ppulSPIIntMap)
                  2000ac64    00000022     main.obj (.const:.string:$P$T0$1)
                  2000ac86    00000002     --HOLE-- [fill = 0]
                  2000ac88    00000020     main.obj (.const)
                  2000aca8    00000019     main.obj (.const:.string)
                  2000acc1    00000003     --HOLE-- [fill = 0]
                  2000acc4    00000018     driverlib.a : spi.obj (.const)
                  2000acdc    00000014     simplelink.a : device.obj (.const)
                  2000acf0    00000008                  : netcfg.obj (.const)

.cinit     0    2000acf8    00000068     
                  2000acf8    00000042     (.cinit..data.load) [load image, compression = rle]
                  2000ad3a    00000002     --HOLE-- [fill = 0]
                  2000ad3c    0000000c     (__TI_handler_table)
                  2000ad48    00000008     (.cinit..bss.load) [load image, compression = zero_init]
                  2000ad50    00000010     (__TI_cinit_table)

.sysmem    0    20017000    00000800     UNINITIALIZED
                  20017000    00000008     rtsv7M4_T_le_eabi.lib : memory.obj (.sysmem)
                  20017008    000007f8     --HOLE--

.bss       0    20017800    000005f4     UNINITIALIZED
                  20017800    00000400     udma_if.obj (.bss:gpCtlTbl)
                  20017c00    00000100     udma_if.obj (.bss:gfpAppCallbackHndl)
                  20017d00    00000064     spi.obj (.bss:myStr)
                  20017d64    00000034     spi.obj (.bss:g_ucTxBuff)
                  20017d98    00000028     simplelink.a : nonos.obj (.bss:g__SlNonOsCB)
                  20017dc0    00000024     main.obj (.bss:g_ucConnectionSSID)
                  20017de4    00000008     (.common:g_ucConnectionBSSID)
                  20017dec    00000004     (.common:__Errorlog)
                  20017df0    00000001     (.common:g_cDummy)
                  20017df1    00000001     (.common:iDone)
                  20017df2    00000001     (.common:ucRxBuffNdx)
                  20017df3    00000001     (.common:ucTxBuffNdx)

.data      0    20017df4    00000218     UNINITIALIZED
                  20017df4    00000170     simplelink.a : driver.obj (.data)
                  20017f64    0000005c                  : cc_pal.obj (.data)
                  20017fc0    0000002c     main.obj (.data)
                  20017fec    0000000c     rtsv7M4_T_le_eabi.lib : memory.obj (.data)
                  20017ff8    00000008                           : _lock.obj (.data)
                  20018000    00000008                           : exit.obj (.data)
                  20018008    00000004                           : stkdepth_vars.obj (.data)

.stack     0    2002f800    00000800     UNINITIALIZED
                  2002f800    00000800     --HOLE--


LINKER GENERATED COPY TABLES

__TI_cinit_table @ 2000ad50 records: 2, size/record: 8, table size: 16
	.data: load addr=2000acf8, load size=00000042 bytes, run addr=20017df4, run size=00000218 bytes, compression=rle
	.bss: load addr=2000ad48, load size=00000008 bytes, run addr=20017800, run size=000005f4 bytes, compression=zero_init


LINKER GENERATED HANDLER TABLE

__TI_handler_table @ 2000ad3c records: 3, size/record: 4, table size: 12
	index: 0, handler: __TI_decompress_rle24
	index: 1, handler: __TI_decompress_none
	index: 2, handler: __TI_zero_init


GLOBAL SYMBOLS: SORTED ALPHABETICALLY BY Name 

address    name
--------   ----
20005a21   BsdUdpClient
20009a89   C$$EXIT
2000a529   CPUcpsie
20006945   ClearTerm
2000a355   CopyPingResultsToReport
20006d17   DMASetupTransfer
20006b87   DmaErrorIntHandler
2000a12d   DmaSpiSwIntHandler
20006b71   DmaSwIntHandler
2000694f   Error
20006987   GetCmd
20006905   InitTerm
20008451   IntDisable
200084f9   IntEnable
2000a659   IntMasterEnable
200095b9   IntPendClear
200096c1   IntPrioritySet
2000a249   IntRegister
2000a151   IntUnregister
2000a53d   IntVTableBaseSet
20006923   Message
2000a5ed   NwpMaskInterrupt
20009cd5   NwpPowerOff
20009f39   NwpPowerOn
20008e05   NwpPowerOnPreamble
20009dc5   NwpRegisterInterruptHandler
2000a629   NwpUnMaskInterrupt
20007671   PRCMCC3200MCUInit
2000a4d1   PRCMHIBRegRead
2000a4e7   PRCMHIBRegWrite
2000a0b5   PRCMPeripheralClkDisable
20009d11   PRCMPeripheralClkEnable
20008775   PRCMPeripheralClockGet
20009611   PRCMPeripheralReset
20009e35   PRCMPeripheralStatusGet
2000a089   PRCMSysResetCauseGet
20008a55   PinConfigSet
20009b55   PinModeSet
20009a01   PinMuxConfig
2000a36f   PinTypeSPI
2000a389   PinTypeUART
20006ab1   Report
2000a619   ResetISR
UNDEFED    SHT$$INIT_ARRAY$$Base
UNDEFED    SHT$$INIT_ARRAY$$Limit
2000a43f   SPICSDisable
2000a457   SPICSEnable
200085a1   SPIConfigSetExpClk
2000a46f   SPIDisable
2000a3a3   SPIDmaDisable
2000a3bd   SPIDmaEnable
2000a487   SPIEnable
2000a3d7   SPIFIFODisable
2000a3f1   SPIFIFOEnable
20009e69   SPIFIFOLevelSet
200098e5   SPIIntClear
20009769   SPIIntEnable
2000a40b   SPIIntUnregister
2000a205   SPIReset
2000a227   SPIWordCountSet
20006c19   SetupTransfer
20005491   SimpleLinkGeneralEventHandler
200054e5   SimpleLinkHttpServerCallback
200053d1   SimpleLinkNetAppEventHandler
200054f1   SimpleLinkSockEventHandler
200052c1   SimpleLinkWlanEventHandler
20007d01   SlaveMain
20006a19   TrimSpace
2000a4fd   UARTCharGet
2000a2a9   UARTCharPut
200090e1   UARTConfigSetExpClk
20009f69   UARTDisable
2000a175   UARTEnable
20006beb   UDMAChannelSelect
20006d03   UDMADeInit
20006b93   UDMAInit
20006c5d   UDMASetupAutoMemTransfer
20006c91   UDMASetupPingPongTransfer
20006ceb   UDMAStartTransfer
20006cf7   UDMAStopTransfer
2000a673   UtilsDelay
2000a60b   _Dclass
20009acd   _Dtest
2000abd8   _SlAcceptCmdCtrl
2000ab80   _SlActionLookupTable
200065b9   _SlAsyncEventGenericHandler
2000ace8   _SlDeviceGetCmdCtrl
2000acec   _SlDeviceSetCmdCtrl
20009e9d   _SlDrvBasicCmd
20008809   _SlDrvClassifyRxMsg
20008add   _SlDrvCmdOp
2000a269   _SlDrvCmdSend
200072b9   _SlDrvDataWriteOp
2000a425   _SlDrvDeviceEventHandler
20009441   _SlDrvDriverCBDeinit
200089c5   _SlDrvDriverCBInit
20009f99   _SlDrvFlowContDeinit
20009fc9   _SlDrvFlowContInit
20006205   _SlDrvMsgRead
2000822d   _SlDrvMsgReadCmdCtx
2000889d   _SlDrvMsgReadSpawnCtx
200079e5   _SlDrvMsgWrite
2000839d   _SlDrvNetAppEventHandler
2000a2c9   _SlDrvObjDeInit
20009d4d   _SlDrvObjInit
20007af9   _SlDrvReleasePoolObj
200073f9   _SlDrvRxHdrRead
20009b95   _SlDrvRxIrqHandler
2000a551   _SlDrvShiftDWord
200078cd   _SlDrvWaitForPoolObj
2000ace4   _SlEventMaskGetCmdCtrl
2000ace0   _SlEventMaskSetCmdCtrl
200086dd   _SlFindAndSetActiveObj
2000ac30   _SlGetHostByNameCtrl
2000ac2c   _SlGetHostByServiceCtrl
2000ac24   _SlGetServiceListeCtrl
2000abe4   _SlGetSockOptCmdCtrl
2000abd4   _SlListenCmdCtrl
2000ac3c   _SlNetAppGetCmdCtrl
2000ac38   _SlNetAppSendTokenValueCmdCtrl
2000ac34   _SlNetAppSetCmdCtrl
2000ac1c   _SlNetAppStartCtrl
2000ac20   _SlNetAppStopCtrl
2000acf4   _SlNetCfgGetCmdCtrl
2000acf0   _SlNetCfgSetCmdCtrl
20009bd5   _SlNonOsMainLoopTask
20009ff9   _SlNonOsSemGet
2000a663   _SlNonOsSemSet
2000a289   _SlNonOsSpawn
2000a88c   _SlPolicyGetCmdCtrl
2000a888   _SlPolicySetCmdCtrl
2000a894   _SlProfileDelCmdCtrl
2000a890   _SlProfileGetCmdCtrl
2000abdc   _SlRecvCmdCtrl
2000abcc   _SlRecvfomCmdCtrl
2000ac28   _SlRegisterServiceCtrl
20009c15   _SlRemoveFromList
2000a89c   _SlRxFilterAddtCmdCtrl
2000a8a4   _SlRxFilterGetCmdCtrl
2000a8a0   _SlRxFilterSetCmdCtrl
2000abe8   _SlSelectCmdCtrl
2000abd0   _SlSendCmdCtrl
2000abe0   _SlSetSockOptCmdCtrl
2000a8a8   _SlSmartConfigStartCmdCtrl
2000abc8   _SlSockCloseCmdCtrl
2000abc4   _SlSockSocketCmdCtrl
2000acdc   _SlStopCmdCtrl
2000a8b4   _SlWlanCfgGetCmdCtrl
2000a8b0   _SlWlanCfgSetCmdCtrl
2000a898   _SlWlanGetNetworkListCtrl
2000a8ac   _SlWlanSetModeCmdCtrl
20030000   __STACK_END
00000800   __STACK_SIZE
00000800   __SYSMEM_SIZE
2000ad50   __TI_CINIT_Base
2000ad60   __TI_CINIT_Limit
2000ad3c   __TI_Handler_Table_Base
2000ad48   __TI_Handler_Table_Limit
00000001   __TI_args_main
20008931   __TI_auto_init
20018000   __TI_cleanup_ptr
2000a5fd   __TI_decompress_none
2000a679   __TI_decompress_rle24
20018004   __TI_dtors_ptr
20004fb7   __TI_printfi
2000acf8   __TI_static_base__
2000a5b5   __TI_zero_init
20008c75   __aeabi_cdcmpeq
20008c75   __aeabi_cdcmple
20008cfb   __aeabi_cdrcmple
2000992d   __aeabi_d2iz
20006f6f   __aeabi_dadd
20007539   __aeabi_ddiv
20007c05   __aeabi_dmul
20006f65   __aeabi_dsub
2000a059   __aeabi_i2d
2000a4b9   __aeabi_lmul
20009069   __aeabi_memclr
20009069   __aeabi_memclr4
20009069   __aeabi_memclr8
20008641   __aeabi_memcpy
20008641   __aeabi_memcpy4
20008641   __aeabi_memcpy8
2000906b   __aeabi_memset
2000906b   __aeabi_memset4
2000906b   __aeabi_memset8
20006d71   __aeabi_uldivmod
ffffffff   __binit__
ffffffff   __c_args__
2002f800   __stack
2000a4a1   _args_main
20009ed1   _c_int00
2000a680   _ctypes_
20017ff8   _lock
2000a573   _nop
2000a56b   _register_lock
2000a565   _register_unlock
2000a0dd   _sl_BuildAddress
20009899   _sl_GetStartResponseConvert
200092a9   _sl_HandleAsync_Accept
2000923d   _sl_HandleAsync_Connect
20008d81   _sl_HandleAsync_DnsGetHostByName
20009311   _sl_HandleAsync_DnsGetHostByService
20008f79   _sl_HandleAsync_InitComplete
20008ff1   _sl_HandleAsync_PingResponse
20009501   _sl_HandleAsync_Select
20009669   _sl_HandleAsync_Stop
200091cd   _sl_TruncatePayloadByProtocol
20017000   _sys_memory
20017ffc   _unlock
20009a8d   abort
20009801   atoi
ffffffff   binit
200061cd   calloc
20009a45   copy_in
20009a95   exit
20005f27   free
20017df8   gFirstCmdMode
2000ab78   g_H2NCnysPattern
2000ab70   g_H2NSyncPattern
20017f64   g_SpiFd
20017e00   g_StatMem
20017d98   g__SlNonOsCB
20017df0   g_cDummy
20017dfc   g_pCB
20017f68   g_pHostIntHdl
20004000   g_pfnVectors
20017de4   g_ucConnectionBSSID
20017dc0   g_ucConnectionSSID
20017f6c   g_ucDMAEnabled
20017f70   g_ucDinDout
20017fd4   g_ucSimplelinkstarted
20017fcc   g_uiPortNum
20017fc8   g_ulDestinationIp
20017fc4   g_ulGatewayIP
20017fd8   g_ulIpAddr
20017fd0   g_ulPacketCount
20017fc0   g_ulStatus
20017c00   gfpAppCallbackHndl
20017800   gpCtlTbl
20017df1   iDone
20017fe8   index
2000955d   ltoa
20005be1   main
20018008   main_func_sp
20005ec5   malloc
200060ed   memalign
2000a2e5   memccpy
20008641   memcpy
2000a199   memmove
20009071   memset
20005e39   minit
20017d00   myStr
20017df4   pPingCallBackFunc
20005fe7   realloc
2000a1bd   sl_Close
20008e85   sl_DevGet
20009dfd   sl_Htonl
20009f05   sl_Htons
20008bed   sl_NetAppMDNSRegisterUnregisterService
2000a5c7   sl_NetAppMDNSUnRegisterService
20009715   sl_NetAppSendTokenValue
20009b11   sl_NetCfgSet
200082e9   sl_SendTo
2000a029   sl_Socket
20008165   sl_Start
20007fcd   sl_Stop
2000711d   sl_WlanConnect
2000a66b   sl_WlanDisconnect
20009c55   sl_WlanPolicySet
2000a1e1   sl_WlanProfileDel
20009c95   sl_WlanRxFilterSet
20009975   sl_WlanSet
2000a105   sl_WlanSetMode
20007db9   spi
20009159   spi_Close
200077a5   spi_Open
20008099   spi_Read
20007ee1   spi_Write
2000a579   strlen
2000984d   uDMAChannelAssign
20009379   uDMAChannelAttributeDisable
200093dd   uDMAChannelAttributeEnable
20009d89   uDMAChannelControlSet
2000a301   uDMAChannelDisable
2000a31d   uDMAChannelEnable
2000a339   uDMAChannelRequest
20007df1   uDMAChannelTransferSet
2000a58d   uDMAControlBaseSet
2000a635   uDMADisable
2000a641   uDMAEnable
2000a5a1   uDMAIntClear
2000a513   uDMAIntRegister
2000a64d   uDMAIntStatus
2000a5d9   uDMAIntUnregister
20017fdc   udp_str
20008b65   vsnprintf


GLOBAL SYMBOLS: SORTED BY Symbol Address 

address    name
--------   ----
00000001   __TI_args_main
00000800   __STACK_SIZE
00000800   __SYSMEM_SIZE
20004000   g_pfnVectors
20004fb7   __TI_printfi
200052c1   SimpleLinkWlanEventHandler
200053d1   SimpleLinkNetAppEventHandler
20005491   SimpleLinkGeneralEventHandler
200054e5   SimpleLinkHttpServerCallback
200054f1   SimpleLinkSockEventHandler
20005a21   BsdUdpClient
20005be1   main
20005e39   minit
20005ec5   malloc
20005f27   free
20005fe7   realloc
200060ed   memalign
200061cd   calloc
20006205   _SlDrvMsgRead
200065b9   _SlAsyncEventGenericHandler
20006905   InitTerm
20006923   Message
20006945   ClearTerm
2000694f   Error
20006987   GetCmd
20006a19   TrimSpace
20006ab1   Report
20006b71   DmaSwIntHandler
20006b87   DmaErrorIntHandler
20006b93   UDMAInit
20006beb   UDMAChannelSelect
20006c19   SetupTransfer
20006c5d   UDMASetupAutoMemTransfer
20006c91   UDMASetupPingPongTransfer
20006ceb   UDMAStartTransfer
20006cf7   UDMAStopTransfer
20006d03   UDMADeInit
20006d17   DMASetupTransfer
20006d71   __aeabi_uldivmod
20006f65   __aeabi_dsub
20006f6f   __aeabi_dadd
2000711d   sl_WlanConnect
200072b9   _SlDrvDataWriteOp
200073f9   _SlDrvRxHdrRead
20007539   __aeabi_ddiv
20007671   PRCMCC3200MCUInit
200077a5   spi_Open
200078cd   _SlDrvWaitForPoolObj
200079e5   _SlDrvMsgWrite
20007af9   _SlDrvReleasePoolObj
20007c05   __aeabi_dmul
20007d01   SlaveMain
20007db9   spi
20007df1   uDMAChannelTransferSet
20007ee1   spi_Write
20007fcd   sl_Stop
20008099   spi_Read
20008165   sl_Start
2000822d   _SlDrvMsgReadCmdCtx
200082e9   sl_SendTo
2000839d   _SlDrvNetAppEventHandler
20008451   IntDisable
200084f9   IntEnable
200085a1   SPIConfigSetExpClk
20008641   __aeabi_memcpy
20008641   __aeabi_memcpy4
20008641   __aeabi_memcpy8
20008641   memcpy
200086dd   _SlFindAndSetActiveObj
20008775   PRCMPeripheralClockGet
20008809   _SlDrvClassifyRxMsg
2000889d   _SlDrvMsgReadSpawnCtx
20008931   __TI_auto_init
200089c5   _SlDrvDriverCBInit
20008a55   PinConfigSet
20008add   _SlDrvCmdOp
20008b65   vsnprintf
20008bed   sl_NetAppMDNSRegisterUnregisterService
20008c75   __aeabi_cdcmpeq
20008c75   __aeabi_cdcmple
20008cfb   __aeabi_cdrcmple
20008d81   _sl_HandleAsync_DnsGetHostByName
20008e05   NwpPowerOnPreamble
20008e85   sl_DevGet
20008f79   _sl_HandleAsync_InitComplete
20008ff1   _sl_HandleAsync_PingResponse
20009069   __aeabi_memclr
20009069   __aeabi_memclr4
20009069   __aeabi_memclr8
2000906b   __aeabi_memset
2000906b   __aeabi_memset4
2000906b   __aeabi_memset8
20009071   memset
200090e1   UARTConfigSetExpClk
20009159   spi_Close
200091cd   _sl_TruncatePayloadByProtocol
2000923d   _sl_HandleAsync_Connect
200092a9   _sl_HandleAsync_Accept
20009311   _sl_HandleAsync_DnsGetHostByService
20009379   uDMAChannelAttributeDisable
200093dd   uDMAChannelAttributeEnable
20009441   _SlDrvDriverCBDeinit
20009501   _sl_HandleAsync_Select
2000955d   ltoa
200095b9   IntPendClear
20009611   PRCMPeripheralReset
20009669   _sl_HandleAsync_Stop
200096c1   IntPrioritySet
20009715   sl_NetAppSendTokenValue
20009769   SPIIntEnable
20009801   atoi
2000984d   uDMAChannelAssign
20009899   _sl_GetStartResponseConvert
200098e5   SPIIntClear
2000992d   __aeabi_d2iz
20009975   sl_WlanSet
20009a01   PinMuxConfig
20009a45   copy_in
20009a89   C$$EXIT
20009a8d   abort
20009a95   exit
20009acd   _Dtest
20009b11   sl_NetCfgSet
20009b55   PinModeSet
20009b95   _SlDrvRxIrqHandler
20009bd5   _SlNonOsMainLoopTask
20009c15   _SlRemoveFromList
20009c55   sl_WlanPolicySet
20009c95   sl_WlanRxFilterSet
20009cd5   NwpPowerOff
20009d11   PRCMPeripheralClkEnable
20009d4d   _SlDrvObjInit
20009d89   uDMAChannelControlSet
20009dc5   NwpRegisterInterruptHandler
20009dfd   sl_Htonl
20009e35   PRCMPeripheralStatusGet
20009e69   SPIFIFOLevelSet
20009e9d   _SlDrvBasicCmd
20009ed1   _c_int00
20009f05   sl_Htons
20009f39   NwpPowerOn
20009f69   UARTDisable
20009f99   _SlDrvFlowContDeinit
20009fc9   _SlDrvFlowContInit
20009ff9   _SlNonOsSemGet
2000a029   sl_Socket
2000a059   __aeabi_i2d
2000a089   PRCMSysResetCauseGet
2000a0b5   PRCMPeripheralClkDisable
2000a0dd   _sl_BuildAddress
2000a105   sl_WlanSetMode
2000a12d   DmaSpiSwIntHandler
2000a151   IntUnregister
2000a175   UARTEnable
2000a199   memmove
2000a1bd   sl_Close
2000a1e1   sl_WlanProfileDel
2000a205   SPIReset
2000a227   SPIWordCountSet
2000a249   IntRegister
2000a269   _SlDrvCmdSend
2000a289   _SlNonOsSpawn
2000a2a9   UARTCharPut
2000a2c9   _SlDrvObjDeInit
2000a2e5   memccpy
2000a301   uDMAChannelDisable
2000a31d   uDMAChannelEnable
2000a339   uDMAChannelRequest
2000a355   CopyPingResultsToReport
2000a36f   PinTypeSPI
2000a389   PinTypeUART
2000a3a3   SPIDmaDisable
2000a3bd   SPIDmaEnable
2000a3d7   SPIFIFODisable
2000a3f1   SPIFIFOEnable
2000a40b   SPIIntUnregister
2000a425   _SlDrvDeviceEventHandler
2000a43f   SPICSDisable
2000a457   SPICSEnable
2000a46f   SPIDisable
2000a487   SPIEnable
2000a4a1   _args_main
2000a4b9   __aeabi_lmul
2000a4d1   PRCMHIBRegRead
2000a4e7   PRCMHIBRegWrite
2000a4fd   UARTCharGet
2000a513   uDMAIntRegister
2000a529   CPUcpsie
2000a53d   IntVTableBaseSet
2000a551   _SlDrvShiftDWord
2000a565   _register_unlock
2000a56b   _register_lock
2000a573   _nop
2000a579   strlen
2000a58d   uDMAControlBaseSet
2000a5a1   uDMAIntClear
2000a5b5   __TI_zero_init
2000a5c7   sl_NetAppMDNSUnRegisterService
2000a5d9   uDMAIntUnregister
2000a5ed   NwpMaskInterrupt
2000a5fd   __TI_decompress_none
2000a60b   _Dclass
2000a619   ResetISR
2000a629   NwpUnMaskInterrupt
2000a635   uDMADisable
2000a641   uDMAEnable
2000a64d   uDMAIntStatus
2000a659   IntMasterEnable
2000a663   _SlNonOsSemSet
2000a66b   sl_WlanDisconnect
2000a673   UtilsDelay
2000a679   __TI_decompress_rle24
2000a680   _ctypes_
2000a888   _SlPolicySetCmdCtrl
2000a88c   _SlPolicyGetCmdCtrl
2000a890   _SlProfileGetCmdCtrl
2000a894   _SlProfileDelCmdCtrl
2000a898   _SlWlanGetNetworkListCtrl
2000a89c   _SlRxFilterAddtCmdCtrl
2000a8a0   _SlRxFilterSetCmdCtrl
2000a8a4   _SlRxFilterGetCmdCtrl
2000a8a8   _SlSmartConfigStartCmdCtrl
2000a8ac   _SlWlanSetModeCmdCtrl
2000a8b0   _SlWlanCfgSetCmdCtrl
2000a8b4   _SlWlanCfgGetCmdCtrl
2000ab70   g_H2NSyncPattern
2000ab78   g_H2NCnysPattern
2000ab80   _SlActionLookupTable
2000abc4   _SlSockSocketCmdCtrl
2000abc8   _SlSockCloseCmdCtrl
2000abcc   _SlRecvfomCmdCtrl
2000abd0   _SlSendCmdCtrl
2000abd4   _SlListenCmdCtrl
2000abd8   _SlAcceptCmdCtrl
2000abdc   _SlRecvCmdCtrl
2000abe0   _SlSetSockOptCmdCtrl
2000abe4   _SlGetSockOptCmdCtrl
2000abe8   _SlSelectCmdCtrl
2000ac1c   _SlNetAppStartCtrl
2000ac20   _SlNetAppStopCtrl
2000ac24   _SlGetServiceListeCtrl
2000ac28   _SlRegisterServiceCtrl
2000ac2c   _SlGetHostByServiceCtrl
2000ac30   _SlGetHostByNameCtrl
2000ac34   _SlNetAppSetCmdCtrl
2000ac38   _SlNetAppSendTokenValueCmdCtrl
2000ac3c   _SlNetAppGetCmdCtrl
2000acdc   _SlStopCmdCtrl
2000ace0   _SlEventMaskSetCmdCtrl
2000ace4   _SlEventMaskGetCmdCtrl
2000ace8   _SlDeviceGetCmdCtrl
2000acec   _SlDeviceSetCmdCtrl
2000acf0   _SlNetCfgSetCmdCtrl
2000acf4   _SlNetCfgGetCmdCtrl
2000acf8   __TI_static_base__
2000ad3c   __TI_Handler_Table_Base
2000ad48   __TI_Handler_Table_Limit
2000ad50   __TI_CINIT_Base
2000ad60   __TI_CINIT_Limit
20017000   _sys_memory
20017800   gpCtlTbl
20017c00   gfpAppCallbackHndl
20017d00   myStr
20017d98   g__SlNonOsCB
20017dc0   g_ucConnectionSSID
20017de4   g_ucConnectionBSSID
20017df0   g_cDummy
20017df1   iDone
20017df4   pPingCallBackFunc
20017df8   gFirstCmdMode
20017dfc   g_pCB
20017e00   g_StatMem
20017f64   g_SpiFd
20017f68   g_pHostIntHdl
20017f6c   g_ucDMAEnabled
20017f70   g_ucDinDout
20017fc0   g_ulStatus
20017fc4   g_ulGatewayIP
20017fc8   g_ulDestinationIp
20017fcc   g_uiPortNum
20017fd0   g_ulPacketCount
20017fd4   g_ucSimplelinkstarted
20017fd8   g_ulIpAddr
20017fdc   udp_str
20017fe8   index
20017ff8   _lock
20017ffc   _unlock
20018000   __TI_cleanup_ptr
20018004   __TI_dtors_ptr
20018008   main_func_sp
2002f800   __stack
20030000   __STACK_END
ffffffff   __binit__
ffffffff   __c_args__
ffffffff   binit
UNDEFED    SHT$$INIT_ARRAY$$Base
UNDEFED    SHT$$INIT_ARRAY$$Limit

[297 symbols]
