<?xml version="1.0"?>
<link_info>
   <banner>TI ARM Linker PC v5.1.6</banner>
   <copyright>Copyright (c) 1996-2014 Texas Instruments Incorporated</copyright>
   <link_time>0x54e482a8</link_time>
   <link_errors>0x0</link_errors>
   <output_file>test udp_socket.out</output_file>
   <entry_point>
      <name>_c_int00</name>
      <address>0x2000a121</address>
   </entry_point>
   <input_file_list>
      <input_file id="fl-2">
         <path>.\</path>
         <kind>object</kind>
         <file>main.obj</file>
         <name>main.obj</name>
      </input_file>
      <input_file id="fl-3">
         <path>.\</path>
         <kind>object</kind>
         <file>pinmux.obj</file>
         <name>pinmux.obj</name>
      </input_file>
      <input_file id="fl-4">
         <path>.\</path>
         <kind>object</kind>
         <file>spi.obj</file>
         <name>spi.obj</name>
      </input_file>
      <input_file id="fl-5">
         <path>.\</path>
         <kind>object</kind>
         <file>startup_ccs.obj</file>
         <name>startup_ccs.obj</name>
      </input_file>
      <input_file id="fl-6">
         <path>.\</path>
         <kind>object</kind>
         <file>uart_if.obj</file>
         <name>uart_if.obj</name>
      </input_file>
      <input_file id="fl-7">
         <path>.\</path>
         <kind>object</kind>
         <file>udma_if.obj</file>
         <name>udma_if.obj</name>
      </input_file>
      <input_file id="fl-136">
         <path>c:\ti\ccsv6\tools\compiler\arm_5.1.6\lib\</path>
         <kind>archive</kind>
         <file>rtsv7M4_T_le_eabi.lib</file>
         <name>boot.obj</name>
      </input_file>
      <input_file id="fl-137">
         <path>c:\ti\ccsv6\tools\compiler\arm_5.1.6\lib\</path>
         <kind>archive</kind>
         <file>rtsv7M4_T_le_eabi.lib</file>
         <name>copy_decompress_none.obj</name>
      </input_file>
      <input_file id="fl-138">
         <path>c:\ti\ccsv6\tools\compiler\arm_5.1.6\lib\</path>
         <kind>archive</kind>
         <file>rtsv7M4_T_le_eabi.lib</file>
         <name>copy_decompress_rle.obj</name>
      </input_file>
      <input_file id="fl-139">
         <path>c:\ti\ccsv6\tools\compiler\arm_5.1.6\lib\</path>
         <kind>archive</kind>
         <file>rtsv7M4_T_le_eabi.lib</file>
         <name>copy_zero_init.obj</name>
      </input_file>
      <input_file id="fl-13a">
         <path>c:\ti\ccsv6\tools\compiler\arm_5.1.6\lib\</path>
         <kind>archive</kind>
         <file>rtsv7M4_T_le_eabi.lib</file>
         <name>exit.obj</name>
      </input_file>
      <input_file id="fl-13b">
         <path>c:\ti\ccsv6\tools\compiler\arm_5.1.6\lib\</path>
         <kind>archive</kind>
         <file>rtsv7M4_T_le_eabi.lib</file>
         <name>memcpy_t2.obj</name>
      </input_file>
      <input_file id="fl-13c">
         <path>c:\ti\ccsv6\tools\compiler\arm_5.1.6\lib\</path>
         <kind>archive</kind>
         <file>rtsv7M4_T_le_eabi.lib</file>
         <name>memmov.obj</name>
      </input_file>
      <input_file id="fl-13d">
         <path>c:\ti\ccsv6\tools\compiler\arm_5.1.6\lib\</path>
         <kind>archive</kind>
         <file>rtsv7M4_T_le_eabi.lib</file>
         <name>memory.obj</name>
      </input_file>
      <input_file id="fl-13e">
         <path>c:\ti\ccsv6\tools\compiler\arm_5.1.6\lib\</path>
         <kind>archive</kind>
         <file>rtsv7M4_T_le_eabi.lib</file>
         <name>memset_t2.obj</name>
      </input_file>
      <input_file id="fl-13f">
         <path>c:\ti\ccsv6\tools\compiler\arm_5.1.6\lib\</path>
         <kind>archive</kind>
         <file>rtsv7M4_T_le_eabi.lib</file>
         <name>sprintf.obj</name>
      </input_file>
      <input_file id="fl-140">
         <path>c:\ti\ccsv6\tools\compiler\arm_5.1.6\lib\</path>
         <kind>archive</kind>
         <file>rtsv7M4_T_le_eabi.lib</file>
         <name>stkdepth_vars.obj</name>
      </input_file>
      <input_file id="fl-141">
         <path>c:\ti\ccsv6\tools\compiler\arm_5.1.6\lib\</path>
         <kind>archive</kind>
         <file>rtsv7M4_T_le_eabi.lib</file>
         <name>strlen.obj</name>
      </input_file>
      <input_file id="fl-142">
         <path>c:\ti\ccsv6\tools\compiler\arm_5.1.6\lib\</path>
         <kind>archive</kind>
         <file>rtsv7M4_T_le_eabi.lib</file>
         <name>vsnprintf.obj</name>
      </input_file>
      <input_file id="fl-143">
         <path>c:\ti\ccsv6\tools\compiler\arm_5.1.6\lib\</path>
         <kind>archive</kind>
         <file>rtsv7M4_T_le_eabi.lib</file>
         <name>_lock.obj</name>
      </input_file>
      <input_file id="fl-144">
         <path>c:\ti\ccsv6\tools\compiler\arm_5.1.6\lib\</path>
         <kind>archive</kind>
         <file>rtsv7M4_T_le_eabi.lib</file>
         <name>_printfi.obj</name>
      </input_file>
      <input_file id="fl-145">
         <path>c:\ti\ccsv6\tools\compiler\arm_5.1.6\lib\</path>
         <kind>archive</kind>
         <file>rtsv7M4_T_le_eabi.lib</file>
         <name>args_main.obj</name>
      </input_file>
      <input_file id="fl-146">
         <path>c:\ti\ccsv6\tools\compiler\arm_5.1.6\lib\</path>
         <kind>archive</kind>
         <file>rtsv7M4_T_le_eabi.lib</file>
         <name>atoi.obj</name>
      </input_file>
      <input_file id="fl-147">
         <path>c:\ti\ccsv6\tools\compiler\arm_5.1.6\lib\</path>
         <kind>archive</kind>
         <file>rtsv7M4_T_le_eabi.lib</file>
         <name>auto_init.obj</name>
      </input_file>
      <input_file id="fl-148">
         <path>c:\ti\ccsv6\tools\compiler\arm_5.1.6\lib\</path>
         <kind>archive</kind>
         <file>rtsv7M4_T_le_eabi.lib</file>
         <name>cpy_tbl.obj</name>
      </input_file>
      <input_file id="fl-149">
         <path>c:\ti\ccsv6\tools\compiler\arm_5.1.6\lib\</path>
         <kind>archive</kind>
         <file>rtsv7M4_T_le_eabi.lib</file>
         <name>ctype.obj</name>
      </input_file>
      <input_file id="fl-14a">
         <path>c:\ti\ccsv6\tools\compiler\arm_5.1.6\lib\</path>
         <kind>archive</kind>
         <file>rtsv7M4_T_le_eabi.lib</file>
         <name>fd_add_t2.obj</name>
      </input_file>
      <input_file id="fl-14b">
         <path>c:\ti\ccsv6\tools\compiler\arm_5.1.6\lib\</path>
         <kind>archive</kind>
         <file>rtsv7M4_T_le_eabi.lib</file>
         <name>fd_cmp_t2.obj</name>
      </input_file>
      <input_file id="fl-14c">
         <path>c:\ti\ccsv6\tools\compiler\arm_5.1.6\lib\</path>
         <kind>archive</kind>
         <file>rtsv7M4_T_le_eabi.lib</file>
         <name>fd_div_t2.obj</name>
      </input_file>
      <input_file id="fl-14d">
         <path>c:\ti\ccsv6\tools\compiler\arm_5.1.6\lib\</path>
         <kind>archive</kind>
         <file>rtsv7M4_T_le_eabi.lib</file>
         <name>fd_mul_t2.obj</name>
      </input_file>
      <input_file id="fl-14e">
         <path>c:\ti\ccsv6\tools\compiler\arm_5.1.6\lib\</path>
         <kind>archive</kind>
         <file>rtsv7M4_T_le_eabi.lib</file>
         <name>fd_toi_t2.obj</name>
      </input_file>
      <input_file id="fl-14f">
         <path>c:\ti\ccsv6\tools\compiler\arm_5.1.6\lib\</path>
         <kind>archive</kind>
         <file>rtsv7M4_T_le_eabi.lib</file>
         <name>i_tofd_t2.obj</name>
      </input_file>
      <input_file id="fl-150">
         <path>c:\ti\ccsv6\tools\compiler\arm_5.1.6\lib\</path>
         <kind>archive</kind>
         <file>rtsv7M4_T_le_eabi.lib</file>
         <name>ll_mul_t2.obj</name>
      </input_file>
      <input_file id="fl-151">
         <path>c:\ti\ccsv6\tools\compiler\arm_5.1.6\lib\</path>
         <kind>archive</kind>
         <file>rtsv7M4_T_le_eabi.lib</file>
         <name>ltoa.obj</name>
      </input_file>
      <input_file id="fl-152">
         <path>c:\ti\ccsv6\tools\compiler\arm_5.1.6\lib\</path>
         <kind>archive</kind>
         <file>rtsv7M4_T_le_eabi.lib</file>
         <name>memccpy.obj</name>
      </input_file>
      <input_file id="fl-153">
         <path>c:\ti\ccsv6\tools\compiler\arm_5.1.6\lib\</path>
         <kind>archive</kind>
         <file>rtsv7M4_T_le_eabi.lib</file>
         <name>ull_div_t2.obj</name>
      </input_file>
      <input_file id="fl-154">
         <path>c:\ti\ccsv6\tools\compiler\arm_5.1.6\lib\</path>
         <kind>archive</kind>
         <file>rtsv7M4_T_le_eabi.lib</file>
         <name>xdclass.obj</name>
      </input_file>
      <input_file id="fl-155">
         <path>c:\ti\ccsv6\tools\compiler\arm_5.1.6\lib\</path>
         <kind>archive</kind>
         <file>rtsv7M4_T_le_eabi.lib</file>
         <name>xdtest.obj</name>
      </input_file>
      <input_file id="fl-156">
         <path>C:\ti\CC3200SDK_1.0.0\cc3200-sdk\example\udp_socket\ccs\\..\..\..\simplelink\ccs\NON_OS\</path>
         <kind>archive</kind>
         <file>simplelink.a</file>
         <name>device.obj</name>
      </input_file>
      <input_file id="fl-157">
         <path>C:\ti\CC3200SDK_1.0.0\cc3200-sdk\example\udp_socket\ccs\\..\..\..\simplelink\ccs\NON_OS\</path>
         <kind>archive</kind>
         <file>simplelink.a</file>
         <name>driver.obj</name>
      </input_file>
      <input_file id="fl-158">
         <path>C:\ti\CC3200SDK_1.0.0\cc3200-sdk\example\udp_socket\ccs\\..\..\..\simplelink\ccs\NON_OS\</path>
         <kind>archive</kind>
         <file>simplelink.a</file>
         <name>flowcont.obj</name>
      </input_file>
      <input_file id="fl-159">
         <path>C:\ti\CC3200SDK_1.0.0\cc3200-sdk\example\udp_socket\ccs\\..\..\..\simplelink\ccs\NON_OS\</path>
         <kind>archive</kind>
         <file>simplelink.a</file>
         <name>netapp.obj</name>
      </input_file>
      <input_file id="fl-15a">
         <path>C:\ti\CC3200SDK_1.0.0\cc3200-sdk\example\udp_socket\ccs\\..\..\..\simplelink\ccs\NON_OS\</path>
         <kind>archive</kind>
         <file>simplelink.a</file>
         <name>netcfg.obj</name>
      </input_file>
      <input_file id="fl-15b">
         <path>C:\ti\CC3200SDK_1.0.0\cc3200-sdk\example\udp_socket\ccs\\..\..\..\simplelink\ccs\NON_OS\</path>
         <kind>archive</kind>
         <file>simplelink.a</file>
         <name>nonos.obj</name>
      </input_file>
      <input_file id="fl-15c">
         <path>C:\ti\CC3200SDK_1.0.0\cc3200-sdk\example\udp_socket\ccs\\..\..\..\simplelink\ccs\NON_OS\</path>
         <kind>archive</kind>
         <file>simplelink.a</file>
         <name>socket.obj</name>
      </input_file>
      <input_file id="fl-15d">
         <path>C:\ti\CC3200SDK_1.0.0\cc3200-sdk\example\udp_socket\ccs\\..\..\..\simplelink\ccs\NON_OS\</path>
         <kind>archive</kind>
         <file>simplelink.a</file>
         <name>wlan.obj</name>
      </input_file>
      <input_file id="fl-15e">
         <path>C:\ti\CC3200SDK_1.0.0\cc3200-sdk\example\udp_socket\ccs\\..\..\..\simplelink\ccs\NON_OS\</path>
         <kind>archive</kind>
         <file>simplelink.a</file>
         <name>cc_pal.obj</name>
      </input_file>
      <input_file id="fl-15f">
         <path>C:\ti\CC3200SDK_1.0.0\cc3200-sdk\example\udp_socket\ccs\\..\..\..\driverlib\ccs\Release\</path>
         <kind>archive</kind>
         <file>driverlib.a</file>
         <name>interrupt.obj</name>
      </input_file>
      <input_file id="fl-160">
         <path>C:\ti\CC3200SDK_1.0.0\cc3200-sdk\example\udp_socket\ccs\\..\..\..\driverlib\ccs\Release\</path>
         <kind>archive</kind>
         <file>driverlib.a</file>
         <name>pin.obj</name>
      </input_file>
      <input_file id="fl-161">
         <path>C:\ti\CC3200SDK_1.0.0\cc3200-sdk\example\udp_socket\ccs\\..\..\..\driverlib\ccs\Release\</path>
         <kind>archive</kind>
         <file>driverlib.a</file>
         <name>prcm.obj</name>
      </input_file>
      <input_file id="fl-162">
         <path>C:\ti\CC3200SDK_1.0.0\cc3200-sdk\example\udp_socket\ccs\\..\..\..\driverlib\ccs\Release\</path>
         <kind>archive</kind>
         <file>driverlib.a</file>
         <name>spi.obj</name>
      </input_file>
      <input_file id="fl-163">
         <path>C:\ti\CC3200SDK_1.0.0\cc3200-sdk\example\udp_socket\ccs\\..\..\..\driverlib\ccs\Release\</path>
         <kind>archive</kind>
         <file>driverlib.a</file>
         <name>uart.obj</name>
      </input_file>
      <input_file id="fl-164">
         <path>C:\ti\CC3200SDK_1.0.0\cc3200-sdk\example\udp_socket\ccs\\..\..\..\driverlib\ccs\Release\</path>
         <kind>archive</kind>
         <file>driverlib.a</file>
         <name>udma.obj</name>
      </input_file>
      <input_file id="fl-165">
         <path>C:\ti\CC3200SDK_1.0.0\cc3200-sdk\example\udp_socket\ccs\\..\..\..\driverlib\ccs\Release\</path>
         <kind>archive</kind>
         <file>driverlib.a</file>
         <name>utils.obj</name>
      </input_file>
      <input_file id="fl-166">
         <path>C:\ti\CC3200SDK_1.0.0\cc3200-sdk\example\udp_socket\ccs\\..\..\..\driverlib\ccs\Release\</path>
         <kind>archive</kind>
         <file>driverlib.a</file>
         <name>cpu.obj</name>
      </input_file>
      <input_file id="fl-167">
         <path>C:\ti\CC3200SDK_1.0.0\cc3200-sdk\example\udp_socket\ccs\\..\..\..\driverlib\ccs\Release\</path>
         <kind>archive</kind>
         <file>driverlib.a</file>
         <name>flash.obj</name>
      </input_file>
      <input_file id="fl-168">
         <path>c:\ti\ccsv6\tools\compiler\arm_5.1.6\lib\</path>
         <kind>archive</kind>
         <file>rtsv7M4_T_le_eabi.lib</file>
         <name>ll_lsr_t2.obj</name>
      </input_file>
   </input_file_list>
   <object_component_list>
      <object_component id="oc-e">
         <name>.intvecs</name>
         <load_address>0x20004000</load_address>
         <run_address>0x20004000</run_address>
         <size>0x400</size>
         <input_file_ref idref="fl-5"/>
      </object_component>
      <object_component id="oc-2ad">
         <name>.text</name>
         <load_address>0x20004400</load_address>
         <run_address>0x20004400</run_address>
         <size>0xec0</size>
         <input_file_ref idref="fl-144"/>
      </object_component>
      <object_component id="oc-7d">
         <name>.text</name>
         <load_address>0x200052c0</load_address>
         <run_address>0x200052c0</run_address>
         <size>0xbd8</size>
         <input_file_ref idref="fl-2"/>
      </object_component>
      <object_component id="oc-1cf">
         <name>.text</name>
         <load_address>0x20005e98</load_address>
         <run_address>0x20005e98</run_address>
         <size>0x3cc</size>
         <input_file_ref idref="fl-13d"/>
      </object_component>
      <object_component id="oc-59a">
         <name>.text:_SlDrvMsgRead</name>
         <load_address>0x20006264</load_address>
         <run_address>0x20006264</run_address>
         <size>0x3b4</size>
         <input_file_ref idref="fl-157"/>
      </object_component>
      <object_component id="oc-5a0">
         <name>.text:_SlAsyncEventGenericHandler</name>
         <load_address>0x20006618</load_address>
         <run_address>0x20006618</run_address>
         <size>0x34c</size>
         <input_file_ref idref="fl-157"/>
      </object_component>
      <object_component id="oc-b0">
         <name>.text</name>
         <load_address>0x20006964</load_address>
         <run_address>0x20006964</run_address>
         <size>0x26c</size>
         <input_file_ref idref="fl-6"/>
      </object_component>
      <object_component id="oc-168">
         <name>.text</name>
         <load_address>0x20006bd0</load_address>
         <run_address>0x20006bd0</run_address>
         <size>0x200</size>
         <input_file_ref idref="fl-7"/>
      </object_component>
      <object_component id="oc-4c2">
         <name>.text</name>
         <load_address>0x20006dd0</load_address>
         <run_address>0x20006dd0</run_address>
         <size>0x1f4</size>
         <input_file_ref idref="fl-153"/>
      </object_component>
      <object_component id="oc-174">
         <name>.text</name>
         <load_address>0x20006fc4</load_address>
         <run_address>0x20006fc4</run_address>
         <size>0x1b8</size>
         <input_file_ref idref="fl-4"/>
      </object_component>
      <object_component id="oc-4f0">
         <name>.text</name>
         <load_address>0x2000717c</load_address>
         <run_address>0x2000717c</run_address>
         <size>0x1b6</size>
         <input_file_ref idref="fl-14a"/>
      </object_component>
      <object_component id="oc-58f">
         <name>.text:IntDefaultHandler</name>
         <load_address>0x20007332</load_address>
         <run_address>0x20007332</run_address>
         <size>0x2</size>
         <input_file_ref idref="fl-15f"/>
      </object_component>
      <object_component id="oc-143">
         <name>.text:sl_WlanConnect</name>
         <load_address>0x20007334</load_address>
         <run_address>0x20007334</run_address>
         <size>0x19c</size>
         <input_file_ref idref="fl-15d"/>
      </object_component>
      <object_component id="oc-2c1">
         <name>.text:_SlDrvDataWriteOp</name>
         <load_address>0x200074d0</load_address>
         <run_address>0x200074d0</run_address>
         <size>0x140</size>
         <input_file_ref idref="fl-157"/>
      </object_component>
      <object_component id="oc-621">
         <name>.text:_SlDrvRxHdrRead</name>
         <load_address>0x20007610</load_address>
         <run_address>0x20007610</run_address>
         <size>0x140</size>
         <input_file_ref idref="fl-157"/>
      </object_component>
      <object_component id="oc-4d6">
         <name>.text</name>
         <load_address>0x20007750</load_address>
         <run_address>0x20007750</run_address>
         <size>0x136</size>
         <input_file_ref idref="fl-14c"/>
      </object_component>
      <object_component id="oc-15b">
         <name>.text:PRCMCC3200MCUInit</name>
         <load_address>0x20007888</load_address>
         <run_address>0x20007888</run_address>
         <size>0x134</size>
         <input_file_ref idref="fl-161"/>
      </object_component>
      <object_component id="oc-205">
         <name>.text:spi_Open</name>
         <load_address>0x200079bc</load_address>
         <run_address>0x200079bc</run_address>
         <size>0x128</size>
         <input_file_ref idref="fl-15e"/>
      </object_component>
      <object_component id="oc-20b">
         <name>.text:_SlDrvWaitForPoolObj</name>
         <load_address>0x20007ae4</load_address>
         <run_address>0x20007ae4</run_address>
         <size>0x118</size>
         <input_file_ref idref="fl-157"/>
      </object_component>
      <object_component id="oc-477">
         <name>.text:_SlDrvMsgWrite</name>
         <load_address>0x20007bfc</load_address>
         <run_address>0x20007bfc</run_address>
         <size>0x114</size>
         <input_file_ref idref="fl-157"/>
      </object_component>
      <object_component id="oc-22f">
         <name>.text:_SlDrvReleasePoolObj</name>
         <load_address>0x20007d10</load_address>
         <run_address>0x20007d10</run_address>
         <size>0x10c</size>
         <input_file_ref idref="fl-157"/>
      </object_component>
      <object_component id="oc-4d1">
         <name>.text</name>
         <load_address>0x20007e1c</load_address>
         <run_address>0x20007e1c</run_address>
         <size>0xfc</size>
         <input_file_ref idref="fl-14d"/>
      </object_component>
      <object_component id="oc-339">
         <name>.text:uDMAChannelTransferSet</name>
         <load_address>0x20007f18</load_address>
         <run_address>0x20007f18</run_address>
         <size>0xf0</size>
         <input_file_ref idref="fl-164"/>
      </object_component>
      <object_component id="oc-5a7">
         <name>.text:spi_Write</name>
         <load_address>0x20008008</load_address>
         <run_address>0x20008008</run_address>
         <size>0xec</size>
         <input_file_ref idref="fl-15e"/>
      </object_component>
      <object_component id="oc-dc">
         <name>.text:sl_Stop</name>
         <load_address>0x200080f4</load_address>
         <run_address>0x200080f4</run_address>
         <size>0xcc</size>
         <input_file_ref idref="fl-156"/>
      </object_component>
      <object_component id="oc-62d">
         <name>.text:spi_Read</name>
         <load_address>0x200081c0</load_address>
         <run_address>0x200081c0</run_address>
         <size>0xcc</size>
         <input_file_ref idref="fl-15e"/>
      </object_component>
      <object_component id="oc-ca">
         <name>.text:sl_Start</name>
         <load_address>0x2000828c</load_address>
         <run_address>0x2000828c</run_address>
         <size>0xc8</size>
         <input_file_ref idref="fl-156"/>
      </object_component>
      <object_component id="oc-47d">
         <name>.text:_SlDrvMsgReadCmdCtx</name>
         <load_address>0x20008354</load_address>
         <run_address>0x20008354</run_address>
         <size>0xbc</size>
         <input_file_ref idref="fl-157"/>
      </object_component>
      <object_component id="oc-131">
         <name>.text:sl_SendTo</name>
         <load_address>0x20008410</load_address>
         <run_address>0x20008410</run_address>
         <size>0xb4</size>
         <input_file_ref idref="fl-15c"/>
      </object_component>
      <object_component id="oc-675">
         <name>.text:_SlDrvNetAppEventHandler</name>
         <load_address>0x200084c4</load_address>
         <run_address>0x200084c4</run_address>
         <size>0xb2</size>
         <input_file_ref idref="fl-159"/>
      </object_component>
      <object_component id="oc-431">
         <name>.text:IntDisable</name>
         <load_address>0x20008578</load_address>
         <run_address>0x20008578</run_address>
         <size>0xa8</size>
         <input_file_ref idref="fl-15f"/>
      </object_component>
      <object_component id="oc-155">
         <name>.text:IntEnable</name>
         <load_address>0x20008620</load_address>
         <run_address>0x20008620</run_address>
         <size>0xa8</size>
         <input_file_ref idref="fl-15f"/>
      </object_component>
      <object_component id="oc-391">
         <name>.text:SPIConfigSetExpClk</name>
         <load_address>0x200086c8</load_address>
         <run_address>0x200086c8</run_address>
         <size>0xa0</size>
         <input_file_ref idref="fl-162"/>
      </object_component>
      <object_component id="oc-4a">
         <name>.text</name>
         <load_address>0x20008768</load_address>
         <run_address>0x20008768</run_address>
         <size>0x9c</size>
         <input_file_ref idref="fl-13b"/>
      </object_component>
      <object_component id="oc-633">
         <name>.text:_SlFindAndSetActiveObj</name>
         <load_address>0x20008804</load_address>
         <run_address>0x20008804</run_address>
         <size>0x98</size>
         <input_file_ref idref="fl-157"/>
      </object_component>
      <object_component id="oc-1ab">
         <name>.text:PRCMPeripheralClockGet</name>
         <load_address>0x2000889c</load_address>
         <run_address>0x2000889c</run_address>
         <size>0x94</size>
         <input_file_ref idref="fl-161"/>
      </object_component>
      <object_component id="oc-627">
         <name>.text:_SlDrvClassifyRxMsg</name>
         <load_address>0x20008930</load_address>
         <run_address>0x20008930</run_address>
         <size>0x94</size>
         <input_file_ref idref="fl-157"/>
      </object_component>
      <object_component id="oc-460">
         <name>.text:_SlDrvMsgReadSpawnCtx</name>
         <load_address>0x200089c4</load_address>
         <run_address>0x200089c4</run_address>
         <size>0x94</size>
         <input_file_ref idref="fl-157"/>
      </object_component>
      <object_component id="oc-35">
         <name>.text</name>
         <load_address>0x20008a58</load_address>
         <run_address>0x20008a58</run_address>
         <size>0x94</size>
         <input_file_ref idref="fl-147"/>
      </object_component>
      <object_component id="oc-1ff">
         <name>.text:_SlDrvDriverCBInit</name>
         <load_address>0x20008aec</load_address>
         <run_address>0x20008aec</run_address>
         <size>0x90</size>
         <input_file_ref idref="fl-157"/>
      </object_component>
      <object_component id="oc-550">
         <name>.text:PinConfigSet</name>
         <load_address>0x20008b7c</load_address>
         <run_address>0x20008b7c</run_address>
         <size>0x88</size>
         <input_file_ref idref="fl-160"/>
      </object_component>
      <object_component id="oc-251">
         <name>.text:_SlDrvCmdOp</name>
         <load_address>0x20008c04</load_address>
         <run_address>0x20008c04</run_address>
         <size>0x88</size>
         <input_file_ref idref="fl-157"/>
      </object_component>
      <object_component id="oc-1bd">
         <name>.text</name>
         <load_address>0x20008c8c</load_address>
         <run_address>0x20008c8c</run_address>
         <size>0x88</size>
         <input_file_ref idref="fl-142"/>
      </object_component>
      <object_component id="oc-292">
         <name>.text:sl_NetAppMDNSRegisterUnregisterService</name>
         <load_address>0x20008d14</load_address>
         <run_address>0x20008d14</run_address>
         <size>0x88</size>
         <input_file_ref idref="fl-159"/>
      </object_component>
      <object_component id="oc-4cc">
         <name>.text:__aeabi_cdcmple</name>
         <load_address>0x20008d9c</load_address>
         <run_address>0x20008d9c</run_address>
         <size>0x86</size>
         <input_file_ref idref="fl-14b"/>
      </object_component>
      <object_component id="oc-4db">
         <name>.text:__aeabi_cdrcmple</name>
         <load_address>0x20008e22</load_address>
         <run_address>0x20008e22</run_address>
         <size>0x86</size>
         <input_file_ref idref="fl-14b"/>
      </object_component>
      <object_component id="oc-5c6">
         <name>.text:_sl_HandleAsync_DnsGetHostByName</name>
         <load_address>0x20008ea8</load_address>
         <run_address>0x20008ea8</run_address>
         <size>0x84</size>
         <input_file_ref idref="fl-159"/>
      </object_component>
      <object_component id="oc-1f9">
         <name>.text:NwpPowerOnPreamble</name>
         <load_address>0x20008f2c</load_address>
         <run_address>0x20008f2c</run_address>
         <size>0x80</size>
         <input_file_ref idref="fl-15e"/>
      </object_component>
      <object_component id="oc-379">
         <name>.text:SPIIntStatus</name>
         <load_address>0x20008fac</load_address>
         <run_address>0x20008fac</run_address>
         <size>0x7c</size>
         <input_file_ref idref="fl-162"/>
      </object_component>
      <object_component id="oc-e2">
         <name>.text:sl_DevGet</name>
         <load_address>0x20009028</load_address>
         <run_address>0x20009028</run_address>
         <size>0x7c</size>
         <input_file_ref idref="fl-156"/>
      </object_component>
      <object_component id="oc-682">
         <name>.text:SetupDMAReceive</name>
         <load_address>0x200090a4</load_address>
         <run_address>0x200090a4</run_address>
         <size>0x78</size>
         <input_file_ref idref="fl-15e"/>
      </object_component>
      <object_component id="oc-69d">
         <name>.text:_sl_HandleAsync_InitComplete</name>
         <load_address>0x2000911c</load_address>
         <run_address>0x2000911c</run_address>
         <size>0x78</size>
         <input_file_ref idref="fl-156"/>
      </object_component>
      <object_component id="oc-5d2">
         <name>.text:_sl_HandleAsync_PingResponse</name>
         <load_address>0x20009194</load_address>
         <run_address>0x20009194</run_address>
         <size>0x78</size>
         <input_file_ref idref="fl-159"/>
      </object_component>
      <object_component id="oc-b6">
         <name>.text</name>
         <load_address>0x2000920c</load_address>
         <run_address>0x2000920c</run_address>
         <size>0x78</size>
         <input_file_ref idref="fl-13e"/>
      </object_component>
      <object_component id="oc-1b1">
         <name>.text:UARTConfigSetExpClk</name>
         <load_address>0x20009284</load_address>
         <run_address>0x20009284</run_address>
         <size>0x76</size>
         <input_file_ref idref="fl-163"/>
      </object_component>
      <object_component id="oc-262">
         <name>.text:spi_Close</name>
         <load_address>0x200092fc</load_address>
         <run_address>0x200092fc</run_address>
         <size>0x74</size>
         <input_file_ref idref="fl-15e"/>
      </object_component>
      <object_component id="oc-2b5">
         <name>.text:_sl_TruncatePayloadByProtocol</name>
         <load_address>0x20009370</load_address>
         <run_address>0x20009370</run_address>
         <size>0x6e</size>
         <input_file_ref idref="fl-15c"/>
      </object_component>
      <object_component id="oc-5ba">
         <name>.text:_sl_HandleAsync_Connect</name>
         <load_address>0x200093e0</load_address>
         <run_address>0x200093e0</run_address>
         <size>0x6c</size>
         <input_file_ref idref="fl-15c"/>
      </object_component>
      <object_component id="oc-5b4">
         <name>.text:_sl_HandleAsync_Accept</name>
         <load_address>0x2000944c</load_address>
         <run_address>0x2000944c</run_address>
         <size>0x68</size>
         <input_file_ref idref="fl-15c"/>
      </object_component>
      <object_component id="oc-5cc">
         <name>.text:_sl_HandleAsync_DnsGetHostByService</name>
         <load_address>0x200094b4</load_address>
         <run_address>0x200094b4</run_address>
         <size>0x68</size>
         <input_file_ref idref="fl-159"/>
      </object_component>
      <object_component id="oc-327">
         <name>.text:uDMAChannelAttributeDisable</name>
         <load_address>0x2000951c</load_address>
         <run_address>0x2000951c</run_address>
         <size>0x64</size>
         <input_file_ref idref="fl-164"/>
      </object_component>
      <object_component id="oc-333">
         <name>.text:uDMAChannelAttributeEnable</name>
         <load_address>0x20009580</load_address>
         <run_address>0x20009580</run_address>
         <size>0x64</size>
         <input_file_ref idref="fl-164"/>
      </object_component>
      <object_component id="oc-268">
         <name>.text:_SlDrvDriverCBDeinit</name>
         <load_address>0x200095e4</load_address>
         <run_address>0x200095e4</run_address>
         <size>0x60</size>
         <input_file_ref idref="fl-157"/>
      </object_component>
      <object_component id="oc-12b">
         <name>.text</name>
         <load_address>0x20009644</load_address>
         <run_address>0x20009644</run_address>
         <size>0x60</size>
         <input_file_ref idref="fl-13f"/>
      </object_component>
      <object_component id="oc-5d">
         <name>.text</name>
         <load_address>0x200096a4</load_address>
         <run_address>0x200096a4</run_address>
         <size>0x5e</size>
         <input_file_ref idref="fl-138"/>
      </object_component>
      <object_component id="oc-5c0">
         <name>.text:_sl_HandleAsync_Select</name>
         <load_address>0x20009704</load_address>
         <run_address>0x20009704</run_address>
         <size>0x5c</size>
         <input_file_ref idref="fl-15c"/>
      </object_component>
      <object_component id="oc-4e5">
         <name>.text</name>
         <load_address>0x20009760</load_address>
         <run_address>0x20009760</run_address>
         <size>0x5a</size>
         <input_file_ref idref="fl-151"/>
      </object_component>
      <object_component id="oc-43d">
         <name>.text:IntPendClear</name>
         <load_address>0x200097bc</load_address>
         <run_address>0x200097bc</run_address>
         <size>0x58</size>
         <input_file_ref idref="fl-15f"/>
      </object_component>
      <object_component id="oc-2ea">
         <name>.text:PRCMPeripheralReset</name>
         <load_address>0x20009814</load_address>
         <run_address>0x20009814</run_address>
         <size>0x58</size>
         <input_file_ref idref="fl-161"/>
      </object_component>
      <object_component id="oc-5d8">
         <name>.text:_sl_HandleAsync_Stop</name>
         <load_address>0x2000986c</load_address>
         <run_address>0x2000986c</run_address>
         <size>0x58</size>
         <input_file_ref idref="fl-156"/>
      </object_component>
      <object_component id="oc-412">
         <name>.text:IntPrioritySet</name>
         <load_address>0x200098c4</load_address>
         <run_address>0x200098c4</run_address>
         <size>0x54</size>
         <input_file_ref idref="fl-15f"/>
      </object_component>
      <object_component id="oc-696">
         <name>.text:sl_NetAppSendTokenValue</name>
         <load_address>0x20009918</load_address>
         <run_address>0x20009918</run_address>
         <size>0x54</size>
         <input_file_ref idref="fl-159"/>
      </object_component>
      <object_component id="oc-3a3">
         <name>.text:SPIIntEnable</name>
         <load_address>0x2000996c</load_address>
         <run_address>0x2000996c</run_address>
         <size>0x4c</size>
         <input_file_ref idref="fl-162"/>
      </object_component>
      <object_component id="oc-563">
         <name>.text:SPIIntNumberGet</name>
         <load_address>0x200099b8</load_address>
         <run_address>0x200099b8</run_address>
         <size>0x4c</size>
         <input_file_ref idref="fl-162"/>
      </object_component>
      <object_component id="oc-501">
         <name>.text</name>
         <load_address>0x20009a04</load_address>
         <run_address>0x20009a04</run_address>
         <size>0x4c</size>
         <input_file_ref idref="fl-146"/>
      </object_component>
      <object_component id="oc-321">
         <name>.text:uDMAChannelAssign</name>
         <load_address>0x20009a50</load_address>
         <run_address>0x20009a50</run_address>
         <size>0x4c</size>
         <input_file_ref idref="fl-164"/>
      </object_component>
      <object_component id="oc-385">
         <name>.text:uDMAChannelModeGet</name>
         <load_address>0x20009a9c</load_address>
         <run_address>0x20009a9c</run_address>
         <size>0x4c</size>
         <input_file_ref idref="fl-164"/>
      </object_component>
      <object_component id="oc-235">
         <name>.text:_sl_GetStartResponseConvert</name>
         <load_address>0x20009ae8</load_address>
         <run_address>0x20009ae8</run_address>
         <size>0x4a</size>
         <input_file_ref idref="fl-156"/>
      </object_component>
      <object_component id="oc-37f">
         <name>.text:SPIIntClear</name>
         <load_address>0x20009b34</load_address>
         <run_address>0x20009b34</run_address>
         <size>0x48</size>
         <input_file_ref idref="fl-162"/>
      </object_component>
      <object_component id="oc-4e0">
         <name>.text</name>
         <load_address>0x20009b7c</load_address>
         <run_address>0x20009b7c</run_address>
         <size>0x48</size>
         <input_file_ref idref="fl-14e"/>
      </object_component>
      <object_component id="oc-100">
         <name>.text:sl_WlanSet</name>
         <load_address>0x20009bc4</load_address>
         <run_address>0x20009bc4</run_address>
         <size>0x48</size>
         <input_file_ref idref="fl-15d"/>
      </object_component>
      <object_component id="oc-558">
         <name>.text:SPIDmaMaskGet</name>
         <load_address>0x20009c0c</load_address>
         <run_address>0x20009c0c</run_address>
         <size>0x44</size>
         <input_file_ref idref="fl-162"/>
      </object_component>
      <object_component id="oc-16e">
         <name>.text</name>
         <load_address>0x20009c50</load_address>
         <run_address>0x20009c50</run_address>
         <size>0x44</size>
         <input_file_ref idref="fl-3"/>
      </object_component>
      <object_component id="oc-76">
         <name>.text</name>
         <load_address>0x20009c94</load_address>
         <run_address>0x20009c94</run_address>
         <size>0x44</size>
         <input_file_ref idref="fl-148"/>
      </object_component>
      <object_component id="oc-40">
         <name>.text</name>
         <load_address>0x20009cd8</load_address>
         <run_address>0x20009cd8</run_address>
         <size>0x44</size>
         <input_file_ref idref="fl-13a"/>
      </object_component>
      <object_component id="oc-5ed">
         <name>.text</name>
         <load_address>0x20009d1c</load_address>
         <run_address>0x20009d1c</run_address>
         <size>0x44</size>
         <input_file_ref idref="fl-155"/>
      </object_component>
      <object_component id="oc-fa">
         <name>.text:sl_NetCfgSet</name>
         <load_address>0x20009d60</load_address>
         <run_address>0x20009d60</run_address>
         <size>0x44</size>
         <input_file_ref idref="fl-15a"/>
      </object_component>
      <object_component id="oc-54a">
         <name>.text:PinModeSet</name>
         <load_address>0x20009da4</load_address>
         <run_address>0x20009da4</run_address>
         <size>0x40</size>
         <input_file_ref idref="fl-160"/>
      </object_component>
      <object_component id="oc-23e">
         <name>.text:_SlDrvRxIrqHandler</name>
         <load_address>0x20009de4</load_address>
         <run_address>0x20009de4</run_address>
         <size>0x40</size>
         <input_file_ref idref="fl-157"/>
      </object_component>
      <object_component id="oc-d0">
         <name>.text:_SlNonOsMainLoopTask</name>
         <load_address>0x20009e24</load_address>
         <run_address>0x20009e24</run_address>
         <size>0x40</size>
         <input_file_ref idref="fl-15b"/>
      </object_component>
      <object_component id="oc-445">
         <name>.text:_SlRemoveFromList</name>
         <load_address>0x20009e64</load_address>
         <run_address>0x20009e64</run_address>
         <size>0x40</size>
         <input_file_ref idref="fl-157"/>
      </object_component>
      <object_component id="oc-e8">
         <name>.text:sl_WlanPolicySet</name>
         <load_address>0x20009ea4</load_address>
         <run_address>0x20009ea4</run_address>
         <size>0x40</size>
         <input_file_ref idref="fl-15d"/>
      </object_component>
      <object_component id="oc-112">
         <name>.text:sl_WlanRxFilterSet</name>
         <load_address>0x20009ee4</load_address>
         <run_address>0x20009ee4</run_address>
         <size>0x40</size>
         <input_file_ref idref="fl-15d"/>
      </object_component>
      <object_component id="oc-21d">
         <name>.text:NwpPowerOff</name>
         <load_address>0x20009f24</load_address>
         <run_address>0x20009f24</run_address>
         <size>0x3c</size>
         <input_file_ref idref="fl-15e"/>
      </object_component>
      <object_component id="oc-2e4">
         <name>.text:PRCMPeripheralClkEnable</name>
         <load_address>0x20009f60</load_address>
         <run_address>0x20009f60</run_address>
         <size>0x3c</size>
         <input_file_ref idref="fl-161"/>
      </object_component>
      <object_component id="oc-3e1">
         <name>.text:_SlDrvObjInit</name>
         <load_address>0x20009f9c</load_address>
         <run_address>0x20009f9c</run_address>
         <size>0x3c</size>
         <input_file_ref idref="fl-157"/>
      </object_component>
      <object_component id="oc-32d">
         <name>.text:uDMAChannelControlSet</name>
         <load_address>0x20009fd8</load_address>
         <run_address>0x20009fd8</run_address>
         <size>0x3c</size>
         <input_file_ref idref="fl-164"/>
      </object_component>
      <object_component id="oc-223">
         <name>.text:NwpRegisterInterruptHandler</name>
         <load_address>0x2000a014</load_address>
         <run_address>0x2000a014</run_address>
         <size>0x38</size>
         <input_file_ref idref="fl-15e"/>
      </object_component>
      <object_component id="oc-11f">
         <name>.text:sl_Htonl</name>
         <load_address>0x2000a04c</load_address>
         <run_address>0x2000a04c</run_address>
         <size>0x38</size>
         <input_file_ref idref="fl-15c"/>
      </object_component>
      <object_component id="oc-3fa">
         <name>.text:PRCMPeripheralStatusGet</name>
         <load_address>0x2000a084</load_address>
         <run_address>0x2000a084</run_address>
         <size>0x34</size>
         <input_file_ref idref="fl-161"/>
      </object_component>
      <object_component id="oc-406">
         <name>.text:SPIFIFOLevelSet</name>
         <load_address>0x2000a0b8</load_address>
         <run_address>0x2000a0b8</run_address>
         <size>0x34</size>
         <input_file_ref idref="fl-162"/>
      </object_component>
      <object_component id="oc-27f">
         <name>.text:_SlDrvBasicCmd</name>
         <load_address>0x2000a0ec</load_address>
         <run_address>0x2000a0ec</run_address>
         <size>0x34</size>
         <input_file_ref idref="fl-157"/>
      </object_component>
      <object_component id="oc-11">
         <name>.text</name>
         <load_address>0x2000a120</load_address>
         <run_address>0x2000a120</run_address>
         <size>0x34</size>
         <input_file_ref idref="fl-136"/>
      </object_component>
      <object_component id="oc-119">
         <name>.text:sl_Htons</name>
         <load_address>0x2000a154</load_address>
         <run_address>0x2000a154</run_address>
         <size>0x34</size>
         <input_file_ref idref="fl-15c"/>
      </object_component>
      <object_component id="oc-229">
         <name>.text:NwpPowerOn</name>
         <load_address>0x2000a188</load_address>
         <run_address>0x2000a188</run_address>
         <size>0x30</size>
         <input_file_ref idref="fl-15e"/>
      </object_component>
      <object_component id="oc-3bc">
         <name>.text:UARTDisable</name>
         <load_address>0x2000a1b8</load_address>
         <run_address>0x2000a1b8</run_address>
         <size>0x30</size>
         <input_file_ref idref="fl-163"/>
      </object_component>
      <object_component id="oc-49c">
         <name>.text:_SlDrvFlowContDeinit</name>
         <load_address>0x2000a1e8</load_address>
         <run_address>0x2000a1e8</run_address>
         <size>0x30</size>
         <input_file_ref idref="fl-158"/>
      </object_component>
      <object_component id="oc-3e7">
         <name>.text:_SlDrvFlowContInit</name>
         <load_address>0x2000a218</load_address>
         <run_address>0x2000a218</run_address>
         <size>0x30</size>
         <input_file_ref idref="fl-158"/>
      </object_component>
      <object_component id="oc-211">
         <name>.text:_SlNonOsSemGet</name>
         <load_address>0x2000a248</load_address>
         <run_address>0x2000a248</run_address>
         <size>0x30</size>
         <input_file_ref idref="fl-15b"/>
      </object_component>
      <object_component id="oc-125">
         <name>.text:sl_Socket</name>
         <load_address>0x2000a278</load_address>
         <run_address>0x2000a278</run_address>
         <size>0x30</size>
         <input_file_ref idref="fl-15c"/>
      </object_component>
      <object_component id="oc-4eb">
         <name>.text</name>
         <load_address>0x2000a2a8</load_address>
         <run_address>0x2000a2a8</run_address>
         <size>0x2e</size>
         <input_file_ref idref="fl-14f"/>
      </object_component>
      <object_component id="oc-2f6">
         <name>.text:PRCMSysResetCauseGet</name>
         <load_address>0x2000a2d8</load_address>
         <run_address>0x2000a2d8</run_address>
         <size>0x2c</size>
         <input_file_ref idref="fl-161"/>
      </object_component>
      <object_component id="oc-2f0">
         <name>.text:PRCMPeripheralClkDisable</name>
         <load_address>0x2000a304</load_address>
         <run_address>0x2000a304</run_address>
         <size>0x28</size>
         <input_file_ref idref="fl-161"/>
      </object_component>
      <object_component id="oc-2bb">
         <name>.text:_sl_BuildAddress</name>
         <load_address>0x2000a32c</load_address>
         <run_address>0x2000a32c</run_address>
         <size>0x28</size>
         <input_file_ref idref="fl-15c"/>
      </object_component>
      <object_component id="oc-d6">
         <name>.text:sl_WlanSetMode</name>
         <load_address>0x2000a354</load_address>
         <run_address>0x2000a354</run_address>
         <size>0x28</size>
         <input_file_ref idref="fl-15d"/>
      </object_component>
      <object_component id="oc-41b">
         <name>.text:DmaSpiSwIntHandler</name>
         <load_address>0x2000a37c</load_address>
         <run_address>0x2000a37c</run_address>
         <size>0x24</size>
         <input_file_ref idref="fl-15e"/>
      </object_component>
      <object_component id="oc-437">
         <name>.text:IntUnregister</name>
         <load_address>0x2000a3a0</load_address>
         <run_address>0x2000a3a0</run_address>
         <size>0x24</size>
         <input_file_ref idref="fl-15f"/>
      </object_component>
      <object_component id="oc-3c2">
         <name>.text:UARTEnable</name>
         <load_address>0x2000a3c4</load_address>
         <run_address>0x2000a3c4</run_address>
         <size>0x24</size>
         <input_file_ref idref="fl-163"/>
      </object_component>
      <object_component id="oc-1c9">
         <name>.text</name>
         <load_address>0x2000a3e8</load_address>
         <run_address>0x2000a3e8</run_address>
         <size>0x24</size>
         <input_file_ref idref="fl-13c"/>
      </object_component>
      <object_component id="oc-137">
         <name>.text:sl_Close</name>
         <load_address>0x2000a40c</load_address>
         <run_address>0x2000a40c</run_address>
         <size>0x24</size>
         <input_file_ref idref="fl-15c"/>
      </object_component>
      <object_component id="oc-ee">
         <name>.text:sl_WlanProfileDel</name>
         <load_address>0x2000a430</load_address>
         <run_address>0x2000a430</run_address>
         <size>0x24</size>
         <input_file_ref idref="fl-15d"/>
      </object_component>
      <object_component id="oc-38b">
         <name>.text:SPIReset</name>
         <load_address>0x2000a454</load_address>
         <run_address>0x2000a454</run_address>
         <size>0x22</size>
         <input_file_ref idref="fl-162"/>
      </object_component>
      <object_component id="oc-647">
         <name>.text:SPIWordCountSet</name>
         <load_address>0x2000a476</load_address>
         <run_address>0x2000a476</run_address>
         <size>0x22</size>
         <input_file_ref idref="fl-162"/>
      </object_component>
      <object_component id="oc-40c">
         <name>.text:IntRegister</name>
         <load_address>0x2000a498</load_address>
         <run_address>0x2000a498</run_address>
         <size>0x20</size>
         <input_file_ref idref="fl-15f"/>
      </object_component>
      <object_component id="oc-6a5">
         <name>.text:_SlDrvCmdSend</name>
         <load_address>0x2000a4b8</load_address>
         <run_address>0x2000a4b8</run_address>
         <size>0x20</size>
         <input_file_ref idref="fl-157"/>
      </object_component>
      <object_component id="oc-45a">
         <name>.text:_SlNonOsSpawn</name>
         <load_address>0x2000a4d8</load_address>
         <run_address>0x2000a4d8</run_address>
         <size>0x20</size>
         <input_file_ref idref="fl-15b"/>
      </object_component>
      <object_component id="oc-397">
         <name>.text:SPIIntRegister</name>
         <load_address>0x2000a4f8</load_address>
         <run_address>0x2000a4f8</run_address>
         <size>0x1e</size>
         <input_file_ref idref="fl-162"/>
      </object_component>
      <object_component id="oc-1b7">
         <name>.text:UARTCharPut</name>
         <load_address>0x2000a516</load_address>
         <run_address>0x2000a516</run_address>
         <size>0x1e</size>
         <input_file_ref idref="fl-163"/>
      </object_component>
      <object_component id="oc-4a2">
         <name>.text:_SlDrvObjDeInit</name>
         <load_address>0x2000a534</load_address>
         <run_address>0x2000a534</run_address>
         <size>0x1c</size>
         <input_file_ref idref="fl-157"/>
      </object_component>
      <object_component id="oc-4fb">
         <name>.text</name>
         <load_address>0x2000a550</load_address>
         <run_address>0x2000a550</run_address>
         <size>0x1c</size>
         <input_file_ref idref="fl-152"/>
      </object_component>
      <object_component id="oc-34b">
         <name>.text:uDMAChannelDisable</name>
         <load_address>0x2000a56c</load_address>
         <run_address>0x2000a56c</run_address>
         <size>0x1c</size>
         <input_file_ref idref="fl-164"/>
      </object_component>
      <object_component id="oc-33f">
         <name>.text:uDMAChannelEnable</name>
         <load_address>0x2000a588</load_address>
         <run_address>0x2000a588</run_address>
         <size>0x1c</size>
         <input_file_ref idref="fl-164"/>
      </object_component>
      <object_component id="oc-345">
         <name>.text:uDMAChannelRequest</name>
         <load_address>0x2000a5a4</load_address>
         <run_address>0x2000a5a4</run_address>
         <size>0x1c</size>
         <input_file_ref idref="fl-164"/>
      </object_component>
      <object_component id="oc-654">
         <name>.text:CopyPingResultsToReport</name>
         <load_address>0x2000a5c0</load_address>
         <run_address>0x2000a5c0</run_address>
         <size>0x1a</size>
         <input_file_ref idref="fl-159"/>
      </object_component>
      <object_component id="oc-372">
         <name>.text:PinTypeSPI</name>
         <load_address>0x2000a5da</load_address>
         <run_address>0x2000a5da</run_address>
         <size>0x1a</size>
         <input_file_ref idref="fl-160"/>
      </object_component>
      <object_component id="oc-36c">
         <name>.text:PinTypeUART</name>
         <load_address>0x2000a5f4</load_address>
         <run_address>0x2000a5f4</run_address>
         <size>0x1a</size>
         <input_file_ref idref="fl-160"/>
      </object_component>
      <object_component id="oc-494">
         <name>.text:SPIDmaDisable</name>
         <load_address>0x2000a60e</load_address>
         <run_address>0x2000a60e</run_address>
         <size>0x1a</size>
         <input_file_ref idref="fl-162"/>
      </object_component>
      <object_component id="oc-39d">
         <name>.text:SPIDmaEnable</name>
         <load_address>0x2000a628</load_address>
         <run_address>0x2000a628</run_address>
         <size>0x1a</size>
         <input_file_ref idref="fl-162"/>
      </object_component>
      <object_component id="oc-48e">
         <name>.text:SPIFIFODisable</name>
         <load_address>0x2000a642</load_address>
         <run_address>0x2000a642</run_address>
         <size>0x1a</size>
         <input_file_ref idref="fl-162"/>
      </object_component>
      <object_component id="oc-400">
         <name>.text:SPIFIFOEnable</name>
         <load_address>0x2000a65c</load_address>
         <run_address>0x2000a65c</run_address>
         <size>0x1a</size>
         <input_file_ref idref="fl-162"/>
      </object_component>
      <object_component id="oc-488">
         <name>.text:SPIIntUnregister</name>
         <load_address>0x2000a676</load_address>
         <run_address>0x2000a676</run_address>
         <size>0x1a</size>
         <input_file_ref idref="fl-162"/>
      </object_component>
      <object_component id="oc-67b">
         <name>.text:_SlDrvDeviceEventHandler</name>
         <load_address>0x2000a690</load_address>
         <run_address>0x2000a690</run_address>
         <size>0x1a</size>
         <input_file_ref idref="fl-156"/>
      </object_component>
      <object_component id="oc-3ee">
         <name>.text:SPICSDisable</name>
         <load_address>0x2000a6aa</load_address>
         <run_address>0x2000a6aa</run_address>
         <size>0x18</size>
         <input_file_ref idref="fl-162"/>
      </object_component>
      <object_component id="oc-641">
         <name>.text:SPICSEnable</name>
         <load_address>0x2000a6c2</load_address>
         <run_address>0x2000a6c2</run_address>
         <size>0x18</size>
         <input_file_ref idref="fl-162"/>
      </object_component>
      <object_component id="oc-3f4">
         <name>.text:SPIDisable</name>
         <load_address>0x2000a6da</load_address>
         <run_address>0x2000a6da</run_address>
         <size>0x18</size>
         <input_file_ref idref="fl-162"/>
      </object_component>
      <object_component id="oc-3a9">
         <name>.text:SPIEnable</name>
         <load_address>0x2000a6f2</load_address>
         <run_address>0x2000a6f2</run_address>
         <size>0x18</size>
         <input_file_ref idref="fl-162"/>
      </object_component>
      <object_component id="oc-3a">
         <name>.text</name>
         <load_address>0x2000a70c</load_address>
         <run_address>0x2000a70c</run_address>
         <size>0x18</size>
         <input_file_ref idref="fl-145"/>
      </object_component>
      <object_component id="oc-4c7">
         <name>.text</name>
         <load_address>0x2000a724</load_address>
         <run_address>0x2000a724</run_address>
         <size>0x18</size>
         <input_file_ref idref="fl-150"/>
      </object_component>
      <object_component id="oc-2d8">
         <name>.text:PRCMHIBRegRead</name>
         <load_address>0x2000a73c</load_address>
         <run_address>0x2000a73c</run_address>
         <size>0x16</size>
         <input_file_ref idref="fl-161"/>
      </object_component>
      <object_component id="oc-2de">
         <name>.text:PRCMHIBRegWrite</name>
         <load_address>0x2000a752</load_address>
         <run_address>0x2000a752</run_address>
         <size>0x16</size>
         <input_file_ref idref="fl-161"/>
      </object_component>
      <object_component id="oc-1c3">
         <name>.text:UARTCharGet</name>
         <load_address>0x2000a768</load_address>
         <run_address>0x2000a768</run_address>
         <size>0x16</size>
         <input_file_ref idref="fl-163"/>
      </object_component>
      <object_component id="oc-30f">
         <name>.text:uDMAIntRegister</name>
         <load_address>0x2000a77e</load_address>
         <run_address>0x2000a77e</run_address>
         <size>0x16</size>
         <input_file_ref idref="fl-164"/>
      </object_component>
      <object_component id="oc-2cd">
         <name>.text:CPUcpsie</name>
         <load_address>0x2000a794</load_address>
         <run_address>0x2000a794</run_address>
         <size>0x14</size>
         <input_file_ref idref="fl-166"/>
      </object_component>
      <object_component id="oc-149">
         <name>.text:IntVTableBaseSet</name>
         <load_address>0x2000a7a8</load_address>
         <run_address>0x2000a7a8</run_address>
         <size>0x14</size>
         <input_file_ref idref="fl-15f"/>
      </object_component>
      <object_component id="oc-66e">
         <name>.text:_SlDrvShiftDWord</name>
         <load_address>0x2000a7bc</load_address>
         <run_address>0x2000a7bc</run_address>
         <size>0x14</size>
         <input_file_ref idref="fl-157"/>
      </object_component>
      <object_component id="oc-196">
         <name>.text</name>
         <load_address>0x2000a7d0</load_address>
         <run_address>0x2000a7d0</run_address>
         <size>0x14</size>
         <input_file_ref idref="fl-143"/>
      </object_component>
      <object_component id="oc-13d">
         <name>.text</name>
         <load_address>0x2000a7e4</load_address>
         <run_address>0x2000a7e4</run_address>
         <size>0x14</size>
         <input_file_ref idref="fl-141"/>
      </object_component>
      <object_component id="oc-31b">
         <name>.text:uDMAControlBaseSet</name>
         <load_address>0x2000a7f8</load_address>
         <run_address>0x2000a7f8</run_address>
         <size>0x14</size>
         <input_file_ref idref="fl-164"/>
      </object_component>
      <object_component id="oc-309">
         <name>.text:uDMAIntClear</name>
         <load_address>0x2000a80c</load_address>
         <run_address>0x2000a80c</run_address>
         <size>0x14</size>
         <input_file_ref idref="fl-164"/>
      </object_component>
      <object_component id="oc-1c">
         <name>.text:decompress:ZI</name>
         <load_address>0x2000a820</load_address>
         <run_address>0x2000a820</run_address>
         <size>0x12</size>
         <input_file_ref idref="fl-139"/>
      </object_component>
      <object_component id="oc-106">
         <name>.text:sl_NetAppMDNSUnRegisterService</name>
         <load_address>0x2000a832</load_address>
         <run_address>0x2000a832</run_address>
         <size>0x12</size>
         <input_file_ref idref="fl-159"/>
      </object_component>
      <object_component id="oc-351">
         <name>.text:uDMAIntUnregister</name>
         <load_address>0x2000a844</load_address>
         <run_address>0x2000a844</run_address>
         <size>0x12</size>
         <input_file_ref idref="fl-164"/>
      </object_component>
      <object_component id="oc-454">
         <name>.text:NwpMaskInterrupt</name>
         <load_address>0x2000a858</load_address>
         <run_address>0x2000a858</run_address>
         <size>0x10</size>
         <input_file_ref idref="fl-15e"/>
      </object_component>
      <object_component id="oc-16">
         <name>.text:decompress:none</name>
         <load_address>0x2000a868</load_address>
         <run_address>0x2000a868</run_address>
         <size>0xe</size>
         <input_file_ref idref="fl-137"/>
      </object_component>
      <object_component id="oc-4f5">
         <name>.text</name>
         <load_address>0x2000a876</load_address>
         <run_address>0x2000a876</run_address>
         <size>0xe</size>
         <input_file_ref idref="fl-154"/>
      </object_component>
      <object_component id="oc-2c">
         <name>.text</name>
         <load_address>0x2000a884</load_address>
         <run_address>0x2000a884</run_address>
         <size>0xe</size>
         <input_file_ref idref="fl-5"/>
      </object_component>
      <object_component id="oc-639">
         <name>.text:NwpUnMaskInterrupt</name>
         <load_address>0x2000a894</load_address>
         <run_address>0x2000a894</run_address>
         <size>0xc</size>
         <input_file_ref idref="fl-15e"/>
      </object_component>
      <object_component id="oc-357">
         <name>.text:uDMADisable</name>
         <load_address>0x2000a8a0</load_address>
         <run_address>0x2000a8a0</run_address>
         <size>0xc</size>
         <input_file_ref idref="fl-164"/>
      </object_component>
      <object_component id="oc-315">
         <name>.text:uDMAEnable</name>
         <load_address>0x2000a8ac</load_address>
         <run_address>0x2000a8ac</run_address>
         <size>0xc</size>
         <input_file_ref idref="fl-164"/>
      </object_component>
      <object_component id="oc-303">
         <name>.text:uDMAIntStatus</name>
         <load_address>0x2000a8b8</load_address>
         <run_address>0x2000a8b8</run_address>
         <size>0xc</size>
         <input_file_ref idref="fl-164"/>
      </object_component>
      <object_component id="oc-14f">
         <name>.text:IntMasterEnable</name>
         <load_address>0x2000a8c4</load_address>
         <run_address>0x2000a8c4</run_address>
         <size>0xa</size>
         <input_file_ref idref="fl-15f"/>
      </object_component>
      <object_component id="oc-217">
         <name>.text:_SlNonOsSemSet</name>
         <load_address>0x2000a8ce</load_address>
         <run_address>0x2000a8ce</run_address>
         <size>0x8</size>
         <input_file_ref idref="fl-15b"/>
      </object_component>
      <object_component id="oc-f4">
         <name>.text:sl_WlanDisconnect</name>
         <load_address>0x2000a8d6</load_address>
         <run_address>0x2000a8d6</run_address>
         <size>0x8</size>
         <input_file_ref idref="fl-15d"/>
      </object_component>
      <object_component id="oc-3df">
         <name>.text:UtilsDelay</name>
         <load_address>0x2000a8de</load_address>
         <run_address>0x2000a8de</run_address>
         <size>0x6</size>
         <input_file_ref idref="fl-165"/>
      </object_component>
      <object_component id="oc-22">
         <name>.text:decompress:rle24</name>
         <load_address>0x2000a8e4</load_address>
         <run_address>0x2000a8e4</run_address>
         <size>0x6</size>
         <input_file_ref idref="fl-138"/>
      </object_component>
      <object_component id="oc-5f6">
         <name>.const:.string:_ctypes_</name>
         <load_address>0x2000a8ec</load_address>
         <run_address>0x2000a8ec</run_address>
         <size>0x102</size>
         <input_file_ref idref="fl-149"/>
      </object_component>
      <object_component id="oc-60f">
         <name>.const:g_ulPinToPadMap</name>
         <load_address>0x2000a9f0</load_address>
         <run_address>0x2000a9f0</run_address>
         <size>0x100</size>
         <input_file_ref idref="fl-160"/>
      </object_component>
      <object_component id="oc-257">
         <name>.const</name>
         <load_address>0x2000aaf0</load_address>
         <run_address>0x2000aaf0</run_address>
         <size>0xec</size>
         <input_file_ref idref="fl-15d"/>
      </object_component>
      <object_component id="oc-582">
         <name>.const:g_pulRegs</name>
         <load_address>0x2000abdc</load_address>
         <run_address>0x2000abdc</run_address>
         <size>0xd4</size>
         <input_file_ref idref="fl-15f"/>
      </object_component>
      <object_component id="oc-520">
         <name>.const:PRCM_PeriphRegsList</name>
         <load_address>0x2000acb0</load_address>
         <run_address>0x2000acb0</run_address>
         <size>0xa8</size>
         <input_file_ref idref="fl-161"/>
      </object_component>
      <object_component id="oc-2d4">
         <name>.const</name>
         <load_address>0x2000ad58</load_address>
         <run_address>0x2000ad58</run_address>
         <size>0x80</size>
         <input_file_ref idref="fl-15f"/>
      </object_component>
      <object_component id="oc-4ab">
         <name>.const</name>
         <load_address>0x2000add8</load_address>
         <run_address>0x2000add8</run_address>
         <size>0x4c</size>
         <input_file_ref idref="fl-157"/>
      </object_component>
      <object_component id="oc-2a2">
         <name>.const</name>
         <load_address>0x2000ae24</load_address>
         <run_address>0x2000ae24</run_address>
         <size>0x34</size>
         <input_file_ref idref="fl-15c"/>
      </object_component>
      <object_component id="oc-161">
         <name>.const:.string</name>
         <load_address>0x2000ae58</load_address>
         <run_address>0x2000ae58</run_address>
         <size>0x2f</size>
         <input_file_ref idref="fl-2"/>
      </object_component>
      <object_component id="oc-10c">
         <name>.const:$P$T1$2</name>
         <load_address>0x2000ae88</load_address>
         <run_address>0x2000ae88</run_address>
         <size>0x2c</size>
         <input_file_ref idref="fl-2"/>
      </object_component>
      <object_component id="oc-4b3">
         <name>.const</name>
         <load_address>0x2000aeb4</load_address>
         <run_address>0x2000aeb4</run_address>
         <size>0x28</size>
         <input_file_ref idref="fl-159"/>
      </object_component>
      <object_component id="oc-618">
         <name>.const:g_ppulSPIIntMap</name>
         <load_address>0x2000aedc</load_address>
         <run_address>0x2000aedc</run_address>
         <size>0x24</size>
         <input_file_ref idref="fl-162"/>
      </object_component>
      <object_component id="oc-118">
         <name>.const:.string:$P$T0$1</name>
         <load_address>0x2000af00</load_address>
         <run_address>0x2000af00</run_address>
         <size>0x22</size>
         <input_file_ref idref="fl-2"/>
      </object_component>
      <object_component id="oc-10f">
         <name>.const</name>
         <load_address>0x2000af24</load_address>
         <run_address>0x2000af24</run_address>
         <size>0x20</size>
         <input_file_ref idref="fl-2"/>
      </object_component>
      <object_component id="oc-614">
         <name>.const</name>
         <load_address>0x2000af44</load_address>
         <run_address>0x2000af44</run_address>
         <size>0x18</size>
         <input_file_ref idref="fl-162"/>
      </object_component>
      <object_component id="oc-26e">
         <name>.const</name>
         <load_address>0x2000af5c</load_address>
         <run_address>0x2000af5c</run_address>
         <size>0x14</size>
         <input_file_ref idref="fl-156"/>
      </object_component>
      <object_component id="oc-286">
         <name>.const</name>
         <load_address>0x2000af70</load_address>
         <run_address>0x2000af70</run_address>
         <size>0x8</size>
         <input_file_ref idref="fl-15a"/>
      </object_component>
      <object_component id="oc-6cc">
         <name>.cinit..data.load</name>
         <load_address>0x2000af78</load_address>
         <run_address>0x2000af78</run_address>
         <size>0x45</size>
      </object_component>
      <object_component id="oc-6ca">
         <name>__TI_handler_table</name>
         <load_address>0x2000afc0</load_address>
         <run_address>0x2000afc0</run_address>
         <size>0xc</size>
      </object_component>
      <object_component id="oc-6cd">
         <name>.cinit..bss.load</name>
         <load_address>0x2000afd0</load_address>
         <run_address>0x2000afd0</run_address>
         <size>0x8</size>
      </object_component>
      <object_component id="oc-6cb">
         <name>__TI_cinit_table</name>
         <load_address>0x2000afd8</load_address>
         <run_address>0x2000afd8</run_address>
         <size>0x10</size>
      </object_component>
      <object_component id="oc-46">
         <name>.data</name>
         <load_address>0x200180a8</load_address>
         <run_address>0x200180a8</run_address>
         <size>0x4</size>
         <input_file_ref idref="fl-140"/>
      </object_component>
      <object_component id="oc-85">
         <name>.data</name>
         <load_address>0x20018098</load_address>
         <run_address>0x20018098</run_address>
         <size>0x8</size>
         <input_file_ref idref="fl-143"/>
      </object_component>
      <object_component id="oc-88">
         <name>.data</name>
         <load_address>0x200180a0</load_address>
         <run_address>0x200180a0</run_address>
         <size>0x8</size>
         <input_file_ref idref="fl-13a"/>
      </object_component>
      <object_component id="oc-bb">
         <name>.data</name>
         <load_address>0x20018060</load_address>
         <run_address>0x20018060</run_address>
         <size>0x2c</size>
         <input_file_ref idref="fl-2"/>
      </object_component>
      <object_component id="oc-23b">
         <name>.data</name>
         <load_address>0x20017e94</load_address>
         <run_address>0x20017e94</run_address>
         <size>0x170</size>
         <input_file_ref idref="fl-157"/>
      </object_component>
      <object_component id="oc-3d9">
         <name>.data</name>
         <load_address>0x2001808c</load_address>
         <run_address>0x2001808c</run_address>
         <size>0xc</size>
         <input_file_ref idref="fl-13d"/>
      </object_component>
      <object_component id="oc-418">
         <name>.data</name>
         <load_address>0x20018004</load_address>
         <run_address>0x20018004</run_address>
         <size>0x5c</size>
         <input_file_ref idref="fl-15e"/>
      </object_component>
      <object_component id="oc-be">
         <name>.bss:g_ucConnectionSSID</name>
         <uninitialized>true</uninitialized>
         <run_address>0x20017e54</run_address>
         <size>0x24</size>
         <input_file_ref idref="fl-2"/>
      </object_component>
      <object_component id="oc-164">
         <name>.bss:myStrC</name>
         <uninitialized>true</uninitialized>
         <run_address>0x20017dc8</run_address>
         <size>0x64</size>
         <input_file_ref idref="fl-4"/>
      </object_component>
      <object_component id="oc-24c">
         <name>.bss:g__SlNonOsCB</name>
         <uninitialized>true</uninitialized>
         <run_address>0x20017e2c</run_address>
         <size>0x28</size>
         <input_file_ref idref="fl-15b"/>
      </object_component>
      <object_component id="oc-360">
         <name>.bss:gpCtlTbl</name>
         <uninitialized>true</uninitialized>
         <run_address>0x20017800</run_address>
         <size>0x400</size>
         <input_file_ref idref="fl-7"/>
      </object_component>
      <object_component id="oc-363">
         <name>.bss:gfpAppCallbackHndl</name>
         <uninitialized>true</uninitialized>
         <run_address>0x20017c00</run_address>
         <size>0x100</size>
         <input_file_ref idref="fl-7"/>
      </object_component>
      <object_component id="oc-3b1">
         <name>.bss:myStrA</name>
         <uninitialized>true</uninitialized>
         <run_address>0x20017d00</run_address>
         <size>0x64</size>
         <input_file_ref idref="fl-4"/>
      </object_component>
      <object_component id="oc-3b4">
         <name>.bss:myStrB</name>
         <uninitialized>true</uninitialized>
         <run_address>0x20017d64</run_address>
         <size>0x64</size>
         <input_file_ref idref="fl-4"/>
      </object_component>
      <object_component id="oc-c9">
         <name>.common:g_ucConnectionBSSID</name>
         <uninitialized>true</uninitialized>
         <run_address>0x20017e78</run_address>
         <size>0x8</size>
      </object_component>
      <object_component id="oc-167">
         <name>.common:spstr</name>
         <uninitialized>true</uninitialized>
         <run_address>0x20017e84</run_address>
         <size>0x4</size>
      </object_component>
      <object_component id="oc-3af">
         <name>.common:ulStatus</name>
         <uninitialized>true</uninitialized>
         <run_address>0x20017e8c</run_address>
         <size>0x4</size>
      </object_component>
      <object_component id="oc-3b0">
         <name>.common:ulMode</name>
         <uninitialized>true</uninitialized>
         <run_address>0x20017e88</run_address>
         <size>0x4</size>
      </object_component>
      <object_component id="oc-1d5">
         <name>.common:__Errorlog</name>
         <uninitialized>true</uninitialized>
         <run_address>0x20017e80</run_address>
         <size>0x4</size>
      </object_component>
      <object_component id="oc-35d">
         <name>.common:iDone</name>
         <uninitialized>true</uninitialized>
         <run_address>0x20017e91</run_address>
         <size>0x1</size>
      </object_component>
      <object_component id="oc-688">
         <name>.common:g_cDummy</name>
         <uninitialized>true</uninitialized>
         <run_address>0x20017e90</run_address>
         <size>0x1</size>
      </object_component>
      <object_component id="oc-29">
         <name>.sysmem</name>
         <uninitialized>true</uninitialized>
         <run_address>0x20017000</run_address>
         <size>0x8</size>
         <input_file_ref idref="fl-13d"/>
      </object_component>
      <object_component id="oc-6cf">
         <name>.sysmem</name>
         <uninitialized>true</uninitialized>
         <run_address>0x20017000</run_address>
         <size>0x0</size>
      </object_component>
      <object_component id="oc-28">
         <name>.stack</name>
         <uninitialized>true</uninitialized>
         <run_address>0x2002f800</run_address>
         <size>0x0</size>
         <input_file_ref idref="fl-136"/>
      </object_component>
      <object_component id="oc-6ce">
         <name>.stack</name>
         <uninitialized>true</uninitialized>
         <run_address>0x2002f800</run_address>
         <size>0x0</size>
      </object_component>
      <object_component id="oc-f">
         <name>.debug_info</name>
         <load_address>0x0</load_address>
         <run_address>0x0</run_address>
         <size>0x10a</size>
         <input_file_ref idref="fl-5"/>
      </object_component>
      <object_component id="oc-13">
         <name>.debug_info</name>
         <load_address>0x10a</load_address>
         <run_address>0x10a</run_address>
         <size>0x109</size>
         <input_file_ref idref="fl-136"/>
      </object_component>
      <object_component id="oc-18">
         <name>.debug_info</name>
         <load_address>0x213</load_address>
         <run_address>0x213</run_address>
         <size>0x1aa</size>
         <input_file_ref idref="fl-137"/>
      </object_component>
      <object_component id="oc-1e">
         <name>.debug_info</name>
         <load_address>0x3bd</load_address>
         <run_address>0x3bd</run_address>
         <size>0x180</size>
         <input_file_ref idref="fl-139"/>
      </object_component>
      <object_component id="oc-26">
         <name>.debug_info</name>
         <load_address>0x53d</load_address>
         <run_address>0x53d</run_address>
         <size>0x1a4</size>
         <input_file_ref idref="fl-138"/>
      </object_component>
      <object_component id="oc-2a">
         <name>.debug_info</name>
         <load_address>0x6e1</load_address>
         <run_address>0x6e1</run_address>
         <size>0xcc</size>
         <input_file_ref idref="fl-13d"/>
      </object_component>
      <object_component id="oc-2d">
         <name>.debug_info</name>
         <load_address>0x7ad</load_address>
         <run_address>0x7ad</run_address>
         <size>0x42b</size>
         <input_file_ref idref="fl-5"/>
      </object_component>
      <object_component id="oc-34">
         <name>.debug_info</name>
         <load_address>0xbd8</load_address>
         <run_address>0xbd8</run_address>
         <size>0x11f</size>
         <input_file_ref idref="fl-5"/>
      </object_component>
      <object_component id="oc-36">
         <name>.debug_info</name>
         <load_address>0xcf7</load_address>
         <run_address>0xcf7</run_address>
         <size>0x153</size>
         <input_file_ref idref="fl-147"/>
      </object_component>
      <object_component id="oc-3d">
         <name>.debug_info</name>
         <load_address>0xe4a</load_address>
         <run_address>0xe4a</run_address>
         <size>0x132</size>
         <input_file_ref idref="fl-145"/>
      </object_component>
      <object_component id="oc-41">
         <name>.debug_info</name>
         <load_address>0xf7c</load_address>
         <run_address>0xf7c</run_address>
         <size>0x1d8</size>
         <input_file_ref idref="fl-13a"/>
      </object_component>
      <object_component id="oc-47">
         <name>.debug_info</name>
         <load_address>0x1154</load_address>
         <run_address>0x1154</run_address>
         <size>0xd4</size>
         <input_file_ref idref="fl-140"/>
      </object_component>
      <object_component id="oc-4b">
         <name>.debug_info</name>
         <load_address>0x1228</load_address>
         <run_address>0x1228</run_address>
         <size>0xe2</size>
         <input_file_ref idref="fl-13b"/>
      </object_component>
      <object_component id="oc-50">
         <name>.debug_info</name>
         <load_address>0x130a</load_address>
         <run_address>0x130a</run_address>
         <size>0x46</size>
         <input_file_ref idref="fl-137"/>
      </object_component>
      <object_component id="oc-55">
         <name>.debug_info</name>
         <load_address>0x1350</load_address>
         <run_address>0x1350</run_address>
         <size>0x108</size>
         <input_file_ref idref="fl-137"/>
      </object_component>
      <object_component id="oc-57">
         <name>.debug_info</name>
         <load_address>0x1458</load_address>
         <run_address>0x1458</run_address>
         <size>0x46</size>
         <input_file_ref idref="fl-139"/>
      </object_component>
      <object_component id="oc-5c">
         <name>.debug_info</name>
         <load_address>0x149e</load_address>
         <run_address>0x149e</run_address>
         <size>0xc3</size>
         <input_file_ref idref="fl-139"/>
      </object_component>
      <object_component id="oc-5f">
         <name>.debug_info</name>
         <load_address>0x1561</load_address>
         <run_address>0x1561</run_address>
         <size>0x205</size>
         <input_file_ref idref="fl-138"/>
      </object_component>
      <object_component id="oc-64">
         <name>.debug_info</name>
         <load_address>0x1766</load_address>
         <run_address>0x1766</run_address>
         <size>0xcd</size>
         <input_file_ref idref="fl-138"/>
      </object_component>
      <object_component id="oc-65">
         <name>.debug_info</name>
         <load_address>0x1833</load_address>
         <run_address>0x1833</run_address>
         <size>0x39</size>
         <input_file_ref idref="fl-138"/>
      </object_component>
      <object_component id="oc-6c">
         <name>.debug_info</name>
         <load_address>0x186c</load_address>
         <run_address>0x186c</run_address>
         <size>0x1ed</size>
         <input_file_ref idref="fl-13d"/>
      </object_component>
      <object_component id="oc-71">
         <name>.debug_info</name>
         <load_address>0x1a59</load_address>
         <run_address>0x1a59</run_address>
         <size>0x84</size>
         <input_file_ref idref="fl-2"/>
      </object_component>
      <object_component id="oc-77">
         <name>.debug_info</name>
         <load_address>0x1add</load_address>
         <run_address>0x1add</run_address>
         <size>0x161</size>
         <input_file_ref idref="fl-148"/>
      </object_component>
      <object_component id="oc-7e">
         <name>.debug_info</name>
         <load_address>0x1c3e</load_address>
         <run_address>0x1c3e</run_address>
         <size>0xebd</size>
         <input_file_ref idref="fl-2"/>
      </object_component>
      <object_component id="oc-84">
         <name>.debug_info</name>
         <load_address>0x2afb</load_address>
         <run_address>0x2afb</run_address>
         <size>0x131</size>
         <input_file_ref idref="fl-145"/>
      </object_component>
      <object_component id="oc-86">
         <name>.debug_info</name>
         <load_address>0x2c2c</load_address>
         <run_address>0x2c2c</run_address>
         <size>0xde</size>
         <input_file_ref idref="fl-143"/>
      </object_component>
      <object_component id="oc-89">
         <name>.debug_info</name>
         <load_address>0x2d0a</load_address>
         <run_address>0x2d0a</run_address>
         <size>0x101</size>
         <input_file_ref idref="fl-13a"/>
      </object_component>
      <object_component id="oc-8c">
         <name>.debug_info</name>
         <load_address>0x2e0b</load_address>
         <run_address>0x2e0b</run_address>
         <size>0x15c</size>
         <input_file_ref idref="fl-13a"/>
      </object_component>
      <object_component id="oc-91">
         <name>.debug_info</name>
         <load_address>0x2f67</load_address>
         <run_address>0x2f67</run_address>
         <size>0x2c</size>
         <input_file_ref idref="fl-137"/>
      </object_component>
      <object_component id="oc-98">
         <name>.debug_info</name>
         <load_address>0x2f93</load_address>
         <run_address>0x2f93</run_address>
         <size>0x2c</size>
         <input_file_ref idref="fl-4"/>
      </object_component>
      <object_component id="oc-a4">
         <name>.debug_info</name>
         <load_address>0x2fbf</load_address>
         <run_address>0x2fbf</run_address>
         <size>0x2c</size>
         <input_file_ref idref="fl-13d"/>
      </object_component>
[...]
         <value>0x2000a249</value>
         <object_component_ref idref="oc-211"/>
      </symbol>
      <symbol id="sm-97b">
         <name>_SlNonOsMainLoopTask</name>
         <value>0x20009e25</value>
         <object_component_ref idref="oc-d0"/>
      </symbol>
      <symbol id="sm-97c">
         <name>g__SlNonOsCB</name>
         <value>0x20017e2c</value>
         <object_component_ref idref="oc-24c"/>
      </symbol>
      <symbol id="sm-a14">
         <name>_SlSockCloseCmdCtrl</name>
         <value>0x2000ae34</value>
         <object_component_ref idref="oc-2a2"/>
      </symbol>
      <symbol id="sm-a15">
         <name>_SlSendCmdCtrl</name>
         <value>0x2000ae3c</value>
         <object_component_ref idref="oc-2a2"/>
      </symbol>
      <symbol id="sm-a16">
         <name>sl_SendTo</name>
         <value>0x20008411</value>
         <object_component_ref idref="oc-131"/>
      </symbol>
      <symbol id="sm-a17">
         <name>_sl_BuildAddress</name>
         <value>0x2000a32d</value>
         <object_component_ref idref="oc-2bb"/>
      </symbol>
      <symbol id="sm-a18">
         <name>_sl_HandleAsync_Connect</name>
         <value>0x200093e1</value>
         <object_component_ref idref="oc-5ba"/>
      </symbol>
      <symbol id="sm-a19">
         <name>sl_Htonl</name>
         <value>0x2000a04d</value>
         <object_component_ref idref="oc-11f"/>
      </symbol>
      <symbol id="sm-a1a">
         <name>sl_Htons</name>
         <value>0x2000a155</value>
         <object_component_ref idref="oc-119"/>
      </symbol>
      <symbol id="sm-a1b">
         <name>_SlSelectCmdCtrl</name>
         <value>0x2000ae54</value>
         <object_component_ref idref="oc-2a2"/>
      </symbol>
      <symbol id="sm-a1c">
         <name>sl_Socket</name>
         <value>0x2000a279</value>
         <object_component_ref idref="oc-125"/>
      </symbol>
      <symbol id="sm-a1d">
         <name>_sl_HandleAsync_Select</name>
         <value>0x20009705</value>
         <object_component_ref idref="oc-5c0"/>
      </symbol>
      <symbol id="sm-a1e">
         <name>_SlSockSocketCmdCtrl</name>
         <value>0x2000ae30</value>
         <object_component_ref idref="oc-2a2"/>
      </symbol>
      <symbol id="sm-a1f">
         <name>_SlRecvfomCmdCtrl</name>
         <value>0x2000ae38</value>
         <object_component_ref idref="oc-2a2"/>
      </symbol>
      <symbol id="sm-a20">
         <name>_SlSetSockOptCmdCtrl</name>
         <value>0x2000ae4c</value>
         <object_component_ref idref="oc-2a2"/>
      </symbol>
      <symbol id="sm-a21">
         <name>_SlAcceptCmdCtrl</name>
         <value>0x2000ae44</value>
         <object_component_ref idref="oc-2a2"/>
      </symbol>
      <symbol id="sm-a22">
         <name>_SlListenCmdCtrl</name>
         <value>0x2000ae40</value>
         <object_component_ref idref="oc-2a2"/>
      </symbol>
      <symbol id="sm-a23">
         <name>_SlRecvCmdCtrl</name>
         <value>0x2000ae48</value>
         <object_component_ref idref="oc-2a2"/>
      </symbol>
      <symbol id="sm-a24">
         <name>_SlGetSockOptCmdCtrl</name>
         <value>0x2000ae50</value>
         <object_component_ref idref="oc-2a2"/>
      </symbol>
      <symbol id="sm-a25">
         <name>_sl_TruncatePayloadByProtocol</name>
         <value>0x20009371</value>
         <object_component_ref idref="oc-2b5"/>
      </symbol>
      <symbol id="sm-a26">
         <name>sl_Close</name>
         <value>0x2000a40d</value>
         <object_component_ref idref="oc-137"/>
      </symbol>
      <symbol id="sm-a27">
         <name>_sl_HandleAsync_Accept</name>
         <value>0x2000944d</value>
         <object_component_ref idref="oc-5b4"/>
      </symbol>
      <symbol id="sm-a98">
         <name>sl_WlanDisconnect</name>
         <value>0x2000a8d7</value>
         <object_component_ref idref="oc-f4"/>
      </symbol>
      <symbol id="sm-a99">
         <name>_SlPolicyGetCmdCtrl</name>
         <value>0x2000aaf8</value>
         <object_component_ref idref="oc-257"/>
      </symbol>
      <symbol id="sm-a9a">
         <name>_SlPolicySetCmdCtrl</name>
         <value>0x2000aaf4</value>
         <object_component_ref idref="oc-257"/>
      </symbol>
      <symbol id="sm-a9b">
         <name>_SlRxFilterGetCmdCtrl</name>
         <value>0x2000ab10</value>
         <object_component_ref idref="oc-257"/>
      </symbol>
      <symbol id="sm-a9c">
         <name>_SlRxFilterSetCmdCtrl</name>
         <value>0x2000ab0c</value>
         <object_component_ref idref="oc-257"/>
      </symbol>
      <symbol id="sm-a9d">
         <name>_SlProfileGetCmdCtrl</name>
         <value>0x2000aafc</value>
         <object_component_ref idref="oc-257"/>
      </symbol>
      <symbol id="sm-a9e">
         <name>_SlWlanGetNetworkListCtrl</name>
         <value>0x2000ab04</value>
         <object_component_ref idref="oc-257"/>
      </symbol>
      <symbol id="sm-a9f">
         <name>sl_WlanPolicySet</name>
         <value>0x20009ea5</value>
         <object_component_ref idref="oc-e8"/>
      </symbol>
      <symbol id="sm-aa0">
         <name>_SlProfileDelCmdCtrl</name>
         <value>0x2000ab00</value>
         <object_component_ref idref="oc-257"/>
      </symbol>
      <symbol id="sm-aa1">
         <name>_SlWlanSetModeCmdCtrl</name>
         <value>0x2000ab18</value>
         <object_component_ref idref="oc-257"/>
      </symbol>
      <symbol id="sm-aa2">
         <name>_SlWlanCfgSetCmdCtrl</name>
         <value>0x2000ab1c</value>
         <object_component_ref idref="oc-257"/>
      </symbol>
      <symbol id="sm-aa3">
         <name>_SlWlanCfgGetCmdCtrl</name>
         <value>0x2000ab20</value>
         <object_component_ref idref="oc-257"/>
      </symbol>
      <symbol id="sm-aa4">
         <name>sl_WlanProfileDel</name>
         <value>0x2000a431</value>
         <object_component_ref idref="oc-ee"/>
      </symbol>
      <symbol id="sm-aa5">
         <name>_SlRxFilterAddtCmdCtrl</name>
         <value>0x2000ab08</value>
         <object_component_ref idref="oc-257"/>
      </symbol>
      <symbol id="sm-aa6">
         <name>sl_WlanRxFilterSet</name>
         <value>0x20009ee5</value>
         <object_component_ref idref="oc-112"/>
      </symbol>
      <symbol id="sm-aa7">
         <name>sl_WlanConnect</name>
         <value>0x20007335</value>
         <object_component_ref idref="oc-143"/>
      </symbol>
      <symbol id="sm-aa8">
         <name>sl_WlanSet</name>
         <value>0x20009bc5</value>
         <object_component_ref idref="oc-100"/>
      </symbol>
      <symbol id="sm-aa9">
         <name>_SlSmartConfigStartCmdCtrl</name>
         <value>0x2000ab14</value>
         <object_component_ref idref="oc-257"/>
      </symbol>
      <symbol id="sm-aaa">
         <name>sl_WlanSetMode</name>
         <value>0x2000a355</value>
         <object_component_ref idref="oc-d6"/>
      </symbol>
      <symbol id="sm-b6f">
         <name>g_cDummy</name>
         <value>0x20017e90</value>
      </symbol>
      <symbol id="sm-b70">
         <name>NwpMaskInterrupt</name>
         <value>0x2000a859</value>
         <object_component_ref idref="oc-454"/>
      </symbol>
      <symbol id="sm-b71">
         <name>NwpRegisterInterruptHandler</name>
         <value>0x2000a015</value>
         <object_component_ref idref="oc-223"/>
      </symbol>
      <symbol id="sm-b72">
         <name>NwpPowerOnPreamble</name>
         <value>0x20008f2d</value>
         <object_component_ref idref="oc-1f9"/>
      </symbol>
      <symbol id="sm-b73">
         <name>g_pHostIntHdl</name>
         <value>0x20018008</value>
         <object_component_ref idref="oc-418"/>
      </symbol>
      <symbol id="sm-b74">
         <name>NwpUnMaskInterrupt</name>
         <value>0x2000a895</value>
         <object_component_ref idref="oc-639"/>
      </symbol>
      <symbol id="sm-b75">
         <name>g_ucDinDout</name>
         <value>0x20018010</value>
         <object_component_ref idref="oc-418"/>
      </symbol>
      <symbol id="sm-b76">
         <name>NwpPowerOff</name>
         <value>0x20009f25</value>
         <object_component_ref idref="oc-21d"/>
      </symbol>
      <symbol id="sm-b77">
         <name>spi_Read</name>
         <value>0x200081c1</value>
         <object_component_ref idref="oc-62d"/>
      </symbol>
      <symbol id="sm-b78">
         <name>DmaSpiSwIntHandler</name>
         <value>0x2000a37d</value>
         <object_component_ref idref="oc-41b"/>
      </symbol>
      <symbol id="sm-b79">
         <name>NwpPowerOn</name>
         <value>0x2000a189</value>
         <object_component_ref idref="oc-229"/>
      </symbol>
      <symbol id="sm-b7a">
         <name>spi_Close</name>
         <value>0x200092fd</value>
         <object_component_ref idref="oc-262"/>
      </symbol>
      <symbol id="sm-b7b">
         <name>spi_Write</name>
         <value>0x20008009</value>
         <object_component_ref idref="oc-5a7"/>
      </symbol>
      <symbol id="sm-b7c">
         <name>spi_Open</name>
         <value>0x200079bd</value>
         <object_component_ref idref="oc-205"/>
      </symbol>
      <symbol id="sm-b7d">
         <name>g_ucDMAEnabled</name>
         <value>0x2001800c</value>
         <object_component_ref idref="oc-418"/>
      </symbol>
      <symbol id="sm-b7e">
         <name>g_SpiFd</name>
         <value>0x20018004</value>
         <object_component_ref idref="oc-418"/>
      </symbol>
      <symbol id="sm-c04">
         <name>IntPendClear</name>
         <value>0x200097bd</value>
         <object_component_ref idref="oc-43d"/>
      </symbol>
      <symbol id="sm-c05">
         <name>IntPrioritySet</name>
         <value>0x200098c5</value>
         <object_component_ref idref="oc-412"/>
      </symbol>
      <symbol id="sm-c06">
         <name>IntVTableBaseSet</name>
         <value>0x2000a7a9</value>
         <object_component_ref idref="oc-149"/>
      </symbol>
      <symbol id="sm-c07">
         <name>IntEnable</name>
         <value>0x20008621</value>
         <object_component_ref idref="oc-155"/>
      </symbol>
      <symbol id="sm-c08">
         <name>IntDisable</name>
         <value>0x20008579</value>
         <object_component_ref idref="oc-431"/>
      </symbol>
      <symbol id="sm-c09">
         <name>IntRegister</name>
         <value>0x2000a499</value>
         <object_component_ref idref="oc-40c"/>
      </symbol>
      <symbol id="sm-c0a">
         <name>IntUnregister</name>
         <value>0x2000a3a1</value>
         <object_component_ref idref="oc-437"/>
      </symbol>
      <symbol id="sm-c0b">
         <name>IntMasterEnable</name>
         <value>0x2000a8c5</value>
         <object_component_ref idref="oc-14f"/>
      </symbol>
      <symbol id="sm-c40">
         <name>PinTypeUART</name>
         <value>0x2000a5f5</value>
         <object_component_ref idref="oc-36c"/>
      </symbol>
      <symbol id="sm-c41">
         <name>PinConfigSet</name>
         <value>0x20008b7d</value>
         <object_component_ref idref="oc-550"/>
      </symbol>
      <symbol id="sm-c42">
         <name>PinTypeSPI</name>
         <value>0x2000a5db</value>
         <object_component_ref idref="oc-372"/>
      </symbol>
      <symbol id="sm-c43">
         <name>PinModeSet</name>
         <value>0x20009da5</value>
         <object_component_ref idref="oc-54a"/>
      </symbol>
      <symbol id="sm-cd2">
         <name>PRCMPeripheralReset</name>
         <value>0x20009815</value>
         <object_component_ref idref="oc-2ea"/>
      </symbol>
      <symbol id="sm-cd3">
         <name>PRCMPeripheralClkEnable</name>
         <value>0x20009f61</value>
         <object_component_ref idref="oc-2e4"/>
      </symbol>
      <symbol id="sm-cd4">
         <name>PRCMPeripheralClockGet</name>
         <value>0x2000889d</value>
         <object_component_ref idref="oc-1ab"/>
      </symbol>
      <symbol id="sm-cd5">
         <name>PRCMCC3200MCUInit</name>
         <value>0x20007889</value>
         <object_component_ref idref="oc-15b"/>
      </symbol>
      <symbol id="sm-cd6">
         <name>PRCMHIBRegWrite</name>
         <value>0x2000a753</value>
         <object_component_ref idref="oc-2de"/>
      </symbol>
      <symbol id="sm-cd7">
         <name>PRCMSysResetCauseGet</name>
         <value>0x2000a2d9</value>
         <object_component_ref idref="oc-2f6"/>
      </symbol>
      <symbol id="sm-cd8">
         <name>PRCMPeripheralStatusGet</name>
         <value>0x2000a085</value>
         <object_component_ref idref="oc-3fa"/>
      </symbol>
      <symbol id="sm-cd9">
         <name>PRCMPeripheralClkDisable</name>
         <value>0x2000a305</value>
         <object_component_ref idref="oc-2f0"/>
      </symbol>
      <symbol id="sm-cda">
         <name>PRCMHIBRegRead</name>
         <value>0x2000a73d</value>
         <object_component_ref idref="oc-2d8"/>
      </symbol>
      <symbol id="sm-dae">
         <name>SPIFIFODisable</name>
         <value>0x2000a643</value>
         <object_component_ref idref="oc-48e"/>
      </symbol>
      <symbol id="sm-daf">
         <name>SPICSEnable</name>
         <value>0x2000a6c3</value>
         <object_component_ref idref="oc-641"/>
      </symbol>
      <symbol id="sm-db0">
         <name>SPIDisable</name>
         <value>0x2000a6db</value>
         <object_component_ref idref="oc-3f4"/>
      </symbol>
      <symbol id="sm-db1">
         <name>SPIFIFOEnable</name>
         <value>0x2000a65d</value>
         <object_component_ref idref="oc-400"/>
      </symbol>
      <symbol id="sm-db2">
         <name>SPIWordCountSet</name>
         <value>0x2000a477</value>
         <object_component_ref idref="oc-647"/>
      </symbol>
      <symbol id="sm-db3">
         <name>SPIEnable</name>
         <value>0x2000a6f3</value>
         <object_component_ref idref="oc-3a9"/>
      </symbol>
      <symbol id="sm-db4">
         <name>SPIDmaEnable</name>
         <value>0x2000a629</value>
         <object_component_ref idref="oc-39d"/>
      </symbol>
      <symbol id="sm-db5">
         <name>SPIConfigSetExpClk</name>
         <value>0x200086c9</value>
         <object_component_ref idref="oc-391"/>
      </symbol>
      <symbol id="sm-db6">
         <name>SPIIntRegister</name>
         <value>0x2000a4f9</value>
         <object_component_ref idref="oc-397"/>
      </symbol>
      <symbol id="sm-db7">
         <name>SPIIntUnregister</name>
         <value>0x2000a677</value>
         <object_component_ref idref="oc-488"/>
      </symbol>
      <symbol id="sm-db8">
         <name>SPIFIFOLevelSet</name>
         <value>0x2000a0b9</value>
         <object_component_ref idref="oc-406"/>
      </symbol>
      <symbol id="sm-db9">
         <name>SPIDmaDisable</name>
         <value>0x2000a60f</value>
         <object_component_ref idref="oc-494"/>
      </symbol>
      <symbol id="sm-dba">
         <name>SPIReset</name>
         <value>0x2000a455</value>
         <object_component_ref idref="oc-38b"/>
      </symbol>
      <symbol id="sm-dbb">
         <name>SPIIntStatus</name>
         <value>0x20008fad</value>
         <object_component_ref idref="oc-379"/>
      </symbol>
      <symbol id="sm-dbc">
         <name>SPIIntEnable</name>
         <value>0x2000996d</value>
         <object_component_ref idref="oc-3a3"/>
      </symbol>
      <symbol id="sm-dbd">
         <name>SPIIntClear</name>
         <value>0x20009b35</value>
         <object_component_ref idref="oc-37f"/>
      </symbol>
      <symbol id="sm-dbe">
         <name>SPICSDisable</name>
         <value>0x2000a6ab</value>
         <object_component_ref idref="oc-3ee"/>
      </symbol>
      <symbol id="sm-def">
         <name>UARTConfigSetExpClk</name>
         <value>0x20009285</value>
         <object_component_ref idref="oc-1b1"/>
      </symbol>
      <symbol id="sm-df0">
         <name>UARTDisable</name>
         <value>0x2000a1b9</value>
         <object_component_ref idref="oc-3bc"/>
      </symbol>
      <symbol id="sm-df1">
         <name>UARTCharPut</name>
         <value>0x2000a517</value>
         <object_component_ref idref="oc-1b7"/>
      </symbol>
      <symbol id="sm-df2">
         <name>UARTEnable</name>
         <value>0x2000a3c5</value>
         <object_component_ref idref="oc-3c2"/>
      </symbol>
      <symbol id="sm-df3">
         <name>UARTCharGet</name>
         <value>0x2000a769</value>
         <object_component_ref idref="oc-1c3"/>
      </symbol>
      <symbol id="sm-eac">
         <name>uDMAChannelControlSet</name>
         <value>0x20009fd9</value>
         <object_component_ref idref="oc-32d"/>
      </symbol>
      <symbol id="sm-ead">
         <name>uDMAIntClear</name>
         <value>0x2000a80d</value>
         <object_component_ref idref="oc-309"/>
      </symbol>
      <symbol id="sm-eae">
         <name>uDMAChannelDisable</name>
         <value>0x2000a56d</value>
         <object_component_ref idref="oc-34b"/>
      </symbol>
      <symbol id="sm-eaf">
         <name>uDMAChannelModeGet</name>
         <value>0x20009a9d</value>
         <object_component_ref idref="oc-385"/>
      </symbol>
      <symbol id="sm-eb0">
         <name>uDMAIntUnregister</name>
         <value>0x2000a845</value>
         <object_component_ref idref="oc-351"/>
      </symbol>
      <symbol id="sm-eb1">
         <name>uDMAChannelAttributeEnable</name>
         <value>0x20009581</value>
         <object_component_ref idref="oc-333"/>
      </symbol>
      <symbol id="sm-eb2">
         <name>uDMADisable</name>
         <value>0x2000a8a1</value>
         <object_component_ref idref="oc-357"/>
      </symbol>
      <symbol id="sm-eb3">
         <name>uDMAChannelTransferSet</name>
         <value>0x20007f19</value>
         <object_component_ref idref="oc-339"/>
      </symbol>
      <symbol id="sm-eb4">
         <name>uDMAIntStatus</name>
         <value>0x2000a8b9</value>
         <object_component_ref idref="oc-303"/>
      </symbol>
      <symbol id="sm-eb5">
         <name>uDMAChannelAssign</name>
         <value>0x20009a51</value>
         <object_component_ref idref="oc-321"/>
      </symbol>
      <symbol id="sm-eb6">
         <name>uDMAIntRegister</name>
         <value>0x2000a77f</value>
         <object_component_ref idref="oc-30f"/>
      </symbol>
      <symbol id="sm-eb7">
         <name>uDMAEnable</name>
         <value>0x2000a8ad</value>
         <object_component_ref idref="oc-315"/>
      </symbol>
      <symbol id="sm-eb8">
         <name>uDMAControlBaseSet</name>
         <value>0x2000a7f9</value>
         <object_component_ref idref="oc-31b"/>
      </symbol>
      <symbol id="sm-eb9">
         <name>uDMAChannelAttributeDisable</name>
         <value>0x2000951d</value>
         <object_component_ref idref="oc-327"/>
      </symbol>
      <symbol id="sm-eba">
         <name>uDMAChannelEnable</name>
         <value>0x2000a589</value>
         <object_component_ref idref="oc-33f"/>
      </symbol>
      <symbol id="sm-ebb">
         <name>uDMAChannelRequest</name>
         <value>0x2000a5a5</value>
         <object_component_ref idref="oc-345"/>
      </symbol>
      <symbol id="sm-ebf">
         <name>UtilsDelay</name>
         <value>0x2000a8df</value>
         <object_component_ref idref="oc-3df"/>
      </symbol>
      <symbol id="sm-ec9">
         <name>CPUcpsie</name>
         <value>0x2000a795</value>
         <object_component_ref idref="oc-2cd"/>
      </symbol>
      <symbol id="sm-ecc">
         <name>__TI_static_base__</name>
         <value>0x2000af78</value>
      </symbol>
      <symbol id="sm-ecd">
         <name>__TI_args_main</name>
         <value>0x1</value>
      </symbol>
      <symbol id="sm-ece">
         <name>SHT$$INIT_ARRAY$$Limit</name>
         <value>0x0</value>
      </symbol>
      <symbol id="sm-ecf">
         <name>SHT$$INIT_ARRAY$$Base</name>
         <value>0x0</value>
      </symbol>
   </symbol_table>
   <title>Link successful</title>
</link_info>
