******************************************************************************
                  TI ARM Linker PC v5.1.6                      
******************************************************************************
>> Linked Thu Apr 09 02:15:38 2015

OUTPUT FILE NAME:   <test udp_socket.out>
ENTRY POINT SYMBOL: "_c_int00"  address: 2000ab75


MEMORY CONFIGURATION

         name            origin    length      used     unused   attr    fill
----------------------  --------  ---------  --------  --------  ----  --------
  SRAM_CODE             20004000   00013000  00007b4a  0000b4b6  RW X
  SRAM_DATA             20017000   00019000  000023c8  00016c38  RW X


SEGMENT ALLOCATION MAP

run origin  load origin   length   init length attrs members
----------  ----------- ---------- ----------- ----- -------
20004000    20004000    00007b50   00007b50    r-x
  20004000    20004000    00000400   00000400    r-- .intvecs
  20004400    20004400    00007066   00007066    r-x .text
  2000b468    2000b468    00000674   00000674    r-- .const
  2000bae0    2000bae0    00000070   00000070    r-- .cinit
20017000    20017000    00001bc8   00000000    rw-
  20017000    20017000    00001178   00000000    rw- .bss
  20018178    20018178    00000800   00000000    rw- .sysmem
  20018978    20018978    00000250   00000000    rw- .data
2002f800    2002f800    00000800   00000000    rw-
  2002f800    2002f800    00000800   00000000    rw- .stack


SECTION ALLOCATION MAP

 output                                  attributes/
section   page    origin      length       input sections
--------  ----  ----------  ----------   ----------------
.init_array 
*          0    20004000    00000000     UNINITIALIZED

.intvecs   0    20004000    00000400     
                  20004000    00000400     startup_ccs.obj (.intvecs)

.text      0    20004400    00007066     
                  20004400    00000ec0     rtsv7M4_T_le_eabi.lib : _printfi.obj (.text)
                  200052c0    00000e74     main.obj (.text)
                  20006134    0000049c     spi.obj (.text)
                  200065d0    000003cc     rtsv7M4_T_le_eabi.lib : memory.obj (.text)
                  2000699c    000003b4     simplelink.a : driver.obj (.text:_SlDrvMsgRead)
                  20006d50    0000034c                  : driver.obj (.text:_SlAsyncEventGenericHandler)
                  2000709c    0000026c     uart_if.obj (.text)
                  20007308    00000200     udma_if.obj (.text)
                  20007508    000001f4     rtsv7M4_T_le_eabi.lib : ull_div_t2.obj (.text)
                  200076fc    000001b6                           : fd_add_t2.obj (.text)
                  200078b2    00000002     driverlib.a : interrupt.obj (.text:IntDefaultHandler)
                  200078b4    0000019c     simplelink.a : wlan.obj (.text:sl_WlanConnect)
                  20007a50    0000017c                  : driver.obj (.text:_SlDrvDataReadOp)
                  20007bcc    00000140                  : driver.obj (.text:_SlDrvDataWriteOp)
                  20007d0c    00000140                  : driver.obj (.text:_SlDrvRxHdrRead)
                  20007e4c    00000136     rtsv7M4_T_le_eabi.lib : fd_div_t2.obj (.text)
                  20007f82    00000002     --HOLE-- [fill = 0]
                  20007f84    00000134     driverlib.a : prcm.obj (.text:PRCMCC3200MCUInit)
                  200080b8    00000128     simplelink.a : cc_pal.obj (.text:spi_Open)
                  200081e0    00000118                  : driver.obj (.text:_SlDrvWaitForPoolObj)
                  200082f8    00000114                  : driver.obj (.text:_SlDrvMsgWrite)
                  2000840c    0000010c                  : driver.obj (.text:_SlDrvReleasePoolObj)
                  20008518    000000fc     rtsv7M4_T_le_eabi.lib : fd_mul_t2.obj (.text)
                  20008614    000000fa     timer_if.obj (.text)
                  2000870e    00000002     --HOLE-- [fill = 0]
                  20008710    000000f0     driverlib.a : udma.obj (.text:uDMAChannelTransferSet)
                  20008800    000000ec     simplelink.a : cc_pal.obj (.text:spi_Write)
                  200088ec    000000cc                  : device.obj (.text:sl_Stop)
                  200089b8    000000cc                  : cc_pal.obj (.text:spi_Read)
                  20008a84    000000c8                  : device.obj (.text:sl_Start)
                  20008b4c    000000bc                  : driver.obj (.text:_SlDrvMsgReadCmdCtx)
                  20008c08    000000b4                  : socket.obj (.text:sl_SendTo)
                  20008cbc    000000b2                  : netapp.obj (.text:_SlDrvNetAppEventHandler)
                  20008d6e    00000002     --HOLE-- [fill = 0]
                  20008d70    000000ac                  : socket.obj (.text:sl_RecvFrom)
                  20008e1c    000000a8     driverlib.a : interrupt.obj (.text:IntDisable)
                  20008ec4    000000a8                 : interrupt.obj (.text:IntEnable)
                  20008f6c    000000a0                 : spi.obj (.text:SPIConfigSetExpClk)
                  2000900c    0000009c     rtsv7M4_T_le_eabi.lib : memcpy_t2.obj (.text)
                  200090a8    00000098     simplelink.a : driver.obj (.text:_SlFindAndSetActiveObj)
                  20009140    00000094     driverlib.a : prcm.obj (.text:PRCMPeripheralClockGet)
                  200091d4    00000094     simplelink.a : driver.obj (.text:_SlDrvClassifyRxMsg)
                  20009268    00000094                  : driver.obj (.text:_SlDrvMsgReadSpawnCtx)
                  200092fc    00000094     rtsv7M4_T_le_eabi.lib : auto_init.obj (.text)
                  20009390    00000090     simplelink.a : driver.obj (.text:_SlDrvDriverCBInit)
                  20009420    00000088     driverlib.a : pin.obj (.text:PinConfigSet)
                  200094a8    00000088     simplelink.a : driver.obj (.text:_SlDrvCmdOp)
                  20009530    00000088     rtsv7M4_T_le_eabi.lib : vsnprintf.obj (.text)
                  200095b8    00000088     simplelink.a : netapp.obj (.text:sl_NetAppMDNSRegisterUnregisterService)
                  20009640    00000086     rtsv7M4_T_le_eabi.lib : fd_cmp_t2.obj (.text:__aeabi_cdcmple)
                  200096c6    00000086                           : fd_cmp_t2.obj (.text:__aeabi_cdrcmple)
                  2000974c    00000084     simplelink.a : netapp.obj (.text:_sl_HandleAsync_DnsGetHostByName)
                  200097d0    00000080                  : cc_pal.obj (.text:NwpPowerOnPreamble)
                  20009850    0000007c     driverlib.a : spi.obj (.text:SPIIntStatus)
                  200098cc    0000007c     simplelink.a : device.obj (.text:sl_DevGet)
                  20009948    00000078                  : cc_pal.obj (.text:SetupDMAReceive)
                  200099c0    00000078                  : device.obj (.text:_sl_HandleAsync_InitComplete)
                  20009a38    00000078                  : netapp.obj (.text:_sl_HandleAsync_PingResponse)
                  20009ab0    00000078     rtsv7M4_T_le_eabi.lib : memset_t2.obj (.text)
                  20009b28    00000076     driverlib.a : uart.obj (.text:UARTConfigSetExpClk)
                  20009b9e    00000002     --HOLE-- [fill = 0]
                  20009ba0    00000074     simplelink.a : cc_pal.obj (.text:spi_Close)
                  20009c14    00000070     driverlib.a : timer.obj (.text:TimerIntRegister)
                  20009c84    0000006e     simplelink.a : socket.obj (.text:_sl_TruncatePayloadByProtocol)
                  20009cf2    00000002     --HOLE-- [fill = 0]
                  20009cf4    0000006c                  : socket.obj (.text:_sl_HandleAsync_Connect)
                  20009d60    00000068     driverlib.a : timer.obj (.text:TimerIntUnregister)
                  20009dc8    00000068     simplelink.a : socket.obj (.text:_sl_HandleAsync_Accept)
                  20009e30    00000068                  : netapp.obj (.text:_sl_HandleAsync_DnsGetHostByService)
                  20009e98    00000064     driverlib.a : udma.obj (.text:uDMAChannelAttributeDisable)
                  20009efc    00000064                 : udma.obj (.text:uDMAChannelAttributeEnable)
                  20009f60    00000060     simplelink.a : driver.obj (.text:_SlDrvDriverCBDeinit)
                  20009fc0    0000005e     rtsv7M4_T_le_eabi.lib : copy_decompress_rle.obj (.text)
                  2000a01e    00000002     --HOLE-- [fill = 0]
                  2000a020    0000005c     simplelink.a : socket.obj (.text:_sl_HandleAsync_Select)
                  2000a07c    0000005c                  : socket.obj (.text:sl_Bind)
                  2000a0d8    0000005a     rtsv7M4_T_le_eabi.lib : ltoa.obj (.text)
                  2000a132    00000002     --HOLE-- [fill = 0]
                  2000a134    00000058     driverlib.a : interrupt.obj (.text:IntPendClear)
                  2000a18c    00000058                 : prcm.obj (.text:PRCMPeripheralReset)
                  2000a1e4    00000058     simplelink.a : device.obj (.text:_sl_HandleAsync_Stop)
                  2000a23c    00000054     driverlib.a : interrupt.obj (.text:IntPrioritySet)
                  2000a290    00000054     simplelink.a : netapp.obj (.text:sl_NetAppSendTokenValue)
                  2000a2e4    0000004c     driverlib.a : spi.obj (.text:SPIIntDisable)
                  2000a330    0000004c                 : spi.obj (.text:SPIIntEnable)
                  2000a37c    0000004c                 : spi.obj (.text:SPIIntNumberGet)
                  2000a3c8    0000004c     rtsv7M4_T_le_eabi.lib : atoi.obj (.text)
                  2000a414    0000004c     simplelink.a : socket.obj (.text:sl_SetSockOpt)
                  2000a460    0000004c     driverlib.a : udma.obj (.text:uDMAChannelAssign)
                  2000a4ac    0000004c                 : udma.obj (.text:uDMAChannelModeGet)
                  2000a4f8    0000004a     simplelink.a : device.obj (.text:_sl_GetStartResponseConvert)
                  2000a542    00000002     --HOLE-- [fill = 0]
                  2000a544    00000048     driverlib.a : spi.obj (.text:SPIIntClear)
                  2000a58c    00000048     rtsv7M4_T_le_eabi.lib : fd_toi_t2.obj (.text)
                  2000a5d4    00000048     simplelink.a : wlan.obj (.text:sl_WlanSet)
                  2000a61c    00000044     driverlib.a : spi.obj (.text:SPIDmaMaskGet)
                  2000a660    00000044                 : timer.obj (.text:TimerConfigure)
                  2000a6a4    00000044     pinmux.obj (.text)
                  2000a6e8    00000044     rtsv7M4_T_le_eabi.lib : cpy_tbl.obj (.text)
                  2000a72c    00000044                           : exit.obj (.text)
                  2000a770    00000044                           : xdtest.obj (.text)
                  2000a7b4    00000044     simplelink.a : netcfg.obj (.text:sl_NetCfgSet)
                  2000a7f8    00000040     driverlib.a : pin.obj (.text:PinModeSet)
                  2000a838    00000040     simplelink.a : driver.obj (.text:_SlDrvRxIrqHandler)
                  2000a878    00000040                  : nonos.obj (.text:_SlNonOsMainLoopTask)
                  2000a8b8    00000040                  : driver.obj (.text:_SlRemoveFromList)
                  2000a8f8    00000040                  : wlan.obj (.text:sl_WlanPolicySet)
                  2000a938    00000040                  : wlan.obj (.text:sl_WlanRxFilterSet)
                  2000a978    0000003c                  : cc_pal.obj (.text:NwpPowerOff)
                  2000a9b4    0000003c     driverlib.a : prcm.obj (.text:PRCMPeripheralClkEnable)
                  2000a9f0    0000003c     simplelink.a : driver.obj (.text:_SlDrvObjInit)
                  2000aa2c    0000003c     driverlib.a : udma.obj (.text:uDMAChannelControlSet)
                  2000aa68    00000038     simplelink.a : cc_pal.obj (.text:NwpRegisterInterruptHandler)
                  2000aaa0    00000038                  : socket.obj (.text:sl_Htonl)
                  2000aad8    00000034     driverlib.a : prcm.obj (.text:PRCMPeripheralStatusGet)
                  2000ab0c    00000034                 : spi.obj (.text:SPIFIFOLevelSet)
                  2000ab40    00000034     simplelink.a : driver.obj (.text:_SlDrvBasicCmd)
                  2000ab74    00000034     rtsv7M4_T_le_eabi.lib : boot.obj (.text)
                  2000aba8    00000034     simplelink.a : socket.obj (.text:sl_Htons)
                  2000abdc    00000030                  : cc_pal.obj (.text:NwpPowerOn)
                  2000ac0c    00000030     driverlib.a : uart.obj (.text:UARTDisable)
                  2000ac3c    00000030     simplelink.a : flowcont.obj (.text:_SlDrvFlowContDeinit)
                  2000ac6c    00000030                  : flowcont.obj (.text:_SlDrvFlowContInit)
                  2000ac9c    00000030                  : nonos.obj (.text:_SlNonOsSemGet)
                  2000accc    00000030                  : socket.obj (.text:sl_Socket)
                  2000acfc    0000002e     rtsv7M4_T_le_eabi.lib : i_tofd_t2.obj (.text)
                  2000ad2a    00000002     --HOLE-- [fill = 0]
                  2000ad2c    0000002c     driverlib.a : prcm.obj (.text:PRCMSysResetCauseGet)
                  2000ad58    0000002a                 : timer.obj (.text:TimerLoadSet)
                  2000ad82    0000002a                 : timer.obj (.text:TimerPrescaleSet)
                  2000adac    00000028                 : prcm.obj (.text:PRCMPeripheralClkDisable)
                  2000add4    00000028     simplelink.a : socket.obj (.text:_sl_BuildAddress)
                  2000adfc    00000028                  : wlan.obj (.text:sl_WlanSetMode)
                  2000ae24    00000024                  : cc_pal.obj (.text:DmaSpiSwIntHandler)
                  2000ae48    00000024     driverlib.a : interrupt.obj (.text:IntUnregister)
                  2000ae6c    00000024                 : uart.obj (.text:UARTEnable)
                  2000ae90    00000024     rtsv7M4_T_le_eabi.lib : memmov.obj (.text)
                  2000aeb4    00000024     simplelink.a : socket.obj (.text:sl_Close)
                  2000aed8    00000024                  : wlan.obj (.text:sl_WlanProfileDel)
                  2000aefc    00000022     driverlib.a : spi.obj (.text:SPIReset)
                  2000af1e    00000022                 : spi.obj (.text:SPIWordCountSet)
                  2000af40    00000020                 : interrupt.obj (.text:IntRegister)
                  2000af60    00000020     simplelink.a : driver.obj (.text:_SlDrvCmdSend)
                  2000af80    00000020                  : nonos.obj (.text:_SlNonOsSpawn)
                  2000afa0    0000001e     driverlib.a : spi.obj (.text:SPIDataPut)
                  2000afbe    0000001e                 : spi.obj (.text:SPIIntRegister)
                  2000afdc    0000001e                 : timer.obj (.text:TimerDisable)
                  2000affa    0000001e                 : timer.obj (.text:TimerEnable)
                  2000b018    0000001e                 : timer.obj (.text:TimerIntStatus)
                  2000b036    0000001e                 : uart.obj (.text:UARTCharPut)
                  2000b054    0000001c                 : timer.obj (.text:TimerValueGet)
                  2000b070    0000001c     simplelink.a : driver.obj (.text:_SlDrvObjDeInit)
                  2000b08c    0000001c     rtsv7M4_T_le_eabi.lib : memccpy.obj (.text)
                  2000b0a8    0000001c     driverlib.a : udma.obj (.text:uDMAChannelDisable)
                  2000b0c4    0000001c                 : udma.obj (.text:uDMAChannelEnable)
                  2000b0e0    0000001c                 : udma.obj (.text:uDMAChannelRequest)
                  2000b0fc    0000001a     simplelink.a : netapp.obj (.text:CopyPingResultsToReport)
                  2000b116    0000001a     driverlib.a : pin.obj (.text:PinTypeSPI)
                  2000b130    0000001a                 : pin.obj (.text:PinTypeUART)
                  2000b14a    0000001a                 : spi.obj (.text:SPIDmaDisable)
                  2000b164    0000001a                 : spi.obj (.text:SPIDmaEnable)
                  2000b17e    0000001a                 : spi.obj (.text:SPIFIFODisable)
                  2000b198    0000001a                 : spi.obj (.text:SPIFIFOEnable)
                  2000b1b2    0000001a                 : spi.obj (.text:SPIIntUnregister)
                  2000b1cc    0000001a     simplelink.a : device.obj (.text:_SlDrvDeviceEventHandler)
                  2000b1e6    00000018     driverlib.a : spi.obj (.text:SPICSDisable)
                  2000b1fe    00000018                 : spi.obj (.text:SPICSEnable)
                  2000b216    00000018                 : spi.obj (.text:SPIDisable)
                  2000b22e    00000018                 : spi.obj (.text:SPIEnable)
                  2000b246    00000018                 : timer.obj (.text:TimerIntDisable)
                  2000b25e    00000018                 : timer.obj (.text:TimerIntEnable)
                  2000b276    00000002     --HOLE-- [fill = 0]
                  2000b278    00000018     rtsv7M4_T_le_eabi.lib : args_main.obj (.text)
                  2000b290    00000018                           : ll_mul_t2.obj (.text)
                  2000b2a8    00000016     driverlib.a : prcm.obj (.text:PRCMHIBRegRead)
                  2000b2be    00000016                 : prcm.obj (.text:PRCMHIBRegWrite)
                  2000b2d4    00000016                 : uart.obj (.text:UARTCharGet)
                  2000b2ea    00000016                 : udma.obj (.text:uDMAIntRegister)
                  2000b300    00000014                 : cpu.obj (.text:CPUcpsie)
                  2000b314    00000014                 : interrupt.obj (.text:IntVTableBaseSet)
                  2000b328    00000014     simplelink.a : driver.obj (.text:_SlDrvShiftDWord)
                  2000b33c    00000014     rtsv7M4_T_le_eabi.lib : _lock.obj (.text)
                  2000b350    00000014                           : strlen.obj (.text)
                  2000b364    00000014     driverlib.a : udma.obj (.text:uDMAControlBaseSet)
                  2000b378    00000014                 : udma.obj (.text:uDMAIntClear)
                  2000b38c    00000012                 : timer.obj (.text:TimerIntClear)
                  2000b39e    00000012     rtsv7M4_T_le_eabi.lib : copy_zero_init.obj (.text:decompress:ZI)
                  2000b3b0    00000012     simplelink.a : netapp.obj (.text:sl_NetAppMDNSUnRegisterService)
                  2000b3c2    00000012     driverlib.a : udma.obj (.text:uDMAIntUnregister)
                  2000b3d4    00000010     simplelink.a : cc_pal.obj (.text:NwpMaskInterrupt)
                  2000b3e4    0000000e     rtsv7M4_T_le_eabi.lib : copy_decompress_none.obj (.text:decompress:none)
                  2000b3f2    0000000e                           : xdclass.obj (.text)
                  2000b400    0000000e     startup_ccs.obj (.text)
                  2000b40e    00000002     --HOLE-- [fill = 0]
                  2000b410    0000000c     simplelink.a : cc_pal.obj (.text:NwpUnMaskInterrupt)
                  2000b41c    0000000c     driverlib.a : udma.obj (.text:uDMADisable)
                  2000b428    0000000c                 : udma.obj (.text:uDMAEnable)
                  2000b434    0000000c                 : udma.obj (.text:uDMAIntStatus)
                  2000b440    0000000a                 : interrupt.obj (.text:IntMasterEnable)
                  2000b44a    00000008     simplelink.a : nonos.obj (.text:_SlNonOsSemSet)
                  2000b452    00000008                  : wlan.obj (.text:sl_WlanDisconnect)
                  2000b45a    00000006     driverlib.a : utils.obj (.text:UtilsDelay)
                  2000b460    00000006     rtsv7M4_T_le_eabi.lib : copy_decompress_rle.obj (.text:decompress:rle24)

.const     0    2000b468    00000674     
                  2000b468    00000102     rtsv7M4_T_le_eabi.lib : ctype.obj (.const:.string:_ctypes_)
                  2000b56a    00000002     --HOLE-- [fill = 0]
                  2000b56c    00000100     driverlib.a : pin.obj (.const:g_ulPinToPadMap)
                  2000b66c    000000ec     simplelink.a : wlan.obj (.const)
                  2000b758    000000d4     driverlib.a : interrupt.obj (.const:g_pulRegs)
                  2000b82c    000000a8                 : prcm.obj (.const:PRCM_PeriphRegsList)
                  2000b8d4    00000080                 : interrupt.obj (.const)
                  2000b954    0000004c     simplelink.a : driver.obj (.const)
                  2000b9a0    00000034                  : socket.obj (.const)
                  2000b9d4    0000002c     main.obj (.const:$P$T1$2)
                  2000ba00    00000028     simplelink.a : netapp.obj (.const)
                  2000ba28    00000024     driverlib.a : spi.obj (.const:g_ppulSPIIntMap)
                  2000ba4c    00000022     main.obj (.const:.string:$P$T0$1)
                  2000ba6e    00000002     --HOLE-- [fill = 0]
                  2000ba70    00000020     main.obj (.const)
                  2000ba90    00000018     driverlib.a : spi.obj (.const)
                  2000baa8    00000016     main.obj (.const:.string)
                  2000babe    00000002     --HOLE-- [fill = 0]
                  2000bac0    00000014     simplelink.a : device.obj (.const)
                  2000bad4    00000008                  : netcfg.obj (.const)

.cinit     0    2000bae0    00000070     
                  2000bae0    0000004c     (.cinit..data.load) [load image, compression = rle]
                  2000bb2c    0000000c     (__TI_handler_table)
                  2000bb38    00000008     (.cinit..bss.load) [load image, compression = zero_init]
                  2000bb40    00000010     (__TI_cinit_table)

.bss       0    20017000    00001178     UNINITIALIZED
                  20017000    00000578     main.obj (.bss:myStrC)
                  20017578    00000100     udma_if.obj (.bss:gfpAppCallbackHndl)
                  20017678    00000064     spi.obj (.bss:myStrX)
                  200176dc    00000064     spi.obj (.bss:myStrY)
                  20017740    00000028     simplelink.a : nonos.obj (.bss:g__SlNonOsCB)
                  20017768    00000024     main.obj (.bss:g_ucConnectionSSID)
                  2001778c    0000000c     (.common:cmd_buffer)
                  20017798    00000008     (.common:g_ucConnectionBSSID)
                  200177a0    00000004     (.common:Reset_SYNC)
                  200177a4    00000004     (.common:__Errorlog)
                  200177a8    00000004     (.common:recvfromflag)
                  200177ac    00000004     (.common:rx_udp_server)
                  200177b0    00000004     (.common:udploop)
                  200177b4    00000004     (.common:ulMode)
                  200177b8    00000002     (.common:ulRecvData)
                  200177ba    00000001     (.common:g_cDummy)
                  200177bb    00000001     (.common:iDone)
                  200177bc    00000044     --HOLE--
                  20017800    00000400     udma_if.obj (.bss:gpCtlTbl)
                  20017c00    000002bc     spi.obj (.bss:myStrA)
                  20017ebc    000002bc     spi.obj (.bss:myStrB)

.sysmem    0    20018178    00000800     UNINITIALIZED
                  20018178    00000008     rtsv7M4_T_le_eabi.lib : memory.obj (.sysmem)
                  20018180    000007f8     --HOLE--

.data      0    20018978    00000250     UNINITIALIZED
                  20018978    00000170     simplelink.a : driver.obj (.data)
                  20018ae8    0000005c                  : cc_pal.obj (.data)
                  20018b44    00000034     main.obj (.data)
                  20018b78    00000030     spi.obj (.data)
                  20018ba8    0000000c     rtsv7M4_T_le_eabi.lib : memory.obj (.data)
                  20018bb4    00000008                           : _lock.obj (.data)
                  20018bbc    00000008                           : exit.obj (.data)
                  20018bc4    00000004                           : stkdepth_vars.obj (.data)

.stack     0    2002f800    00000800     UNINITIALIZED
                  2002f800    00000800     --HOLE--


LINKER GENERATED COPY TABLES

__TI_cinit_table @ 2000bb40 records: 2, size/record: 8, table size: 16
	.data: load addr=2000bae0, load size=0000004c bytes, run addr=20018978, run size=00000250 bytes, compression=rle
	.bss: load addr=2000bb38, load size=00000008 bytes, run addr=20017000, run size=00001178 bytes, compression=zero_init


LINKER GENERATED HANDLER TABLE

__TI_handler_table @ 2000bb2c records: 3, size/record: 4, table size: 12
	index: 0, handler: __TI_decompress_rle24
	index: 1, handler: __TI_decompress_none
	index: 2, handler: __TI_zero_init


GLOBAL SYMBOLS: SORTED ALPHABETICALLY BY Name 

address    name
--------   ----
2000a72d   C$$EXIT
2000b301   CPUcpsie
200070dd   ClearTerm
2000b0fd   CopyPingResultsToReport
200074af   DMASetupTransfer
2000731f   DmaErrorIntHandler
2000ae25   DmaSpiSwIntHandler
20007309   DmaSwIntHandler
200070e7   Error
2000711f   GetCmd
2000709d   InitTerm
20008e1d   IntDisable
20008ec5   IntEnable
2000b441   IntMasterEnable
2000a135   IntPendClear
2000a23d   IntPrioritySet
2000af41   IntRegister
2000ae49   IntUnregister
2000b315   IntVTableBaseSet
200070bb   Message
2000b3d5   NwpMaskInterrupt
2000a979   NwpPowerOff
2000abdd   NwpPowerOn
200097d1   NwpPowerOnPreamble
2000aa69   NwpRegisterInterruptHandler
2000b411   NwpUnMaskInterrupt
20007f85   PRCMCC3200MCUInit
2000b2a9   PRCMHIBRegRead
2000b2bf   PRCMHIBRegWrite
2000adad   PRCMPeripheralClkDisable
2000a9b5   PRCMPeripheralClkEnable
20009141   PRCMPeripheralClockGet
2000a18d   PRCMPeripheralReset
2000aad9   PRCMPeripheralStatusGet
2000ad2d   PRCMSysResetCauseGet
20009421   PinConfigSet
2000a7f9   PinModeSet
2000a6a5   PinMuxConfig
2000b117   PinTypeSPI
2000b131   PinTypeUART
20007249   Report
2000b401   ResetISR
200177a0   Reset_SYNC
UNDEFED    SHT$$INIT_ARRAY$$Base
UNDEFED    SHT$$INIT_ARRAY$$Limit
2000b1e7   SPICSDisable
2000b1ff   SPICSEnable
20008f6d   SPIConfigSetExpClk
2000afa1   SPIDataPut
2000b217   SPIDisable
2000b14b   SPIDmaDisable
2000b165   SPIDmaEnable
2000b22f   SPIEnable
2000b17f   SPIFIFODisable
2000b199   SPIFIFOEnable
2000ab0d   SPIFIFOLevelSet
2000a545   SPIIntClear
2000a2e5   SPIIntDisable
2000a331   SPIIntEnable
2000afbf   SPIIntRegister
20009851   SPIIntStatus
2000b1b3   SPIIntUnregister
2000aefd   SPIReset
2000af1f   SPIWordCountSet
200073b1   SetupTransfer
200054c9   SimpleLinkGeneralEventHandler
2000551d   SimpleLinkHttpServerCallback
20005409   SimpleLinkNetAppEventHandler
20005529   SimpleLinkSockEventHandler
200052f9   SimpleLinkWlanEventHandler
2000632b   SlaveMain
2000a661   TimerConfigure
2000afdd   TimerDisable
2000affb   TimerEnable
2000b38d   TimerIntClear
2000b247   TimerIntDisable
2000b25f   TimerIntEnable
20009c15   TimerIntRegister
2000b019   TimerIntStatus
20009d61   TimerIntUnregister
2000ad59   TimerLoadSet
2000ad83   TimerPrescaleSet
2000b055   TimerValueGet
200086c9   Timer_IF_DeInit
200086f7   Timer_IF_GetCount
20008615   Timer_IF_Init
20008647   Timer_IF_IntSetup
20008685   Timer_IF_InterruptClear
200086e3   Timer_IF_ReLoad
2000869d   Timer_IF_Start
200086b9   Timer_IF_Stop
200071b1   TrimSpace
2000b2d5   UARTCharGet
2000b037   UARTCharPut
20009b29   UARTConfigSetExpClk
2000ac0d   UARTDisable
2000ae6d   UARTEnable
20007383   UDMAChannelSelect
2000749b   UDMADeInit
2000732b   UDMAInit
200073f5   UDMASetupAutoMemTransfer
20007429   UDMASetupPingPongTransfer
20007483   UDMAStartTransfer
2000748f   UDMAStopTransfer
20005ab1   UdpServer
2000b45b   UtilsDelay
2000b3f3   _Dclass
2000a771   _Dtest
2000b9c0   _SlAcceptCmdCtrl
2000b968   _SlActionLookupTable
20006d51   _SlAsyncEventGenericHandler
2000bacc   _SlDeviceGetCmdCtrl
2000bad0   _SlDeviceSetCmdCtrl
2000ab41   _SlDrvBasicCmd
200091d5   _SlDrvClassifyRxMsg
200094a9   _SlDrvCmdOp
2000af61   _SlDrvCmdSend
20007a51   _SlDrvDataReadOp
20007bcd   _SlDrvDataWriteOp
2000b1cd   _SlDrvDeviceEventHandler
20009f61   _SlDrvDriverCBDeinit
20009391   _SlDrvDriverCBInit
2000ac3d   _SlDrvFlowContDeinit
2000ac6d   _SlDrvFlowContInit
2000699d   _SlDrvMsgRead
20008b4d   _SlDrvMsgReadCmdCtx
20009269   _SlDrvMsgReadSpawnCtx
200082f9   _SlDrvMsgWrite
20008cbd   _SlDrvNetAppEventHandler
2000b071   _SlDrvObjDeInit
2000a9f1   _SlDrvObjInit
2000840d   _SlDrvReleasePoolObj
20007d0d   _SlDrvRxHdrRead
2000a839   _SlDrvRxIrqHandler
2000b329   _SlDrvShiftDWord
200081e1   _SlDrvWaitForPoolObj
2000bac8   _SlEventMaskGetCmdCtrl
2000bac4   _SlEventMaskSetCmdCtrl
200090a9   _SlFindAndSetActiveObj
2000ba18   _SlGetHostByNameCtrl
2000ba14   _SlGetHostByServiceCtrl
2000ba0c   _SlGetServiceListeCtrl
2000b9cc   _SlGetSockOptCmdCtrl
2000b9bc   _SlListenCmdCtrl
2000ba24   _SlNetAppGetCmdCtrl
2000ba20   _SlNetAppSendTokenValueCmdCtrl
2000ba1c   _SlNetAppSetCmdCtrl
2000ba04   _SlNetAppStartCtrl
2000ba08   _SlNetAppStopCtrl
2000bad8   _SlNetCfgGetCmdCtrl
2000bad4   _SlNetCfgSetCmdCtrl
2000a879   _SlNonOsMainLoopTask
2000ac9d   _SlNonOsSemGet
2000b44b   _SlNonOsSemSet
2000af81   _SlNonOsSpawn
2000b674   _SlPolicyGetCmdCtrl
2000b670   _SlPolicySetCmdCtrl
2000b67c   _SlProfileDelCmdCtrl
2000b678   _SlProfileGetCmdCtrl
2000b9c4   _SlRecvCmdCtrl
2000b9b4   _SlRecvfomCmdCtrl
2000ba10   _SlRegisterServiceCtrl
2000a8b9   _SlRemoveFromList
2000b684   _SlRxFilterAddtCmdCtrl
2000b68c   _SlRxFilterGetCmdCtrl
2000b688   _SlRxFilterSetCmdCtrl
2000b9d0   _SlSelectCmdCtrl
2000b9b8   _SlSendCmdCtrl
2000b9c8   _SlSetSockOptCmdCtrl
2000b690   _SlSmartConfigStartCmdCtrl
2000b9b0   _SlSockCloseCmdCtrl
2000b9ac   _SlSockSocketCmdCtrl
2000bac0   _SlStopCmdCtrl
2000b69c   _SlWlanCfgGetCmdCtrl
2000b698   _SlWlanCfgSetCmdCtrl
2000b680   _SlWlanGetNetworkListCtrl
2000b694   _SlWlanSetModeCmdCtrl
20030000   __STACK_END
00000800   __STACK_SIZE
00000800   __SYSMEM_SIZE
2000bb40   __TI_CINIT_Base
2000bb50   __TI_CINIT_Limit
2000bb2c   __TI_Handler_Table_Base
2000bb38   __TI_Handler_Table_Limit
00000001   __TI_args_main
200092fd   __TI_auto_init
20018bbc   __TI_cleanup_ptr
2000b3e5   __TI_decompress_none
2000b461   __TI_decompress_rle24
20018bc0   __TI_dtors_ptr
20004fb7   __TI_printfi
2000bae0   __TI_static_base__
2000b39f   __TI_zero_init
20009641   __aeabi_cdcmpeq
20009641   __aeabi_cdcmple
200096c7   __aeabi_cdrcmple
2000a58d   __aeabi_d2iz
20007707   __aeabi_dadd
20007e4d   __aeabi_ddiv
20008519   __aeabi_dmul
200076fd   __aeabi_dsub
2000acfd   __aeabi_i2d
2000b291   __aeabi_lmul
20009ab1   __aeabi_memclr
20009ab1   __aeabi_memclr4
20009ab1   __aeabi_memclr8
2000900d   __aeabi_memcpy
2000900d   __aeabi_memcpy4
2000900d   __aeabi_memcpy8
20009ab3   __aeabi_memset
20009ab3   __aeabi_memset4
20009ab3   __aeabi_memset8
20007509   __aeabi_uldivmod
ffffffff   __binit__
ffffffff   __c_args__
2002f800   __stack
2000b279   _args_main
2000ab75   _c_int00
2000b468   _ctypes_
20018bb4   _lock
2000b34b   _nop
2000b343   _register_lock
2000b33d   _register_unlock
2000add5   _sl_BuildAddress
2000a4f9   _sl_GetStartResponseConvert
20009dc9   _sl_HandleAsync_Accept
20009cf5   _sl_HandleAsync_Connect
2000974d   _sl_HandleAsync_DnsGetHostByName
20009e31   _sl_HandleAsync_DnsGetHostByService
200099c1   _sl_HandleAsync_InitComplete
20009a39   _sl_HandleAsync_PingResponse
2000a021   _sl_HandleAsync_Select
2000a1e5   _sl_HandleAsync_Stop
20009c85   _sl_TruncatePayloadByProtocol
20018178   _sys_memory
20018bb8   _unlock
2000a731   abort
2000a3c9   atoi
ffffffff   binit
20018b78   c_full
20006965   calloc
20018b88   check_cmd
20018ba4   check_frame_start
20018b84   chk_bufa_flag
2001778c   cmd_buffer
20018ba0   cmd_index
20018b90   cmd_sent
2000a6e9   copy_in
2000a739   exit
20018b80   flag
20018b94   flow_ctrl
2000650d   frame_sync
200066bf   free
2001897c   gFirstCmdMode
2000b960   g_H2NCnysPattern
2000b958   g_H2NSyncPattern
20018ae8   g_SpiFd
20018984   g_StatMem
20017740   g__SlNonOsCB
200177ba   g_cDummy
20018980   g_pCB
20018aec   g_pHostIntHdl
20004000   g_pfnVectors
20017798   g_ucConnectionBSSID
20017768   g_ucConnectionSSID
20018af0   g_ucDMAEnabled
20018af4   g_ucDinDout
20018b58   g_ucSimplelinkstarted
20018b50   g_uiPortNum
20018b4c   g_ulDestinationIp
20018b48   g_ulGatewayIP
20018b5c   g_ulIpAddr
20018b54   g_ulPacketCount
20018b44   g_ulStatus
20018b8c   get_sync_cmd_resp
20017578   gfpAppCallbackHndl
20017800   gpCtlTbl
200177bb   iDone
20018b7c   index
2000a0d9   ltoa
20005ee9   main
20018bc4   main_func_sp
2000665d   malloc
20006885   memalign
2000b08d   memccpy
2000900d   memcpy
2000ae91   memmove
20009ab9   memset
200065d1   minit
200052c1   ms_delay
20017c00   myStrA
20017ebc   myStrB
20017678   myStrX
200176dc   myStrY
20018b6c   num
20018978   pPingCallBackFunc
2000677f   realloc
20018b98   recv_ping_packet
20018b9c   recv_pong_packet
200177a8   recvfromflag
20006495   reset_sync_spi
200177ac   rx_udp_server
200063e9   send_cmd
2000a07d   sl_Bind
2000aeb5   sl_Close
200098cd   sl_DevGet
2000aaa1   sl_Htonl
2000aba9   sl_Htons
200095b9   sl_NetAppMDNSRegisterUnregisterService
2000b3b1   sl_NetAppMDNSUnRegisterService
2000a291   sl_NetAppSendTokenValue
2000a7b5   sl_NetCfgSet
20008d71   sl_RecvFrom
20008c09   sl_SendTo
2000a415   sl_SetSockOpt
2000accd   sl_Socket
20008a85   sl_Start
200088ed   sl_Stop
200078b5   sl_WlanConnect
2000b453   sl_WlanDisconnect
2000a8f9   sl_WlanPolicySet
2000aed9   sl_WlanProfileDel
2000a939   sl_WlanRxFilterSet
2000a5d5   sl_WlanSet
2000adfd   sl_WlanSetMode
20006585   spi
20009ba1   spi_Close
200080b9   spi_Open
200089b9   spi_Read
20008801   spi_Write
2000b351   strlen
20018b74   tempCnt
20018b70   timerValue
2000a461   uDMAChannelAssign
20009e99   uDMAChannelAttributeDisable
20009efd   uDMAChannelAttributeEnable
2000aa2d   uDMAChannelControlSet
2000b0a9   uDMAChannelDisable
2000b0c5   uDMAChannelEnable
2000a4ad   uDMAChannelModeGet
2000b0e1   uDMAChannelRequest
20008711   uDMAChannelTransferSet
2000b365   uDMAControlBaseSet
2000b41d   uDMADisable
2000b429   uDMAEnable
2000b379   uDMAIntClear
2000b2eb   uDMAIntRegister
2000b435   uDMAIntStatus
2000b3c3   uDMAIntUnregister
20018b60   udp_str
200177b0   udploop
200177b4   ulMode
200177b8   ulRecvData
20009531   vsnprintf


GLOBAL SYMBOLS: SORTED BY Symbol Address 

address    name
--------   ----
00000001   __TI_args_main
00000800   __STACK_SIZE
00000800   __SYSMEM_SIZE
20004000   g_pfnVectors
20004fb7   __TI_printfi
200052c1   ms_delay
200052f9   SimpleLinkWlanEventHandler
20005409   SimpleLinkNetAppEventHandler
200054c9   SimpleLinkGeneralEventHandler
2000551d   SimpleLinkHttpServerCallback
20005529   SimpleLinkSockEventHandler
20005ab1   UdpServer
20005ee9   main
2000632b   SlaveMain
200063e9   send_cmd
20006495   reset_sync_spi
2000650d   frame_sync
20006585   spi
200065d1   minit
2000665d   malloc
200066bf   free
2000677f   realloc
20006885   memalign
20006965   calloc
2000699d   _SlDrvMsgRead
20006d51   _SlAsyncEventGenericHandler
2000709d   InitTerm
200070bb   Message
200070dd   ClearTerm
200070e7   Error
2000711f   GetCmd
200071b1   TrimSpace
20007249   Report
20007309   DmaSwIntHandler
2000731f   DmaErrorIntHandler
2000732b   UDMAInit
20007383   UDMAChannelSelect
200073b1   SetupTransfer
200073f5   UDMASetupAutoMemTransfer
20007429   UDMASetupPingPongTransfer
20007483   UDMAStartTransfer
2000748f   UDMAStopTransfer
2000749b   UDMADeInit
200074af   DMASetupTransfer
20007509   __aeabi_uldivmod
200076fd   __aeabi_dsub
20007707   __aeabi_dadd
200078b5   sl_WlanConnect
20007a51   _SlDrvDataReadOp
20007bcd   _SlDrvDataWriteOp
20007d0d   _SlDrvRxHdrRead
20007e4d   __aeabi_ddiv
20007f85   PRCMCC3200MCUInit
200080b9   spi_Open
200081e1   _SlDrvWaitForPoolObj
200082f9   _SlDrvMsgWrite
2000840d   _SlDrvReleasePoolObj
20008519   __aeabi_dmul
20008615   Timer_IF_Init
20008647   Timer_IF_IntSetup
20008685   Timer_IF_InterruptClear
2000869d   Timer_IF_Start
200086b9   Timer_IF_Stop
200086c9   Timer_IF_DeInit
200086e3   Timer_IF_ReLoad
200086f7   Timer_IF_GetCount
20008711   uDMAChannelTransferSet
20008801   spi_Write
200088ed   sl_Stop
200089b9   spi_Read
20008a85   sl_Start
20008b4d   _SlDrvMsgReadCmdCtx
20008c09   sl_SendTo
20008cbd   _SlDrvNetAppEventHandler
20008d71   sl_RecvFrom
20008e1d   IntDisable
20008ec5   IntEnable
20008f6d   SPIConfigSetExpClk
2000900d   __aeabi_memcpy
2000900d   __aeabi_memcpy4
2000900d   __aeabi_memcpy8
2000900d   memcpy
200090a9   _SlFindAndSetActiveObj
20009141   PRCMPeripheralClockGet
200091d5   _SlDrvClassifyRxMsg
20009269   _SlDrvMsgReadSpawnCtx
200092fd   __TI_auto_init
20009391   _SlDrvDriverCBInit
20009421   PinConfigSet
200094a9   _SlDrvCmdOp
20009531   vsnprintf
200095b9   sl_NetAppMDNSRegisterUnregisterService
20009641   __aeabi_cdcmpeq
20009641   __aeabi_cdcmple
200096c7   __aeabi_cdrcmple
2000974d   _sl_HandleAsync_DnsGetHostByName
200097d1   NwpPowerOnPreamble
20009851   SPIIntStatus
200098cd   sl_DevGet
200099c1   _sl_HandleAsync_InitComplete
20009a39   _sl_HandleAsync_PingResponse
20009ab1   __aeabi_memclr
20009ab1   __aeabi_memclr4
20009ab1   __aeabi_memclr8
20009ab3   __aeabi_memset
20009ab3   __aeabi_memset4
20009ab3   __aeabi_memset8
20009ab9   memset
20009b29   UARTConfigSetExpClk
20009ba1   spi_Close
20009c15   TimerIntRegister
20009c85   _sl_TruncatePayloadByProtocol
20009cf5   _sl_HandleAsync_Connect
20009d61   TimerIntUnregister
20009dc9   _sl_HandleAsync_Accept
20009e31   _sl_HandleAsync_DnsGetHostByService
20009e99   uDMAChannelAttributeDisable
20009efd   uDMAChannelAttributeEnable
20009f61   _SlDrvDriverCBDeinit
2000a021   _sl_HandleAsync_Select
2000a07d   sl_Bind
2000a0d9   ltoa
2000a135   IntPendClear
2000a18d   PRCMPeripheralReset
2000a1e5   _sl_HandleAsync_Stop
2000a23d   IntPrioritySet
2000a291   sl_NetAppSendTokenValue
2000a2e5   SPIIntDisable
2000a331   SPIIntEnable
2000a3c9   atoi
2000a415   sl_SetSockOpt
2000a461   uDMAChannelAssign
2000a4ad   uDMAChannelModeGet
2000a4f9   _sl_GetStartResponseConvert
2000a545   SPIIntClear
2000a58d   __aeabi_d2iz
2000a5d5   sl_WlanSet
2000a661   TimerConfigure
2000a6a5   PinMuxConfig
2000a6e9   copy_in
2000a72d   C$$EXIT
2000a731   abort
2000a739   exit
2000a771   _Dtest
2000a7b5   sl_NetCfgSet
2000a7f9   PinModeSet
2000a839   _SlDrvRxIrqHandler
2000a879   _SlNonOsMainLoopTask
2000a8b9   _SlRemoveFromList
2000a8f9   sl_WlanPolicySet
2000a939   sl_WlanRxFilterSet
2000a979   NwpPowerOff
2000a9b5   PRCMPeripheralClkEnable
2000a9f1   _SlDrvObjInit
2000aa2d   uDMAChannelControlSet
2000aa69   NwpRegisterInterruptHandler
2000aaa1   sl_Htonl
2000aad9   PRCMPeripheralStatusGet
2000ab0d   SPIFIFOLevelSet
2000ab41   _SlDrvBasicCmd
2000ab75   _c_int00
2000aba9   sl_Htons
2000abdd   NwpPowerOn
2000ac0d   UARTDisable
2000ac3d   _SlDrvFlowContDeinit
2000ac6d   _SlDrvFlowContInit
2000ac9d   _SlNonOsSemGet
2000accd   sl_Socket
2000acfd   __aeabi_i2d
2000ad2d   PRCMSysResetCauseGet
2000ad59   TimerLoadSet
2000ad83   TimerPrescaleSet
2000adad   PRCMPeripheralClkDisable
2000add5   _sl_BuildAddress
2000adfd   sl_WlanSetMode
2000ae25   DmaSpiSwIntHandler
2000ae49   IntUnregister
2000ae6d   UARTEnable
2000ae91   memmove
2000aeb5   sl_Close
2000aed9   sl_WlanProfileDel
2000aefd   SPIReset
2000af1f   SPIWordCountSet
2000af41   IntRegister
2000af61   _SlDrvCmdSend
2000af81   _SlNonOsSpawn
2000afa1   SPIDataPut
2000afbf   SPIIntRegister
2000afdd   TimerDisable
2000affb   TimerEnable
2000b019   TimerIntStatus
2000b037   UARTCharPut
2000b055   TimerValueGet
2000b071   _SlDrvObjDeInit
2000b08d   memccpy
2000b0a9   uDMAChannelDisable
2000b0c5   uDMAChannelEnable
2000b0e1   uDMAChannelRequest
2000b0fd   CopyPingResultsToReport
2000b117   PinTypeSPI
2000b131   PinTypeUART
2000b14b   SPIDmaDisable
2000b165   SPIDmaEnable
2000b17f   SPIFIFODisable
2000b199   SPIFIFOEnable
2000b1b3   SPIIntUnregister
2000b1cd   _SlDrvDeviceEventHandler
2000b1e7   SPICSDisable
2000b1ff   SPICSEnable
2000b217   SPIDisable
2000b22f   SPIEnable
2000b247   TimerIntDisable
2000b25f   TimerIntEnable
2000b279   _args_main
2000b291   __aeabi_lmul
2000b2a9   PRCMHIBRegRead
2000b2bf   PRCMHIBRegWrite
2000b2d5   UARTCharGet
2000b2eb   uDMAIntRegister
2000b301   CPUcpsie
2000b315   IntVTableBaseSet
2000b329   _SlDrvShiftDWord
2000b33d   _register_unlock
2000b343   _register_lock
2000b34b   _nop
2000b351   strlen
2000b365   uDMAControlBaseSet
2000b379   uDMAIntClear
2000b38d   TimerIntClear
2000b39f   __TI_zero_init
2000b3b1   sl_NetAppMDNSUnRegisterService
2000b3c3   uDMAIntUnregister
2000b3d5   NwpMaskInterrupt
2000b3e5   __TI_decompress_none
2000b3f3   _Dclass
2000b401   ResetISR
2000b411   NwpUnMaskInterrupt
2000b41d   uDMADisable
2000b429   uDMAEnable
2000b435   uDMAIntStatus
2000b441   IntMasterEnable
2000b44b   _SlNonOsSemSet
2000b453   sl_WlanDisconnect
2000b45b   UtilsDelay
2000b461   __TI_decompress_rle24
2000b468   _ctypes_
2000b670   _SlPolicySetCmdCtrl
2000b674   _SlPolicyGetCmdCtrl
2000b678   _SlProfileGetCmdCtrl
2000b67c   _SlProfileDelCmdCtrl
2000b680   _SlWlanGetNetworkListCtrl
2000b684   _SlRxFilterAddtCmdCtrl
2000b688   _SlRxFilterSetCmdCtrl
2000b68c   _SlRxFilterGetCmdCtrl
2000b690   _SlSmartConfigStartCmdCtrl
2000b694   _SlWlanSetModeCmdCtrl
2000b698   _SlWlanCfgSetCmdCtrl
2000b69c   _SlWlanCfgGetCmdCtrl
2000b958   g_H2NSyncPattern
2000b960   g_H2NCnysPattern
2000b968   _SlActionLookupTable
2000b9ac   _SlSockSocketCmdCtrl
2000b9b0   _SlSockCloseCmdCtrl
2000b9b4   _SlRecvfomCmdCtrl
2000b9b8   _SlSendCmdCtrl
2000b9bc   _SlListenCmdCtrl
2000b9c0   _SlAcceptCmdCtrl
2000b9c4   _SlRecvCmdCtrl
2000b9c8   _SlSetSockOptCmdCtrl
2000b9cc   _SlGetSockOptCmdCtrl
2000b9d0   _SlSelectCmdCtrl
2000ba04   _SlNetAppStartCtrl
2000ba08   _SlNetAppStopCtrl
2000ba0c   _SlGetServiceListeCtrl
2000ba10   _SlRegisterServiceCtrl
2000ba14   _SlGetHostByServiceCtrl
2000ba18   _SlGetHostByNameCtrl
2000ba1c   _SlNetAppSetCmdCtrl
2000ba20   _SlNetAppSendTokenValueCmdCtrl
2000ba24   _SlNetAppGetCmdCtrl
2000bac0   _SlStopCmdCtrl
2000bac4   _SlEventMaskSetCmdCtrl
2000bac8   _SlEventMaskGetCmdCtrl
2000bacc   _SlDeviceGetCmdCtrl
2000bad0   _SlDeviceSetCmdCtrl
2000bad4   _SlNetCfgSetCmdCtrl
2000bad8   _SlNetCfgGetCmdCtrl
2000bae0   __TI_static_base__
2000bb2c   __TI_Handler_Table_Base
2000bb38   __TI_Handler_Table_Limit
2000bb40   __TI_CINIT_Base
2000bb50   __TI_CINIT_Limit
20017578   gfpAppCallbackHndl
20017678   myStrX
200176dc   myStrY
20017740   g__SlNonOsCB
20017768   g_ucConnectionSSID
2001778c   cmd_buffer
20017798   g_ucConnectionBSSID
200177a0   Reset_SYNC
200177a8   recvfromflag
200177ac   rx_udp_server
200177b0   udploop
200177b4   ulMode
200177b8   ulRecvData
200177ba   g_cDummy
200177bb   iDone
20017800   gpCtlTbl
20017c00   myStrA
20017ebc   myStrB
20018178   _sys_memory
20018978   pPingCallBackFunc
2001897c   gFirstCmdMode
20018980   g_pCB
20018984   g_StatMem
20018ae8   g_SpiFd
20018aec   g_pHostIntHdl
20018af0   g_ucDMAEnabled
20018af4   g_ucDinDout
20018b44   g_ulStatus
20018b48   g_ulGatewayIP
20018b4c   g_ulDestinationIp
20018b50   g_uiPortNum
20018b54   g_ulPacketCount
20018b58   g_ucSimplelinkstarted
20018b5c   g_ulIpAddr
20018b60   udp_str
20018b6c   num
20018b70   timerValue
20018b74   tempCnt
20018b78   c_full
20018b7c   index
20018b80   flag
20018b84   chk_bufa_flag
20018b88   check_cmd
20018b8c   get_sync_cmd_resp
20018b90   cmd_sent
20018b94   flow_ctrl
20018b98   recv_ping_packet
20018b9c   recv_pong_packet
20018ba0   cmd_index
20018ba4   check_frame_start
20018bb4   _lock
20018bb8   _unlock
20018bbc   __TI_cleanup_ptr
20018bc0   __TI_dtors_ptr
20018bc4   main_func_sp
2002f800   __stack
20030000   __STACK_END
ffffffff   __binit__
ffffffff   __c_args__
ffffffff   binit
UNDEFED    SHT$$INIT_ARRAY$$Base
UNDEFED    SHT$$INIT_ARRAY$$Limit

[354 symbols]
