******************************************************************************
                  TI ARM Linker PC v5.1.6                      
******************************************************************************
>> Linked Tue Mar 10 00:56:34 2015

OUTPUT FILE NAME:   <test udp_socket.out>
ENTRY POINT SYMBOL: "_c_int00"  address: 20009fcd


MEMORY CONFIGURATION

         name            origin    length      used     unused   attr    fill
----------------------  --------  ---------  --------  --------  ----  --------
  SRAM_CODE             20004000   00013000  00006e82  0000c17e  RW X
  SRAM_DATA             20017000   00019000  0000183a  000177c6  RW X


SEGMENT ALLOCATION MAP

run origin  load origin   length   init length attrs members
----------  ----------- ---------- ----------- ----- -------
20004000    20004000    00006e88   00006e88    r-x
  20004000    20004000    00000400   00000400    r-- .intvecs
  20004400    20004400    0000637a   0000637a    r-x .text
  2000a77c    2000a77c    00000698   00000698    r-- .const
  2000ae18    2000ae18    00000070   00000070    r-- .cinit
20017000    20017000    0000103c   00000000    rw-
  20017000    20017000    00000800   00000000    rw- .sysmem
  20017800    20017800    00000622   00000000    rw- .bss
  20017e24    20017e24    00000218   00000000    rw- .data
2002f800    2002f800    00000800   00000000    rw-
  2002f800    2002f800    00000800   00000000    rw- .stack


SECTION ALLOCATION MAP

 output                                  attributes/
section   page    origin      length       input sections
--------  ----  ----------  ----------   ----------------
.init_array 
*          0    20004000    00000000     UNINITIALIZED

.intvecs   0    20004000    00000400     
                  20004000    00000400     startup_ccs.obj (.intvecs)

.text      0    20004400    0000637a     
                  20004400    00000ec0     rtsv7M4_T_le_eabi.lib : _printfi.obj (.text)
                  200052c0    00000d44     main.obj (.text)
                  20006004    000003cc     rtsv7M4_T_le_eabi.lib : memory.obj (.text)
                  200063d0    000003b4     simplelink.a : driver.obj (.text:_SlDrvMsgRead)
                  20006784    0000034c                  : driver.obj (.text:_SlAsyncEventGenericHandler)
                  20006ad0    0000026c     uart_if.obj (.text)
                  20006d3c    00000200     udma_if.obj (.text)
                  20006f3c    000001f4     rtsv7M4_T_le_eabi.lib : ull_div_t2.obj (.text)
                  20007130    000001b6                           : fd_add_t2.obj (.text)
                  200072e6    00000002     driverlib.a : interrupt.obj (.text:IntDefaultHandler)
                  200072e8    0000019c     simplelink.a : wlan.obj (.text:sl_WlanConnect)
                  20007484    0000017c                  : driver.obj (.text:_SlDrvDataReadOp)
                  20007600    00000140                  : driver.obj (.text:_SlDrvRxHdrRead)
                  20007740    00000136     rtsv7M4_T_le_eabi.lib : fd_div_t2.obj (.text)
                  20007876    00000002     --HOLE-- [fill = 0]
                  20007878    00000134     driverlib.a : prcm.obj (.text:PRCMCC3200MCUInit)
                  200079ac    00000128     simplelink.a : cc_pal.obj (.text:spi_Open)
                  20007ad4    00000118                  : driver.obj (.text:_SlDrvWaitForPoolObj)
                  20007bec    00000114                  : driver.obj (.text:_SlDrvMsgWrite)
                  20007d00    0000010c                  : driver.obj (.text:_SlDrvReleasePoolObj)
                  20007e0c    000000fc     rtsv7M4_T_le_eabi.lib : fd_mul_t2.obj (.text)
                  20007f08    000000f0     driverlib.a : udma.obj (.text:uDMAChannelTransferSet)
                  20007ff8    000000ec     simplelink.a : cc_pal.obj (.text:spi_Write)
                  200080e4    000000cc                  : device.obj (.text:sl_Stop)
                  200081b0    000000cc                  : cc_pal.obj (.text:spi_Read)
                  2000827c    000000c8                  : device.obj (.text:sl_Start)
                  20008344    000000bc                  : driver.obj (.text:_SlDrvMsgReadCmdCtx)
                  20008400    000000b2                  : netapp.obj (.text:_SlDrvNetAppEventHandler)
                  200084b2    00000002     --HOLE-- [fill = 0]
                  200084b4    000000ac                  : socket.obj (.text:sl_RecvFrom)
                  20008560    000000a8     driverlib.a : interrupt.obj (.text:IntDisable)
                  20008608    000000a8                 : interrupt.obj (.text:IntEnable)
                  200086b0    000000a0                 : spi.obj (.text:SPIConfigSetExpClk)
                  20008750    0000009c     rtsv7M4_T_le_eabi.lib : memcpy_t2.obj (.text)
                  200087ec    00000098     simplelink.a : driver.obj (.text:_SlFindAndSetActiveObj)
                  20008884    00000094     driverlib.a : prcm.obj (.text:PRCMPeripheralClockGet)
                  20008918    00000094     simplelink.a : driver.obj (.text:_SlDrvClassifyRxMsg)
                  200089ac    00000094                  : driver.obj (.text:_SlDrvMsgReadSpawnCtx)
                  20008a40    00000094     rtsv7M4_T_le_eabi.lib : auto_init.obj (.text)
                  20008ad4    00000090     simplelink.a : driver.obj (.text:_SlDrvDriverCBInit)
                  20008b64    00000088     driverlib.a : pin.obj (.text:PinConfigSet)
                  20008bec    00000088     simplelink.a : driver.obj (.text:_SlDrvCmdOp)
                  20008c74    00000088     rtsv7M4_T_le_eabi.lib : vsnprintf.obj (.text)
                  20008cfc    00000088     simplelink.a : netapp.obj (.text:sl_NetAppMDNSRegisterUnregisterService)
                  20008d84    00000086     rtsv7M4_T_le_eabi.lib : fd_cmp_t2.obj (.text:__aeabi_cdcmple)
                  20008e0a    00000086                           : fd_cmp_t2.obj (.text:__aeabi_cdrcmple)
                  20008e90    00000084     simplelink.a : netapp.obj (.text:_sl_HandleAsync_DnsGetHostByName)
                  20008f14    00000080                  : cc_pal.obj (.text:NwpPowerOnPreamble)
                  20008f94    0000007c                  : device.obj (.text:sl_DevGet)
                  20009010    00000078                  : cc_pal.obj (.text:SetupDMAReceive)
                  20009088    00000078                  : device.obj (.text:_sl_HandleAsync_InitComplete)
                  20009100    00000078                  : netapp.obj (.text:_sl_HandleAsync_PingResponse)
                  20009178    00000078     rtsv7M4_T_le_eabi.lib : memset_t2.obj (.text)
                  200091f0    00000076     driverlib.a : uart.obj (.text:UARTConfigSetExpClk)
                  20009266    00000002     --HOLE-- [fill = 0]
                  20009268    00000074     simplelink.a : cc_pal.obj (.text:spi_Close)
                  200092dc    0000006c                  : socket.obj (.text:_sl_HandleAsync_Connect)
                  20009348    00000068                  : socket.obj (.text:_sl_HandleAsync_Accept)
                  200093b0    00000068                  : netapp.obj (.text:_sl_HandleAsync_DnsGetHostByService)
                  20009418    00000064     driverlib.a : udma.obj (.text:uDMAChannelAttributeDisable)
                  2000947c    00000064                 : udma.obj (.text:uDMAChannelAttributeEnable)
                  200094e0    00000060     simplelink.a : driver.obj (.text:_SlDrvDriverCBDeinit)
                  20009540    0000005e     rtsv7M4_T_le_eabi.lib : copy_decompress_rle.obj (.text)
                  2000959e    00000002     --HOLE-- [fill = 0]
                  200095a0    0000005c     simplelink.a : socket.obj (.text:_sl_HandleAsync_Select)
                  200095fc    0000005c                  : socket.obj (.text:sl_Bind)
                  20009658    0000005a     rtsv7M4_T_le_eabi.lib : ltoa.obj (.text)
                  200096b2    00000002     --HOLE-- [fill = 0]
                  200096b4    00000058     driverlib.a : interrupt.obj (.text:IntPendClear)
                  2000970c    00000058                 : prcm.obj (.text:PRCMPeripheralReset)
                  20009764    00000058     simplelink.a : device.obj (.text:_sl_HandleAsync_Stop)
                  200097bc    00000054     driverlib.a : interrupt.obj (.text:IntPrioritySet)
                  20009810    00000054     simplelink.a : netapp.obj (.text:sl_NetAppSendTokenValue)
                  20009864    0000004c     driverlib.a : spi.obj (.text:SPIIntEnable)
                  200098b0    0000004c                 : spi.obj (.text:SPIIntNumberGet)
                  200098fc    0000004c     rtsv7M4_T_le_eabi.lib : atoi.obj (.text)
                  20009948    0000004c     driverlib.a : udma.obj (.text:uDMAChannelAssign)
                  20009994    0000004a     simplelink.a : device.obj (.text:_sl_GetStartResponseConvert)
                  200099de    00000002     --HOLE-- [fill = 0]
                  200099e0    00000048     driverlib.a : spi.obj (.text:SPIIntClear)
                  20009a28    00000048     rtsv7M4_T_le_eabi.lib : fd_toi_t2.obj (.text)
                  20009a70    00000048     simplelink.a : wlan.obj (.text:sl_WlanSet)
                  20009ab8    00000044     driverlib.a : spi.obj (.text:SPIDmaMaskGet)
                  20009afc    00000044     pinmux.obj (.text)
                  20009b40    00000044     rtsv7M4_T_le_eabi.lib : cpy_tbl.obj (.text)
                  20009b84    00000044                           : exit.obj (.text)
                  20009bc8    00000044                           : xdtest.obj (.text)
                  20009c0c    00000044     simplelink.a : netcfg.obj (.text:sl_NetCfgSet)
                  20009c50    00000040     driverlib.a : pin.obj (.text:PinModeSet)
                  20009c90    00000040     simplelink.a : driver.obj (.text:_SlDrvRxIrqHandler)
                  20009cd0    00000040                  : nonos.obj (.text:_SlNonOsMainLoopTask)
                  20009d10    00000040                  : driver.obj (.text:_SlRemoveFromList)
                  20009d50    00000040                  : wlan.obj (.text:sl_WlanPolicySet)
                  20009d90    00000040                  : wlan.obj (.text:sl_WlanRxFilterSet)
                  20009dd0    0000003c                  : cc_pal.obj (.text:NwpPowerOff)
                  20009e0c    0000003c     driverlib.a : prcm.obj (.text:PRCMPeripheralClkEnable)
                  20009e48    0000003c     simplelink.a : driver.obj (.text:_SlDrvObjInit)
                  20009e84    0000003c     driverlib.a : udma.obj (.text:uDMAChannelControlSet)
                  20009ec0    00000038     simplelink.a : cc_pal.obj (.text:NwpRegisterInterruptHandler)
                  20009ef8    00000038                  : socket.obj (.text:sl_Htonl)
                  20009f30    00000034     driverlib.a : prcm.obj (.text:PRCMPeripheralStatusGet)
                  20009f64    00000034                 : spi.obj (.text:SPIFIFOLevelSet)
                  20009f98    00000034     simplelink.a : driver.obj (.text:_SlDrvBasicCmd)
                  20009fcc    00000034     rtsv7M4_T_le_eabi.lib : boot.obj (.text)
                  2000a000    00000034     simplelink.a : socket.obj (.text:sl_Htons)
                  2000a034    00000030                  : cc_pal.obj (.text:NwpPowerOn)
                  2000a064    00000030     driverlib.a : uart.obj (.text:UARTDisable)
                  2000a094    00000030     simplelink.a : flowcont.obj (.text:_SlDrvFlowContDeinit)
                  2000a0c4    00000030                  : flowcont.obj (.text:_SlDrvFlowContInit)
                  2000a0f4    00000030                  : nonos.obj (.text:_SlNonOsSemGet)
                  2000a124    00000030                  : socket.obj (.text:sl_Socket)
                  2000a154    0000002e     rtsv7M4_T_le_eabi.lib : i_tofd_t2.obj (.text)
                  2000a182    00000002     --HOLE-- [fill = 0]
                  2000a184    0000002c     driverlib.a : prcm.obj (.text:PRCMSysResetCauseGet)
                  2000a1b0    00000028                 : prcm.obj (.text:PRCMPeripheralClkDisable)
                  2000a1d8    00000028     simplelink.a : socket.obj (.text:_sl_BuildAddress)
                  2000a200    00000028                  : wlan.obj (.text:sl_WlanSetMode)
                  2000a228    00000024                  : cc_pal.obj (.text:DmaSpiSwIntHandler)
                  2000a24c    00000024     driverlib.a : interrupt.obj (.text:IntUnregister)
                  2000a270    00000024                 : uart.obj (.text:UARTEnable)
                  2000a294    00000024     rtsv7M4_T_le_eabi.lib : memmov.obj (.text)
                  2000a2b8    00000024     simplelink.a : socket.obj (.text:sl_Close)
                  2000a2dc    00000024                  : wlan.obj (.text:sl_WlanProfileDel)
                  2000a300    00000022     driverlib.a : spi.obj (.text:SPIReset)
                  2000a322    00000022                 : spi.obj (.text:SPIWordCountSet)
                  2000a344    00000020                 : interrupt.obj (.text:IntRegister)
                  2000a364    00000020     simplelink.a : driver.obj (.text:_SlDrvCmdSend)
                  2000a384    00000020                  : nonos.obj (.text:_SlNonOsSpawn)
                  2000a3a4    0000001e     driverlib.a : uart.obj (.text:UARTCharPut)
                  2000a3c2    00000002     --HOLE-- [fill = 0]
                  2000a3c4    0000001c     simplelink.a : driver.obj (.text:_SlDrvObjDeInit)
                  2000a3e0    0000001c     rtsv7M4_T_le_eabi.lib : memccpy.obj (.text)
                  2000a3fc    0000001c     driverlib.a : udma.obj (.text:uDMAChannelDisable)
                  2000a418    0000001c                 : udma.obj (.text:uDMAChannelEnable)
                  2000a434    0000001c                 : udma.obj (.text:uDMAChannelRequest)
                  2000a450    0000001a     simplelink.a : netapp.obj (.text:CopyPingResultsToReport)
                  2000a46a    0000001a     driverlib.a : pin.obj (.text:PinTypeSPI)
                  2000a484    0000001a                 : pin.obj (.text:PinTypeUART)
                  2000a49e    0000001a                 : spi.obj (.text:SPIDmaDisable)
                  2000a4b8    0000001a                 : spi.obj (.text:SPIDmaEnable)
                  2000a4d2    0000001a                 : spi.obj (.text:SPIFIFODisable)
                  2000a4ec    0000001a                 : spi.obj (.text:SPIFIFOEnable)
                  2000a506    0000001a                 : spi.obj (.text:SPIIntUnregister)
                  2000a520    0000001a     simplelink.a : device.obj (.text:_SlDrvDeviceEventHandler)
                  2000a53a    00000018     driverlib.a : spi.obj (.text:SPICSDisable)
                  2000a552    00000018                 : spi.obj (.text:SPICSEnable)
                  2000a56a    00000018                 : spi.obj (.text:SPIDisable)
                  2000a582    00000018                 : spi.obj (.text:SPIEnable)
                  2000a59a    00000002     --HOLE-- [fill = 0]
                  2000a59c    00000018     rtsv7M4_T_le_eabi.lib : args_main.obj (.text)
                  2000a5b4    00000018                           : ll_mul_t2.obj (.text)
                  2000a5cc    00000016     driverlib.a : prcm.obj (.text:PRCMHIBRegRead)
                  2000a5e2    00000016                 : prcm.obj (.text:PRCMHIBRegWrite)
                  2000a5f8    00000016                 : uart.obj (.text:UARTCharGet)
                  2000a60e    00000016                 : udma.obj (.text:uDMAIntRegister)
                  2000a624    00000014                 : cpu.obj (.text:CPUcpsie)
                  2000a638    00000014                 : interrupt.obj (.text:IntVTableBaseSet)
                  2000a64c    00000014     simplelink.a : driver.obj (.text:_SlDrvShiftDWord)
                  2000a660    00000014     rtsv7M4_T_le_eabi.lib : _lock.obj (.text)
                  2000a674    00000014                           : strlen.obj (.text)
                  2000a688    00000014     driverlib.a : udma.obj (.text:uDMAControlBaseSet)
                  2000a69c    00000014                 : udma.obj (.text:uDMAIntClear)
                  2000a6b0    00000012     rtsv7M4_T_le_eabi.lib : copy_zero_init.obj (.text:decompress:ZI)
                  2000a6c2    00000012     simplelink.a : netapp.obj (.text:sl_NetAppMDNSUnRegisterService)
                  2000a6d4    00000012     driverlib.a : udma.obj (.text:uDMAIntUnregister)
                  2000a6e6    00000002     --HOLE-- [fill = 0]
                  2000a6e8    00000010     simplelink.a : cc_pal.obj (.text:NwpMaskInterrupt)
                  2000a6f8    0000000e     rtsv7M4_T_le_eabi.lib : copy_decompress_none.obj (.text:decompress:none)
                  2000a706    0000000e                           : xdclass.obj (.text)
                  2000a714    0000000e     startup_ccs.obj (.text)
                  2000a722    00000002     --HOLE-- [fill = 0]
                  2000a724    0000000c     simplelink.a : cc_pal.obj (.text:NwpUnMaskInterrupt)
                  2000a730    0000000c     driverlib.a : udma.obj (.text:uDMADisable)
                  2000a73c    0000000c                 : udma.obj (.text:uDMAEnable)
                  2000a748    0000000c                 : udma.obj (.text:uDMAIntStatus)
                  2000a754    0000000a                 : interrupt.obj (.text:IntMasterEnable)
                  2000a75e    00000008     simplelink.a : nonos.obj (.text:_SlNonOsSemSet)
                  2000a766    00000008                  : wlan.obj (.text:sl_WlanDisconnect)
                  2000a76e    00000006     driverlib.a : utils.obj (.text:UtilsDelay)
                  2000a774    00000006     rtsv7M4_T_le_eabi.lib : copy_decompress_rle.obj (.text:decompress:rle24)

.const     0    2000a77c    00000698     
                  2000a77c    00000102     rtsv7M4_T_le_eabi.lib : ctype.obj (.const:.string:_ctypes_)
                  2000a87e    00000002     --HOLE-- [fill = 0]
                  2000a880    00000100     driverlib.a : pin.obj (.const:g_ulPinToPadMap)
                  2000a980    000000ec     simplelink.a : wlan.obj (.const)
                  2000aa6c    000000d4     driverlib.a : interrupt.obj (.const:g_pulRegs)
                  2000ab40    000000a8                 : prcm.obj (.const:PRCM_PeriphRegsList)
                  2000abe8    00000080                 : interrupt.obj (.const)
                  2000ac68    0000004c     simplelink.a : driver.obj (.const)
                  2000acb4    0000003c     main.obj (.const:.string)
                  2000acf0    00000034     simplelink.a : socket.obj (.const)
                  2000ad24    0000002c     main.obj (.const:$P$T1$2)
                  2000ad50    00000028     simplelink.a : netapp.obj (.const)
                  2000ad78    00000024     driverlib.a : spi.obj (.const:g_ppulSPIIntMap)
                  2000ad9c    00000022     main.obj (.const:.string:$P$T0$1)
                  2000adbe    00000002     --HOLE-- [fill = 0]
                  2000adc0    00000020     main.obj (.const)
                  2000ade0    00000018     driverlib.a : spi.obj (.const)
                  2000adf8    00000014     simplelink.a : device.obj (.const)
                  2000ae0c    00000008                  : netcfg.obj (.const)

.cinit     0    2000ae18    00000070     
                  2000ae18    00000045     (.cinit..data.load) [load image, compression = rle]
                  2000ae5d    00000003     --HOLE-- [fill = 0]
                  2000ae60    0000000c     (__TI_handler_table)
                  2000ae6c    00000004     --HOLE-- [fill = 0]
                  2000ae70    00000008     (.cinit..bss.load) [load image, compression = zero_init]
                  2000ae78    00000010     (__TI_cinit_table)

.sysmem    0    20017000    00000800     UNINITIALIZED
                  20017000    00000008     rtsv7M4_T_le_eabi.lib : memory.obj (.sysmem)
                  20017008    000007f8     --HOLE--

.bss       0    20017800    00000622     UNINITIALIZED
                  20017800    00000400     udma_if.obj (.bss:gpCtlTbl)
                  20017c00    00000100     udma_if.obj (.bss:gfpAppCallbackHndl)
                  20017d00    000000c8     main.obj (.bss:rx_udp_server)
                  20017dc8    00000028     simplelink.a : nonos.obj (.bss:g__SlNonOsCB)
                  20017df0    00000024     main.obj (.bss:g_ucConnectionSSID)
                  20017e14    00000008     (.common:g_ucConnectionBSSID)
                  20017e1c    00000004     (.common:__Errorlog)
                  20017e20    00000001     (.common:g_cDummy)
                  20017e21    00000001     (.common:iDone)

.data      0    20017e24    00000218     UNINITIALIZED
                  20017e24    00000170     simplelink.a : driver.obj (.data)
                  20017f94    0000005c                  : cc_pal.obj (.data)
                  20017ff0    0000002c     main.obj (.data)
                  2001801c    0000000c     rtsv7M4_T_le_eabi.lib : memory.obj (.data)
                  20018028    00000008                           : _lock.obj (.data)
                  20018030    00000008                           : exit.obj (.data)
                  20018038    00000004                           : stkdepth_vars.obj (.data)

.stack     0    2002f800    00000800     UNINITIALIZED
                  2002f800    00000800     --HOLE--


LINKER GENERATED COPY TABLES

__TI_cinit_table @ 2000ae78 records: 2, size/record: 8, table size: 16
	.data: load addr=2000ae18, load size=00000045 bytes, run addr=20017e24, run size=00000218 bytes, compression=rle
	.bss: load addr=2000ae70, load size=00000008 bytes, run addr=20017800, run size=00000622 bytes, compression=zero_init


LINKER GENERATED HANDLER TABLE

__TI_handler_table @ 2000ae60 records: 3, size/record: 4, table size: 12
	index: 0, handler: __TI_decompress_rle24
	index: 1, handler: __TI_decompress_none
	index: 2, handler: __TI_zero_init


GLOBAL SYMBOLS: SORTED ALPHABETICALLY BY Name 

address    name
--------   ----
20005bc3   BsdUdpClient
20005aa9   BsdUdpServer
20009b85   C$$EXIT
2000a625   CPUcpsie
20006b11   ClearTerm
2000a451   CopyPingResultsToReport
20006ee3   DMASetupTransfer
20006d53   DmaErrorIntHandler
2000a229   DmaSpiSwIntHandler
20006d3d   DmaSwIntHandler
20006b1b   Error
20006b53   GetCmd
20006ad1   InitTerm
20008561   IntDisable
20008609   IntEnable
2000a755   IntMasterEnable
200096b5   IntPendClear
200097bd   IntPrioritySet
2000a345   IntRegister
2000a24d   IntUnregister
2000a639   IntVTableBaseSet
20006aef   Message
2000a6e9   NwpMaskInterrupt
20009dd1   NwpPowerOff
2000a035   NwpPowerOn
20008f15   NwpPowerOnPreamble
20009ec1   NwpRegisterInterruptHandler
2000a725   NwpUnMaskInterrupt
20007879   PRCMCC3200MCUInit
2000a5cd   PRCMHIBRegRead
2000a5e3   PRCMHIBRegWrite
2000a1b1   PRCMPeripheralClkDisable
20009e0d   PRCMPeripheralClkEnable
20008885   PRCMPeripheralClockGet
2000970d   PRCMPeripheralReset
20009f31   PRCMPeripheralStatusGet
2000a185   PRCMSysResetCauseGet
20008b65   PinConfigSet
20009c51   PinModeSet
20009afd   PinMuxConfig
2000a46b   PinTypeSPI
2000a485   PinTypeUART
20006c7d   Report
2000a715   ResetISR
UNDEFED    SHT$$INIT_ARRAY$$Base
UNDEFED    SHT$$INIT_ARRAY$$Limit
2000a53b   SPICSDisable
2000a553   SPICSEnable
200086b1   SPIConfigSetExpClk
2000a56b   SPIDisable
2000a49f   SPIDmaDisable
2000a4b9   SPIDmaEnable
2000a583   SPIEnable
2000a4d3   SPIFIFODisable
2000a4ed   SPIFIFOEnable
20009f65   SPIFIFOLevelSet
200099e1   SPIIntClear
20009865   SPIIntEnable
2000a507   SPIIntUnregister
2000a301   SPIReset
2000a323   SPIWordCountSet
20006de5   SetupTransfer
20005491   SimpleLinkGeneralEventHandler
200054e5   SimpleLinkHttpServerCallback
200053d1   SimpleLinkNetAppEventHandler
200054f1   SimpleLinkSockEventHandler
200052c1   SimpleLinkWlanEventHandler
20006be5   TrimSpace
2000a5f9   UARTCharGet
2000a3a5   UARTCharPut
200091f1   UARTConfigSetExpClk
2000a065   UARTDisable
2000a271   UARTEnable
20006db7   UDMAChannelSelect
20006ecf   UDMADeInit
20006d5f   UDMAInit
20006e29   UDMASetupAutoMemTransfer
20006e5d   UDMASetupPingPongTransfer
20006eb7   UDMAStartTransfer
20006ec3   UDMAStopTransfer
2000a76f   UtilsDelay
2000a707   _Dclass
20009bc9   _Dtest
2000ad10   _SlAcceptCmdCtrl
2000ac7c   _SlActionLookupTable
20006785   _SlAsyncEventGenericHandler
2000ae04   _SlDeviceGetCmdCtrl
2000ae08   _SlDeviceSetCmdCtrl
20009f99   _SlDrvBasicCmd
20008919   _SlDrvClassifyRxMsg
20008bed   _SlDrvCmdOp
2000a365   _SlDrvCmdSend
20007485   _SlDrvDataReadOp
2000a521   _SlDrvDeviceEventHandler
200094e1   _SlDrvDriverCBDeinit
20008ad5   _SlDrvDriverCBInit
2000a095   _SlDrvFlowContDeinit
2000a0c5   _SlDrvFlowContInit
200063d1   _SlDrvMsgRead
20008345   _SlDrvMsgReadCmdCtx
200089ad   _SlDrvMsgReadSpawnCtx
20007bed   _SlDrvMsgWrite
20008401   _SlDrvNetAppEventHandler
2000a3c5   _SlDrvObjDeInit
20009e49   _SlDrvObjInit
20007d01   _SlDrvReleasePoolObj
20007601   _SlDrvRxHdrRead
20009c91   _SlDrvRxIrqHandler
2000a64d   _SlDrvShiftDWord
20007ad5   _SlDrvWaitForPoolObj
2000ae00   _SlEventMaskGetCmdCtrl
2000adfc   _SlEventMaskSetCmdCtrl
200087ed   _SlFindAndSetActiveObj
2000ad68   _SlGetHostByNameCtrl
2000ad64   _SlGetHostByServiceCtrl
2000ad5c   _SlGetServiceListeCtrl
2000ad1c   _SlGetSockOptCmdCtrl
2000ad0c   _SlListenCmdCtrl
2000ad74   _SlNetAppGetCmdCtrl
2000ad70   _SlNetAppSendTokenValueCmdCtrl
2000ad6c   _SlNetAppSetCmdCtrl
2000ad54   _SlNetAppStartCtrl
2000ad58   _SlNetAppStopCtrl
2000ae10   _SlNetCfgGetCmdCtrl
2000ae0c   _SlNetCfgSetCmdCtrl
20009cd1   _SlNonOsMainLoopTask
2000a0f5   _SlNonOsSemGet
2000a75f   _SlNonOsSemSet
2000a385   _SlNonOsSpawn
2000a988   _SlPolicyGetCmdCtrl
2000a984   _SlPolicySetCmdCtrl
2000a990   _SlProfileDelCmdCtrl
2000a98c   _SlProfileGetCmdCtrl
2000ad14   _SlRecvCmdCtrl
2000ad04   _SlRecvfomCmdCtrl
2000ad60   _SlRegisterServiceCtrl
20009d11   _SlRemoveFromList
2000a998   _SlRxFilterAddtCmdCtrl
2000a9a0   _SlRxFilterGetCmdCtrl
2000a99c   _SlRxFilterSetCmdCtrl
2000ad20   _SlSelectCmdCtrl
2000ad08   _SlSendCmdCtrl
2000ad18   _SlSetSockOptCmdCtrl
2000a9a4   _SlSmartConfigStartCmdCtrl
2000ad00   _SlSockCloseCmdCtrl
2000acfc   _SlSockSocketCmdCtrl
2000adf8   _SlStopCmdCtrl
2000a9b0   _SlWlanCfgGetCmdCtrl
2000a9ac   _SlWlanCfgSetCmdCtrl
2000a994   _SlWlanGetNetworkListCtrl
2000a9a8   _SlWlanSetModeCmdCtrl
20030000   __STACK_END
00000800   __STACK_SIZE
00000800   __SYSMEM_SIZE
2000ae78   __TI_CINIT_Base
2000ae88   __TI_CINIT_Limit
2000ae60   __TI_Handler_Table_Base
2000ae6c   __TI_Handler_Table_Limit
00000001   __TI_args_main
20008a41   __TI_auto_init
20018030   __TI_cleanup_ptr
2000a6f9   __TI_decompress_none
2000a775   __TI_decompress_rle24
20018034   __TI_dtors_ptr
20004fb7   __TI_printfi
2000ae18   __TI_static_base__
2000a6b1   __TI_zero_init
20008d85   __aeabi_cdcmpeq
20008d85   __aeabi_cdcmple
20008e0b   __aeabi_cdrcmple
20009a29   __aeabi_d2iz
2000713b   __aeabi_dadd
20007741   __aeabi_ddiv
20007e0d   __aeabi_dmul
20007131   __aeabi_dsub
2000a155   __aeabi_i2d
2000a5b5   __aeabi_lmul
20009179   __aeabi_memclr
20009179   __aeabi_memclr4
20009179   __aeabi_memclr8
20008751   __aeabi_memcpy
20008751   __aeabi_memcpy4
20008751   __aeabi_memcpy8
2000917b   __aeabi_memset
2000917b   __aeabi_memset4
2000917b   __aeabi_memset8
20006f3d   __aeabi_uldivmod
ffffffff   __binit__
ffffffff   __c_args__
2002f800   __stack
2000a59d   _args_main
20009fcd   _c_int00
2000a77c   _ctypes_
20018028   _lock
2000a66f   _nop
2000a667   _register_lock
2000a661   _register_unlock
2000a1d9   _sl_BuildAddress
20009995   _sl_GetStartResponseConvert
20009349   _sl_HandleAsync_Accept
200092dd   _sl_HandleAsync_Connect
20008e91   _sl_HandleAsync_DnsGetHostByName
200093b1   _sl_HandleAsync_DnsGetHostByService
20009089   _sl_HandleAsync_InitComplete
20009101   _sl_HandleAsync_PingResponse
200095a1   _sl_HandleAsync_Select
20009765   _sl_HandleAsync_Stop
20017000   _sys_memory
2001802c   _unlock
20009b89   abort
200098fd   atoi
ffffffff   binit
20006399   calloc
20009b41   copy_in
20009b91   exit
200060f3   free
20017e28   gFirstCmdMode
2000ac74   g_H2NCnysPattern
2000ac6c   g_H2NSyncPattern
20017f94   g_SpiFd
20017e30   g_StatMem
20017dc8   g__SlNonOsCB
20017e20   g_cDummy
20017e2c   g_pCB
20017f98   g_pHostIntHdl
20004000   g_pfnVectors
20017e14   g_ucConnectionBSSID
20017df0   g_ucConnectionSSID
20017f9c   g_ucDMAEnabled
20017fa0   g_ucDinDout
20018004   g_ucSimplelinkstarted
20017ffc   g_uiPortNum
20017ff8   g_ulDestinationIp
20017ff4   g_ulGatewayIP
20018008   g_ulIpAddr
20018000   g_ulPacketCount
20017ff0   g_ulStatus
20017c00   gfpAppCallbackHndl
20017800   gpCtlTbl
20017e21   iDone
20009659   ltoa
20005d31   main
20018038   main_func_sp
20006091   malloc
200062b9   memalign
2000a3e1   memccpy
20008751   memcpy
2000a295   memmove
20009181   memset
20006005   minit
20018018   num
20017e24   pPingCallBackFunc
200061b3   realloc
20017d00   rx_udp_server
200095fd   sl_Bind
2000a2b9   sl_Close
20008f95   sl_DevGet
20009ef9   sl_Htonl
2000a001   sl_Htons
20008cfd   sl_NetAppMDNSRegisterUnregisterService
2000a6c3   sl_NetAppMDNSUnRegisterService
20009811   sl_NetAppSendTokenValue
20009c0d   sl_NetCfgSet
200084b5   sl_RecvFrom
2000a125   sl_Socket
2000827d   sl_Start
200080e5   sl_Stop
200072e9   sl_WlanConnect
2000a767   sl_WlanDisconnect
20009d51   sl_WlanPolicySet
2000a2dd   sl_WlanProfileDel
20009d91   sl_WlanRxFilterSet
20009a71   sl_WlanSet
2000a201   sl_WlanSetMode
20009269   spi_Close
200079ad   spi_Open
200081b1   spi_Read
20007ff9   spi_Write
2000a675   strlen
20009949   uDMAChannelAssign
20009419   uDMAChannelAttributeDisable
2000947d   uDMAChannelAttributeEnable
20009e85   uDMAChannelControlSet
2000a3fd   uDMAChannelDisable
2000a419   uDMAChannelEnable
2000a435   uDMAChannelRequest
20007f09   uDMAChannelTransferSet
2000a689   uDMAControlBaseSet
2000a731   uDMADisable
2000a73d   uDMAEnable
2000a69d   uDMAIntClear
2000a60f   uDMAIntRegister
2000a749   uDMAIntStatus
2000a6d5   uDMAIntUnregister
2001800c   udp_str
20008c75   vsnprintf


GLOBAL SYMBOLS: SORTED BY Symbol Address 

address    name
--------   ----
00000001   __TI_args_main
00000800   __STACK_SIZE
00000800   __SYSMEM_SIZE
20004000   g_pfnVectors
20004fb7   __TI_printfi
200052c1   SimpleLinkWlanEventHandler
200053d1   SimpleLinkNetAppEventHandler
20005491   SimpleLinkGeneralEventHandler
200054e5   SimpleLinkHttpServerCallback
200054f1   SimpleLinkSockEventHandler
20005aa9   BsdUdpServer
20005bc3   BsdUdpClient
20005d31   main
20006005   minit
20006091   malloc
200060f3   free
200061b3   realloc
200062b9   memalign
20006399   calloc
200063d1   _SlDrvMsgRead
20006785   _SlAsyncEventGenericHandler
20006ad1   InitTerm
20006aef   Message
20006b11   ClearTerm
20006b1b   Error
20006b53   GetCmd
20006be5   TrimSpace
20006c7d   Report
20006d3d   DmaSwIntHandler
20006d53   DmaErrorIntHandler
20006d5f   UDMAInit
20006db7   UDMAChannelSelect
20006de5   SetupTransfer
20006e29   UDMASetupAutoMemTransfer
20006e5d   UDMASetupPingPongTransfer
20006eb7   UDMAStartTransfer
20006ec3   UDMAStopTransfer
20006ecf   UDMADeInit
20006ee3   DMASetupTransfer
20006f3d   __aeabi_uldivmod
20007131   __aeabi_dsub
2000713b   __aeabi_dadd
200072e9   sl_WlanConnect
20007485   _SlDrvDataReadOp
20007601   _SlDrvRxHdrRead
20007741   __aeabi_ddiv
20007879   PRCMCC3200MCUInit
200079ad   spi_Open
20007ad5   _SlDrvWaitForPoolObj
20007bed   _SlDrvMsgWrite
20007d01   _SlDrvReleasePoolObj
20007e0d   __aeabi_dmul
20007f09   uDMAChannelTransferSet
20007ff9   spi_Write
200080e5   sl_Stop
200081b1   spi_Read
2000827d   sl_Start
20008345   _SlDrvMsgReadCmdCtx
20008401   _SlDrvNetAppEventHandler
200084b5   sl_RecvFrom
20008561   IntDisable
20008609   IntEnable
200086b1   SPIConfigSetExpClk
20008751   __aeabi_memcpy
20008751   __aeabi_memcpy4
20008751   __aeabi_memcpy8
20008751   memcpy
200087ed   _SlFindAndSetActiveObj
20008885   PRCMPeripheralClockGet
20008919   _SlDrvClassifyRxMsg
200089ad   _SlDrvMsgReadSpawnCtx
20008a41   __TI_auto_init
20008ad5   _SlDrvDriverCBInit
20008b65   PinConfigSet
20008bed   _SlDrvCmdOp
20008c75   vsnprintf
20008cfd   sl_NetAppMDNSRegisterUnregisterService
20008d85   __aeabi_cdcmpeq
20008d85   __aeabi_cdcmple
20008e0b   __aeabi_cdrcmple
20008e91   _sl_HandleAsync_DnsGetHostByName
20008f15   NwpPowerOnPreamble
20008f95   sl_DevGet
20009089   _sl_HandleAsync_InitComplete
20009101   _sl_HandleAsync_PingResponse
20009179   __aeabi_memclr
20009179   __aeabi_memclr4
20009179   __aeabi_memclr8
2000917b   __aeabi_memset
2000917b   __aeabi_memset4
2000917b   __aeabi_memset8
20009181   memset
200091f1   UARTConfigSetExpClk
20009269   spi_Close
200092dd   _sl_HandleAsync_Connect
20009349   _sl_HandleAsync_Accept
200093b1   _sl_HandleAsync_DnsGetHostByService
20009419   uDMAChannelAttributeDisable
2000947d   uDMAChannelAttributeEnable
200094e1   _SlDrvDriverCBDeinit
200095a1   _sl_HandleAsync_Select
200095fd   sl_Bind
20009659   ltoa
200096b5   IntPendClear
2000970d   PRCMPeripheralReset
20009765   _sl_HandleAsync_Stop
200097bd   IntPrioritySet
20009811   sl_NetAppSendTokenValue
20009865   SPIIntEnable
200098fd   atoi
20009949   uDMAChannelAssign
20009995   _sl_GetStartResponseConvert
200099e1   SPIIntClear
20009a29   __aeabi_d2iz
20009a71   sl_WlanSet
20009afd   PinMuxConfig
20009b41   copy_in
20009b85   C$$EXIT
20009b89   abort
20009b91   exit
20009bc9   _Dtest
20009c0d   sl_NetCfgSet
20009c51   PinModeSet
20009c91   _SlDrvRxIrqHandler
20009cd1   _SlNonOsMainLoopTask
20009d11   _SlRemoveFromList
20009d51   sl_WlanPolicySet
20009d91   sl_WlanRxFilterSet
20009dd1   NwpPowerOff
20009e0d   PRCMPeripheralClkEnable
20009e49   _SlDrvObjInit
20009e85   uDMAChannelControlSet
20009ec1   NwpRegisterInterruptHandler
20009ef9   sl_Htonl
20009f31   PRCMPeripheralStatusGet
20009f65   SPIFIFOLevelSet
20009f99   _SlDrvBasicCmd
20009fcd   _c_int00
2000a001   sl_Htons
2000a035   NwpPowerOn
2000a065   UARTDisable
2000a095   _SlDrvFlowContDeinit
2000a0c5   _SlDrvFlowContInit
2000a0f5   _SlNonOsSemGet
2000a125   sl_Socket
2000a155   __aeabi_i2d
2000a185   PRCMSysResetCauseGet
2000a1b1   PRCMPeripheralClkDisable
2000a1d9   _sl_BuildAddress
2000a201   sl_WlanSetMode
2000a229   DmaSpiSwIntHandler
2000a24d   IntUnregister
2000a271   UARTEnable
2000a295   memmove
2000a2b9   sl_Close
2000a2dd   sl_WlanProfileDel
2000a301   SPIReset
2000a323   SPIWordCountSet
2000a345   IntRegister
2000a365   _SlDrvCmdSend
2000a385   _SlNonOsSpawn
2000a3a5   UARTCharPut
2000a3c5   _SlDrvObjDeInit
2000a3e1   memccpy
2000a3fd   uDMAChannelDisable
2000a419   uDMAChannelEnable
2000a435   uDMAChannelRequest
2000a451   CopyPingResultsToReport
2000a46b   PinTypeSPI
2000a485   PinTypeUART
2000a49f   SPIDmaDisable
2000a4b9   SPIDmaEnable
2000a4d3   SPIFIFODisable
2000a4ed   SPIFIFOEnable
2000a507   SPIIntUnregister
2000a521   _SlDrvDeviceEventHandler
2000a53b   SPICSDisable
2000a553   SPICSEnable
2000a56b   SPIDisable
2000a583   SPIEnable
2000a59d   _args_main
2000a5b5   __aeabi_lmul
2000a5cd   PRCMHIBRegRead
2000a5e3   PRCMHIBRegWrite
2000a5f9   UARTCharGet
2000a60f   uDMAIntRegister
2000a625   CPUcpsie
2000a639   IntVTableBaseSet
2000a64d   _SlDrvShiftDWord
2000a661   _register_unlock
2000a667   _register_lock
2000a66f   _nop
2000a675   strlen
2000a689   uDMAControlBaseSet
2000a69d   uDMAIntClear
2000a6b1   __TI_zero_init
2000a6c3   sl_NetAppMDNSUnRegisterService
2000a6d5   uDMAIntUnregister
2000a6e9   NwpMaskInterrupt
2000a6f9   __TI_decompress_none
2000a707   _Dclass
2000a715   ResetISR
2000a725   NwpUnMaskInterrupt
2000a731   uDMADisable
2000a73d   uDMAEnable
2000a749   uDMAIntStatus
2000a755   IntMasterEnable
2000a75f   _SlNonOsSemSet
2000a767   sl_WlanDisconnect
2000a76f   UtilsDelay
2000a775   __TI_decompress_rle24
2000a77c   _ctypes_
2000a984   _SlPolicySetCmdCtrl
2000a988   _SlPolicyGetCmdCtrl
2000a98c   _SlProfileGetCmdCtrl
2000a990   _SlProfileDelCmdCtrl
2000a994   _SlWlanGetNetworkListCtrl
2000a998   _SlRxFilterAddtCmdCtrl
2000a99c   _SlRxFilterSetCmdCtrl
2000a9a0   _SlRxFilterGetCmdCtrl
2000a9a4   _SlSmartConfigStartCmdCtrl
2000a9a8   _SlWlanSetModeCmdCtrl
2000a9ac   _SlWlanCfgSetCmdCtrl
2000a9b0   _SlWlanCfgGetCmdCtrl
2000ac6c   g_H2NSyncPattern
2000ac74   g_H2NCnysPattern
2000ac7c   _SlActionLookupTable
2000acfc   _SlSockSocketCmdCtrl
2000ad00   _SlSockCloseCmdCtrl
2000ad04   _SlRecvfomCmdCtrl
2000ad08   _SlSendCmdCtrl
2000ad0c   _SlListenCmdCtrl
2000ad10   _SlAcceptCmdCtrl
2000ad14   _SlRecvCmdCtrl
2000ad18   _SlSetSockOptCmdCtrl
2000ad1c   _SlGetSockOptCmdCtrl
2000ad20   _SlSelectCmdCtrl
2000ad54   _SlNetAppStartCtrl
2000ad58   _SlNetAppStopCtrl
2000ad5c   _SlGetServiceListeCtrl
2000ad60   _SlRegisterServiceCtrl
2000ad64   _SlGetHostByServiceCtrl
2000ad68   _SlGetHostByNameCtrl
2000ad6c   _SlNetAppSetCmdCtrl
2000ad70   _SlNetAppSendTokenValueCmdCtrl
2000ad74   _SlNetAppGetCmdCtrl
2000adf8   _SlStopCmdCtrl
2000adfc   _SlEventMaskSetCmdCtrl
2000ae00   _SlEventMaskGetCmdCtrl
2000ae04   _SlDeviceGetCmdCtrl
2000ae08   _SlDeviceSetCmdCtrl
2000ae0c   _SlNetCfgSetCmdCtrl
2000ae10   _SlNetCfgGetCmdCtrl
2000ae18   __TI_static_base__
2000ae60   __TI_Handler_Table_Base
2000ae6c   __TI_Handler_Table_Limit
2000ae78   __TI_CINIT_Base
2000ae88   __TI_CINIT_Limit
20017000   _sys_memory
20017800   gpCtlTbl
20017c00   gfpAppCallbackHndl
20017d00   rx_udp_server
20017dc8   g__SlNonOsCB
20017df0   g_ucConnectionSSID
20017e14   g_ucConnectionBSSID
20017e20   g_cDummy
20017e21   iDone
20017e24   pPingCallBackFunc
20017e28   gFirstCmdMode
20017e2c   g_pCB
20017e30   g_StatMem
20017f94   g_SpiFd
20017f98   g_pHostIntHdl
20017f9c   g_ucDMAEnabled
20017fa0   g_ucDinDout
20017ff0   g_ulStatus
20017ff4   g_ulGatewayIP
20017ff8   g_ulDestinationIp
20017ffc   g_uiPortNum
20018000   g_ulPacketCount
20018004   g_ucSimplelinkstarted
20018008   g_ulIpAddr
2001800c   udp_str
20018018   num
20018028   _lock
2001802c   _unlock
20018030   __TI_cleanup_ptr
20018034   __TI_dtors_ptr
20018038   main_func_sp
2002f800   __stack
20030000   __STACK_END
ffffffff   __binit__
ffffffff   __c_args__
ffffffff   binit
UNDEFED    SHT$$INIT_ARRAY$$Base
UNDEFED    SHT$$INIT_ARRAY$$Limit

[296 symbols]
