******************************************************************************
                  TI ARM Linker PC v5.1.6                      
******************************************************************************
>> Linked Sat Mar 21 03:45:49 2015

OUTPUT FILE NAME:   <test udp_socket.out>
ENTRY POINT SYMBOL: "_c_int00"  address: 2000a871


MEMORY CONFIGURATION

         name            origin    length      used     unused   attr    fill
----------------------  --------  ---------  --------  --------  ----  --------
  SRAM_CODE             20004000   00013000  0000786a  0000b796  RW X
  SRAM_DATA             20017000   00019000  00001acc  00017534  RW X


SEGMENT ALLOCATION MAP

run origin  load origin   length   init length attrs members
----------  ----------- ---------- ----------- ----- -------
20004000    20004000    00007870   00007870    r-x
  20004000    20004000    00000400   00000400    r-- .intvecs
  20004400    20004400    00006d62   00006d62    r-x .text
  2000b164    2000b164    00000698   00000698    r-- .const
  2000b800    2000b800    00000070   00000070    r-- .cinit
20017000    20017000    000012d0   00000000    rw-
  20017000    20017000    00000894   00000000    rw- .bss
  20017898    20017898    00000800   00000000    rw- .sysmem
  20018098    20018098    00000238   00000000    rw- .data
2002f800    2002f800    00000800   00000000    rw-
  2002f800    2002f800    00000800   00000000    rw- .stack


SECTION ALLOCATION MAP

 output                                  attributes/
section   page    origin      length       input sections
--------  ----  ----------  ----------   ----------------
.init_array 
*          0    20004000    00000000     UNINITIALIZED

.intvecs   0    20004000    00000400     
                  20004000    00000400     startup_ccs.obj (.intvecs)

.text      0    20004400    00006d62     
                  20004400    00000ec0     rtsv7M4_T_le_eabi.lib : _printfi.obj (.text)
                  200052c0    00000d8c     main.obj (.text)
                  2000604c    00000530     spi.obj (.text)
                  2000657c    000003cc     rtsv7M4_T_le_eabi.lib : memory.obj (.text)
                  20006948    000003b4     simplelink.a : driver.obj (.text:_SlDrvMsgRead)
                  20006cfc    0000034c                  : driver.obj (.text:_SlAsyncEventGenericHandler)
                  20007048    0000026c     uart_if.obj (.text)
                  200072b4    00000200     udma_if.obj (.text)
                  200074b4    000001f4     rtsv7M4_T_le_eabi.lib : ull_div_t2.obj (.text)
                  200076a8    000001b6                           : fd_add_t2.obj (.text)
                  2000785e    00000002     driverlib.a : interrupt.obj (.text:IntDefaultHandler)
                  20007860    0000019c     simplelink.a : wlan.obj (.text:sl_WlanConnect)
                  200079fc    0000017c                  : driver.obj (.text:_SlDrvDataReadOp)
                  20007b78    00000140                  : driver.obj (.text:_SlDrvRxHdrRead)
                  20007cb8    00000136     rtsv7M4_T_le_eabi.lib : fd_div_t2.obj (.text)
                  20007dee    00000002     --HOLE-- [fill = 0]
                  20007df0    00000134     driverlib.a : prcm.obj (.text:PRCMCC3200MCUInit)
                  20007f24    00000128     simplelink.a : cc_pal.obj (.text:spi_Open)
                  2000804c    00000118                  : driver.obj (.text:_SlDrvWaitForPoolObj)
                  20008164    00000114                  : driver.obj (.text:_SlDrvMsgWrite)
                  20008278    0000010c                  : driver.obj (.text:_SlDrvReleasePoolObj)
                  20008384    000000fc     rtsv7M4_T_le_eabi.lib : fd_mul_t2.obj (.text)
                  20008480    000000fa     timer_if.obj (.text)
                  2000857a    00000002     --HOLE-- [fill = 0]
                  2000857c    000000f0     driverlib.a : udma.obj (.text:uDMAChannelTransferSet)
                  2000866c    000000ec     simplelink.a : cc_pal.obj (.text:spi_Write)
                  20008758    000000cc                  : device.obj (.text:sl_Stop)
                  20008824    000000cc                  : cc_pal.obj (.text:spi_Read)
                  200088f0    000000c8                  : device.obj (.text:sl_Start)
                  200089b8    000000bc                  : driver.obj (.text:_SlDrvMsgReadCmdCtx)
                  20008a74    000000b2                  : netapp.obj (.text:_SlDrvNetAppEventHandler)
                  20008b26    00000002     --HOLE-- [fill = 0]
                  20008b28    000000ac                  : socket.obj (.text:sl_RecvFrom)
                  20008bd4    000000a8     driverlib.a : interrupt.obj (.text:IntDisable)
                  20008c7c    000000a8                 : interrupt.obj (.text:IntEnable)
                  20008d24    000000a0                 : spi.obj (.text:SPIConfigSetExpClk)
                  20008dc4    0000009c     rtsv7M4_T_le_eabi.lib : memcpy_t2.obj (.text)
                  20008e60    00000098     simplelink.a : driver.obj (.text:_SlFindAndSetActiveObj)
                  20008ef8    00000094     driverlib.a : prcm.obj (.text:PRCMPeripheralClockGet)
                  20008f8c    00000094     simplelink.a : driver.obj (.text:_SlDrvClassifyRxMsg)
                  20009020    00000094                  : driver.obj (.text:_SlDrvMsgReadSpawnCtx)
                  200090b4    00000094     rtsv7M4_T_le_eabi.lib : auto_init.obj (.text)
                  20009148    00000090     simplelink.a : driver.obj (.text:_SlDrvDriverCBInit)
                  200091d8    00000088     driverlib.a : pin.obj (.text:PinConfigSet)
                  20009260    00000088     simplelink.a : driver.obj (.text:_SlDrvCmdOp)
                  200092e8    00000088     rtsv7M4_T_le_eabi.lib : vsnprintf.obj (.text)
                  20009370    00000088     simplelink.a : netapp.obj (.text:sl_NetAppMDNSRegisterUnregisterService)
                  200093f8    00000086     rtsv7M4_T_le_eabi.lib : fd_cmp_t2.obj (.text:__aeabi_cdcmple)
                  2000947e    00000086                           : fd_cmp_t2.obj (.text:__aeabi_cdrcmple)
                  20009504    00000084     simplelink.a : netapp.obj (.text:_sl_HandleAsync_DnsGetHostByName)
                  20009588    00000080                  : cc_pal.obj (.text:NwpPowerOnPreamble)
                  20009608    0000007c     driverlib.a : spi.obj (.text:SPIIntStatus)
                  20009684    0000007c     simplelink.a : device.obj (.text:sl_DevGet)
                  20009700    00000078                  : cc_pal.obj (.text:SetupDMAReceive)
                  20009778    00000078                  : device.obj (.text:_sl_HandleAsync_InitComplete)
                  200097f0    00000078                  : netapp.obj (.text:_sl_HandleAsync_PingResponse)
                  20009868    00000078     rtsv7M4_T_le_eabi.lib : memset_t2.obj (.text)
                  200098e0    00000076     driverlib.a : uart.obj (.text:UARTConfigSetExpClk)
                  20009956    00000002     --HOLE-- [fill = 0]
                  20009958    00000074     simplelink.a : cc_pal.obj (.text:spi_Close)
                  200099cc    00000070     driverlib.a : timer.obj (.text:TimerIntRegister)
                  20009a3c    0000006c     simplelink.a : socket.obj (.text:_sl_HandleAsync_Connect)
                  20009aa8    00000068     driverlib.a : timer.obj (.text:TimerIntUnregister)
                  20009b10    00000068     simplelink.a : socket.obj (.text:_sl_HandleAsync_Accept)
                  20009b78    00000068                  : netapp.obj (.text:_sl_HandleAsync_DnsGetHostByService)
                  20009be0    00000064     driverlib.a : udma.obj (.text:uDMAChannelAttributeDisable)
                  20009c44    00000064                 : udma.obj (.text:uDMAChannelAttributeEnable)
                  20009ca8    00000060     simplelink.a : driver.obj (.text:_SlDrvDriverCBDeinit)
                  20009d08    0000005e     rtsv7M4_T_le_eabi.lib : copy_decompress_rle.obj (.text)
                  20009d66    00000002     --HOLE-- [fill = 0]
                  20009d68    0000005c     simplelink.a : socket.obj (.text:_sl_HandleAsync_Select)
                  20009dc4    0000005c                  : socket.obj (.text:sl_Bind)
                  20009e20    0000005a     rtsv7M4_T_le_eabi.lib : ltoa.obj (.text)
                  20009e7a    00000002     --HOLE-- [fill = 0]
                  20009e7c    00000058     driverlib.a : interrupt.obj (.text:IntPendClear)
                  20009ed4    00000058                 : prcm.obj (.text:PRCMPeripheralReset)
                  20009f2c    00000058     simplelink.a : device.obj (.text:_sl_HandleAsync_Stop)
                  20009f84    00000054     driverlib.a : interrupt.obj (.text:IntPrioritySet)
                  20009fd8    00000054     simplelink.a : netapp.obj (.text:sl_NetAppSendTokenValue)
                  2000a02c    0000004c     driverlib.a : spi.obj (.text:SPIIntDisable)
                  2000a078    0000004c                 : spi.obj (.text:SPIIntEnable)
                  2000a0c4    0000004c                 : spi.obj (.text:SPIIntNumberGet)
                  2000a110    0000004c     rtsv7M4_T_le_eabi.lib : atoi.obj (.text)
                  2000a15c    0000004c     driverlib.a : udma.obj (.text:uDMAChannelAssign)
                  2000a1a8    0000004c                 : udma.obj (.text:uDMAChannelModeGet)
                  2000a1f4    0000004a     simplelink.a : device.obj (.text:_sl_GetStartResponseConvert)
                  2000a23e    00000002     --HOLE-- [fill = 0]
                  2000a240    00000048     driverlib.a : spi.obj (.text:SPIIntClear)
                  2000a288    00000048     rtsv7M4_T_le_eabi.lib : fd_toi_t2.obj (.text)
                  2000a2d0    00000048     simplelink.a : wlan.obj (.text:sl_WlanSet)
                  2000a318    00000044     driverlib.a : spi.obj (.text:SPIDmaMaskGet)
                  2000a35c    00000044                 : timer.obj (.text:TimerConfigure)
                  2000a3a0    00000044     pinmux.obj (.text)
                  2000a3e4    00000044     rtsv7M4_T_le_eabi.lib : cpy_tbl.obj (.text)
                  2000a428    00000044                           : exit.obj (.text)
                  2000a46c    00000044                           : xdtest.obj (.text)
                  2000a4b0    00000044     simplelink.a : netcfg.obj (.text:sl_NetCfgSet)
                  2000a4f4    00000040     driverlib.a : pin.obj (.text:PinModeSet)
                  2000a534    00000040     simplelink.a : driver.obj (.text:_SlDrvRxIrqHandler)
                  2000a574    00000040                  : nonos.obj (.text:_SlNonOsMainLoopTask)
                  2000a5b4    00000040                  : driver.obj (.text:_SlRemoveFromList)
                  2000a5f4    00000040                  : wlan.obj (.text:sl_WlanPolicySet)
                  2000a634    00000040                  : wlan.obj (.text:sl_WlanRxFilterSet)
                  2000a674    0000003c                  : cc_pal.obj (.text:NwpPowerOff)
                  2000a6b0    0000003c     driverlib.a : prcm.obj (.text:PRCMPeripheralClkEnable)
                  2000a6ec    0000003c     simplelink.a : driver.obj (.text:_SlDrvObjInit)
                  2000a728    0000003c     driverlib.a : udma.obj (.text:uDMAChannelControlSet)
                  2000a764    00000038     simplelink.a : cc_pal.obj (.text:NwpRegisterInterruptHandler)
                  2000a79c    00000038                  : socket.obj (.text:sl_Htonl)
                  2000a7d4    00000034     driverlib.a : prcm.obj (.text:PRCMPeripheralStatusGet)
                  2000a808    00000034                 : spi.obj (.text:SPIFIFOLevelSet)
                  2000a83c    00000034     simplelink.a : driver.obj (.text:_SlDrvBasicCmd)
                  2000a870    00000034     rtsv7M4_T_le_eabi.lib : boot.obj (.text)
                  2000a8a4    00000034     simplelink.a : socket.obj (.text:sl_Htons)
                  2000a8d8    00000030                  : cc_pal.obj (.text:NwpPowerOn)
                  2000a908    00000030     driverlib.a : uart.obj (.text:UARTDisable)
                  2000a938    00000030     simplelink.a : flowcont.obj (.text:_SlDrvFlowContDeinit)
                  2000a968    00000030                  : flowcont.obj (.text:_SlDrvFlowContInit)
                  2000a998    00000030                  : nonos.obj (.text:_SlNonOsSemGet)
                  2000a9c8    00000030                  : socket.obj (.text:sl_Socket)
                  2000a9f8    0000002e     rtsv7M4_T_le_eabi.lib : i_tofd_t2.obj (.text)
                  2000aa26    00000002     --HOLE-- [fill = 0]
                  2000aa28    0000002c     driverlib.a : prcm.obj (.text:PRCMSysResetCauseGet)
                  2000aa54    0000002a                 : timer.obj (.text:TimerLoadSet)
                  2000aa7e    0000002a                 : timer.obj (.text:TimerPrescaleSet)
                  2000aaa8    00000028                 : prcm.obj (.text:PRCMPeripheralClkDisable)
                  2000aad0    00000028     simplelink.a : socket.obj (.text:_sl_BuildAddress)
                  2000aaf8    00000028                  : wlan.obj (.text:sl_WlanSetMode)
                  2000ab20    00000024                  : cc_pal.obj (.text:DmaSpiSwIntHandler)
                  2000ab44    00000024     driverlib.a : interrupt.obj (.text:IntUnregister)
                  2000ab68    00000024                 : uart.obj (.text:UARTEnable)
                  2000ab8c    00000024     rtsv7M4_T_le_eabi.lib : memmov.obj (.text)
                  2000abb0    00000024     simplelink.a : socket.obj (.text:sl_Close)
                  2000abd4    00000024                  : wlan.obj (.text:sl_WlanProfileDel)
                  2000abf8    00000022     driverlib.a : spi.obj (.text:SPIReset)
                  2000ac1a    00000022                 : spi.obj (.text:SPIWordCountSet)
                  2000ac3c    00000020                 : interrupt.obj (.text:IntRegister)
                  2000ac5c    00000020     simplelink.a : driver.obj (.text:_SlDrvCmdSend)
                  2000ac7c    00000020                  : nonos.obj (.text:_SlNonOsSpawn)
                  2000ac9c    0000001e     driverlib.a : spi.obj (.text:SPIDataPut)
                  2000acba    0000001e                 : spi.obj (.text:SPIIntRegister)
                  2000acd8    0000001e                 : timer.obj (.text:TimerDisable)
                  2000acf6    0000001e                 : timer.obj (.text:TimerEnable)
                  2000ad14    0000001e                 : timer.obj (.text:TimerIntStatus)
                  2000ad32    0000001e                 : uart.obj (.text:UARTCharPut)
                  2000ad50    0000001c                 : timer.obj (.text:TimerValueGet)
                  2000ad6c    0000001c     simplelink.a : driver.obj (.text:_SlDrvObjDeInit)
                  2000ad88    0000001c     rtsv7M4_T_le_eabi.lib : memccpy.obj (.text)
                  2000ada4    0000001c     driverlib.a : udma.obj (.text:uDMAChannelDisable)
                  2000adc0    0000001c                 : udma.obj (.text:uDMAChannelEnable)
                  2000addc    0000001c                 : udma.obj (.text:uDMAChannelRequest)
                  2000adf8    0000001a     simplelink.a : netapp.obj (.text:CopyPingResultsToReport)
                  2000ae12    0000001a     driverlib.a : pin.obj (.text:PinTypeSPI)
                  2000ae2c    0000001a                 : pin.obj (.text:PinTypeUART)
                  2000ae46    0000001a                 : spi.obj (.text:SPIDmaDisable)
                  2000ae60    0000001a                 : spi.obj (.text:SPIDmaEnable)
                  2000ae7a    0000001a                 : spi.obj (.text:SPIFIFODisable)
                  2000ae94    0000001a                 : spi.obj (.text:SPIFIFOEnable)
                  2000aeae    0000001a                 : spi.obj (.text:SPIIntUnregister)
                  2000aec8    0000001a     simplelink.a : device.obj (.text:_SlDrvDeviceEventHandler)
                  2000aee2    00000018     driverlib.a : spi.obj (.text:SPICSDisable)
                  2000aefa    00000018                 : spi.obj (.text:SPICSEnable)
                  2000af12    00000018                 : spi.obj (.text:SPIDisable)
                  2000af2a    00000018                 : spi.obj (.text:SPIEnable)
                  2000af42    00000018                 : timer.obj (.text:TimerIntDisable)
                  2000af5a    00000018                 : timer.obj (.text:TimerIntEnable)
                  2000af72    00000002     --HOLE-- [fill = 0]
                  2000af74    00000018     rtsv7M4_T_le_eabi.lib : args_main.obj (.text)
                  2000af8c    00000018                           : ll_mul_t2.obj (.text)
                  2000afa4    00000016     driverlib.a : prcm.obj (.text:PRCMHIBRegRead)
                  2000afba    00000016                 : prcm.obj (.text:PRCMHIBRegWrite)
                  2000afd0    00000016                 : uart.obj (.text:UARTCharGet)
                  2000afe6    00000016                 : udma.obj (.text:uDMAIntRegister)
                  2000affc    00000014                 : cpu.obj (.text:CPUcpsie)
                  2000b010    00000014                 : interrupt.obj (.text:IntVTableBaseSet)
                  2000b024    00000014     simplelink.a : driver.obj (.text:_SlDrvShiftDWord)
                  2000b038    00000014     rtsv7M4_T_le_eabi.lib : _lock.obj (.text)
                  2000b04c    00000014                           : strlen.obj (.text)
                  2000b060    00000014     driverlib.a : udma.obj (.text:uDMAControlBaseSet)
                  2000b074    00000014                 : udma.obj (.text:uDMAIntClear)
                  2000b088    00000012                 : timer.obj (.text:TimerIntClear)
                  2000b09a    00000012     rtsv7M4_T_le_eabi.lib : copy_zero_init.obj (.text:decompress:ZI)
                  2000b0ac    00000012     simplelink.a : netapp.obj (.text:sl_NetAppMDNSUnRegisterService)
                  2000b0be    00000012     driverlib.a : udma.obj (.text:uDMAIntUnregister)
                  2000b0d0    00000010     simplelink.a : cc_pal.obj (.text:NwpMaskInterrupt)
                  2000b0e0    0000000e     rtsv7M4_T_le_eabi.lib : copy_decompress_none.obj (.text:decompress:none)
                  2000b0ee    0000000e                           : xdclass.obj (.text)
                  2000b0fc    0000000e     startup_ccs.obj (.text)
                  2000b10a    00000002     --HOLE-- [fill = 0]
                  2000b10c    0000000c     simplelink.a : cc_pal.obj (.text:NwpUnMaskInterrupt)
                  2000b118    0000000c     driverlib.a : udma.obj (.text:uDMADisable)
                  2000b124    0000000c                 : udma.obj (.text:uDMAEnable)
                  2000b130    0000000c                 : udma.obj (.text:uDMAIntStatus)
                  2000b13c    0000000a                 : interrupt.obj (.text:IntMasterEnable)
                  2000b146    00000008     simplelink.a : nonos.obj (.text:_SlNonOsSemSet)
                  2000b14e    00000008                  : wlan.obj (.text:sl_WlanDisconnect)
                  2000b156    00000006     driverlib.a : utils.obj (.text:UtilsDelay)
                  2000b15c    00000006     rtsv7M4_T_le_eabi.lib : copy_decompress_rle.obj (.text:decompress:rle24)

.const     0    2000b164    00000698     
                  2000b164    00000102     rtsv7M4_T_le_eabi.lib : ctype.obj (.const:.string:_ctypes_)
                  2000b266    00000002     --HOLE-- [fill = 0]
                  2000b268    00000100     driverlib.a : pin.obj (.const:g_ulPinToPadMap)
                  2000b368    000000ec     simplelink.a : wlan.obj (.const)
                  2000b454    000000d4     driverlib.a : interrupt.obj (.const:g_pulRegs)
                  2000b528    000000a8                 : prcm.obj (.const:PRCM_PeriphRegsList)
                  2000b5d0    00000080                 : interrupt.obj (.const)
                  2000b650    0000004c     simplelink.a : driver.obj (.const)
                  2000b69c    0000003c     main.obj (.const:.string)
                  2000b6d8    00000034     simplelink.a : socket.obj (.const)
                  2000b70c    0000002c     main.obj (.const:$P$T1$2)
                  2000b738    00000028     simplelink.a : netapp.obj (.const)
                  2000b760    00000024     driverlib.a : spi.obj (.const:g_ppulSPIIntMap)
                  2000b784    00000022     main.obj (.const:.string:$P$T0$1)
                  2000b7a6    00000002     --HOLE-- [fill = 0]
                  2000b7a8    00000020     main.obj (.const)
                  2000b7c8    00000018     driverlib.a : spi.obj (.const)
                  2000b7e0    00000014     simplelink.a : device.obj (.const)
                  2000b7f4    00000008                  : netcfg.obj (.const)

.cinit     0    2000b800    00000070     
                  2000b800    0000004c     (.cinit..data.load) [load image, compression = rle]
                  2000b84c    0000000c     (__TI_handler_table)
                  2000b858    00000008     (.cinit..bss.load) [load image, compression = zero_init]
                  2000b860    00000010     (__TI_cinit_table)

.bss       0    20017000    00000894     UNINITIALIZED
                  20017000    00000400     udma_if.obj (.bss:gpCtlTbl)
                  20017400    00000100     udma_if.obj (.bss:gfpAppCallbackHndl)
                  20017500    000000c8     spi.obj (.bss:myStrC)
                  200175c8    000000c8     main.obj (.bss:rx_udp_server)
                  20017690    00000064     spi.obj (.bss:myStrA)
                  200176f4    00000064     spi.obj (.bss:myStrB)
                  20017758    00000064     spi.obj (.bss:myStrX)
                  200177bc    00000064     spi.obj (.bss:myStrY)
                  20017820    00000028     simplelink.a : nonos.obj (.bss:g__SlNonOsCB)
                  20017848    00000024     main.obj (.bss:g_ucConnectionSSID)
                  2001786c    0000000c     (.common:cmd_buffer)
                  20017878    00000008     (.common:g_ucConnectionBSSID)
                  20017880    00000004     (.common:Reset_SYNC)
                  20017884    00000004     (.common:__Errorlog)
                  20017888    00000004     (.common:framesync_t)
                  2001788c    00000004     (.common:ulMode)
                  20017890    00000002     (.common:ulRecvData)
                  20017892    00000001     (.common:g_cDummy)
                  20017893    00000001     (.common:iDone)

.sysmem    0    20017898    00000800     UNINITIALIZED
                  20017898    00000008     rtsv7M4_T_le_eabi.lib : memory.obj (.sysmem)
                  200178a0    000007f8     --HOLE--

.data      0    20018098    00000238     UNINITIALIZED
                  20018098    00000170     simplelink.a : driver.obj (.data)
                  20018208    0000005c                  : cc_pal.obj (.data)
                  20018264    0000002c     main.obj (.data)
                  20018290    00000020     spi.obj (.data)
                  200182b0    0000000c     rtsv7M4_T_le_eabi.lib : memory.obj (.data)
                  200182bc    00000008                           : _lock.obj (.data)
                  200182c4    00000008                           : exit.obj (.data)
                  200182cc    00000004                           : stkdepth_vars.obj (.data)

.stack     0    2002f800    00000800     UNINITIALIZED
                  2002f800    00000800     --HOLE--


LINKER GENERATED COPY TABLES

__TI_cinit_table @ 2000b860 records: 2, size/record: 8, table size: 16
	.data: load addr=2000b800, load size=0000004c bytes, run addr=20018098, run size=00000238 bytes, compression=rle
	.bss: load addr=2000b858, load size=00000008 bytes, run addr=20017000, run size=00000894 bytes, compression=zero_init


LINKER GENERATED HANDLER TABLE

__TI_handler_table @ 2000b84c records: 3, size/record: 4, table size: 12
	index: 0, handler: __TI_decompress_rle24
	index: 1, handler: __TI_decompress_none
	index: 2, handler: __TI_zero_init


GLOBAL SYMBOLS: SORTED ALPHABETICALLY BY Name 

address    name
--------   ----
20005bfb   BsdUdpClient
20005ae1   BsdUdpServer
2000a429   C$$EXIT
2000affd   CPUcpsie
20007089   ClearTerm
2000adf9   CopyPingResultsToReport
2000745b   DMASetupTransfer
200072cb   DmaErrorIntHandler
2000ab21   DmaSpiSwIntHandler
200072b5   DmaSwIntHandler
20007093   Error
200070cb   GetCmd
20007049   InitTerm
20008bd5   IntDisable
20008c7d   IntEnable
2000b13d   IntMasterEnable
20009e7d   IntPendClear
20009f85   IntPrioritySet
2000ac3d   IntRegister
2000ab45   IntUnregister
2000b011   IntVTableBaseSet
20007067   Message
2000b0d1   NwpMaskInterrupt
2000a675   NwpPowerOff
2000a8d9   NwpPowerOn
20009589   NwpPowerOnPreamble
2000a765   NwpRegisterInterruptHandler
2000b10d   NwpUnMaskInterrupt
20007df1   PRCMCC3200MCUInit
2000afa5   PRCMHIBRegRead
2000afbb   PRCMHIBRegWrite
2000aaa9   PRCMPeripheralClkDisable
2000a6b1   PRCMPeripheralClkEnable
20008ef9   PRCMPeripheralClockGet
20009ed5   PRCMPeripheralReset
2000a7d5   PRCMPeripheralStatusGet
2000aa29   PRCMSysResetCauseGet
200091d9   PinConfigSet
2000a4f5   PinModeSet
2000a3a1   PinMuxConfig
2000ae13   PinTypeSPI
2000ae2d   PinTypeUART
200071f5   Report
2000b0fd   ResetISR
20017880   Reset_SYNC
UNDEFED    SHT$$INIT_ARRAY$$Base
UNDEFED    SHT$$INIT_ARRAY$$Limit
2000aee3   SPICSDisable
2000aefb   SPICSEnable
20008d25   SPIConfigSetExpClk
2000ac9d   SPIDataPut
2000af13   SPIDisable
2000ae47   SPIDmaDisable
2000ae61   SPIDmaEnable
2000af2b   SPIEnable
2000ae7b   SPIFIFODisable
2000ae95   SPIFIFOEnable
2000a809   SPIFIFOLevelSet
2000a241   SPIIntClear
2000a02d   SPIIntDisable
2000a079   SPIIntEnable
2000acbb   SPIIntRegister
20009609   SPIIntStatus
2000aeaf   SPIIntUnregister
2000abf9   SPIReset
2000ac1b   SPIWordCountSet
2000735d   SetupTransfer
200054c9   SimpleLinkGeneralEventHandler
2000551d   SimpleLinkHttpServerCallback
20005409   SimpleLinkNetAppEventHandler
20005529   SimpleLinkSockEventHandler
200052f9   SimpleLinkWlanEventHandler
200062c1   SlaveMain
2000a35d   TimerConfigure
2000acd9   TimerDisable
2000acf7   TimerEnable
2000b089   TimerIntClear
2000af43   TimerIntDisable
2000af5b   TimerIntEnable
200099cd   TimerIntRegister
2000ad15   TimerIntStatus
20009aa9   TimerIntUnregister
2000aa55   TimerLoadSet
2000aa7f   TimerPrescaleSet
2000ad51   TimerValueGet
20008535   Timer_IF_DeInit
20008563   Timer_IF_GetCount
20008481   Timer_IF_Init
200084b3   Timer_IF_IntSetup
200084f1   Timer_IF_InterruptClear
2000854f   Timer_IF_ReLoad
20008509   Timer_IF_Start
20008525   Timer_IF_Stop
2000715d   TrimSpace
2000afd1   UARTCharGet
2000ad33   UARTCharPut
200098e1   UARTConfigSetExpClk
2000a909   UARTDisable
2000ab69   UARTEnable
2000732f   UDMAChannelSelect
20007447   UDMADeInit
200072d7   UDMAInit
200073a1   UDMASetupAutoMemTransfer
200073d5   UDMASetupPingPongTransfer
2000742f   UDMAStartTransfer
2000743b   UDMAStopTransfer
2000b157   UtilsDelay
2000b0ef   _Dclass
2000a46d   _Dtest
2000b6f8   _SlAcceptCmdCtrl
2000b664   _SlActionLookupTable
20006cfd   _SlAsyncEventGenericHandler
2000b7ec   _SlDeviceGetCmdCtrl
2000b7f0   _SlDeviceSetCmdCtrl
2000a83d   _SlDrvBasicCmd
20008f8d   _SlDrvClassifyRxMsg
20009261   _SlDrvCmdOp
2000ac5d   _SlDrvCmdSend
200079fd   _SlDrvDataReadOp
2000aec9   _SlDrvDeviceEventHandler
20009ca9   _SlDrvDriverCBDeinit
20009149   _SlDrvDriverCBInit
2000a939   _SlDrvFlowContDeinit
2000a969   _SlDrvFlowContInit
20006949   _SlDrvMsgRead
200089b9   _SlDrvMsgReadCmdCtx
20009021   _SlDrvMsgReadSpawnCtx
20008165   _SlDrvMsgWrite
20008a75   _SlDrvNetAppEventHandler
2000ad6d   _SlDrvObjDeInit
2000a6ed   _SlDrvObjInit
20008279   _SlDrvReleasePoolObj
20007b79   _SlDrvRxHdrRead
2000a535   _SlDrvRxIrqHandler
2000b025   _SlDrvShiftDWord
2000804d   _SlDrvWaitForPoolObj
2000b7e8   _SlEventMaskGetCmdCtrl
2000b7e4   _SlEventMaskSetCmdCtrl
20008e61   _SlFindAndSetActiveObj
2000b750   _SlGetHostByNameCtrl
2000b74c   _SlGetHostByServiceCtrl
2000b744   _SlGetServiceListeCtrl
2000b704   _SlGetSockOptCmdCtrl
2000b6f4   _SlListenCmdCtrl
2000b75c   _SlNetAppGetCmdCtrl
2000b758   _SlNetAppSendTokenValueCmdCtrl
2000b754   _SlNetAppSetCmdCtrl
2000b73c   _SlNetAppStartCtrl
2000b740   _SlNetAppStopCtrl
2000b7f8   _SlNetCfgGetCmdCtrl
2000b7f4   _SlNetCfgSetCmdCtrl
2000a575   _SlNonOsMainLoopTask
2000a999   _SlNonOsSemGet
2000b147   _SlNonOsSemSet
2000ac7d   _SlNonOsSpawn
2000b370   _SlPolicyGetCmdCtrl
2000b36c   _SlPolicySetCmdCtrl
2000b378   _SlProfileDelCmdCtrl
2000b374   _SlProfileGetCmdCtrl
2000b6fc   _SlRecvCmdCtrl
2000b6ec   _SlRecvfomCmdCtrl
2000b748   _SlRegisterServiceCtrl
2000a5b5   _SlRemoveFromList
2000b380   _SlRxFilterAddtCmdCtrl
2000b388   _SlRxFilterGetCmdCtrl
2000b384   _SlRxFilterSetCmdCtrl
2000b708   _SlSelectCmdCtrl
2000b6f0   _SlSendCmdCtrl
2000b700   _SlSetSockOptCmdCtrl
2000b38c   _SlSmartConfigStartCmdCtrl
2000b6e8   _SlSockCloseCmdCtrl
2000b6e4   _SlSockSocketCmdCtrl
2000b7e0   _SlStopCmdCtrl
2000b398   _SlWlanCfgGetCmdCtrl
2000b394   _SlWlanCfgSetCmdCtrl
2000b37c   _SlWlanGetNetworkListCtrl
2000b390   _SlWlanSetModeCmdCtrl
20030000   __STACK_END
00000800   __STACK_SIZE
00000800   __SYSMEM_SIZE
2000b860   __TI_CINIT_Base
2000b870   __TI_CINIT_Limit
2000b84c   __TI_Handler_Table_Base
2000b858   __TI_Handler_Table_Limit
00000001   __TI_args_main
200090b5   __TI_auto_init
200182c4   __TI_cleanup_ptr
2000b0e1   __TI_decompress_none
2000b15d   __TI_decompress_rle24
200182c8   __TI_dtors_ptr
20004fb7   __TI_printfi
2000b800   __TI_static_base__
2000b09b   __TI_zero_init
200093f9   __aeabi_cdcmpeq
200093f9   __aeabi_cdcmple
2000947f   __aeabi_cdrcmple
2000a289   __aeabi_d2iz
200076b3   __aeabi_dadd
20007cb9   __aeabi_ddiv
20008385   __aeabi_dmul
200076a9   __aeabi_dsub
2000a9f9   __aeabi_i2d
2000af8d   __aeabi_lmul
20009869   __aeabi_memclr
20009869   __aeabi_memclr4
20009869   __aeabi_memclr8
20008dc5   __aeabi_memcpy
20008dc5   __aeabi_memcpy4
20008dc5   __aeabi_memcpy8
2000986b   __aeabi_memset
2000986b   __aeabi_memset4
2000986b   __aeabi_memset8
200074b5   __aeabi_uldivmod
ffffffff   __binit__
ffffffff   __c_args__
2002f800   __stack
2000af75   _args_main
2000a871   _c_int00
2000b164   _ctypes_
200182bc   _lock
2000b047   _nop
2000b03f   _register_lock
2000b039   _register_unlock
2000aad1   _sl_BuildAddress
2000a1f5   _sl_GetStartResponseConvert
20009b11   _sl_HandleAsync_Accept
20009a3d   _sl_HandleAsync_Connect
20009505   _sl_HandleAsync_DnsGetHostByName
20009b79   _sl_HandleAsync_DnsGetHostByService
20009779   _sl_HandleAsync_InitComplete
200097f1   _sl_HandleAsync_PingResponse
20009d69   _sl_HandleAsync_Select
20009f2d   _sl_HandleAsync_Stop
20017898   _sys_memory
200182c0   _unlock
2000a42d   abort
2000a111   atoi
ffffffff   binit
20006911   calloc
2001829c   check_cmd
200182ac   check_frame_start
20018298   chk_bufa_flag
2001786c   cmd_buffer
200182a8   cmd_index
200182a4   cmd_sent
2000a3e5   copy_in
2000a435   exit
20018294   flag
200064d1   frame_sync
20017888   framesync_t
2000666b   free
2001809c   gFirstCmdMode
2000b65c   g_H2NCnysPattern
2000b654   g_H2NSyncPattern
20018208   g_SpiFd
200180a4   g_StatMem
20017820   g__SlNonOsCB
20017892   g_cDummy
200180a0   g_pCB
2001820c   g_pHostIntHdl
20004000   g_pfnVectors
20017878   g_ucConnectionBSSID
20017848   g_ucConnectionSSID
20018210   g_ucDMAEnabled
20018214   g_ucDinDout
20018278   g_ucSimplelinkstarted
20018270   g_uiPortNum
2001826c   g_ulDestinationIp
20018268   g_ulGatewayIP
2001827c   g_ulIpAddr
20018274   g_ulPacketCount
20018264   g_ulStatus
200182a0   get_sync_cmd_resp
20017400   gfpAppCallbackHndl
20017000   gpCtlTbl
20017893   iDone
20018290   index
20009e21   ltoa
20005d6d   main
200182cc   main_func_sp
20006609   malloc
20006831   memalign
2000ad89   memccpy
20008dc5   memcpy
2000ab8d   memmove
20009871   memset
2000657d   minit
200052c1   ms_delay
20017690   myStrA
200176f4   myStrB
20017500   myStrC
20017758   myStrX
200177bc   myStrY
2001828c   num
20018098   pPingCallBackFunc
2000672b   realloc
20006455   reset_sync_spi
200175c8   rx_udp_server
200063cd   send_cmd
20009dc5   sl_Bind
2000abb1   sl_Close
20009685   sl_DevGet
2000a79d   sl_Htonl
2000a8a5   sl_Htons
20009371   sl_NetAppMDNSRegisterUnregisterService
2000b0ad   sl_NetAppMDNSUnRegisterService
20009fd9   sl_NetAppSendTokenValue
2000a4b1   sl_NetCfgSet
20008b29   sl_RecvFrom
2000a9c9   sl_Socket
200088f1   sl_Start
20008759   sl_Stop
20007861   sl_WlanConnect
2000b14f   sl_WlanDisconnect
2000a5f5   sl_WlanPolicySet
2000abd5   sl_WlanProfileDel
2000a635   sl_WlanRxFilterSet
2000a2d1   sl_WlanSet
2000aaf9   sl_WlanSetMode
2000653d   spi
20009959   spi_Close
20007f25   spi_Open
20008825   spi_Read
2000866d   spi_Write
2000b04d   strlen
2000a15d   uDMAChannelAssign
20009be1   uDMAChannelAttributeDisable
20009c45   uDMAChannelAttributeEnable
2000a729   uDMAChannelControlSet
2000ada5   uDMAChannelDisable
2000adc1   uDMAChannelEnable
2000a1a9   uDMAChannelModeGet
2000addd   uDMAChannelRequest
2000857d   uDMAChannelTransferSet
2000b061   uDMAControlBaseSet
2000b119   uDMADisable
2000b125   uDMAEnable
2000b075   uDMAIntClear
2000afe7   uDMAIntRegister
2000b131   uDMAIntStatus
2000b0bf   uDMAIntUnregister
20018280   udp_str
2001788c   ulMode
20017890   ulRecvData
200092e9   vsnprintf


GLOBAL SYMBOLS: SORTED BY Symbol Address 

address    name
--------   ----
00000001   __TI_args_main
00000800   __STACK_SIZE
00000800   __SYSMEM_SIZE
20004000   g_pfnVectors
20004fb7   __TI_printfi
200052c1   ms_delay
200052f9   SimpleLinkWlanEventHandler
20005409   SimpleLinkNetAppEventHandler
200054c9   SimpleLinkGeneralEventHandler
2000551d   SimpleLinkHttpServerCallback
20005529   SimpleLinkSockEventHandler
20005ae1   BsdUdpServer
20005bfb   BsdUdpClient
20005d6d   main
200062c1   SlaveMain
200063cd   send_cmd
20006455   reset_sync_spi
200064d1   frame_sync
2000653d   spi
2000657d   minit
20006609   malloc
2000666b   free
2000672b   realloc
20006831   memalign
20006911   calloc
20006949   _SlDrvMsgRead
20006cfd   _SlAsyncEventGenericHandler
20007049   InitTerm
20007067   Message
20007089   ClearTerm
20007093   Error
200070cb   GetCmd
2000715d   TrimSpace
200071f5   Report
200072b5   DmaSwIntHandler
200072cb   DmaErrorIntHandler
200072d7   UDMAInit
2000732f   UDMAChannelSelect
2000735d   SetupTransfer
200073a1   UDMASetupAutoMemTransfer
200073d5   UDMASetupPingPongTransfer
2000742f   UDMAStartTransfer
2000743b   UDMAStopTransfer
20007447   UDMADeInit
2000745b   DMASetupTransfer
200074b5   __aeabi_uldivmod
200076a9   __aeabi_dsub
200076b3   __aeabi_dadd
20007861   sl_WlanConnect
200079fd   _SlDrvDataReadOp
20007b79   _SlDrvRxHdrRead
20007cb9   __aeabi_ddiv
20007df1   PRCMCC3200MCUInit
20007f25   spi_Open
2000804d   _SlDrvWaitForPoolObj
20008165   _SlDrvMsgWrite
20008279   _SlDrvReleasePoolObj
20008385   __aeabi_dmul
20008481   Timer_IF_Init
200084b3   Timer_IF_IntSetup
200084f1   Timer_IF_InterruptClear
20008509   Timer_IF_Start
20008525   Timer_IF_Stop
20008535   Timer_IF_DeInit
2000854f   Timer_IF_ReLoad
20008563   Timer_IF_GetCount
2000857d   uDMAChannelTransferSet
2000866d   spi_Write
20008759   sl_Stop
20008825   spi_Read
200088f1   sl_Start
200089b9   _SlDrvMsgReadCmdCtx
20008a75   _SlDrvNetAppEventHandler
20008b29   sl_RecvFrom
20008bd5   IntDisable
20008c7d   IntEnable
20008d25   SPIConfigSetExpClk
20008dc5   __aeabi_memcpy
20008dc5   __aeabi_memcpy4
20008dc5   __aeabi_memcpy8
20008dc5   memcpy
20008e61   _SlFindAndSetActiveObj
20008ef9   PRCMPeripheralClockGet
20008f8d   _SlDrvClassifyRxMsg
20009021   _SlDrvMsgReadSpawnCtx
200090b5   __TI_auto_init
20009149   _SlDrvDriverCBInit
200091d9   PinConfigSet
20009261   _SlDrvCmdOp
200092e9   vsnprintf
20009371   sl_NetAppMDNSRegisterUnregisterService
200093f9   __aeabi_cdcmpeq
200093f9   __aeabi_cdcmple
2000947f   __aeabi_cdrcmple
20009505   _sl_HandleAsync_DnsGetHostByName
20009589   NwpPowerOnPreamble
20009609   SPIIntStatus
20009685   sl_DevGet
20009779   _sl_HandleAsync_InitComplete
200097f1   _sl_HandleAsync_PingResponse
20009869   __aeabi_memclr
20009869   __aeabi_memclr4
20009869   __aeabi_memclr8
2000986b   __aeabi_memset
2000986b   __aeabi_memset4
2000986b   __aeabi_memset8
20009871   memset
200098e1   UARTConfigSetExpClk
20009959   spi_Close
200099cd   TimerIntRegister
20009a3d   _sl_HandleAsync_Connect
20009aa9   TimerIntUnregister
20009b11   _sl_HandleAsync_Accept
20009b79   _sl_HandleAsync_DnsGetHostByService
20009be1   uDMAChannelAttributeDisable
20009c45   uDMAChannelAttributeEnable
20009ca9   _SlDrvDriverCBDeinit
20009d69   _sl_HandleAsync_Select
20009dc5   sl_Bind
20009e21   ltoa
20009e7d   IntPendClear
20009ed5   PRCMPeripheralReset
20009f2d   _sl_HandleAsync_Stop
20009f85   IntPrioritySet
20009fd9   sl_NetAppSendTokenValue
2000a02d   SPIIntDisable
2000a079   SPIIntEnable
2000a111   atoi
2000a15d   uDMAChannelAssign
2000a1a9   uDMAChannelModeGet
2000a1f5   _sl_GetStartResponseConvert
2000a241   SPIIntClear
2000a289   __aeabi_d2iz
2000a2d1   sl_WlanSet
2000a35d   TimerConfigure
2000a3a1   PinMuxConfig
2000a3e5   copy_in
2000a429   C$$EXIT
2000a42d   abort
2000a435   exit
2000a46d   _Dtest
2000a4b1   sl_NetCfgSet
2000a4f5   PinModeSet
2000a535   _SlDrvRxIrqHandler
2000a575   _SlNonOsMainLoopTask
2000a5b5   _SlRemoveFromList
2000a5f5   sl_WlanPolicySet
2000a635   sl_WlanRxFilterSet
2000a675   NwpPowerOff
2000a6b1   PRCMPeripheralClkEnable
2000a6ed   _SlDrvObjInit
2000a729   uDMAChannelControlSet
2000a765   NwpRegisterInterruptHandler
2000a79d   sl_Htonl
2000a7d5   PRCMPeripheralStatusGet
2000a809   SPIFIFOLevelSet
2000a83d   _SlDrvBasicCmd
2000a871   _c_int00
2000a8a5   sl_Htons
2000a8d9   NwpPowerOn
2000a909   UARTDisable
2000a939   _SlDrvFlowContDeinit
2000a969   _SlDrvFlowContInit
2000a999   _SlNonOsSemGet
2000a9c9   sl_Socket
2000a9f9   __aeabi_i2d
2000aa29   PRCMSysResetCauseGet
2000aa55   TimerLoadSet
2000aa7f   TimerPrescaleSet
2000aaa9   PRCMPeripheralClkDisable
2000aad1   _sl_BuildAddress
2000aaf9   sl_WlanSetMode
2000ab21   DmaSpiSwIntHandler
2000ab45   IntUnregister
2000ab69   UARTEnable
2000ab8d   memmove
2000abb1   sl_Close
2000abd5   sl_WlanProfileDel
2000abf9   SPIReset
2000ac1b   SPIWordCountSet
2000ac3d   IntRegister
2000ac5d   _SlDrvCmdSend
2000ac7d   _SlNonOsSpawn
2000ac9d   SPIDataPut
2000acbb   SPIIntRegister
2000acd9   TimerDisable
2000acf7   TimerEnable
2000ad15   TimerIntStatus
2000ad33   UARTCharPut
2000ad51   TimerValueGet
2000ad6d   _SlDrvObjDeInit
2000ad89   memccpy
2000ada5   uDMAChannelDisable
2000adc1   uDMAChannelEnable
2000addd   uDMAChannelRequest
2000adf9   CopyPingResultsToReport
2000ae13   PinTypeSPI
2000ae2d   PinTypeUART
2000ae47   SPIDmaDisable
2000ae61   SPIDmaEnable
2000ae7b   SPIFIFODisable
2000ae95   SPIFIFOEnable
2000aeaf   SPIIntUnregister
2000aec9   _SlDrvDeviceEventHandler
2000aee3   SPICSDisable
2000aefb   SPICSEnable
2000af13   SPIDisable
2000af2b   SPIEnable
2000af43   TimerIntDisable
2000af5b   TimerIntEnable
2000af75   _args_main
2000af8d   __aeabi_lmul
2000afa5   PRCMHIBRegRead
2000afbb   PRCMHIBRegWrite
2000afd1   UARTCharGet
2000afe7   uDMAIntRegister
2000affd   CPUcpsie
2000b011   IntVTableBaseSet
2000b025   _SlDrvShiftDWord
2000b039   _register_unlock
2000b03f   _register_lock
2000b047   _nop
2000b04d   strlen
2000b061   uDMAControlBaseSet
2000b075   uDMAIntClear
2000b089   TimerIntClear
2000b09b   __TI_zero_init
2000b0ad   sl_NetAppMDNSUnRegisterService
2000b0bf   uDMAIntUnregister
2000b0d1   NwpMaskInterrupt
2000b0e1   __TI_decompress_none
2000b0ef   _Dclass
2000b0fd   ResetISR
2000b10d   NwpUnMaskInterrupt
2000b119   uDMADisable
2000b125   uDMAEnable
2000b131   uDMAIntStatus
2000b13d   IntMasterEnable
2000b147   _SlNonOsSemSet
2000b14f   sl_WlanDisconnect
2000b157   UtilsDelay
2000b15d   __TI_decompress_rle24
2000b164   _ctypes_
2000b36c   _SlPolicySetCmdCtrl
2000b370   _SlPolicyGetCmdCtrl
2000b374   _SlProfileGetCmdCtrl
2000b378   _SlProfileDelCmdCtrl
2000b37c   _SlWlanGetNetworkListCtrl
2000b380   _SlRxFilterAddtCmdCtrl
2000b384   _SlRxFilterSetCmdCtrl
2000b388   _SlRxFilterGetCmdCtrl
2000b38c   _SlSmartConfigStartCmdCtrl
2000b390   _SlWlanSetModeCmdCtrl
2000b394   _SlWlanCfgSetCmdCtrl
2000b398   _SlWlanCfgGetCmdCtrl
2000b654   g_H2NSyncPattern
2000b65c   g_H2NCnysPattern
2000b664   _SlActionLookupTable
2000b6e4   _SlSockSocketCmdCtrl
2000b6e8   _SlSockCloseCmdCtrl
2000b6ec   _SlRecvfomCmdCtrl
2000b6f0   _SlSendCmdCtrl
2000b6f4   _SlListenCmdCtrl
2000b6f8   _SlAcceptCmdCtrl
2000b6fc   _SlRecvCmdCtrl
2000b700   _SlSetSockOptCmdCtrl
2000b704   _SlGetSockOptCmdCtrl
2000b708   _SlSelectCmdCtrl
2000b73c   _SlNetAppStartCtrl
2000b740   _SlNetAppStopCtrl
2000b744   _SlGetServiceListeCtrl
2000b748   _SlRegisterServiceCtrl
2000b74c   _SlGetHostByServiceCtrl
2000b750   _SlGetHostByNameCtrl
2000b754   _SlNetAppSetCmdCtrl
2000b758   _SlNetAppSendTokenValueCmdCtrl
2000b75c   _SlNetAppGetCmdCtrl
2000b7e0   _SlStopCmdCtrl
2000b7e4   _SlEventMaskSetCmdCtrl
2000b7e8   _SlEventMaskGetCmdCtrl
2000b7ec   _SlDeviceGetCmdCtrl
2000b7f0   _SlDeviceSetCmdCtrl
2000b7f4   _SlNetCfgSetCmdCtrl
2000b7f8   _SlNetCfgGetCmdCtrl
2000b800   __TI_static_base__
2000b84c   __TI_Handler_Table_Base
2000b858   __TI_Handler_Table_Limit
2000b860   __TI_CINIT_Base
2000b870   __TI_CINIT_Limit
20017000   gpCtlTbl
20017400   gfpAppCallbackHndl
20017500   myStrC
200175c8   rx_udp_server
20017690   myStrA
200176f4   myStrB
20017758   myStrX
200177bc   myStrY
20017820   g__SlNonOsCB
20017848   g_ucConnectionSSID
2001786c   cmd_buffer
20017878   g_ucConnectionBSSID
20017880   Reset_SYNC
20017888   framesync_t
2001788c   ulMode
20017890   ulRecvData
20017892   g_cDummy
20017893   iDone
20017898   _sys_memory
20018098   pPingCallBackFunc
2001809c   gFirstCmdMode
200180a0   g_pCB
200180a4   g_StatMem
20018208   g_SpiFd
2001820c   g_pHostIntHdl
20018210   g_ucDMAEnabled
20018214   g_ucDinDout
20018264   g_ulStatus
20018268   g_ulGatewayIP
2001826c   g_ulDestinationIp
20018270   g_uiPortNum
20018274   g_ulPacketCount
20018278   g_ucSimplelinkstarted
2001827c   g_ulIpAddr
20018280   udp_str
2001828c   num
20018290   index
20018294   flag
20018298   chk_bufa_flag
2001829c   check_cmd
200182a0   get_sync_cmd_resp
200182a4   cmd_sent
200182a8   cmd_index
200182ac   check_frame_start
200182bc   _lock
200182c0   _unlock
200182c4   __TI_cleanup_ptr
200182c8   __TI_dtors_ptr
200182cc   main_func_sp
2002f800   __stack
20030000   __STACK_END
ffffffff   __binit__
ffffffff   __c_args__
ffffffff   binit
UNDEFED    SHT$$INIT_ARRAY$$Base
UNDEFED    SHT$$INIT_ARRAY$$Limit

[345 symbols]
