******************************************************************************
                  TI ARM Linker PC v5.1.6                      
******************************************************************************
>> Linked Sat Apr 11 00:01:17 2015

OUTPUT FILE NAME:   <test udp_socket.out>
ENTRY POINT SYMBOL: "_c_int00"  address: 2000aabd


MEMORY CONFIGURATION

         name            origin    length      used     unused   attr    fill
----------------------  --------  ---------  --------  --------  ----  --------
  SRAM_CODE             20004000   00013000  00007a92  0000b56e  RW X
  SRAM_DATA             20017000   00019000  000023c8  00016c38  RW X


SEGMENT ALLOCATION MAP

run origin  load origin   length   init length attrs members
----------  ----------- ---------- ----------- ----- -------
20004000    20004000    00007a98   00007a98    r-x
  20004000    20004000    00000400   00000400    r-- .intvecs
  20004400    20004400    00006fae   00006fae    r-x .text
  2000b3b0    2000b3b0    00000674   00000674    r-- .const
  2000ba28    2000ba28    00000070   00000070    r-- .cinit
20017000    20017000    00001bc8   00000000    rw-
  20017000    20017000    00001178   00000000    rw- .bss
  20018178    20018178    00000800   00000000    rw- .sysmem
  20018978    20018978    00000250   00000000    rw- .data
2002f800    2002f800    00000800   00000000    rw-
  2002f800    2002f800    00000800   00000000    rw- .stack


SECTION ALLOCATION MAP

 output                                  attributes/
section   page    origin      length       input sections
--------  ----  ----------  ----------   ----------------
.init_array 
*          0    20004000    00000000     UNINITIALIZED

.intvecs   0    20004000    00000400     
                  20004000    00000400     startup_ccs.obj (.intvecs)

.text      0    20004400    00006fae     
                  20004400    00000ec0     rtsv7M4_T_le_eabi.lib : _printfi.obj (.text)
                  200052c0    00000e64     main.obj (.text)
                  20006124    000003f4     spi.obj (.text)
                  20006518    000003cc     rtsv7M4_T_le_eabi.lib : memory.obj (.text)
                  200068e4    000003b4     simplelink.a : driver.obj (.text:_SlDrvMsgRead)
                  20006c98    0000034c                  : driver.obj (.text:_SlAsyncEventGenericHandler)
                  20006fe4    0000026c     uart_if.obj (.text)
                  20007250    00000200     udma_if.obj (.text)
                  20007450    000001f4     rtsv7M4_T_le_eabi.lib : ull_div_t2.obj (.text)
                  20007644    000001b6                           : fd_add_t2.obj (.text)
                  200077fa    00000002     driverlib.a : interrupt.obj (.text:IntDefaultHandler)
                  200077fc    0000019c     simplelink.a : wlan.obj (.text:sl_WlanConnect)
                  20007998    0000017c                  : driver.obj (.text:_SlDrvDataReadOp)
                  20007b14    00000140                  : driver.obj (.text:_SlDrvDataWriteOp)
                  20007c54    00000140                  : driver.obj (.text:_SlDrvRxHdrRead)
                  20007d94    00000136     rtsv7M4_T_le_eabi.lib : fd_div_t2.obj (.text)
                  20007eca    00000002     --HOLE-- [fill = 0]
                  20007ecc    00000134     driverlib.a : prcm.obj (.text:PRCMCC3200MCUInit)
                  20008000    00000128     simplelink.a : cc_pal.obj (.text:spi_Open)
                  20008128    00000118                  : driver.obj (.text:_SlDrvWaitForPoolObj)
                  20008240    00000114                  : driver.obj (.text:_SlDrvMsgWrite)
                  20008354    0000010c                  : driver.obj (.text:_SlDrvReleasePoolObj)
                  20008460    000000fc     rtsv7M4_T_le_eabi.lib : fd_mul_t2.obj (.text)
                  2000855c    000000fa     timer_if.obj (.text)
                  20008656    00000002     --HOLE-- [fill = 0]
                  20008658    000000f0     driverlib.a : udma.obj (.text:uDMAChannelTransferSet)
                  20008748    000000ec     simplelink.a : cc_pal.obj (.text:spi_Write)
                  20008834    000000cc                  : device.obj (.text:sl_Stop)
                  20008900    000000cc                  : cc_pal.obj (.text:spi_Read)
                  200089cc    000000c8                  : device.obj (.text:sl_Start)
                  20008a94    000000bc                  : driver.obj (.text:_SlDrvMsgReadCmdCtx)
                  20008b50    000000b4                  : socket.obj (.text:sl_SendTo)
                  20008c04    000000b2                  : netapp.obj (.text:_SlDrvNetAppEventHandler)
                  20008cb6    00000002     --HOLE-- [fill = 0]
                  20008cb8    000000ac                  : socket.obj (.text:sl_RecvFrom)
                  20008d64    000000a8     driverlib.a : interrupt.obj (.text:IntDisable)
                  20008e0c    000000a8                 : interrupt.obj (.text:IntEnable)
                  20008eb4    000000a0                 : spi.obj (.text:SPIConfigSetExpClk)
                  20008f54    0000009c     rtsv7M4_T_le_eabi.lib : memcpy_t2.obj (.text)
                  20008ff0    00000098     simplelink.a : driver.obj (.text:_SlFindAndSetActiveObj)
                  20009088    00000094     driverlib.a : prcm.obj (.text:PRCMPeripheralClockGet)
                  2000911c    00000094     simplelink.a : driver.obj (.text:_SlDrvClassifyRxMsg)
                  200091b0    00000094                  : driver.obj (.text:_SlDrvMsgReadSpawnCtx)
                  20009244    00000094     rtsv7M4_T_le_eabi.lib : auto_init.obj (.text)
                  200092d8    00000090     simplelink.a : driver.obj (.text:_SlDrvDriverCBInit)
                  20009368    00000088     driverlib.a : pin.obj (.text:PinConfigSet)
                  200093f0    00000088     simplelink.a : driver.obj (.text:_SlDrvCmdOp)
                  20009478    00000088     rtsv7M4_T_le_eabi.lib : vsnprintf.obj (.text)
                  20009500    00000088     simplelink.a : netapp.obj (.text:sl_NetAppMDNSRegisterUnregisterService)
                  20009588    00000086     rtsv7M4_T_le_eabi.lib : fd_cmp_t2.obj (.text:__aeabi_cdcmple)
                  2000960e    00000086                           : fd_cmp_t2.obj (.text:__aeabi_cdrcmple)
                  20009694    00000084     simplelink.a : netapp.obj (.text:_sl_HandleAsync_DnsGetHostByName)
                  20009718    00000080                  : cc_pal.obj (.text:NwpPowerOnPreamble)
                  20009798    0000007c     driverlib.a : spi.obj (.text:SPIIntStatus)
                  20009814    0000007c     simplelink.a : device.obj (.text:sl_DevGet)
                  20009890    00000078                  : cc_pal.obj (.text:SetupDMAReceive)
                  20009908    00000078                  : device.obj (.text:_sl_HandleAsync_InitComplete)
                  20009980    00000078                  : netapp.obj (.text:_sl_HandleAsync_PingResponse)
                  200099f8    00000078     rtsv7M4_T_le_eabi.lib : memset_t2.obj (.text)
                  20009a70    00000076     driverlib.a : uart.obj (.text:UARTConfigSetExpClk)
                  20009ae6    00000002     --HOLE-- [fill = 0]
                  20009ae8    00000074     simplelink.a : cc_pal.obj (.text:spi_Close)
                  20009b5c    00000070     driverlib.a : timer.obj (.text:TimerIntRegister)
                  20009bcc    0000006e     simplelink.a : socket.obj (.text:_sl_TruncatePayloadByProtocol)
                  20009c3a    00000002     --HOLE-- [fill = 0]
                  20009c3c    0000006c                  : socket.obj (.text:_sl_HandleAsync_Connect)
                  20009ca8    00000068     driverlib.a : timer.obj (.text:TimerIntUnregister)
                  20009d10    00000068     simplelink.a : socket.obj (.text:_sl_HandleAsync_Accept)
                  20009d78    00000068                  : netapp.obj (.text:_sl_HandleAsync_DnsGetHostByService)
                  20009de0    00000064     driverlib.a : udma.obj (.text:uDMAChannelAttributeDisable)
                  20009e44    00000064                 : udma.obj (.text:uDMAChannelAttributeEnable)
                  20009ea8    00000060     simplelink.a : driver.obj (.text:_SlDrvDriverCBDeinit)
                  20009f08    0000005e     rtsv7M4_T_le_eabi.lib : copy_decompress_rle.obj (.text)
                  20009f66    00000002     --HOLE-- [fill = 0]
                  20009f68    0000005c     simplelink.a : socket.obj (.text:_sl_HandleAsync_Select)
                  20009fc4    0000005c                  : socket.obj (.text:sl_Bind)
                  2000a020    0000005a     rtsv7M4_T_le_eabi.lib : ltoa.obj (.text)
                  2000a07a    00000002     --HOLE-- [fill = 0]
                  2000a07c    00000058     driverlib.a : interrupt.obj (.text:IntPendClear)
                  2000a0d4    00000058                 : prcm.obj (.text:PRCMPeripheralReset)
                  2000a12c    00000058     simplelink.a : device.obj (.text:_sl_HandleAsync_Stop)
                  2000a184    00000054     driverlib.a : interrupt.obj (.text:IntPrioritySet)
                  2000a1d8    00000054     simplelink.a : netapp.obj (.text:sl_NetAppSendTokenValue)
                  2000a22c    0000004c     driverlib.a : spi.obj (.text:SPIIntDisable)
                  2000a278    0000004c                 : spi.obj (.text:SPIIntEnable)
                  2000a2c4    0000004c                 : spi.obj (.text:SPIIntNumberGet)
                  2000a310    0000004c     rtsv7M4_T_le_eabi.lib : atoi.obj (.text)
                  2000a35c    0000004c     simplelink.a : socket.obj (.text:sl_SetSockOpt)
                  2000a3a8    0000004c     driverlib.a : udma.obj (.text:uDMAChannelAssign)
                  2000a3f4    0000004c                 : udma.obj (.text:uDMAChannelModeGet)
                  2000a440    0000004a     simplelink.a : device.obj (.text:_sl_GetStartResponseConvert)
                  2000a48a    00000002     --HOLE-- [fill = 0]
                  2000a48c    00000048     driverlib.a : spi.obj (.text:SPIIntClear)
                  2000a4d4    00000048     rtsv7M4_T_le_eabi.lib : fd_toi_t2.obj (.text)
                  2000a51c    00000048     simplelink.a : wlan.obj (.text:sl_WlanSet)
                  2000a564    00000044     driverlib.a : spi.obj (.text:SPIDmaMaskGet)
                  2000a5a8    00000044                 : timer.obj (.text:TimerConfigure)
                  2000a5ec    00000044     pinmux.obj (.text)
                  2000a630    00000044     rtsv7M4_T_le_eabi.lib : cpy_tbl.obj (.text)
                  2000a674    00000044                           : exit.obj (.text)
                  2000a6b8    00000044                           : xdtest.obj (.text)
                  2000a6fc    00000044     simplelink.a : netcfg.obj (.text:sl_NetCfgSet)
                  2000a740    00000040     driverlib.a : pin.obj (.text:PinModeSet)
                  2000a780    00000040     simplelink.a : driver.obj (.text:_SlDrvRxIrqHandler)
                  2000a7c0    00000040                  : nonos.obj (.text:_SlNonOsMainLoopTask)
                  2000a800    00000040                  : driver.obj (.text:_SlRemoveFromList)
                  2000a840    00000040                  : wlan.obj (.text:sl_WlanPolicySet)
                  2000a880    00000040                  : wlan.obj (.text:sl_WlanRxFilterSet)
                  2000a8c0    0000003c                  : cc_pal.obj (.text:NwpPowerOff)
                  2000a8fc    0000003c     driverlib.a : prcm.obj (.text:PRCMPeripheralClkEnable)
                  2000a938    0000003c     simplelink.a : driver.obj (.text:_SlDrvObjInit)
                  2000a974    0000003c     driverlib.a : udma.obj (.text:uDMAChannelControlSet)
                  2000a9b0    00000038     simplelink.a : cc_pal.obj (.text:NwpRegisterInterruptHandler)
                  2000a9e8    00000038                  : socket.obj (.text:sl_Htonl)
                  2000aa20    00000034     driverlib.a : prcm.obj (.text:PRCMPeripheralStatusGet)
                  2000aa54    00000034                 : spi.obj (.text:SPIFIFOLevelSet)
                  2000aa88    00000034     simplelink.a : driver.obj (.text:_SlDrvBasicCmd)
                  2000aabc    00000034     rtsv7M4_T_le_eabi.lib : boot.obj (.text)
                  2000aaf0    00000034     simplelink.a : socket.obj (.text:sl_Htons)
                  2000ab24    00000030                  : cc_pal.obj (.text:NwpPowerOn)
                  2000ab54    00000030     driverlib.a : uart.obj (.text:UARTDisable)
                  2000ab84    00000030     simplelink.a : flowcont.obj (.text:_SlDrvFlowContDeinit)
                  2000abb4    00000030                  : flowcont.obj (.text:_SlDrvFlowContInit)
                  2000abe4    00000030                  : nonos.obj (.text:_SlNonOsSemGet)
                  2000ac14    00000030                  : socket.obj (.text:sl_Socket)
                  2000ac44    0000002e     rtsv7M4_T_le_eabi.lib : i_tofd_t2.obj (.text)
                  2000ac72    00000002     --HOLE-- [fill = 0]
                  2000ac74    0000002c     driverlib.a : prcm.obj (.text:PRCMSysResetCauseGet)
                  2000aca0    0000002a                 : timer.obj (.text:TimerLoadSet)
                  2000acca    0000002a                 : timer.obj (.text:TimerPrescaleSet)
                  2000acf4    00000028                 : prcm.obj (.text:PRCMPeripheralClkDisable)
                  2000ad1c    00000028     simplelink.a : socket.obj (.text:_sl_BuildAddress)
                  2000ad44    00000028                  : wlan.obj (.text:sl_WlanSetMode)
                  2000ad6c    00000024                  : cc_pal.obj (.text:DmaSpiSwIntHandler)
                  2000ad90    00000024     driverlib.a : interrupt.obj (.text:IntUnregister)
                  2000adb4    00000024                 : uart.obj (.text:UARTEnable)
                  2000add8    00000024     rtsv7M4_T_le_eabi.lib : memmov.obj (.text)
                  2000adfc    00000024     simplelink.a : socket.obj (.text:sl_Close)
                  2000ae20    00000024                  : wlan.obj (.text:sl_WlanProfileDel)
                  2000ae44    00000022     driverlib.a : spi.obj (.text:SPIReset)
                  2000ae66    00000022                 : spi.obj (.text:SPIWordCountSet)
                  2000ae88    00000020                 : interrupt.obj (.text:IntRegister)
                  2000aea8    00000020     simplelink.a : driver.obj (.text:_SlDrvCmdSend)
                  2000aec8    00000020                  : nonos.obj (.text:_SlNonOsSpawn)
                  2000aee8    0000001e     driverlib.a : spi.obj (.text:SPIDataPut)
                  2000af06    0000001e                 : spi.obj (.text:SPIIntRegister)
                  2000af24    0000001e                 : timer.obj (.text:TimerDisable)
                  2000af42    0000001e                 : timer.obj (.text:TimerEnable)
                  2000af60    0000001e                 : timer.obj (.text:TimerIntStatus)
                  2000af7e    0000001e                 : uart.obj (.text:UARTCharPut)
                  2000af9c    0000001c                 : timer.obj (.text:TimerValueGet)
                  2000afb8    0000001c     simplelink.a : driver.obj (.text:_SlDrvObjDeInit)
                  2000afd4    0000001c     rtsv7M4_T_le_eabi.lib : memccpy.obj (.text)
                  2000aff0    0000001c     driverlib.a : udma.obj (.text:uDMAChannelDisable)
                  2000b00c    0000001c                 : udma.obj (.text:uDMAChannelEnable)
                  2000b028    0000001c                 : udma.obj (.text:uDMAChannelRequest)
                  2000b044    0000001a     simplelink.a : netapp.obj (.text:CopyPingResultsToReport)
                  2000b05e    0000001a     driverlib.a : pin.obj (.text:PinTypeSPI)
                  2000b078    0000001a                 : pin.obj (.text:PinTypeUART)
                  2000b092    0000001a                 : spi.obj (.text:SPIDmaDisable)
                  2000b0ac    0000001a                 : spi.obj (.text:SPIDmaEnable)
                  2000b0c6    0000001a                 : spi.obj (.text:SPIFIFODisable)
                  2000b0e0    0000001a                 : spi.obj (.text:SPIFIFOEnable)
                  2000b0fa    0000001a                 : spi.obj (.text:SPIIntUnregister)
                  2000b114    0000001a     simplelink.a : device.obj (.text:_SlDrvDeviceEventHandler)
                  2000b12e    00000018     driverlib.a : spi.obj (.text:SPICSDisable)
                  2000b146    00000018                 : spi.obj (.text:SPICSEnable)
                  2000b15e    00000018                 : spi.obj (.text:SPIDisable)
                  2000b176    00000018                 : spi.obj (.text:SPIEnable)
                  2000b18e    00000018                 : timer.obj (.text:TimerIntDisable)
                  2000b1a6    00000018                 : timer.obj (.text:TimerIntEnable)
                  2000b1be    00000002     --HOLE-- [fill = 0]
                  2000b1c0    00000018     rtsv7M4_T_le_eabi.lib : args_main.obj (.text)
                  2000b1d8    00000018                           : ll_mul_t2.obj (.text)
                  2000b1f0    00000016     driverlib.a : prcm.obj (.text:PRCMHIBRegRead)
                  2000b206    00000016                 : prcm.obj (.text:PRCMHIBRegWrite)
                  2000b21c    00000016                 : uart.obj (.text:UARTCharGet)
                  2000b232    00000016                 : udma.obj (.text:uDMAIntRegister)
                  2000b248    00000014                 : cpu.obj (.text:CPUcpsie)
                  2000b25c    00000014                 : interrupt.obj (.text:IntVTableBaseSet)
                  2000b270    00000014     simplelink.a : driver.obj (.text:_SlDrvShiftDWord)
                  2000b284    00000014     rtsv7M4_T_le_eabi.lib : _lock.obj (.text)
                  2000b298    00000014                           : strlen.obj (.text)
                  2000b2ac    00000014     driverlib.a : udma.obj (.text:uDMAControlBaseSet)
                  2000b2c0    00000014                 : udma.obj (.text:uDMAIntClear)
                  2000b2d4    00000012                 : timer.obj (.text:TimerIntClear)
                  2000b2e6    00000012     rtsv7M4_T_le_eabi.lib : copy_zero_init.obj (.text:decompress:ZI)
                  2000b2f8    00000012     simplelink.a : netapp.obj (.text:sl_NetAppMDNSUnRegisterService)
                  2000b30a    00000012     driverlib.a : udma.obj (.text:uDMAIntUnregister)
                  2000b31c    00000010     simplelink.a : cc_pal.obj (.text:NwpMaskInterrupt)
                  2000b32c    0000000e     rtsv7M4_T_le_eabi.lib : copy_decompress_none.obj (.text:decompress:none)
                  2000b33a    0000000e                           : xdclass.obj (.text)
                  2000b348    0000000e     startup_ccs.obj (.text)
                  2000b356    00000002     --HOLE-- [fill = 0]
                  2000b358    0000000c     simplelink.a : cc_pal.obj (.text:NwpUnMaskInterrupt)
                  2000b364    0000000c     driverlib.a : udma.obj (.text:uDMADisable)
                  2000b370    0000000c                 : udma.obj (.text:uDMAEnable)
                  2000b37c    0000000c                 : udma.obj (.text:uDMAIntStatus)
                  2000b388    0000000a                 : interrupt.obj (.text:IntMasterEnable)
                  2000b392    00000008     simplelink.a : nonos.obj (.text:_SlNonOsSemSet)
                  2000b39a    00000008                  : wlan.obj (.text:sl_WlanDisconnect)
                  2000b3a2    00000006     driverlib.a : utils.obj (.text:UtilsDelay)
                  2000b3a8    00000006     rtsv7M4_T_le_eabi.lib : copy_decompress_rle.obj (.text:decompress:rle24)

.const     0    2000b3b0    00000674     
                  2000b3b0    00000102     rtsv7M4_T_le_eabi.lib : ctype.obj (.const:.string:_ctypes_)
                  2000b4b2    00000002     --HOLE-- [fill = 0]
                  2000b4b4    00000100     driverlib.a : pin.obj (.const:g_ulPinToPadMap)
                  2000b5b4    000000ec     simplelink.a : wlan.obj (.const)
                  2000b6a0    000000d4     driverlib.a : interrupt.obj (.const:g_pulRegs)
                  2000b774    000000a8                 : prcm.obj (.const:PRCM_PeriphRegsList)
                  2000b81c    00000080                 : interrupt.obj (.const)
                  2000b89c    0000004c     simplelink.a : driver.obj (.const)
                  2000b8e8    00000034                  : socket.obj (.const)
                  2000b91c    0000002c     main.obj (.const:$P$T1$2)
                  2000b948    00000028     simplelink.a : netapp.obj (.const)
                  2000b970    00000024     driverlib.a : spi.obj (.const:g_ppulSPIIntMap)
                  2000b994    00000022     main.obj (.const:.string:$P$T0$1)
                  2000b9b6    00000002     --HOLE-- [fill = 0]
                  2000b9b8    00000020     main.obj (.const)
                  2000b9d8    00000018     driverlib.a : spi.obj (.const)
                  2000b9f0    00000016     main.obj (.const:.string)
                  2000ba06    00000002     --HOLE-- [fill = 0]
                  2000ba08    00000014     simplelink.a : device.obj (.const)
                  2000ba1c    00000008                  : netcfg.obj (.const)

.cinit     0    2000ba28    00000070     
                  2000ba28    0000004c     (.cinit..data.load) [load image, compression = rle]
                  2000ba74    0000000c     (__TI_handler_table)
                  2000ba80    00000008     (.cinit..bss.load) [load image, compression = zero_init]
                  2000ba88    00000010     (__TI_cinit_table)

.bss       0    20017000    00001178     UNINITIALIZED
                  20017000    00000578     main.obj (.bss:myStrC)
                  20017578    00000100     udma_if.obj (.bss:gfpAppCallbackHndl)
                  20017678    00000028     simplelink.a : nonos.obj (.bss:g__SlNonOsCB)
                  200176a0    00000024     main.obj (.bss:g_ucConnectionSSID)
                  200176c4    0000000c     (.common:cmd_buffer)
                  200176d0    00000008     (.common:g_ucConnectionBSSID)
                  200176d8    00000004     (.common:Reset_SYNC)
                  200176dc    00000004     (.common:__Errorlog)
                  200176e0    00000004     (.common:recvfromflag)
                  200176e4    00000004     (.common:rx_udp_server)
                  200176e8    00000004     (.common:udploop)
                  200176ec    00000002     (.common:ulRecvData)
                  200176ee    00000001     (.common:g_cDummy)
                  200176ef    00000001     (.common:iDone)
                  200176f0    00000110     --HOLE--
                  20017800    00000400     udma_if.obj (.bss:gpCtlTbl)
                  20017c00    000002bc     spi.obj (.bss:myStrA)
                  20017ebc    000002bc     spi.obj (.bss:myStrB)

.sysmem    0    20018178    00000800     UNINITIALIZED
                  20018178    00000008     rtsv7M4_T_le_eabi.lib : memory.obj (.sysmem)
                  20018180    000007f8     --HOLE--

.data      0    20018978    00000250     UNINITIALIZED
                  20018978    00000170     simplelink.a : driver.obj (.data)
                  20018ae8    0000005c                  : cc_pal.obj (.data)
                  20018b44    00000034     main.obj (.data)
                  20018b78    00000030     spi.obj (.data)
                  20018ba8    0000000c     rtsv7M4_T_le_eabi.lib : memory.obj (.data)
                  20018bb4    00000008                           : _lock.obj (.data)
                  20018bbc    00000008                           : exit.obj (.data)
                  20018bc4    00000004                           : stkdepth_vars.obj (.data)

.stack     0    2002f800    00000800     UNINITIALIZED
                  2002f800    00000800     --HOLE--


LINKER GENERATED COPY TABLES

__TI_cinit_table @ 2000ba88 records: 2, size/record: 8, table size: 16
	.data: load addr=2000ba28, load size=0000004c bytes, run addr=20018978, run size=00000250 bytes, compression=rle
	.bss: load addr=2000ba80, load size=00000008 bytes, run addr=20017000, run size=00001178 bytes, compression=zero_init


LINKER GENERATED HANDLER TABLE

__TI_handler_table @ 2000ba74 records: 3, size/record: 4, table size: 12
	index: 0, handler: __TI_decompress_rle24
	index: 1, handler: __TI_decompress_none
	index: 2, handler: __TI_zero_init


GLOBAL SYMBOLS: SORTED ALPHABETICALLY BY Name 

address    name
--------   ----
2000a675   C$$EXIT
2000b249   CPUcpsie
20007025   ClearTerm
2000b045   CopyPingResultsToReport
200073f7   DMASetupTransfer
20007267   DmaErrorIntHandler
2000ad6d   DmaSpiSwIntHandler
20007251   DmaSwIntHandler
2000702f   Error
20007067   GetCmd
20006fe5   InitTerm
20008d65   IntDisable
20008e0d   IntEnable
2000b389   IntMasterEnable
2000a07d   IntPendClear
2000a185   IntPrioritySet
2000ae89   IntRegister
2000ad91   IntUnregister
2000b25d   IntVTableBaseSet
20007003   Message
2000b31d   NwpMaskInterrupt
2000a8c1   NwpPowerOff
2000ab25   NwpPowerOn
20009719   NwpPowerOnPreamble
2000a9b1   NwpRegisterInterruptHandler
2000b359   NwpUnMaskInterrupt
20007ecd   PRCMCC3200MCUInit
2000b1f1   PRCMHIBRegRead
2000b207   PRCMHIBRegWrite
2000acf5   PRCMPeripheralClkDisable
2000a8fd   PRCMPeripheralClkEnable
20009089   PRCMPeripheralClockGet
2000a0d5   PRCMPeripheralReset
2000aa21   PRCMPeripheralStatusGet
2000ac75   PRCMSysResetCauseGet
20009369   PinConfigSet
2000a741   PinModeSet
2000a5ed   PinMuxConfig
2000b05f   PinTypeSPI
2000b079   PinTypeUART
20007191   Report
2000b349   ResetISR
200176d8   Reset_SYNC
UNDEFED    SHT$$INIT_ARRAY$$Base
UNDEFED    SHT$$INIT_ARRAY$$Limit
2000b12f   SPICSDisable
2000b147   SPICSEnable
20008eb5   SPIConfigSetExpClk
2000aee9   SPIDataPut
2000b15f   SPIDisable
2000b093   SPIDmaDisable
2000b0ad   SPIDmaEnable
2000b177   SPIEnable
2000b0c7   SPIFIFODisable
2000b0e1   SPIFIFOEnable
2000aa55   SPIFIFOLevelSet
2000a48d   SPIIntClear
2000a22d   SPIIntDisable
2000a279   SPIIntEnable
2000af07   SPIIntRegister
20009799   SPIIntStatus
2000b0fb   SPIIntUnregister
2000ae45   SPIReset
2000ae67   SPIWordCountSet
200072f9   SetupTransfer
200054c9   SimpleLinkGeneralEventHandler
2000551d   SimpleLinkHttpServerCallback
20005409   SimpleLinkNetAppEventHandler
20005529   SimpleLinkSockEventHandler
200052f9   SimpleLinkWlanEventHandler
20006293   SlaveMain
2000a5a9   TimerConfigure
2000af25   TimerDisable
2000af43   TimerEnable
2000b2d5   TimerIntClear
2000b18f   TimerIntDisable
2000b1a7   TimerIntEnable
20009b5d   TimerIntRegister
2000af61   TimerIntStatus
20009ca9   TimerIntUnregister
2000aca1   TimerLoadSet
2000accb   TimerPrescaleSet
2000af9d   TimerValueGet
20008611   Timer_IF_DeInit
2000863f   Timer_IF_GetCount
2000855d   Timer_IF_Init
2000858f   Timer_IF_IntSetup
200085cd   Timer_IF_InterruptClear
2000862b   Timer_IF_ReLoad
200085e5   Timer_IF_Start
20008601   Timer_IF_Stop
200070f9   TrimSpace
2000b21d   UARTCharGet
2000af7f   UARTCharPut
20009a71   UARTConfigSetExpClk
2000ab55   UARTDisable
2000adb5   UARTEnable
200072cb   UDMAChannelSelect
200073e3   UDMADeInit
20007273   UDMAInit
2000733d   UDMASetupAutoMemTransfer
20007371   UDMASetupPingPongTransfer
200073cb   UDMAStartTransfer
200073d7   UDMAStopTransfer
20005ab1   UdpServer
2000b3a3   UtilsDelay
2000b33b   _Dclass
2000a6b9   _Dtest
2000b908   _SlAcceptCmdCtrl
2000b8b0   _SlActionLookupTable
20006c99   _SlAsyncEventGenericHandler
2000ba14   _SlDeviceGetCmdCtrl
2000ba18   _SlDeviceSetCmdCtrl
2000aa89   _SlDrvBasicCmd
2000911d   _SlDrvClassifyRxMsg
200093f1   _SlDrvCmdOp
2000aea9   _SlDrvCmdSend
20007999   _SlDrvDataReadOp
20007b15   _SlDrvDataWriteOp
2000b115   _SlDrvDeviceEventHandler
20009ea9   _SlDrvDriverCBDeinit
200092d9   _SlDrvDriverCBInit
2000ab85   _SlDrvFlowContDeinit
2000abb5   _SlDrvFlowContInit
200068e5   _SlDrvMsgRead
20008a95   _SlDrvMsgReadCmdCtx
200091b1   _SlDrvMsgReadSpawnCtx
20008241   _SlDrvMsgWrite
20008c05   _SlDrvNetAppEventHandler
2000afb9   _SlDrvObjDeInit
2000a939   _SlDrvObjInit
20008355   _SlDrvReleasePoolObj
20007c55   _SlDrvRxHdrRead
2000a781   _SlDrvRxIrqHandler
2000b271   _SlDrvShiftDWord
20008129   _SlDrvWaitForPoolObj
2000ba10   _SlEventMaskGetCmdCtrl
2000ba0c   _SlEventMaskSetCmdCtrl
20008ff1   _SlFindAndSetActiveObj
2000b960   _SlGetHostByNameCtrl
2000b95c   _SlGetHostByServiceCtrl
2000b954   _SlGetServiceListeCtrl
2000b914   _SlGetSockOptCmdCtrl
2000b904   _SlListenCmdCtrl
2000b96c   _SlNetAppGetCmdCtrl
2000b968   _SlNetAppSendTokenValueCmdCtrl
2000b964   _SlNetAppSetCmdCtrl
2000b94c   _SlNetAppStartCtrl
2000b950   _SlNetAppStopCtrl
2000ba20   _SlNetCfgGetCmdCtrl
2000ba1c   _SlNetCfgSetCmdCtrl
2000a7c1   _SlNonOsMainLoopTask
2000abe5   _SlNonOsSemGet
2000b393   _SlNonOsSemSet
2000aec9   _SlNonOsSpawn
2000b5bc   _SlPolicyGetCmdCtrl
2000b5b8   _SlPolicySetCmdCtrl
2000b5c4   _SlProfileDelCmdCtrl
2000b5c0   _SlProfileGetCmdCtrl
2000b90c   _SlRecvCmdCtrl
2000b8fc   _SlRecvfomCmdCtrl
2000b958   _SlRegisterServiceCtrl
2000a801   _SlRemoveFromList
2000b5cc   _SlRxFilterAddtCmdCtrl
2000b5d4   _SlRxFilterGetCmdCtrl
2000b5d0   _SlRxFilterSetCmdCtrl
2000b918   _SlSelectCmdCtrl
2000b900   _SlSendCmdCtrl
2000b910   _SlSetSockOptCmdCtrl
2000b5d8   _SlSmartConfigStartCmdCtrl
2000b8f8   _SlSockCloseCmdCtrl
2000b8f4   _SlSockSocketCmdCtrl
2000ba08   _SlStopCmdCtrl
2000b5e4   _SlWlanCfgGetCmdCtrl
2000b5e0   _SlWlanCfgSetCmdCtrl
2000b5c8   _SlWlanGetNetworkListCtrl
2000b5dc   _SlWlanSetModeCmdCtrl
20030000   __STACK_END
00000800   __STACK_SIZE
00000800   __SYSMEM_SIZE
2000ba88   __TI_CINIT_Base
2000ba98   __TI_CINIT_Limit
2000ba74   __TI_Handler_Table_Base
2000ba80   __TI_Handler_Table_Limit
00000001   __TI_args_main
20009245   __TI_auto_init
20018bbc   __TI_cleanup_ptr
2000b32d   __TI_decompress_none
2000b3a9   __TI_decompress_rle24
20018bc0   __TI_dtors_ptr
20004fb7   __TI_printfi
2000ba28   __TI_static_base__
2000b2e7   __TI_zero_init
20009589   __aeabi_cdcmpeq
20009589   __aeabi_cdcmple
2000960f   __aeabi_cdrcmple
2000a4d5   __aeabi_d2iz
2000764f   __aeabi_dadd
20007d95   __aeabi_ddiv
20008461   __aeabi_dmul
20007645   __aeabi_dsub
2000ac45   __aeabi_i2d
2000b1d9   __aeabi_lmul
200099f9   __aeabi_memclr
200099f9   __aeabi_memclr4
200099f9   __aeabi_memclr8
20008f55   __aeabi_memcpy
20008f55   __aeabi_memcpy4
20008f55   __aeabi_memcpy8
200099fb   __aeabi_memset
200099fb   __aeabi_memset4
200099fb   __aeabi_memset8
20007451   __aeabi_uldivmod
ffffffff   __binit__
ffffffff   __c_args__
2002f800   __stack
2000b1c1   _args_main
2000aabd   _c_int00
2000b3b0   _ctypes_
20018bb4   _lock
2000b293   _nop
2000b28b   _register_lock
2000b285   _register_unlock
2000ad1d   _sl_BuildAddress
2000a441   _sl_GetStartResponseConvert
20009d11   _sl_HandleAsync_Accept
20009c3d   _sl_HandleAsync_Connect
20009695   _sl_HandleAsync_DnsGetHostByName
20009d79   _sl_HandleAsync_DnsGetHostByService
20009909   _sl_HandleAsync_InitComplete
20009981   _sl_HandleAsync_PingResponse
20009f69   _sl_HandleAsync_Select
2000a12d   _sl_HandleAsync_Stop
20009bcd   _sl_TruncatePayloadByProtocol
20018178   _sys_memory
20018bb8   _unlock
2000a679   abort
2000a311   atoi
ffffffff   binit
20018b78   c_full
200068ad   calloc
20018b88   check_cmd
20018ba4   check_frame_start
20018b84   chk_bufa_flag
200176c4   cmd_buffer
20018ba0   cmd_index
20018b90   cmd_sent
2000a631   copy_in
2000a681   exit
20018b80   flag
20018b94   flow_ctrl
20006455   frame_sync
20006607   free
2001897c   gFirstCmdMode
2000b8a8   g_H2NCnysPattern
2000b8a0   g_H2NSyncPattern
20018ae8   g_SpiFd
20018984   g_StatMem
20017678   g__SlNonOsCB
200176ee   g_cDummy
20018980   g_pCB
20018aec   g_pHostIntHdl
20004000   g_pfnVectors
200176d0   g_ucConnectionBSSID
200176a0   g_ucConnectionSSID
20018af0   g_ucDMAEnabled
20018af4   g_ucDinDout
20018b58   g_ucSimplelinkstarted
20018b50   g_uiPortNum
20018b4c   g_ulDestinationIp
20018b48   g_ulGatewayIP
20018b5c   g_ulIpAddr
20018b54   g_ulPacketCount
20018b44   g_ulStatus
20018b8c   get_sync_cmd_resp
20017578   gfpAppCallbackHndl
20017800   gpCtlTbl
200176ef   iDone
20018b7c   index
2000a021   ltoa
20005ed9   main
20018bc4   main_func_sp
200065a5   malloc
200067cd   memalign
2000afd5   memccpy
20008f55   memcpy
2000add9   memmove
20009a01   memset
20006519   minit
200052c1   ms_delay
20017c00   myStrA
20017ebc   myStrB
20018b6c   num
20018978   pPingCallBackFunc
200066c7   realloc
20018b98   recv_ping_packet
20018b9c   recv_pong_packet
200176e0   recvfromflag
200063c9   reset_sync_spi
200176e4   rx_udp_server
2000633f   send_cmd
20009fc5   sl_Bind
2000adfd   sl_Close
20009815   sl_DevGet
2000a9e9   sl_Htonl
2000aaf1   sl_Htons
20009501   sl_NetAppMDNSRegisterUnregisterService
2000b2f9   sl_NetAppMDNSUnRegisterService
2000a1d9   sl_NetAppSendTokenValue
2000a6fd   sl_NetCfgSet
20008cb9   sl_RecvFrom
20008b51   sl_SendTo
2000a35d   sl_SetSockOpt
2000ac15   sl_Socket
200089cd   sl_Start
20008835   sl_Stop
200077fd   sl_WlanConnect
2000b39b   sl_WlanDisconnect
2000a841   sl_WlanPolicySet
2000ae21   sl_WlanProfileDel
2000a881   sl_WlanRxFilterSet
2000a51d   sl_WlanSet
2000ad45   sl_WlanSetMode
200064cd   spi
20009ae9   spi_Close
20008001   spi_Open
20008901   spi_Read
20008749   spi_Write
2000b299   strlen
20018b74   tempCnt
20018b70   timerValue
2000a3a9   uDMAChannelAssign
20009de1   uDMAChannelAttributeDisable
20009e45   uDMAChannelAttributeEnable
2000a975   uDMAChannelControlSet
2000aff1   uDMAChannelDisable
2000b00d   uDMAChannelEnable
2000a3f5   uDMAChannelModeGet
2000b029   uDMAChannelRequest
20008659   uDMAChannelTransferSet
2000b2ad   uDMAControlBaseSet
2000b365   uDMADisable
2000b371   uDMAEnable
2000b2c1   uDMAIntClear
2000b233   uDMAIntRegister
2000b37d   uDMAIntStatus
2000b30b   uDMAIntUnregister
20018b60   udp_str
200176e8   udploop
200176ec   ulRecvData
20009479   vsnprintf


GLOBAL SYMBOLS: SORTED BY Symbol Address 

address    name
--------   ----
00000001   __TI_args_main
00000800   __STACK_SIZE
00000800   __SYSMEM_SIZE
20004000   g_pfnVectors
20004fb7   __TI_printfi
200052c1   ms_delay
200052f9   SimpleLinkWlanEventHandler
20005409   SimpleLinkNetAppEventHandler
200054c9   SimpleLinkGeneralEventHandler
2000551d   SimpleLinkHttpServerCallback
20005529   SimpleLinkSockEventHandler
20005ab1   UdpServer
20005ed9   main
20006293   SlaveMain
2000633f   send_cmd
200063c9   reset_sync_spi
20006455   frame_sync
200064cd   spi
20006519   minit
200065a5   malloc
20006607   free
200066c7   realloc
200067cd   memalign
200068ad   calloc
200068e5   _SlDrvMsgRead
20006c99   _SlAsyncEventGenericHandler
20006fe5   InitTerm
20007003   Message
20007025   ClearTerm
2000702f   Error
20007067   GetCmd
200070f9   TrimSpace
20007191   Report
20007251   DmaSwIntHandler
20007267   DmaErrorIntHandler
20007273   UDMAInit
200072cb   UDMAChannelSelect
200072f9   SetupTransfer
2000733d   UDMASetupAutoMemTransfer
20007371   UDMASetupPingPongTransfer
200073cb   UDMAStartTransfer
200073d7   UDMAStopTransfer
200073e3   UDMADeInit
200073f7   DMASetupTransfer
20007451   __aeabi_uldivmod
20007645   __aeabi_dsub
2000764f   __aeabi_dadd
200077fd   sl_WlanConnect
20007999   _SlDrvDataReadOp
20007b15   _SlDrvDataWriteOp
20007c55   _SlDrvRxHdrRead
20007d95   __aeabi_ddiv
20007ecd   PRCMCC3200MCUInit
20008001   spi_Open
20008129   _SlDrvWaitForPoolObj
20008241   _SlDrvMsgWrite
20008355   _SlDrvReleasePoolObj
20008461   __aeabi_dmul
2000855d   Timer_IF_Init
2000858f   Timer_IF_IntSetup
200085cd   Timer_IF_InterruptClear
200085e5   Timer_IF_Start
20008601   Timer_IF_Stop
20008611   Timer_IF_DeInit
2000862b   Timer_IF_ReLoad
2000863f   Timer_IF_GetCount
20008659   uDMAChannelTransferSet
20008749   spi_Write
20008835   sl_Stop
20008901   spi_Read
200089cd   sl_Start
20008a95   _SlDrvMsgReadCmdCtx
20008b51   sl_SendTo
20008c05   _SlDrvNetAppEventHandler
20008cb9   sl_RecvFrom
20008d65   IntDisable
20008e0d   IntEnable
20008eb5   SPIConfigSetExpClk
20008f55   __aeabi_memcpy
20008f55   __aeabi_memcpy4
20008f55   __aeabi_memcpy8
20008f55   memcpy
20008ff1   _SlFindAndSetActiveObj
20009089   PRCMPeripheralClockGet
2000911d   _SlDrvClassifyRxMsg
200091b1   _SlDrvMsgReadSpawnCtx
20009245   __TI_auto_init
200092d9   _SlDrvDriverCBInit
20009369   PinConfigSet
200093f1   _SlDrvCmdOp
20009479   vsnprintf
20009501   sl_NetAppMDNSRegisterUnregisterService
20009589   __aeabi_cdcmpeq
20009589   __aeabi_cdcmple
2000960f   __aeabi_cdrcmple
20009695   _sl_HandleAsync_DnsGetHostByName
20009719   NwpPowerOnPreamble
20009799   SPIIntStatus
20009815   sl_DevGet
20009909   _sl_HandleAsync_InitComplete
20009981   _sl_HandleAsync_PingResponse
200099f9   __aeabi_memclr
200099f9   __aeabi_memclr4
200099f9   __aeabi_memclr8
200099fb   __aeabi_memset
200099fb   __aeabi_memset4
200099fb   __aeabi_memset8
20009a01   memset
20009a71   UARTConfigSetExpClk
20009ae9   spi_Close
20009b5d   TimerIntRegister
20009bcd   _sl_TruncatePayloadByProtocol
20009c3d   _sl_HandleAsync_Connect
20009ca9   TimerIntUnregister
20009d11   _sl_HandleAsync_Accept
20009d79   _sl_HandleAsync_DnsGetHostByService
20009de1   uDMAChannelAttributeDisable
20009e45   uDMAChannelAttributeEnable
20009ea9   _SlDrvDriverCBDeinit
20009f69   _sl_HandleAsync_Select
20009fc5   sl_Bind
2000a021   ltoa
2000a07d   IntPendClear
2000a0d5   PRCMPeripheralReset
2000a12d   _sl_HandleAsync_Stop
2000a185   IntPrioritySet
2000a1d9   sl_NetAppSendTokenValue
2000a22d   SPIIntDisable
2000a279   SPIIntEnable
2000a311   atoi
2000a35d   sl_SetSockOpt
2000a3a9   uDMAChannelAssign
2000a3f5   uDMAChannelModeGet
2000a441   _sl_GetStartResponseConvert
2000a48d   SPIIntClear
2000a4d5   __aeabi_d2iz
2000a51d   sl_WlanSet
2000a5a9   TimerConfigure
2000a5ed   PinMuxConfig
2000a631   copy_in
2000a675   C$$EXIT
2000a679   abort
2000a681   exit
2000a6b9   _Dtest
2000a6fd   sl_NetCfgSet
2000a741   PinModeSet
2000a781   _SlDrvRxIrqHandler
2000a7c1   _SlNonOsMainLoopTask
2000a801   _SlRemoveFromList
2000a841   sl_WlanPolicySet
2000a881   sl_WlanRxFilterSet
2000a8c1   NwpPowerOff
2000a8fd   PRCMPeripheralClkEnable
2000a939   _SlDrvObjInit
2000a975   uDMAChannelControlSet
2000a9b1   NwpRegisterInterruptHandler
2000a9e9   sl_Htonl
2000aa21   PRCMPeripheralStatusGet
2000aa55   SPIFIFOLevelSet
2000aa89   _SlDrvBasicCmd
2000aabd   _c_int00
2000aaf1   sl_Htons
2000ab25   NwpPowerOn
2000ab55   UARTDisable
2000ab85   _SlDrvFlowContDeinit
2000abb5   _SlDrvFlowContInit
2000abe5   _SlNonOsSemGet
2000ac15   sl_Socket
2000ac45   __aeabi_i2d
2000ac75   PRCMSysResetCauseGet
2000aca1   TimerLoadSet
2000accb   TimerPrescaleSet
2000acf5   PRCMPeripheralClkDisable
2000ad1d   _sl_BuildAddress
2000ad45   sl_WlanSetMode
2000ad6d   DmaSpiSwIntHandler
2000ad91   IntUnregister
2000adb5   UARTEnable
2000add9   memmove
2000adfd   sl_Close
2000ae21   sl_WlanProfileDel
2000ae45   SPIReset
2000ae67   SPIWordCountSet
2000ae89   IntRegister
2000aea9   _SlDrvCmdSend
2000aec9   _SlNonOsSpawn
2000aee9   SPIDataPut
2000af07   SPIIntRegister
2000af25   TimerDisable
2000af43   TimerEnable
2000af61   TimerIntStatus
2000af7f   UARTCharPut
2000af9d   TimerValueGet
2000afb9   _SlDrvObjDeInit
2000afd5   memccpy
2000aff1   uDMAChannelDisable
2000b00d   uDMAChannelEnable
2000b029   uDMAChannelRequest
2000b045   CopyPingResultsToReport
2000b05f   PinTypeSPI
2000b079   PinTypeUART
2000b093   SPIDmaDisable
2000b0ad   SPIDmaEnable
2000b0c7   SPIFIFODisable
2000b0e1   SPIFIFOEnable
2000b0fb   SPIIntUnregister
2000b115   _SlDrvDeviceEventHandler
2000b12f   SPICSDisable
2000b147   SPICSEnable
2000b15f   SPIDisable
2000b177   SPIEnable
2000b18f   TimerIntDisable
2000b1a7   TimerIntEnable
2000b1c1   _args_main
2000b1d9   __aeabi_lmul
2000b1f1   PRCMHIBRegRead
2000b207   PRCMHIBRegWrite
2000b21d   UARTCharGet
2000b233   uDMAIntRegister
2000b249   CPUcpsie
2000b25d   IntVTableBaseSet
2000b271   _SlDrvShiftDWord
2000b285   _register_unlock
2000b28b   _register_lock
2000b293   _nop
2000b299   strlen
2000b2ad   uDMAControlBaseSet
2000b2c1   uDMAIntClear
2000b2d5   TimerIntClear
2000b2e7   __TI_zero_init
2000b2f9   sl_NetAppMDNSUnRegisterService
2000b30b   uDMAIntUnregister
2000b31d   NwpMaskInterrupt
2000b32d   __TI_decompress_none
2000b33b   _Dclass
2000b349   ResetISR
2000b359   NwpUnMaskInterrupt
2000b365   uDMADisable
2000b371   uDMAEnable
2000b37d   uDMAIntStatus
2000b389   IntMasterEnable
2000b393   _SlNonOsSemSet
2000b39b   sl_WlanDisconnect
2000b3a3   UtilsDelay
2000b3a9   __TI_decompress_rle24
2000b3b0   _ctypes_
2000b5b8   _SlPolicySetCmdCtrl
2000b5bc   _SlPolicyGetCmdCtrl
2000b5c0   _SlProfileGetCmdCtrl
2000b5c4   _SlProfileDelCmdCtrl
2000b5c8   _SlWlanGetNetworkListCtrl
2000b5cc   _SlRxFilterAddtCmdCtrl
2000b5d0   _SlRxFilterSetCmdCtrl
2000b5d4   _SlRxFilterGetCmdCtrl
2000b5d8   _SlSmartConfigStartCmdCtrl
2000b5dc   _SlWlanSetModeCmdCtrl
2000b5e0   _SlWlanCfgSetCmdCtrl
2000b5e4   _SlWlanCfgGetCmdCtrl
2000b8a0   g_H2NSyncPattern
2000b8a8   g_H2NCnysPattern
2000b8b0   _SlActionLookupTable
2000b8f4   _SlSockSocketCmdCtrl
2000b8f8   _SlSockCloseCmdCtrl
2000b8fc   _SlRecvfomCmdCtrl
2000b900   _SlSendCmdCtrl
2000b904   _SlListenCmdCtrl
2000b908   _SlAcceptCmdCtrl
2000b90c   _SlRecvCmdCtrl
2000b910   _SlSetSockOptCmdCtrl
2000b914   _SlGetSockOptCmdCtrl
2000b918   _SlSelectCmdCtrl
2000b94c   _SlNetAppStartCtrl
2000b950   _SlNetAppStopCtrl
2000b954   _SlGetServiceListeCtrl
2000b958   _SlRegisterServiceCtrl
2000b95c   _SlGetHostByServiceCtrl
2000b960   _SlGetHostByNameCtrl
2000b964   _SlNetAppSetCmdCtrl
2000b968   _SlNetAppSendTokenValueCmdCtrl
2000b96c   _SlNetAppGetCmdCtrl
2000ba08   _SlStopCmdCtrl
2000ba0c   _SlEventMaskSetCmdCtrl
2000ba10   _SlEventMaskGetCmdCtrl
2000ba14   _SlDeviceGetCmdCtrl
2000ba18   _SlDeviceSetCmdCtrl
2000ba1c   _SlNetCfgSetCmdCtrl
2000ba20   _SlNetCfgGetCmdCtrl
2000ba28   __TI_static_base__
2000ba74   __TI_Handler_Table_Base
2000ba80   __TI_Handler_Table_Limit
2000ba88   __TI_CINIT_Base
2000ba98   __TI_CINIT_Limit
20017578   gfpAppCallbackHndl
20017678   g__SlNonOsCB
200176a0   g_ucConnectionSSID
200176c4   cmd_buffer
200176d0   g_ucConnectionBSSID
200176d8   Reset_SYNC
200176e0   recvfromflag
200176e4   rx_udp_server
200176e8   udploop
200176ec   ulRecvData
200176ee   g_cDummy
200176ef   iDone
20017800   gpCtlTbl
20017c00   myStrA
20017ebc   myStrB
20018178   _sys_memory
20018978   pPingCallBackFunc
2001897c   gFirstCmdMode
20018980   g_pCB
20018984   g_StatMem
20018ae8   g_SpiFd
20018aec   g_pHostIntHdl
20018af0   g_ucDMAEnabled
20018af4   g_ucDinDout
20018b44   g_ulStatus
20018b48   g_ulGatewayIP
20018b4c   g_ulDestinationIp
20018b50   g_uiPortNum
20018b54   g_ulPacketCount
20018b58   g_ucSimplelinkstarted
20018b5c   g_ulIpAddr
20018b60   udp_str
20018b6c   num
20018b70   timerValue
20018b74   tempCnt
20018b78   c_full
20018b7c   index
20018b80   flag
20018b84   chk_bufa_flag
20018b88   check_cmd
20018b8c   get_sync_cmd_resp
20018b90   cmd_sent
20018b94   flow_ctrl
20018b98   recv_ping_packet
20018b9c   recv_pong_packet
20018ba0   cmd_index
20018ba4   check_frame_start
20018bb4   _lock
20018bb8   _unlock
20018bbc   __TI_cleanup_ptr
20018bc0   __TI_dtors_ptr
20018bc4   main_func_sp
2002f800   __stack
20030000   __STACK_END
ffffffff   __binit__
ffffffff   __c_args__
ffffffff   binit
UNDEFED    SHT$$INIT_ARRAY$$Base
UNDEFED    SHT$$INIT_ARRAY$$Limit

[351 symbols]
