******************************************************************************
                  TI ARM Linker PC v5.1.6                      
******************************************************************************
>> Linked Tue Jan 06 15:33:46 2015

OUTPUT FILE NAME:   <test udp_socket.out>
ENTRY POINT SYMBOL: "_c_int00"  address: 20008e15


MEMORY CONFIGURATION

         name            origin    length      used     unused   attr    fill
----------------------  --------  ---------  --------  --------  ----  --------
  SRAM_CODE             20004000   00013000  000058d7  0000d729  RW X
  SRAM_DATA             20017000   00019000  00002208  00016df8  RW X


SEGMENT ALLOCATION MAP

run origin  load origin   length   init length attrs members
----------  ----------- ---------- ----------- ----- -------
20004000    20004000    000058e0   000058e0    r-x
  20004000    20004000    00000400   00000400    r-- .intvecs
  20004400    20004400    00005062   00005062    r-x .text
  20009464    20009464    0000041d   0000041d    r-- .const
  20009888    20009888    00000058   00000058    r-- .cinit
20017000    20017000    00001a08   00000000    rw-
  20017000    20017000    00001000   00000000    rw- .bss
  20018000    20018000    00000800   00000000    rw- .sysmem
  20018800    20018800    00000208   00000000    rw- .data
2002f800    2002f800    00000800   00000000    rw-
  2002f800    2002f800    00000800   00000000    rw- .stack


SECTION ALLOCATION MAP

 output                                  attributes/
section   page    origin      length       input sections
--------  ----  ----------  ----------   ----------------
.init_array 
*          0    20004000    00000000     UNINITIALIZED

.intvecs   0    20004000    00000400     
                  20004000    00000400     startup_ccs.obj (.intvecs)

.text      0    20004400    00005062     
                  20004400    00000ec0     rtsv7M4_T_le_eabi.lib : _printfi.obj (.text)
                  200052c0    00000568     main.obj (.text)
                  20005828    000003cc     rtsv7M4_T_le_eabi.lib : memory.obj (.text)
                  20005bf4    000003b4     simplelink.a : driver.obj (.text:_SlDrvMsgRead)
                  20005fa8    0000034c                  : driver.obj (.text:_SlAsyncEventGenericHandler)
                  200062f4    0000026c     uart_if.obj (.text)
                  20006560    00000200     udma_if.obj (.text)
                  20006760    000001f4     rtsv7M4_T_le_eabi.lib : ull_div_t2.obj (.text)
                  20006954    000001b6                           : fd_add_t2.obj (.text)
                  20006b0a    00000002     driverlib.a : interrupt.obj (.text:IntDefaultHandler)
                  20006b0c    00000168     spi.obj (.text)
                  20006c74    00000140     simplelink.a : driver.obj (.text:_SlDrvDataWriteOp)
                  20006db4    00000140                  : driver.obj (.text:_SlDrvRxHdrRead)
                  20006ef4    00000136     rtsv7M4_T_le_eabi.lib : fd_div_t2.obj (.text)
                  2000702a    00000002     --HOLE-- [fill = 0]
                  2000702c    00000134     driverlib.a : prcm.obj (.text:PRCMCC3200MCUInit)
                  20007160    00000114     simplelink.a : driver.obj (.text:_SlDrvMsgWrite)
                  20007274    0000010c                  : driver.obj (.text:_SlDrvReleasePoolObj)
                  20007380    000000fc     rtsv7M4_T_le_eabi.lib : fd_mul_t2.obj (.text)
                  2000747c    000000f0     driverlib.a : udma.obj (.text:uDMAChannelTransferSet)
                  2000756c    000000ec     simplelink.a : cc_pal.obj (.text:spi_Write)
                  20007658    000000cc                  : cc_pal.obj (.text:spi_Read)
                  20007724    000000bc                  : driver.obj (.text:_SlDrvMsgReadCmdCtx)
                  200077e0    000000b4                  : socket.obj (.text:sl_SendTo)
                  20007894    000000b2                  : netapp.obj (.text:_SlDrvNetAppEventHandler)
                  20007946    00000002     --HOLE-- [fill = 0]
                  20007948    000000a8     driverlib.a : interrupt.obj (.text:IntDisable)
                  200079f0    000000a8                 : interrupt.obj (.text:IntEnable)
                  20007a98    000000a0                 : spi.obj (.text:SPIConfigSetExpClk)
                  20007b38    0000009c     rtsv7M4_T_le_eabi.lib : memcpy_t2.obj (.text)
                  20007bd4    00000098     simplelink.a : driver.obj (.text:_SlFindAndSetActiveObj)
                  20007c6c    00000094     driverlib.a : prcm.obj (.text:PRCMPeripheralClockGet)
                  20007d00    00000094     simplelink.a : driver.obj (.text:_SlDrvClassifyRxMsg)
                  20007d94    00000094                  : driver.obj (.text:_SlDrvMsgReadSpawnCtx)
                  20007e28    00000094     rtsv7M4_T_le_eabi.lib : auto_init.obj (.text)
                  20007ebc    00000088     driverlib.a : pin.obj (.text:PinConfigSet)
                  20007f44    00000088     simplelink.a : driver.obj (.text:_SlDrvCmdOp)
                  20007fcc    00000088     rtsv7M4_T_le_eabi.lib : vsnprintf.obj (.text)
                  20008054    00000086                           : fd_cmp_t2.obj (.text:__aeabi_cdcmple)
                  200080da    00000086                           : fd_cmp_t2.obj (.text:__aeabi_cdrcmple)
                  20008160    00000084     simplelink.a : netapp.obj (.text:_sl_HandleAsync_DnsGetHostByName)
                  200081e4    0000007c     driverlib.a : spi.obj (.text:SPIIntStatus)
                  20008260    00000078     simplelink.a : cc_pal.obj (.text:SetupDMAReceive)
                  200082d8    00000078                  : device.obj (.text:_sl_HandleAsync_InitComplete)
                  20008350    00000078                  : netapp.obj (.text:_sl_HandleAsync_PingResponse)
                  200083c8    00000078     rtsv7M4_T_le_eabi.lib : memset_t2.obj (.text)
                  20008440    00000076     driverlib.a : uart.obj (.text:UARTConfigSetExpClk)
                  200084b6    0000006e     simplelink.a : socket.obj (.text:_sl_TruncatePayloadByProtocol)
                  20008524    0000006c                  : socket.obj (.text:_sl_HandleAsync_Connect)
                  20008590    00000068                  : socket.obj (.text:_sl_HandleAsync_Accept)
                  200085f8    00000068                  : netapp.obj (.text:_sl_HandleAsync_DnsGetHostByService)
                  20008660    00000064     driverlib.a : udma.obj (.text:uDMAChannelAttributeDisable)
                  200086c4    00000064                 : udma.obj (.text:uDMAChannelAttributeEnable)
                  20008728    0000005e     rtsv7M4_T_le_eabi.lib : copy_decompress_rle.obj (.text)
                  20008786    00000002     --HOLE-- [fill = 0]
                  20008788    0000005c     simplelink.a : socket.obj (.text:_sl_HandleAsync_Select)
                  200087e4    0000005a     rtsv7M4_T_le_eabi.lib : ltoa.obj (.text)
                  2000883e    00000002     --HOLE-- [fill = 0]
                  20008840    00000058     driverlib.a : prcm.obj (.text:PRCMPeripheralReset)
                  20008898    00000058     simplelink.a : device.obj (.text:_sl_HandleAsync_Stop)
                  200088f0    00000054                  : netapp.obj (.text:sl_NetAppSendTokenValue)
                  20008944    0000004c     driverlib.a : spi.obj (.text:SPIIntEnable)
                  20008990    0000004c                 : spi.obj (.text:SPIIntNumberGet)
                  200089dc    0000004c     rtsv7M4_T_le_eabi.lib : atoi.obj (.text)
                  20008a28    0000004c     driverlib.a : udma.obj (.text:uDMAChannelAssign)
                  20008a74    0000004a     simplelink.a : device.obj (.text:_sl_GetStartResponseConvert)
                  20008abe    00000002     --HOLE-- [fill = 0]
                  20008ac0    00000048     driverlib.a : spi.obj (.text:SPIIntClear)
                  20008b08    00000048     rtsv7M4_T_le_eabi.lib : fd_toi_t2.obj (.text)
                  20008b50    00000044     driverlib.a : spi.obj (.text:SPIDmaMaskGet)
                  20008b94    00000044     pinmux.obj (.text)
                  20008bd8    00000044     rtsv7M4_T_le_eabi.lib : cpy_tbl.obj (.text)
                  20008c1c    00000044                           : exit.obj (.text)
                  20008c60    00000044                           : xdtest.obj (.text)
                  20008ca4    00000040     driverlib.a : pin.obj (.text:PinModeSet)
                  20008ce4    00000040     simplelink.a : nonos.obj (.text:_SlNonOsMainLoopTask)
                  20008d24    00000040                  : driver.obj (.text:_SlRemoveFromList)
                  20008d64    0000003c     driverlib.a : prcm.obj (.text:PRCMPeripheralClkEnable)
                  20008da0    0000003c                 : udma.obj (.text:uDMAChannelControlSet)
                  20008ddc    00000038     simplelink.a : socket.obj (.text:sl_Htonl)
                  20008e14    00000034     rtsv7M4_T_le_eabi.lib : boot.obj (.text)
                  20008e48    00000034     simplelink.a : socket.obj (.text:sl_Htons)
                  20008e7c    00000030     driverlib.a : uart.obj (.text:UARTDisable)
                  20008eac    00000030     simplelink.a : nonos.obj (.text:_SlNonOsSemGet)
                  20008edc    00000030                  : socket.obj (.text:sl_Socket)
                  20008f0c    0000002e     rtsv7M4_T_le_eabi.lib : i_tofd_t2.obj (.text)
                  20008f3a    00000002     --HOLE-- [fill = 0]
                  20008f3c    0000002c     driverlib.a : prcm.obj (.text:PRCMSysResetCauseGet)
                  20008f68    0000002a                 : spi.obj (.text:SPIDataGetNonBlocking)
                  20008f92    00000002     --HOLE-- [fill = 0]
                  20008f94    00000028                 : prcm.obj (.text:PRCMPeripheralClkDisable)
                  20008fbc    00000028     simplelink.a : socket.obj (.text:_sl_BuildAddress)
                  20008fe4    00000024     driverlib.a : interrupt.obj (.text:IntUnregister)
                  20009008    00000024                 : uart.obj (.text:UARTEnable)
                  2000902c    00000024     rtsv7M4_T_le_eabi.lib : memmov.obj (.text)
                  20009050    00000024     simplelink.a : socket.obj (.text:sl_Close)
                  20009074    00000022     driverlib.a : spi.obj (.text:SPIReset)
                  20009096    00000022                 : spi.obj (.text:SPIWordCountSet)
                  200090b8    00000020                 : interrupt.obj (.text:IntRegister)
                  200090d8    00000020     simplelink.a : driver.obj (.text:_SlDrvCmdSend)
                  200090f8    00000020                  : nonos.obj (.text:_SlNonOsSpawn)
                  20009118    0000001e     driverlib.a : spi.obj (.text:SPIDataPut)
                  20009136    0000001e                 : spi.obj (.text:SPIIntRegister)
                  20009154    0000001e                 : uart.obj (.text:UARTCharPut)
                  20009172    0000001c     rtsv7M4_T_le_eabi.lib : memccpy.obj (.text)
                  2000918e    00000002     --HOLE-- [fill = 0]
                  20009190    0000001c     driverlib.a : udma.obj (.text:uDMAChannelDisable)
                  200091ac    0000001c                 : udma.obj (.text:uDMAChannelEnable)
                  200091c8    0000001c                 : udma.obj (.text:uDMAChannelRequest)
                  200091e4    0000001a     simplelink.a : netapp.obj (.text:CopyPingResultsToReport)
                  200091fe    0000001a     driverlib.a : pin.obj (.text:PinTypeSPI)
                  20009218    0000001a                 : pin.obj (.text:PinTypeUART)
                  20009232    0000001a                 : spi.obj (.text:SPIDmaEnable)
                  2000924c    0000001a     simplelink.a : device.obj (.text:_SlDrvDeviceEventHandler)
                  20009266    00000018     driverlib.a : spi.obj (.text:SPICSDisable)
                  2000927e    00000018                 : spi.obj (.text:SPICSEnable)
                  20009296    00000018                 : spi.obj (.text:SPIEnable)
                  200092ae    00000002     --HOLE-- [fill = 0]
                  200092b0    00000018     rtsv7M4_T_le_eabi.lib : args_main.obj (.text)
                  200092c8    00000018                           : ll_mul_t2.obj (.text)
                  200092e0    00000016     driverlib.a : prcm.obj (.text:PRCMHIBRegRead)
                  200092f6    00000016                 : prcm.obj (.text:PRCMHIBRegWrite)
                  2000930c    00000016                 : uart.obj (.text:UARTCharGet)
                  20009322    00000016                 : udma.obj (.text:uDMAIntRegister)
                  20009338    00000014                 : cpu.obj (.text:CPUcpsie)
                  2000934c    00000014                 : interrupt.obj (.text:IntVTableBaseSet)
                  20009360    00000014     simplelink.a : driver.obj (.text:_SlDrvShiftDWord)
                  20009374    00000014     rtsv7M4_T_le_eabi.lib : _lock.obj (.text)
                  20009388    00000014                           : strlen.obj (.text)
                  2000939c    00000014     driverlib.a : udma.obj (.text:uDMAControlBaseSet)
                  200093b0    00000014                 : udma.obj (.text:uDMAIntClear)
                  200093c4    00000012     rtsv7M4_T_le_eabi.lib : copy_zero_init.obj (.text:decompress:ZI)
                  200093d6    00000012     driverlib.a : udma.obj (.text:uDMAIntUnregister)
                  200093e8    0000000e     rtsv7M4_T_le_eabi.lib : copy_decompress_none.obj (.text:decompress:none)
                  200093f6    0000000e                           : xdclass.obj (.text)
                  20009404    0000000e     startup_ccs.obj (.text)
                  20009412    00000002     --HOLE-- [fill = 0]
                  20009414    0000000c     simplelink.a : cc_pal.obj (.text:NwpUnMaskInterrupt)
                  20009420    0000000c     driverlib.a : udma.obj (.text:uDMADisable)
                  2000942c    0000000c                 : udma.obj (.text:uDMAEnable)
                  20009438    0000000c                 : udma.obj (.text:uDMAIntStatus)
                  20009444    0000000a                 : interrupt.obj (.text:IntMasterEnable)
                  2000944e    00000008     simplelink.a : nonos.obj (.text:_SlNonOsSemSet)
                  20009456    00000006     driverlib.a : utils.obj (.text:UtilsDelay)
                  2000945c    00000006     rtsv7M4_T_le_eabi.lib : copy_decompress_rle.obj (.text:decompress:rle24)

.const     0    20009464    0000041d     
                  20009464    00000102     rtsv7M4_T_le_eabi.lib : ctype.obj (.const:.string:_ctypes_)
                  20009566    00000002     --HOLE-- [fill = 0]
                  20009568    00000100     driverlib.a : pin.obj (.const:g_ulPinToPadMap)
                  20009668    000000a8                 : prcm.obj (.const:PRCM_PeriphRegsList)
                  20009710    00000080                 : interrupt.obj (.const)
                  20009790    0000004c     simplelink.a : driver.obj (.const)
                  200097dc    00000034                  : socket.obj (.const)
                  20009810    00000028                  : netapp.obj (.const)
                  20009838    00000024     driverlib.a : spi.obj (.const:g_ppulSPIIntMap)
                  2000985c    00000018                 : spi.obj (.const)
                  20009874    0000000d     main.obj (.const:.string)

.cinit     0    20009888    00000058     
                  20009888    00000034     (.cinit..data.load) [load image, compression = rle]
                  200098bc    0000000c     (__TI_handler_table)
                  200098c8    00000008     (.cinit..bss.load) [load image, compression = zero_init]
                  200098d0    00000010     (__TI_cinit_table)

.bss       0    20017000    00001000     UNINITIALIZED
                  20017000    00000578     main.obj (.bss:g_cBsdBuf)
                  20017578    00000100     udma_if.obj (.bss:gfpAppCallbackHndl)
                  20017678    00000034     spi.obj (.bss:g_ucTxBuff)
                  200176ac    00000028     simplelink.a : nonos.obj (.bss:g__SlNonOsCB)
                  200176d4    00000024     main.obj (.bss:g_ucConnectionSSID)
                  200176f8    00000008     (.common:g_ucConnectionBSSID)
                  20017700    00000004     (.common:__Errorlog)
                  20017704    00000001     (.common:g_cDummy)
                  20017705    00000001     (.common:iDone)
                  20017706    00000001     (.common:ucRxBuffNdx)
                  20017707    00000001     (.common:ucTxBuffNdx)
                  20017708    000000f8     --HOLE--
                  20017800    00000400     udma_if.obj (.bss:gpCtlTbl)
                  20017c00    00000400     spi.obj (.bss:myStr)

.sysmem    0    20018000    00000800     UNINITIALIZED
                  20018000    00000008     rtsv7M4_T_le_eabi.lib : memory.obj (.sysmem)
                  20018008    000007f8     --HOLE--

.data      0    20018800    00000208     UNINITIALIZED
                  20018800    00000170     simplelink.a : driver.obj (.data)
                  20018970    0000005c                  : cc_pal.obj (.data)
                  200189cc    0000001c     main.obj (.data)
                  200189e8    0000000c     rtsv7M4_T_le_eabi.lib : memory.obj (.data)
                  200189f4    00000008                           : _lock.obj (.data)
                  200189fc    00000008                           : exit.obj (.data)
                  20018a04    00000004                           : stkdepth_vars.obj (.data)

.stack     0    2002f800    00000800     UNINITIALIZED
                  2002f800    00000800     --HOLE--


LINKER GENERATED COPY TABLES

__TI_cinit_table @ 200098d0 records: 2, size/record: 8, table size: 16
	.data: load addr=20009888, load size=00000034 bytes, run addr=20018800, run size=00000208 bytes, compression=rle
	.bss: load addr=200098c8, load size=00000008 bytes, run addr=20017000, run size=00001000 bytes, compression=zero_init


LINKER GENERATED HANDLER TABLE

__TI_handler_table @ 200098bc records: 3, size/record: 4, table size: 12
	index: 0, handler: __TI_decompress_rle24
	index: 1, handler: __TI_decompress_none
	index: 2, handler: __TI_zero_init


GLOBAL SYMBOLS: SORTED ALPHABETICALLY BY Name 

address    name
--------   ----
200054c9   BsdUdpClient
20008c1d   C$$EXIT
20009339   CPUcpsie
20006335   ClearTerm
200091e5   CopyPingResultsToReport
20006707   DMASetupTransfer
20006577   DmaErrorIntHandler
20006561   DmaSwIntHandler
2000633f   Error
20006377   GetCmd
200062f5   InitTerm
20007949   IntDisable
200079f1   IntEnable
20009445   IntMasterEnable
200090b9   IntRegister
20008fe5   IntUnregister
2000934d   IntVTableBaseSet
20006313   Message
20009415   NwpUnMaskInterrupt
2000702d   PRCMCC3200MCUInit
200092e1   PRCMHIBRegRead
200092f7   PRCMHIBRegWrite
20008f95   PRCMPeripheralClkDisable
20008d65   PRCMPeripheralClkEnable
20007c6d   PRCMPeripheralClockGet
20008841   PRCMPeripheralReset
20008f3d   PRCMSysResetCauseGet
20007ebd   PinConfigSet
20008ca5   PinModeSet
20008b95   PinMuxConfig
200091ff   PinTypeSPI
20009219   PinTypeUART
200064a1   Report
20009405   ResetISR
UNDEFED    SHT$$INIT_ARRAY$$Base
UNDEFED    SHT$$INIT_ARRAY$$Limit
20009267   SPICSDisable
2000927f   SPICSEnable
20007a99   SPIConfigSetExpClk
20008f69   SPIDataGetNonBlocking
20009119   SPIDataPut
20009233   SPIDmaEnable
20009297   SPIEnable
20008ac1   SPIIntClear
20008945   SPIIntEnable
20009137   SPIIntRegister
200081e5   SPIIntStatus
20009075   SPIReset
20009097   SPIWordCountSet
20006609   SetupTransfer
20005491   SimpleLinkGeneralEventHandler
200054ab   SimpleLinkHttpServerCallback
200053d1   SimpleLinkNetAppEventHandler
200054b7   SimpleLinkSockEventHandler
200052c1   SimpleLinkWlanEventHandler
20006b77   SlaveMain
20006409   TrimSpace
2000930d   UARTCharGet
20009155   UARTCharPut
20008441   UARTConfigSetExpClk
20008e7d   UARTDisable
20009009   UARTEnable
200065db   UDMAChannelSelect
200066f3   UDMADeInit
20006583   UDMAInit
2000664d   UDMASetupAutoMemTransfer
20006681   UDMASetupPingPongTransfer
200066db   UDMAStartTransfer
200066e7   UDMAStopTransfer
20009457   UtilsDelay
200093f7   _Dclass
20008c61   _Dtest
200097fc   _SlAcceptCmdCtrl
200097a4   _SlActionLookupTable
20005fa9   _SlAsyncEventGenericHandler
20007d01   _SlDrvClassifyRxMsg
20007f45   _SlDrvCmdOp
200090d9   _SlDrvCmdSend
20006c75   _SlDrvDataWriteOp
2000924d   _SlDrvDeviceEventHandler
20005bf5   _SlDrvMsgRead
20007725   _SlDrvMsgReadCmdCtx
20007d95   _SlDrvMsgReadSpawnCtx
20007161   _SlDrvMsgWrite
20007895   _SlDrvNetAppEventHandler
20007275   _SlDrvReleasePoolObj
20006db5   _SlDrvRxHdrRead
20009361   _SlDrvShiftDWord
20007bd5   _SlFindAndSetActiveObj
20009828   _SlGetHostByNameCtrl
20009824   _SlGetHostByServiceCtrl
2000981c   _SlGetServiceListeCtrl
20009808   _SlGetSockOptCmdCtrl
200097f8   _SlListenCmdCtrl
20009834   _SlNetAppGetCmdCtrl
20009830   _SlNetAppSendTokenValueCmdCtrl
2000982c   _SlNetAppSetCmdCtrl
20009814   _SlNetAppStartCtrl
20009818   _SlNetAppStopCtrl
20008ce5   _SlNonOsMainLoopTask
20008ead   _SlNonOsSemGet
2000944f   _SlNonOsSemSet
200090f9   _SlNonOsSpawn
20009800   _SlRecvCmdCtrl
200097f0   _SlRecvfomCmdCtrl
20009820   _SlRegisterServiceCtrl
20008d25   _SlRemoveFromList
2000980c   _SlSelectCmdCtrl
200097f4   _SlSendCmdCtrl
20009804   _SlSetSockOptCmdCtrl
200097ec   _SlSockCloseCmdCtrl
200097e8   _SlSockSocketCmdCtrl
20030000   __STACK_END
00000800   __STACK_SIZE
00000800   __SYSMEM_SIZE
200098d0   __TI_CINIT_Base
200098e0   __TI_CINIT_Limit
200098bc   __TI_Handler_Table_Base
200098c8   __TI_Handler_Table_Limit
00000001   __TI_args_main
20007e29   __TI_auto_init
200189fc   __TI_cleanup_ptr
200093e9   __TI_decompress_none
2000945d   __TI_decompress_rle24
20018a00   __TI_dtors_ptr
20004fb7   __TI_printfi
20009888   __TI_static_base__
200093c5   __TI_zero_init
20008055   __aeabi_cdcmpeq
20008055   __aeabi_cdcmple
200080db   __aeabi_cdrcmple
20008b09   __aeabi_d2iz
2000695f   __aeabi_dadd
20006ef5   __aeabi_ddiv
20007381   __aeabi_dmul
20006955   __aeabi_dsub
20008f0d   __aeabi_i2d
200092c9   __aeabi_lmul
200083c9   __aeabi_memclr
200083c9   __aeabi_memclr4
200083c9   __aeabi_memclr8
20007b39   __aeabi_memcpy
20007b39   __aeabi_memcpy4
20007b39   __aeabi_memcpy8
200083cb   __aeabi_memset
200083cb   __aeabi_memset4
200083cb   __aeabi_memset8
20006761   __aeabi_uldivmod
ffffffff   __binit__
ffffffff   __c_args__
2002f800   __stack
200092b1   _args_main
20008e15   _c_int00
20009464   _ctypes_
200189f4   _lock
20009383   _nop
2000937b   _register_lock
20009375   _register_unlock
20008fbd   _sl_BuildAddress
20008a75   _sl_GetStartResponseConvert
20008591   _sl_HandleAsync_Accept
20008525   _sl_HandleAsync_Connect
20008161   _sl_HandleAsync_DnsGetHostByName
200085f9   _sl_HandleAsync_DnsGetHostByService
200082d9   _sl_HandleAsync_InitComplete
20008351   _sl_HandleAsync_PingResponse
20008789   _sl_HandleAsync_Select
20008899   _sl_HandleAsync_Stop
200084b7   _sl_TruncatePayloadByProtocol
20018000   _sys_memory
200189f8   _unlock
20008c21   abort
200089dd   atoi
ffffffff   binit
20005bbd   calloc
20008bd9   copy_in
20008c29   exit
20005917   free
20018804   gFirstCmdMode
2000979c   g_H2NCnysPattern
20009794   g_H2NSyncPattern
20018970   g_SpiFd
2001880c   g_StatMem
200176ac   g__SlNonOsCB
20017000   g_cBsdBuf
20017704   g_cDummy
20018808   g_pCB
20018974   g_pHostIntHdl
20004000   g_pfnVectors
200176f8   g_ucConnectionBSSID
200176d4   g_ucConnectionSSID
20018978   g_ucDMAEnabled
2001897c   g_ucDinDout
200189e0   g_ucSimplelinkstarted
200189d8   g_uiPortNum
200189d4   g_ulDestinationIp
200189d0   g_ulGatewayIP
200189e4   g_ulIpAddr
200189dc   g_ulPacketCount
200189cc   g_ulStatus
20017578   gfpAppCallbackHndl
20017800   gpCtlTbl
20017705   iDone
200087e5   ltoa
20005705   main
20018a04   main_func_sp
200058b5   malloc
20005add   memalign
20009173   memccpy
20007b39   memcpy
2000902d   memmove
200083d1   memset
20005829   minit
20017c00   myStr
20018800   pPingCallBackFunc
200059d7   realloc
20009051   sl_Close
20008ddd   sl_Htonl
20008e49   sl_Htons
200088f1   sl_NetAppSendTokenValue
200077e1   sl_SendTo
20008edd   sl_Socket
20006c3b   spi
20007659   spi_Read
2000756d   spi_Write
20009389   strlen
20008a29   uDMAChannelAssign
20008661   uDMAChannelAttributeDisable
200086c5   uDMAChannelAttributeEnable
20008da1   uDMAChannelControlSet
20009191   uDMAChannelDisable
200091ad   uDMAChannelEnable
200091c9   uDMAChannelRequest
2000747d   uDMAChannelTransferSet
2000939d   uDMAControlBaseSet
20009421   uDMADisable
2000942d   uDMAEnable
200093b1   uDMAIntClear
20009323   uDMAIntRegister
20009439   uDMAIntStatus
200093d7   uDMAIntUnregister
20007fcd   vsnprintf


GLOBAL SYMBOLS: SORTED BY Symbol Address 

address    name
--------   ----
00000001   __TI_args_main
00000800   __STACK_SIZE
00000800   __SYSMEM_SIZE
20004000   g_pfnVectors
20004fb7   __TI_printfi
200052c1   SimpleLinkWlanEventHandler
200053d1   SimpleLinkNetAppEventHandler
20005491   SimpleLinkGeneralEventHandler
200054ab   SimpleLinkHttpServerCallback
200054b7   SimpleLinkSockEventHandler
200054c9   BsdUdpClient
20005705   main
20005829   minit
200058b5   malloc
20005917   free
200059d7   realloc
20005add   memalign
20005bbd   calloc
20005bf5   _SlDrvMsgRead
20005fa9   _SlAsyncEventGenericHandler
200062f5   InitTerm
20006313   Message
20006335   ClearTerm
2000633f   Error
20006377   GetCmd
20006409   TrimSpace
200064a1   Report
20006561   DmaSwIntHandler
20006577   DmaErrorIntHandler
20006583   UDMAInit
200065db   UDMAChannelSelect
20006609   SetupTransfer
2000664d   UDMASetupAutoMemTransfer
20006681   UDMASetupPingPongTransfer
200066db   UDMAStartTransfer
200066e7   UDMAStopTransfer
200066f3   UDMADeInit
20006707   DMASetupTransfer
20006761   __aeabi_uldivmod
20006955   __aeabi_dsub
2000695f   __aeabi_dadd
20006b77   SlaveMain
20006c3b   spi
20006c75   _SlDrvDataWriteOp
20006db5   _SlDrvRxHdrRead
20006ef5   __aeabi_ddiv
2000702d   PRCMCC3200MCUInit
20007161   _SlDrvMsgWrite
20007275   _SlDrvReleasePoolObj
20007381   __aeabi_dmul
2000747d   uDMAChannelTransferSet
2000756d   spi_Write
20007659   spi_Read
20007725   _SlDrvMsgReadCmdCtx
200077e1   sl_SendTo
20007895   _SlDrvNetAppEventHandler
20007949   IntDisable
200079f1   IntEnable
20007a99   SPIConfigSetExpClk
20007b39   __aeabi_memcpy
20007b39   __aeabi_memcpy4
20007b39   __aeabi_memcpy8
20007b39   memcpy
20007bd5   _SlFindAndSetActiveObj
20007c6d   PRCMPeripheralClockGet
20007d01   _SlDrvClassifyRxMsg
20007d95   _SlDrvMsgReadSpawnCtx
20007e29   __TI_auto_init
20007ebd   PinConfigSet
20007f45   _SlDrvCmdOp
20007fcd   vsnprintf
20008055   __aeabi_cdcmpeq
20008055   __aeabi_cdcmple
200080db   __aeabi_cdrcmple
20008161   _sl_HandleAsync_DnsGetHostByName
200081e5   SPIIntStatus
200082d9   _sl_HandleAsync_InitComplete
20008351   _sl_HandleAsync_PingResponse
200083c9   __aeabi_memclr
200083c9   __aeabi_memclr4
200083c9   __aeabi_memclr8
200083cb   __aeabi_memset
200083cb   __aeabi_memset4
200083cb   __aeabi_memset8
200083d1   memset
20008441   UARTConfigSetExpClk
200084b7   _sl_TruncatePayloadByProtocol
20008525   _sl_HandleAsync_Connect
20008591   _sl_HandleAsync_Accept
200085f9   _sl_HandleAsync_DnsGetHostByService
20008661   uDMAChannelAttributeDisable
200086c5   uDMAChannelAttributeEnable
20008789   _sl_HandleAsync_Select
200087e5   ltoa
20008841   PRCMPeripheralReset
20008899   _sl_HandleAsync_Stop
200088f1   sl_NetAppSendTokenValue
20008945   SPIIntEnable
200089dd   atoi
20008a29   uDMAChannelAssign
20008a75   _sl_GetStartResponseConvert
20008ac1   SPIIntClear
20008b09   __aeabi_d2iz
20008b95   PinMuxConfig
20008bd9   copy_in
20008c1d   C$$EXIT
20008c21   abort
20008c29   exit
20008c61   _Dtest
20008ca5   PinModeSet
20008ce5   _SlNonOsMainLoopTask
20008d25   _SlRemoveFromList
20008d65   PRCMPeripheralClkEnable
20008da1   uDMAChannelControlSet
20008ddd   sl_Htonl
20008e15   _c_int00
20008e49   sl_Htons
20008e7d   UARTDisable
20008ead   _SlNonOsSemGet
20008edd   sl_Socket
20008f0d   __aeabi_i2d
20008f3d   PRCMSysResetCauseGet
20008f69   SPIDataGetNonBlocking
20008f95   PRCMPeripheralClkDisable
20008fbd   _sl_BuildAddress
20008fe5   IntUnregister
20009009   UARTEnable
2000902d   memmove
20009051   sl_Close
20009075   SPIReset
20009097   SPIWordCountSet
200090b9   IntRegister
200090d9   _SlDrvCmdSend
200090f9   _SlNonOsSpawn
20009119   SPIDataPut
20009137   SPIIntRegister
20009155   UARTCharPut
20009173   memccpy
20009191   uDMAChannelDisable
200091ad   uDMAChannelEnable
200091c9   uDMAChannelRequest
200091e5   CopyPingResultsToReport
200091ff   PinTypeSPI
20009219   PinTypeUART
20009233   SPIDmaEnable
2000924d   _SlDrvDeviceEventHandler
20009267   SPICSDisable
2000927f   SPICSEnable
20009297   SPIEnable
200092b1   _args_main
200092c9   __aeabi_lmul
200092e1   PRCMHIBRegRead
200092f7   PRCMHIBRegWrite
2000930d   UARTCharGet
20009323   uDMAIntRegister
20009339   CPUcpsie
2000934d   IntVTableBaseSet
20009361   _SlDrvShiftDWord
20009375   _register_unlock
2000937b   _register_lock
20009383   _nop
20009389   strlen
2000939d   uDMAControlBaseSet
200093b1   uDMAIntClear
200093c5   __TI_zero_init
200093d7   uDMAIntUnregister
200093e9   __TI_decompress_none
200093f7   _Dclass
20009405   ResetISR
20009415   NwpUnMaskInterrupt
20009421   uDMADisable
2000942d   uDMAEnable
20009439   uDMAIntStatus
20009445   IntMasterEnable
2000944f   _SlNonOsSemSet
20009457   UtilsDelay
2000945d   __TI_decompress_rle24
20009464   _ctypes_
20009794   g_H2NSyncPattern
2000979c   g_H2NCnysPattern
200097a4   _SlActionLookupTable
200097e8   _SlSockSocketCmdCtrl
200097ec   _SlSockCloseCmdCtrl
200097f0   _SlRecvfomCmdCtrl
200097f4   _SlSendCmdCtrl
200097f8   _SlListenCmdCtrl
200097fc   _SlAcceptCmdCtrl
20009800   _SlRecvCmdCtrl
20009804   _SlSetSockOptCmdCtrl
20009808   _SlGetSockOptCmdCtrl
2000980c   _SlSelectCmdCtrl
20009814   _SlNetAppStartCtrl
20009818   _SlNetAppStopCtrl
2000981c   _SlGetServiceListeCtrl
20009820   _SlRegisterServiceCtrl
20009824   _SlGetHostByServiceCtrl
20009828   _SlGetHostByNameCtrl
2000982c   _SlNetAppSetCmdCtrl
20009830   _SlNetAppSendTokenValueCmdCtrl
20009834   _SlNetAppGetCmdCtrl
20009888   __TI_static_base__
200098bc   __TI_Handler_Table_Base
200098c8   __TI_Handler_Table_Limit
200098d0   __TI_CINIT_Base
200098e0   __TI_CINIT_Limit
20017000   g_cBsdBuf
20017578   gfpAppCallbackHndl
200176ac   g__SlNonOsCB
200176d4   g_ucConnectionSSID
200176f8   g_ucConnectionBSSID
20017704   g_cDummy
20017705   iDone
20017800   gpCtlTbl
20017c00   myStr
20018000   _sys_memory
20018800   pPingCallBackFunc
20018804   gFirstCmdMode
20018808   g_pCB
2001880c   g_StatMem
20018970   g_SpiFd
20018974   g_pHostIntHdl
20018978   g_ucDMAEnabled
2001897c   g_ucDinDout
200189cc   g_ulStatus
200189d0   g_ulGatewayIP
200189d4   g_ulDestinationIp
200189d8   g_uiPortNum
200189dc   g_ulPacketCount
200189e0   g_ucSimplelinkstarted
200189e4   g_ulIpAddr
200189f4   _lock
200189f8   _unlock
200189fc   __TI_cleanup_ptr
20018a00   __TI_dtors_ptr
20018a04   main_func_sp
2002f800   __stack
20030000   __STACK_END
ffffffff   __binit__
ffffffff   __c_args__
ffffffff   binit
UNDEFED    SHT$$INIT_ARRAY$$Base
UNDEFED    SHT$$INIT_ARRAY$$Limit

[242 symbols]
