******************************************************************************
                  TI ARM Linker PC v5.1.6                      
******************************************************************************
>> Linked Tue Jan 27 10:50:15 2015

OUTPUT FILE NAME:   <test udp_socket.out>
ENTRY POINT SYMBOL: "_c_int00"  address: 20009ed5


MEMORY CONFIGURATION

         name            origin    length      used     unused   attr    fill
----------------------  --------  ---------  --------  --------  ----  --------
  SRAM_CODE             20004000   00013000  00006d62  0000c29e  RW X
  SRAM_DATA             20017000   00019000  00001870  00017790  RW X


SEGMENT ALLOCATION MAP

run origin  load origin   length   init length attrs members
----------  ----------- ---------- ----------- ----- -------
20004000    20004000    00006d68   00006d68    r-x
  20004000    20004000    00000400   00000400    r-- .intvecs
  20004400    20004400    00006282   00006282    r-x .text
  2000a684    2000a684    00000678   00000678    r-- .const
  2000ad00    2000ad00    00000068   00000068    r-- .cinit
20017000    20017000    00001070   00000000    rw-
  20017000    20017000    00000800   00000000    rw- .sysmem
  20017800    20017800    00000658   00000000    rw- .bss
  20017e58    20017e58    00000218   00000000    rw- .data
2002f800    2002f800    00000800   00000000    rw-
  2002f800    2002f800    00000800   00000000    rw- .stack


SECTION ALLOCATION MAP

 output                                  attributes/
section   page    origin      length       input sections
--------  ----  ----------  ----------   ----------------
.init_array 
*          0    20004000    00000000     UNINITIALIZED

.intvecs   0    20004000    00000400     
                  20004000    00000400     startup_ccs.obj (.intvecs)

.text      0    20004400    00006282     
                  20004400    00000ec0     rtsv7M4_T_le_eabi.lib : _printfi.obj (.text)
                  200052c0    00000b78     main.obj (.text)
                  20005e38    000003cc     rtsv7M4_T_le_eabi.lib : memory.obj (.text)
                  20006204    000003b4     simplelink.a : driver.obj (.text:_SlDrvMsgRead)
                  200065b8    0000034c                  : driver.obj (.text:_SlAsyncEventGenericHandler)
                  20006904    0000026c     uart_if.obj (.text)
                  20006b70    00000200     udma_if.obj (.text)
                  20006d70    000001f4     rtsv7M4_T_le_eabi.lib : ull_div_t2.obj (.text)
                  20006f64    000001b6                           : fd_add_t2.obj (.text)
                  2000711a    00000002     driverlib.a : interrupt.obj (.text:IntDefaultHandler)
                  2000711c    0000019c     simplelink.a : wlan.obj (.text:sl_WlanConnect)
                  200072b8    00000140                  : driver.obj (.text:_SlDrvDataWriteOp)
                  200073f8    00000140                  : driver.obj (.text:_SlDrvRxHdrRead)
                  20007538    00000136     rtsv7M4_T_le_eabi.lib : fd_div_t2.obj (.text)
                  2000766e    00000002     --HOLE-- [fill = 0]
                  20007670    00000134     driverlib.a : prcm.obj (.text:PRCMCC3200MCUInit)
                  200077a4    00000128     simplelink.a : cc_pal.obj (.text:spi_Open)
                  200078cc    00000118                  : driver.obj (.text:_SlDrvWaitForPoolObj)
                  200079e4    00000114                  : driver.obj (.text:_SlDrvMsgWrite)
                  20007af8    0000010c                  : driver.obj (.text:_SlDrvReleasePoolObj)
                  20007c04    000000fc     rtsv7M4_T_le_eabi.lib : fd_mul_t2.obj (.text)
                  20007d00    000000f4     spi.obj (.text)
                  20007df4    000000f0     driverlib.a : udma.obj (.text:uDMAChannelTransferSet)
                  20007ee4    000000ec     simplelink.a : cc_pal.obj (.text:spi_Write)
                  20007fd0    000000cc                  : device.obj (.text:sl_Stop)
                  2000809c    000000cc                  : cc_pal.obj (.text:spi_Read)
                  20008168    000000c8                  : device.obj (.text:sl_Start)
                  20008230    000000bc                  : driver.obj (.text:_SlDrvMsgReadCmdCtx)
                  200082ec    000000b4                  : socket.obj (.text:sl_SendTo)
                  200083a0    000000b2                  : netapp.obj (.text:_SlDrvNetAppEventHandler)
                  20008452    00000002     --HOLE-- [fill = 0]
                  20008454    000000a8     driverlib.a : interrupt.obj (.text:IntDisable)
                  200084fc    000000a8                 : interrupt.obj (.text:IntEnable)
                  200085a4    000000a0                 : spi.obj (.text:SPIConfigSetExpClk)
                  20008644    0000009c     rtsv7M4_T_le_eabi.lib : memcpy_t2.obj (.text)
                  200086e0    00000098     simplelink.a : driver.obj (.text:_SlFindAndSetActiveObj)
                  20008778    00000094     driverlib.a : prcm.obj (.text:PRCMPeripheralClockGet)
                  2000880c    00000094     simplelink.a : driver.obj (.text:_SlDrvClassifyRxMsg)
                  200088a0    00000094                  : driver.obj (.text:_SlDrvMsgReadSpawnCtx)
                  20008934    00000094     rtsv7M4_T_le_eabi.lib : auto_init.obj (.text)
                  200089c8    00000090     simplelink.a : driver.obj (.text:_SlDrvDriverCBInit)
                  20008a58    00000088     driverlib.a : pin.obj (.text:PinConfigSet)
                  20008ae0    00000088     simplelink.a : driver.obj (.text:_SlDrvCmdOp)
                  20008b68    00000088     rtsv7M4_T_le_eabi.lib : vsnprintf.obj (.text)
                  20008bf0    00000088     simplelink.a : netapp.obj (.text:sl_NetAppMDNSRegisterUnregisterService)
                  20008c78    00000086     rtsv7M4_T_le_eabi.lib : fd_cmp_t2.obj (.text:__aeabi_cdcmple)
                  20008cfe    00000086                           : fd_cmp_t2.obj (.text:__aeabi_cdrcmple)
                  20008d84    00000084     simplelink.a : netapp.obj (.text:_sl_HandleAsync_DnsGetHostByName)
                  20008e08    00000080                  : cc_pal.obj (.text:NwpPowerOnPreamble)
                  20008e88    0000007c                  : device.obj (.text:sl_DevGet)
                  20008f04    00000078                  : cc_pal.obj (.text:SetupDMAReceive)
                  20008f7c    00000078                  : device.obj (.text:_sl_HandleAsync_InitComplete)
                  20008ff4    00000078                  : netapp.obj (.text:_sl_HandleAsync_PingResponse)
                  2000906c    00000078     rtsv7M4_T_le_eabi.lib : memset_t2.obj (.text)
                  200090e4    00000076     driverlib.a : uart.obj (.text:UARTConfigSetExpClk)
                  2000915a    00000002     --HOLE-- [fill = 0]
                  2000915c    00000074     simplelink.a : cc_pal.obj (.text:spi_Close)
                  200091d0    0000006e                  : socket.obj (.text:_sl_TruncatePayloadByProtocol)
                  2000923e    00000002     --HOLE-- [fill = 0]
                  20009240    0000006c                  : socket.obj (.text:_sl_HandleAsync_Connect)
                  200092ac    00000068                  : socket.obj (.text:_sl_HandleAsync_Accept)
                  20009314    00000068                  : netapp.obj (.text:_sl_HandleAsync_DnsGetHostByService)
                  2000937c    00000064     driverlib.a : udma.obj (.text:uDMAChannelAttributeDisable)
                  200093e0    00000064                 : udma.obj (.text:uDMAChannelAttributeEnable)
                  20009444    00000060     simplelink.a : driver.obj (.text:_SlDrvDriverCBDeinit)
                  200094a4    0000005e     rtsv7M4_T_le_eabi.lib : copy_decompress_rle.obj (.text)
                  20009502    00000002     --HOLE-- [fill = 0]
                  20009504    0000005c     simplelink.a : socket.obj (.text:_sl_HandleAsync_Select)
                  20009560    0000005a     rtsv7M4_T_le_eabi.lib : ltoa.obj (.text)
                  200095ba    00000002     --HOLE-- [fill = 0]
                  200095bc    00000058     driverlib.a : interrupt.obj (.text:IntPendClear)
                  20009614    00000058                 : prcm.obj (.text:PRCMPeripheralReset)
                  2000966c    00000058     simplelink.a : device.obj (.text:_sl_HandleAsync_Stop)
                  200096c4    00000054     driverlib.a : interrupt.obj (.text:IntPrioritySet)
                  20009718    00000054     simplelink.a : netapp.obj (.text:sl_NetAppSendTokenValue)
                  2000976c    0000004c     driverlib.a : spi.obj (.text:SPIIntEnable)
                  200097b8    0000004c                 : spi.obj (.text:SPIIntNumberGet)
                  20009804    0000004c     rtsv7M4_T_le_eabi.lib : atoi.obj (.text)
                  20009850    0000004c     driverlib.a : udma.obj (.text:uDMAChannelAssign)
                  2000989c    0000004a     simplelink.a : device.obj (.text:_sl_GetStartResponseConvert)
                  200098e6    00000002     --HOLE-- [fill = 0]
                  200098e8    00000048     driverlib.a : spi.obj (.text:SPIIntClear)
                  20009930    00000048     rtsv7M4_T_le_eabi.lib : fd_toi_t2.obj (.text)
                  20009978    00000048     simplelink.a : wlan.obj (.text:sl_WlanSet)
                  200099c0    00000044     driverlib.a : spi.obj (.text:SPIDmaMaskGet)
                  20009a04    00000044     pinmux.obj (.text)
                  20009a48    00000044     rtsv7M4_T_le_eabi.lib : cpy_tbl.obj (.text)
                  20009a8c    00000044                           : exit.obj (.text)
                  20009ad0    00000044                           : xdtest.obj (.text)
                  20009b14    00000044     simplelink.a : netcfg.obj (.text:sl_NetCfgSet)
                  20009b58    00000040     driverlib.a : pin.obj (.text:PinModeSet)
                  20009b98    00000040     simplelink.a : driver.obj (.text:_SlDrvRxIrqHandler)
                  20009bd8    00000040                  : nonos.obj (.text:_SlNonOsMainLoopTask)
                  20009c18    00000040                  : driver.obj (.text:_SlRemoveFromList)
                  20009c58    00000040                  : wlan.obj (.text:sl_WlanPolicySet)
                  20009c98    00000040                  : wlan.obj (.text:sl_WlanRxFilterSet)
                  20009cd8    0000003c                  : cc_pal.obj (.text:NwpPowerOff)
                  20009d14    0000003c     driverlib.a : prcm.obj (.text:PRCMPeripheralClkEnable)
                  20009d50    0000003c     simplelink.a : driver.obj (.text:_SlDrvObjInit)
                  20009d8c    0000003c     driverlib.a : udma.obj (.text:uDMAChannelControlSet)
                  20009dc8    00000038     simplelink.a : cc_pal.obj (.text:NwpRegisterInterruptHandler)
                  20009e00    00000038                  : socket.obj (.text:sl_Htonl)
                  20009e38    00000034     driverlib.a : prcm.obj (.text:PRCMPeripheralStatusGet)
                  20009e6c    00000034                 : spi.obj (.text:SPIFIFOLevelSet)
                  20009ea0    00000034     simplelink.a : driver.obj (.text:_SlDrvBasicCmd)
                  20009ed4    00000034     rtsv7M4_T_le_eabi.lib : boot.obj (.text)
                  20009f08    00000034     simplelink.a : socket.obj (.text:sl_Htons)
                  20009f3c    00000030                  : cc_pal.obj (.text:NwpPowerOn)
                  20009f6c    00000030     driverlib.a : uart.obj (.text:UARTDisable)
                  20009f9c    00000030     simplelink.a : flowcont.obj (.text:_SlDrvFlowContDeinit)
                  20009fcc    00000030                  : flowcont.obj (.text:_SlDrvFlowContInit)
                  20009ffc    00000030                  : nonos.obj (.text:_SlNonOsSemGet)
                  2000a02c    00000030                  : socket.obj (.text:sl_Socket)
                  2000a05c    0000002e     rtsv7M4_T_le_eabi.lib : i_tofd_t2.obj (.text)
                  2000a08a    00000002     --HOLE-- [fill = 0]
                  2000a08c    0000002c     driverlib.a : prcm.obj (.text:PRCMSysResetCauseGet)
                  2000a0b8    00000028                 : prcm.obj (.text:PRCMPeripheralClkDisable)
                  2000a0e0    00000028     simplelink.a : socket.obj (.text:_sl_BuildAddress)
                  2000a108    00000028                  : wlan.obj (.text:sl_WlanSetMode)
                  2000a130    00000024                  : cc_pal.obj (.text:DmaSpiSwIntHandler)
                  2000a154    00000024     driverlib.a : interrupt.obj (.text:IntUnregister)
                  2000a178    00000024                 : uart.obj (.text:UARTEnable)
                  2000a19c    00000024     rtsv7M4_T_le_eabi.lib : memmov.obj (.text)
                  2000a1c0    00000024     simplelink.a : socket.obj (.text:sl_Close)
                  2000a1e4    00000024                  : wlan.obj (.text:sl_WlanProfileDel)
                  2000a208    00000022     driverlib.a : spi.obj (.text:SPIReset)
                  2000a22a    00000022                 : spi.obj (.text:SPIWordCountSet)
                  2000a24c    00000020                 : interrupt.obj (.text:IntRegister)
                  2000a26c    00000020     simplelink.a : driver.obj (.text:_SlDrvCmdSend)
                  2000a28c    00000020                  : nonos.obj (.text:_SlNonOsSpawn)
                  2000a2ac    0000001e     driverlib.a : uart.obj (.text:UARTCharPut)
                  2000a2ca    00000002     --HOLE-- [fill = 0]
                  2000a2cc    0000001c     simplelink.a : driver.obj (.text:_SlDrvObjDeInit)
                  2000a2e8    0000001c     rtsv7M4_T_le_eabi.lib : memccpy.obj (.text)
                  2000a304    0000001c     driverlib.a : udma.obj (.text:uDMAChannelDisable)
                  2000a320    0000001c                 : udma.obj (.text:uDMAChannelEnable)
                  2000a33c    0000001c                 : udma.obj (.text:uDMAChannelRequest)
                  2000a358    0000001a     simplelink.a : netapp.obj (.text:CopyPingResultsToReport)
                  2000a372    0000001a     driverlib.a : pin.obj (.text:PinTypeSPI)
                  2000a38c    0000001a                 : pin.obj (.text:PinTypeUART)
                  2000a3a6    0000001a                 : spi.obj (.text:SPIDmaDisable)
                  2000a3c0    0000001a                 : spi.obj (.text:SPIDmaEnable)
                  2000a3da    0000001a                 : spi.obj (.text:SPIFIFODisable)
                  2000a3f4    0000001a                 : spi.obj (.text:SPIFIFOEnable)
                  2000a40e    0000001a                 : spi.obj (.text:SPIIntUnregister)
                  2000a428    0000001a     simplelink.a : device.obj (.text:_SlDrvDeviceEventHandler)
                  2000a442    00000018     driverlib.a : spi.obj (.text:SPICSDisable)
                  2000a45a    00000018                 : spi.obj (.text:SPICSEnable)
                  2000a472    00000018                 : spi.obj (.text:SPIDisable)
                  2000a48a    00000018                 : spi.obj (.text:SPIEnable)
                  2000a4a2    00000002     --HOLE-- [fill = 0]
                  2000a4a4    00000018     rtsv7M4_T_le_eabi.lib : args_main.obj (.text)
                  2000a4bc    00000018                           : ll_mul_t2.obj (.text)
                  2000a4d4    00000016     driverlib.a : prcm.obj (.text:PRCMHIBRegRead)
                  2000a4ea    00000016                 : prcm.obj (.text:PRCMHIBRegWrite)
                  2000a500    00000016                 : uart.obj (.text:UARTCharGet)
                  2000a516    00000016                 : udma.obj (.text:uDMAIntRegister)
                  2000a52c    00000014                 : cpu.obj (.text:CPUcpsie)
                  2000a540    00000014                 : interrupt.obj (.text:IntVTableBaseSet)
                  2000a554    00000014     simplelink.a : driver.obj (.text:_SlDrvShiftDWord)
                  2000a568    00000014     rtsv7M4_T_le_eabi.lib : _lock.obj (.text)
                  2000a57c    00000014                           : strlen.obj (.text)
                  2000a590    00000014     driverlib.a : udma.obj (.text:uDMAControlBaseSet)
                  2000a5a4    00000014                 : udma.obj (.text:uDMAIntClear)
                  2000a5b8    00000012     rtsv7M4_T_le_eabi.lib : copy_zero_init.obj (.text:decompress:ZI)
                  2000a5ca    00000012     simplelink.a : netapp.obj (.text:sl_NetAppMDNSUnRegisterService)
                  2000a5dc    00000012     driverlib.a : udma.obj (.text:uDMAIntUnregister)
                  2000a5ee    00000002     --HOLE-- [fill = 0]
                  2000a5f0    00000010     simplelink.a : cc_pal.obj (.text:NwpMaskInterrupt)
                  2000a600    0000000e     rtsv7M4_T_le_eabi.lib : copy_decompress_none.obj (.text:decompress:none)
                  2000a60e    0000000e                           : xdclass.obj (.text)
                  2000a61c    0000000e     startup_ccs.obj (.text)
                  2000a62a    00000002     --HOLE-- [fill = 0]
                  2000a62c    0000000c     simplelink.a : cc_pal.obj (.text:NwpUnMaskInterrupt)
                  2000a638    0000000c     driverlib.a : udma.obj (.text:uDMADisable)
                  2000a644    0000000c                 : udma.obj (.text:uDMAEnable)
                  2000a650    0000000c                 : udma.obj (.text:uDMAIntStatus)
                  2000a65c    0000000a                 : interrupt.obj (.text:IntMasterEnable)
                  2000a666    00000008     simplelink.a : nonos.obj (.text:_SlNonOsSemSet)
                  2000a66e    00000008                  : wlan.obj (.text:sl_WlanDisconnect)
                  2000a676    00000006     driverlib.a : utils.obj (.text:UtilsDelay)
                  2000a67c    00000006     rtsv7M4_T_le_eabi.lib : copy_decompress_rle.obj (.text:decompress:rle24)

.const     0    2000a684    00000678     
                  2000a684    00000102     rtsv7M4_T_le_eabi.lib : ctype.obj (.const:.string:_ctypes_)
                  2000a786    00000002     --HOLE-- [fill = 0]
                  2000a788    00000100     driverlib.a : pin.obj (.const:g_ulPinToPadMap)
                  2000a888    000000ec     simplelink.a : wlan.obj (.const)
                  2000a974    000000d4     driverlib.a : interrupt.obj (.const:g_pulRegs)
                  2000aa48    000000a8                 : prcm.obj (.const:PRCM_PeriphRegsList)
                  2000aaf0    00000080                 : interrupt.obj (.const)
                  2000ab70    0000004c     simplelink.a : driver.obj (.const)
                  2000abbc    00000034                  : socket.obj (.const)
                  2000abf0    0000002c     main.obj (.const:$P$T1$2)
                  2000ac1c    00000028     simplelink.a : netapp.obj (.const)
                  2000ac44    00000024     driverlib.a : spi.obj (.const:g_ppulSPIIntMap)
                  2000ac68    00000022     main.obj (.const:.string:$P$T0$1)
                  2000ac8a    00000002     --HOLE-- [fill = 0]
                  2000ac8c    00000020     main.obj (.const)
                  2000acac    00000019     main.obj (.const:.string)
                  2000acc5    00000003     --HOLE-- [fill = 0]
                  2000acc8    00000018     driverlib.a : spi.obj (.const)
                  2000ace0    00000014     simplelink.a : device.obj (.const)
                  2000acf4    00000008                  : netcfg.obj (.const)

.cinit     0    2000ad00    00000068     
                  2000ad00    00000042     (.cinit..data.load) [load image, compression = rle]
                  2000ad42    00000002     --HOLE-- [fill = 0]
                  2000ad44    0000000c     (__TI_handler_table)
                  2000ad50    00000008     (.cinit..bss.load) [load image, compression = zero_init]
                  2000ad58    00000010     (__TI_cinit_table)

.sysmem    0    20017000    00000800     UNINITIALIZED
                  20017000    00000008     rtsv7M4_T_le_eabi.lib : memory.obj (.sysmem)
                  20017008    000007f8     --HOLE--

.bss       0    20017800    00000658     UNINITIALIZED
                  20017800    00000400     udma_if.obj (.bss:gpCtlTbl)
                  20017c00    00000100     udma_if.obj (.bss:gfpAppCallbackHndl)
                  20017d00    000000c8     spi.obj (.bss:myStr)
                  20017dc8    00000034     spi.obj (.bss:g_ucTxBuff)
                  20017dfc    00000028     simplelink.a : nonos.obj (.bss:g__SlNonOsCB)
                  20017e24    00000024     main.obj (.bss:g_ucConnectionSSID)
                  20017e48    00000008     (.common:g_ucConnectionBSSID)
                  20017e50    00000004     (.common:__Errorlog)
                  20017e54    00000001     (.common:g_cDummy)
                  20017e55    00000001     (.common:iDone)
                  20017e56    00000001     (.common:ucRxBuffNdx)
                  20017e57    00000001     (.common:ucTxBuffNdx)

.data      0    20017e58    00000218     UNINITIALIZED
                  20017e58    00000170     simplelink.a : driver.obj (.data)
                  20017fc8    0000005c                  : cc_pal.obj (.data)
                  20018024    0000002c     main.obj (.data)
                  20018050    0000000c     rtsv7M4_T_le_eabi.lib : memory.obj (.data)
                  2001805c    00000008                           : _lock.obj (.data)
                  20018064    00000008                           : exit.obj (.data)
                  2001806c    00000004                           : stkdepth_vars.obj (.data)

.stack     0    2002f800    00000800     UNINITIALIZED
                  2002f800    00000800     --HOLE--


LINKER GENERATED COPY TABLES

__TI_cinit_table @ 2000ad58 records: 2, size/record: 8, table size: 16
	.data: load addr=2000ad00, load size=00000042 bytes, run addr=20017e58, run size=00000218 bytes, compression=rle
	.bss: load addr=2000ad50, load size=00000008 bytes, run addr=20017800, run size=00000658 bytes, compression=zero_init


LINKER GENERATED HANDLER TABLE

__TI_handler_table @ 2000ad44 records: 3, size/record: 4, table size: 12
	index: 0, handler: __TI_decompress_rle24
	index: 1, handler: __TI_decompress_none
	index: 2, handler: __TI_zero_init


GLOBAL SYMBOLS: SORTED ALPHABETICALLY BY Name 

address    name
--------   ----
20005a3d   BsdUdpClient
20009a8d   C$$EXIT
2000a52d   CPUcpsie
20006945   ClearTerm
2000a359   CopyPingResultsToReport
20006d17   DMASetupTransfer
20006b87   DmaErrorIntHandler
2000a131   DmaSpiSwIntHandler
20006b71   DmaSwIntHandler
2000694f   Error
20006987   GetCmd
20006905   InitTerm
20008455   IntDisable
200084fd   IntEnable
2000a65d   IntMasterEnable
200095bd   IntPendClear
200096c5   IntPrioritySet
2000a24d   IntRegister
2000a155   IntUnregister
2000a541   IntVTableBaseSet
20006923   Message
2000a5f1   NwpMaskInterrupt
20009cd9   NwpPowerOff
20009f3d   NwpPowerOn
20008e09   NwpPowerOnPreamble
20009dc9   NwpRegisterInterruptHandler
2000a62d   NwpUnMaskInterrupt
20007671   PRCMCC3200MCUInit
2000a4d5   PRCMHIBRegRead
2000a4eb   PRCMHIBRegWrite
2000a0b9   PRCMPeripheralClkDisable
20009d15   PRCMPeripheralClkEnable
20008779   PRCMPeripheralClockGet
20009615   PRCMPeripheralReset
20009e39   PRCMPeripheralStatusGet
2000a08d   PRCMSysResetCauseGet
20008a59   PinConfigSet
20009b59   PinModeSet
20009a05   PinMuxConfig
2000a373   PinTypeSPI
2000a38d   PinTypeUART
20006ab1   Report
2000a61d   ResetISR
UNDEFED    SHT$$INIT_ARRAY$$Base
UNDEFED    SHT$$INIT_ARRAY$$Limit
2000a443   SPICSDisable
2000a45b   SPICSEnable
200085a5   SPIConfigSetExpClk
2000a473   SPIDisable
2000a3a7   SPIDmaDisable
2000a3c1   SPIDmaEnable
2000a48b   SPIEnable
2000a3db   SPIFIFODisable
2000a3f5   SPIFIFOEnable
20009e6d   SPIFIFOLevelSet
200098e9   SPIIntClear
2000976d   SPIIntEnable
2000a40f   SPIIntUnregister
2000a209   SPIReset
2000a22b   SPIWordCountSet
20006c19   SetupTransfer
20005491   SimpleLinkGeneralEventHandler
200054e5   SimpleLinkHttpServerCallback
200053d1   SimpleLinkNetAppEventHandler
200054f1   SimpleLinkSockEventHandler
200052c1   SimpleLinkWlanEventHandler
20007d01   SlaveMain
20006a19   TrimSpace
2000a501   UARTCharGet
2000a2ad   UARTCharPut
200090e5   UARTConfigSetExpClk
20009f6d   UARTDisable
2000a179   UARTEnable
20006beb   UDMAChannelSelect
20006d03   UDMADeInit
20006b93   UDMAInit
20006c5d   UDMASetupAutoMemTransfer
20006c91   UDMASetupPingPongTransfer
20006ceb   UDMAStartTransfer
20006cf7   UDMAStopTransfer
2000a677   UtilsDelay
2000a60f   _Dclass
20009ad1   _Dtest
2000abdc   _SlAcceptCmdCtrl
2000ab84   _SlActionLookupTable
200065b9   _SlAsyncEventGenericHandler
2000acec   _SlDeviceGetCmdCtrl
2000acf0   _SlDeviceSetCmdCtrl
20009ea1   _SlDrvBasicCmd
2000880d   _SlDrvClassifyRxMsg
20008ae1   _SlDrvCmdOp
2000a26d   _SlDrvCmdSend
200072b9   _SlDrvDataWriteOp
2000a429   _SlDrvDeviceEventHandler
20009445   _SlDrvDriverCBDeinit
200089c9   _SlDrvDriverCBInit
20009f9d   _SlDrvFlowContDeinit
20009fcd   _SlDrvFlowContInit
20006205   _SlDrvMsgRead
20008231   _SlDrvMsgReadCmdCtx
200088a1   _SlDrvMsgReadSpawnCtx
200079e5   _SlDrvMsgWrite
200083a1   _SlDrvNetAppEventHandler
2000a2cd   _SlDrvObjDeInit
20009d51   _SlDrvObjInit
20007af9   _SlDrvReleasePoolObj
200073f9   _SlDrvRxHdrRead
20009b99   _SlDrvRxIrqHandler
2000a555   _SlDrvShiftDWord
200078cd   _SlDrvWaitForPoolObj
2000ace8   _SlEventMaskGetCmdCtrl
2000ace4   _SlEventMaskSetCmdCtrl
200086e1   _SlFindAndSetActiveObj
2000ac34   _SlGetHostByNameCtrl
2000ac30   _SlGetHostByServiceCtrl
2000ac28   _SlGetServiceListeCtrl
2000abe8   _SlGetSockOptCmdCtrl
2000abd8   _SlListenCmdCtrl
2000ac40   _SlNetAppGetCmdCtrl
2000ac3c   _SlNetAppSendTokenValueCmdCtrl
2000ac38   _SlNetAppSetCmdCtrl
2000ac20   _SlNetAppStartCtrl
2000ac24   _SlNetAppStopCtrl
2000acf8   _SlNetCfgGetCmdCtrl
2000acf4   _SlNetCfgSetCmdCtrl
20009bd9   _SlNonOsMainLoopTask
20009ffd   _SlNonOsSemGet
2000a667   _SlNonOsSemSet
2000a28d   _SlNonOsSpawn
2000a890   _SlPolicyGetCmdCtrl
2000a88c   _SlPolicySetCmdCtrl
2000a898   _SlProfileDelCmdCtrl
2000a894   _SlProfileGetCmdCtrl
2000abe0   _SlRecvCmdCtrl
2000abd0   _SlRecvfomCmdCtrl
2000ac2c   _SlRegisterServiceCtrl
20009c19   _SlRemoveFromList
2000a8a0   _SlRxFilterAddtCmdCtrl
2000a8a8   _SlRxFilterGetCmdCtrl
2000a8a4   _SlRxFilterSetCmdCtrl
2000abec   _SlSelectCmdCtrl
2000abd4   _SlSendCmdCtrl
2000abe4   _SlSetSockOptCmdCtrl
2000a8ac   _SlSmartConfigStartCmdCtrl
2000abcc   _SlSockCloseCmdCtrl
2000abc8   _SlSockSocketCmdCtrl
2000ace0   _SlStopCmdCtrl
2000a8b8   _SlWlanCfgGetCmdCtrl
2000a8b4   _SlWlanCfgSetCmdCtrl
2000a89c   _SlWlanGetNetworkListCtrl
2000a8b0   _SlWlanSetModeCmdCtrl
20030000   __STACK_END
00000800   __STACK_SIZE
00000800   __SYSMEM_SIZE
2000ad58   __TI_CINIT_Base
2000ad68   __TI_CINIT_Limit
2000ad44   __TI_Handler_Table_Base
2000ad50   __TI_Handler_Table_Limit
00000001   __TI_args_main
20008935   __TI_auto_init
20018064   __TI_cleanup_ptr
2000a601   __TI_decompress_none
2000a67d   __TI_decompress_rle24
20018068   __TI_dtors_ptr
20004fb7   __TI_printfi
2000ad00   __TI_static_base__
2000a5b9   __TI_zero_init
20008c79   __aeabi_cdcmpeq
20008c79   __aeabi_cdcmple
20008cff   __aeabi_cdrcmple
20009931   __aeabi_d2iz
20006f6f   __aeabi_dadd
20007539   __aeabi_ddiv
20007c05   __aeabi_dmul
20006f65   __aeabi_dsub
2000a05d   __aeabi_i2d
2000a4bd   __aeabi_lmul
2000906d   __aeabi_memclr
2000906d   __aeabi_memclr4
2000906d   __aeabi_memclr8
20008645   __aeabi_memcpy
20008645   __aeabi_memcpy4
20008645   __aeabi_memcpy8
2000906f   __aeabi_memset
2000906f   __aeabi_memset4
2000906f   __aeabi_memset8
20006d71   __aeabi_uldivmod
ffffffff   __binit__
ffffffff   __c_args__
2002f800   __stack
2000a4a5   _args_main
20009ed5   _c_int00
2000a684   _ctypes_
2001805c   _lock
2000a577   _nop
2000a56f   _register_lock
2000a569   _register_unlock
2000a0e1   _sl_BuildAddress
2000989d   _sl_GetStartResponseConvert
200092ad   _sl_HandleAsync_Accept
20009241   _sl_HandleAsync_Connect
20008d85   _sl_HandleAsync_DnsGetHostByName
20009315   _sl_HandleAsync_DnsGetHostByService
20008f7d   _sl_HandleAsync_InitComplete
20008ff5   _sl_HandleAsync_PingResponse
20009505   _sl_HandleAsync_Select
2000966d   _sl_HandleAsync_Stop
200091d1   _sl_TruncatePayloadByProtocol
20017000   _sys_memory
20018060   _unlock
20009a91   abort
20009805   atoi
ffffffff   binit
200061cd   calloc
20009a49   copy_in
20009a99   exit
20005f27   free
20017e5c   gFirstCmdMode
2000ab7c   g_H2NCnysPattern
2000ab74   g_H2NSyncPattern
20017fc8   g_SpiFd
20017e64   g_StatMem
20017dfc   g__SlNonOsCB
20017e54   g_cDummy
20017e60   g_pCB
20017fcc   g_pHostIntHdl
20004000   g_pfnVectors
20017e48   g_ucConnectionBSSID
20017e24   g_ucConnectionSSID
20017fd0   g_ucDMAEnabled
20017fd4   g_ucDinDout
20018038   g_ucSimplelinkstarted
20018030   g_uiPortNum
2001802c   g_ulDestinationIp
20018028   g_ulGatewayIP
2001803c   g_ulIpAddr
20018034   g_ulPacketCount
20018024   g_ulStatus
20017c00   gfpAppCallbackHndl
20017800   gpCtlTbl
20017e55   iDone
2001804c   index
20009561   ltoa
20005be1   main
2001806c   main_func_sp
20005ec5   malloc
200060ed   memalign
2000a2e9   memccpy
20008645   memcpy
2000a19d   memmove
20009075   memset
20005e39   minit
20017d00   myStr
20017e58   pPingCallBackFunc
20005fe7   realloc
2000a1c1   sl_Close
20008e89   sl_DevGet
20009e01   sl_Htonl
20009f09   sl_Htons
20008bf1   sl_NetAppMDNSRegisterUnregisterService
2000a5cb   sl_NetAppMDNSUnRegisterService
20009719   sl_NetAppSendTokenValue
20009b15   sl_NetCfgSet
200082ed   sl_SendTo
2000a02d   sl_Socket
20008169   sl_Start
20007fd1   sl_Stop
2000711d   sl_WlanConnect
2000a66f   sl_WlanDisconnect
20009c59   sl_WlanPolicySet
2000a1e5   sl_WlanProfileDel
20009c99   sl_WlanRxFilterSet
20009979   sl_WlanSet
2000a109   sl_WlanSetMode
20007dbd   spi
2000915d   spi_Close
200077a5   spi_Open
2000809d   spi_Read
20007ee5   spi_Write
2000a57d   strlen
20009851   uDMAChannelAssign
2000937d   uDMAChannelAttributeDisable
200093e1   uDMAChannelAttributeEnable
20009d8d   uDMAChannelControlSet
2000a305   uDMAChannelDisable
2000a321   uDMAChannelEnable
2000a33d   uDMAChannelRequest
20007df5   uDMAChannelTransferSet
2000a591   uDMAControlBaseSet
2000a639   uDMADisable
2000a645   uDMAEnable
2000a5a5   uDMAIntClear
2000a517   uDMAIntRegister
2000a651   uDMAIntStatus
2000a5dd   uDMAIntUnregister
20018040   udp_str
20008b69   vsnprintf


GLOBAL SYMBOLS: SORTED BY Symbol Address 

address    name
--------   ----
00000001   __TI_args_main
00000800   __STACK_SIZE
00000800   __SYSMEM_SIZE
20004000   g_pfnVectors
20004fb7   __TI_printfi
200052c1   SimpleLinkWlanEventHandler
200053d1   SimpleLinkNetAppEventHandler
20005491   SimpleLinkGeneralEventHandler
200054e5   SimpleLinkHttpServerCallback
200054f1   SimpleLinkSockEventHandler
20005a3d   BsdUdpClient
20005be1   main
20005e39   minit
20005ec5   malloc
20005f27   free
20005fe7   realloc
200060ed   memalign
200061cd   calloc
20006205   _SlDrvMsgRead
200065b9   _SlAsyncEventGenericHandler
20006905   InitTerm
20006923   Message
20006945   ClearTerm
2000694f   Error
20006987   GetCmd
20006a19   TrimSpace
20006ab1   Report
20006b71   DmaSwIntHandler
20006b87   DmaErrorIntHandler
20006b93   UDMAInit
20006beb   UDMAChannelSelect
20006c19   SetupTransfer
20006c5d   UDMASetupAutoMemTransfer
20006c91   UDMASetupPingPongTransfer
20006ceb   UDMAStartTransfer
20006cf7   UDMAStopTransfer
20006d03   UDMADeInit
20006d17   DMASetupTransfer
20006d71   __aeabi_uldivmod
20006f65   __aeabi_dsub
20006f6f   __aeabi_dadd
2000711d   sl_WlanConnect
200072b9   _SlDrvDataWriteOp
200073f9   _SlDrvRxHdrRead
20007539   __aeabi_ddiv
20007671   PRCMCC3200MCUInit
200077a5   spi_Open
200078cd   _SlDrvWaitForPoolObj
200079e5   _SlDrvMsgWrite
20007af9   _SlDrvReleasePoolObj
20007c05   __aeabi_dmul
20007d01   SlaveMain
20007dbd   spi
20007df5   uDMAChannelTransferSet
20007ee5   spi_Write
20007fd1   sl_Stop
2000809d   spi_Read
20008169   sl_Start
20008231   _SlDrvMsgReadCmdCtx
200082ed   sl_SendTo
200083a1   _SlDrvNetAppEventHandler
20008455   IntDisable
200084fd   IntEnable
200085a5   SPIConfigSetExpClk
20008645   __aeabi_memcpy
20008645   __aeabi_memcpy4
20008645   __aeabi_memcpy8
20008645   memcpy
200086e1   _SlFindAndSetActiveObj
20008779   PRCMPeripheralClockGet
2000880d   _SlDrvClassifyRxMsg
200088a1   _SlDrvMsgReadSpawnCtx
20008935   __TI_auto_init
200089c9   _SlDrvDriverCBInit
20008a59   PinConfigSet
20008ae1   _SlDrvCmdOp
20008b69   vsnprintf
20008bf1   sl_NetAppMDNSRegisterUnregisterService
20008c79   __aeabi_cdcmpeq
20008c79   __aeabi_cdcmple
20008cff   __aeabi_cdrcmple
20008d85   _sl_HandleAsync_DnsGetHostByName
20008e09   NwpPowerOnPreamble
20008e89   sl_DevGet
20008f7d   _sl_HandleAsync_InitComplete
20008ff5   _sl_HandleAsync_PingResponse
2000906d   __aeabi_memclr
2000906d   __aeabi_memclr4
2000906d   __aeabi_memclr8
2000906f   __aeabi_memset
2000906f   __aeabi_memset4
2000906f   __aeabi_memset8
20009075   memset
200090e5   UARTConfigSetExpClk
2000915d   spi_Close
200091d1   _sl_TruncatePayloadByProtocol
20009241   _sl_HandleAsync_Connect
200092ad   _sl_HandleAsync_Accept
20009315   _sl_HandleAsync_DnsGetHostByService
2000937d   uDMAChannelAttributeDisable
200093e1   uDMAChannelAttributeEnable
20009445   _SlDrvDriverCBDeinit
20009505   _sl_HandleAsync_Select
20009561   ltoa
200095bd   IntPendClear
20009615   PRCMPeripheralReset
2000966d   _sl_HandleAsync_Stop
200096c5   IntPrioritySet
20009719   sl_NetAppSendTokenValue
2000976d   SPIIntEnable
20009805   atoi
20009851   uDMAChannelAssign
2000989d   _sl_GetStartResponseConvert
200098e9   SPIIntClear
20009931   __aeabi_d2iz
20009979   sl_WlanSet
20009a05   PinMuxConfig
20009a49   copy_in
20009a8d   C$$EXIT
20009a91   abort
20009a99   exit
20009ad1   _Dtest
20009b15   sl_NetCfgSet
20009b59   PinModeSet
20009b99   _SlDrvRxIrqHandler
20009bd9   _SlNonOsMainLoopTask
20009c19   _SlRemoveFromList
20009c59   sl_WlanPolicySet
20009c99   sl_WlanRxFilterSet
20009cd9   NwpPowerOff
20009d15   PRCMPeripheralClkEnable
20009d51   _SlDrvObjInit
20009d8d   uDMAChannelControlSet
20009dc9   NwpRegisterInterruptHandler
20009e01   sl_Htonl
20009e39   PRCMPeripheralStatusGet
20009e6d   SPIFIFOLevelSet
20009ea1   _SlDrvBasicCmd
20009ed5   _c_int00
20009f09   sl_Htons
20009f3d   NwpPowerOn
20009f6d   UARTDisable
20009f9d   _SlDrvFlowContDeinit
20009fcd   _SlDrvFlowContInit
20009ffd   _SlNonOsSemGet
2000a02d   sl_Socket
2000a05d   __aeabi_i2d
2000a08d   PRCMSysResetCauseGet
2000a0b9   PRCMPeripheralClkDisable
2000a0e1   _sl_BuildAddress
2000a109   sl_WlanSetMode
2000a131   DmaSpiSwIntHandler
2000a155   IntUnregister
2000a179   UARTEnable
2000a19d   memmove
2000a1c1   sl_Close
2000a1e5   sl_WlanProfileDel
2000a209   SPIReset
2000a22b   SPIWordCountSet
2000a24d   IntRegister
2000a26d   _SlDrvCmdSend
2000a28d   _SlNonOsSpawn
2000a2ad   UARTCharPut
2000a2cd   _SlDrvObjDeInit
2000a2e9   memccpy
2000a305   uDMAChannelDisable
2000a321   uDMAChannelEnable
2000a33d   uDMAChannelRequest
2000a359   CopyPingResultsToReport
2000a373   PinTypeSPI
2000a38d   PinTypeUART
2000a3a7   SPIDmaDisable
2000a3c1   SPIDmaEnable
2000a3db   SPIFIFODisable
2000a3f5   SPIFIFOEnable
2000a40f   SPIIntUnregister
2000a429   _SlDrvDeviceEventHandler
2000a443   SPICSDisable
2000a45b   SPICSEnable
2000a473   SPIDisable
2000a48b   SPIEnable
2000a4a5   _args_main
2000a4bd   __aeabi_lmul
2000a4d5   PRCMHIBRegRead
2000a4eb   PRCMHIBRegWrite
2000a501   UARTCharGet
2000a517   uDMAIntRegister
2000a52d   CPUcpsie
2000a541   IntVTableBaseSet
2000a555   _SlDrvShiftDWord
2000a569   _register_unlock
2000a56f   _register_lock
2000a577   _nop
2000a57d   strlen
2000a591   uDMAControlBaseSet
2000a5a5   uDMAIntClear
2000a5b9   __TI_zero_init
2000a5cb   sl_NetAppMDNSUnRegisterService
2000a5dd   uDMAIntUnregister
2000a5f1   NwpMaskInterrupt
2000a601   __TI_decompress_none
2000a60f   _Dclass
2000a61d   ResetISR
2000a62d   NwpUnMaskInterrupt
2000a639   uDMADisable
2000a645   uDMAEnable
2000a651   uDMAIntStatus
2000a65d   IntMasterEnable
2000a667   _SlNonOsSemSet
2000a66f   sl_WlanDisconnect
2000a677   UtilsDelay
2000a67d   __TI_decompress_rle24
2000a684   _ctypes_
2000a88c   _SlPolicySetCmdCtrl
2000a890   _SlPolicyGetCmdCtrl
2000a894   _SlProfileGetCmdCtrl
2000a898   _SlProfileDelCmdCtrl
2000a89c   _SlWlanGetNetworkListCtrl
2000a8a0   _SlRxFilterAddtCmdCtrl
2000a8a4   _SlRxFilterSetCmdCtrl
2000a8a8   _SlRxFilterGetCmdCtrl
2000a8ac   _SlSmartConfigStartCmdCtrl
2000a8b0   _SlWlanSetModeCmdCtrl
2000a8b4   _SlWlanCfgSetCmdCtrl
2000a8b8   _SlWlanCfgGetCmdCtrl
2000ab74   g_H2NSyncPattern
2000ab7c   g_H2NCnysPattern
2000ab84   _SlActionLookupTable
2000abc8   _SlSockSocketCmdCtrl
2000abcc   _SlSockCloseCmdCtrl
2000abd0   _SlRecvfomCmdCtrl
2000abd4   _SlSendCmdCtrl
2000abd8   _SlListenCmdCtrl
2000abdc   _SlAcceptCmdCtrl
2000abe0   _SlRecvCmdCtrl
2000abe4   _SlSetSockOptCmdCtrl
2000abe8   _SlGetSockOptCmdCtrl
2000abec   _SlSelectCmdCtrl
2000ac20   _SlNetAppStartCtrl
2000ac24   _SlNetAppStopCtrl
2000ac28   _SlGetServiceListeCtrl
2000ac2c   _SlRegisterServiceCtrl
2000ac30   _SlGetHostByServiceCtrl
2000ac34   _SlGetHostByNameCtrl
2000ac38   _SlNetAppSetCmdCtrl
2000ac3c   _SlNetAppSendTokenValueCmdCtrl
2000ac40   _SlNetAppGetCmdCtrl
2000ace0   _SlStopCmdCtrl
2000ace4   _SlEventMaskSetCmdCtrl
2000ace8   _SlEventMaskGetCmdCtrl
2000acec   _SlDeviceGetCmdCtrl
2000acf0   _SlDeviceSetCmdCtrl
2000acf4   _SlNetCfgSetCmdCtrl
2000acf8   _SlNetCfgGetCmdCtrl
2000ad00   __TI_static_base__
2000ad44   __TI_Handler_Table_Base
2000ad50   __TI_Handler_Table_Limit
2000ad58   __TI_CINIT_Base
2000ad68   __TI_CINIT_Limit
20017000   _sys_memory
20017800   gpCtlTbl
20017c00   gfpAppCallbackHndl
20017d00   myStr
20017dfc   g__SlNonOsCB
20017e24   g_ucConnectionSSID
20017e48   g_ucConnectionBSSID
20017e54   g_cDummy
20017e55   iDone
20017e58   pPingCallBackFunc
20017e5c   gFirstCmdMode
20017e60   g_pCB
20017e64   g_StatMem
20017fc8   g_SpiFd
20017fcc   g_pHostIntHdl
20017fd0   g_ucDMAEnabled
20017fd4   g_ucDinDout
20018024   g_ulStatus
20018028   g_ulGatewayIP
2001802c   g_ulDestinationIp
20018030   g_uiPortNum
20018034   g_ulPacketCount
20018038   g_ucSimplelinkstarted
2001803c   g_ulIpAddr
20018040   udp_str
2001804c   index
2001805c   _lock
20018060   _unlock
20018064   __TI_cleanup_ptr
20018068   __TI_dtors_ptr
2001806c   main_func_sp
2002f800   __stack
20030000   __STACK_END
ffffffff   __binit__
ffffffff   __c_args__
ffffffff   binit
UNDEFED    SHT$$INIT_ARRAY$$Base
UNDEFED    SHT$$INIT_ARRAY$$Limit

[297 symbols]
