<?xml version="1.0"?>
<link_info>
   <banner>TI ARM Linker PC v5.1.6</banner>
   <copyright>Copyright (c) 1996-2014 Texas Instruments Incorporated</copyright>
   <link_time>0x55184cc2</link_time>
   <link_errors>0x0</link_errors>
   <output_file>test udp_socket.out</output_file>
   <entry_point>
      <name>_c_int00</name>
      <address>0x2000ac8d</address>
   </entry_point>
   <input_file_list>
      <input_file id="fl-2">
         <path>.\</path>
         <kind>object</kind>
         <file>main.obj</file>
         <name>main.obj</name>
      </input_file>
      <input_file id="fl-3">
         <path>.\</path>
         <kind>object</kind>
         <file>pinmux.obj</file>
         <name>pinmux.obj</name>
      </input_file>
      <input_file id="fl-4">
         <path>.\</path>
         <kind>object</kind>
         <file>spi.obj</file>
         <name>spi.obj</name>
      </input_file>
      <input_file id="fl-5">
         <path>.\</path>
         <kind>object</kind>
         <file>startup_ccs.obj</file>
         <name>startup_ccs.obj</name>
      </input_file>
      <input_file id="fl-6">
         <path>.\</path>
         <kind>object</kind>
         <file>timer_if.obj</file>
         <name>timer_if.obj</name>
      </input_file>
      <input_file id="fl-7">
         <path>.\</path>
         <kind>object</kind>
         <file>uart_if.obj</file>
         <name>uart_if.obj</name>
      </input_file>
      <input_file id="fl-8">
         <path>.\</path>
         <kind>object</kind>
         <file>udma_if.obj</file>
         <name>udma_if.obj</name>
      </input_file>
      <input_file id="fl-137">
         <path>c:\ti\ccsv6\tools\compiler\arm_5.1.6\lib\</path>
         <kind>archive</kind>
         <file>rtsv7M4_T_le_eabi.lib</file>
         <name>boot.obj</name>
      </input_file>
      <input_file id="fl-138">
         <path>c:\ti\ccsv6\tools\compiler\arm_5.1.6\lib\</path>
         <kind>archive</kind>
         <file>rtsv7M4_T_le_eabi.lib</file>
         <name>copy_decompress_none.obj</name>
      </input_file>
      <input_file id="fl-139">
         <path>c:\ti\ccsv6\tools\compiler\arm_5.1.6\lib\</path>
         <kind>archive</kind>
         <file>rtsv7M4_T_le_eabi.lib</file>
         <name>copy_decompress_rle.obj</name>
      </input_file>
      <input_file id="fl-13a">
         <path>c:\ti\ccsv6\tools\compiler\arm_5.1.6\lib\</path>
         <kind>archive</kind>
         <file>rtsv7M4_T_le_eabi.lib</file>
         <name>copy_zero_init.obj</name>
      </input_file>
      <input_file id="fl-13b">
         <path>c:\ti\ccsv6\tools\compiler\arm_5.1.6\lib\</path>
         <kind>archive</kind>
         <file>rtsv7M4_T_le_eabi.lib</file>
         <name>exit.obj</name>
      </input_file>
      <input_file id="fl-13c">
         <path>c:\ti\ccsv6\tools\compiler\arm_5.1.6\lib\</path>
         <kind>archive</kind>
         <file>rtsv7M4_T_le_eabi.lib</file>
         <name>memcpy_t2.obj</name>
      </input_file>
      <input_file id="fl-13d">
         <path>c:\ti\ccsv6\tools\compiler\arm_5.1.6\lib\</path>
         <kind>archive</kind>
         <file>rtsv7M4_T_le_eabi.lib</file>
         <name>memmov.obj</name>
      </input_file>
      <input_file id="fl-13e">
         <path>c:\ti\ccsv6\tools\compiler\arm_5.1.6\lib\</path>
         <kind>archive</kind>
         <file>rtsv7M4_T_le_eabi.lib</file>
         <name>memory.obj</name>
      </input_file>
      <input_file id="fl-13f">
         <path>c:\ti\ccsv6\tools\compiler\arm_5.1.6\lib\</path>
         <kind>archive</kind>
         <file>rtsv7M4_T_le_eabi.lib</file>
         <name>memset_t2.obj</name>
      </input_file>
      <input_file id="fl-140">
         <path>c:\ti\ccsv6\tools\compiler\arm_5.1.6\lib\</path>
         <kind>archive</kind>
         <file>rtsv7M4_T_le_eabi.lib</file>
         <name>stkdepth_vars.obj</name>
      </input_file>
      <input_file id="fl-141">
         <path>c:\ti\ccsv6\tools\compiler\arm_5.1.6\lib\</path>
         <kind>archive</kind>
         <file>rtsv7M4_T_le_eabi.lib</file>
         <name>strlen.obj</name>
      </input_file>
      <input_file id="fl-142">
         <path>c:\ti\ccsv6\tools\compiler\arm_5.1.6\lib\</path>
         <kind>archive</kind>
         <file>rtsv7M4_T_le_eabi.lib</file>
         <name>vsnprintf.obj</name>
      </input_file>
      <input_file id="fl-143">
         <path>c:\ti\ccsv6\tools\compiler\arm_5.1.6\lib\</path>
         <kind>archive</kind>
         <file>rtsv7M4_T_le_eabi.lib</file>
         <name>_lock.obj</name>
      </input_file>
      <input_file id="fl-144">
         <path>c:\ti\ccsv6\tools\compiler\arm_5.1.6\lib\</path>
         <kind>archive</kind>
         <file>rtsv7M4_T_le_eabi.lib</file>
         <name>_printfi.obj</name>
      </input_file>
      <input_file id="fl-145">
         <path>c:\ti\ccsv6\tools\compiler\arm_5.1.6\lib\</path>
         <kind>archive</kind>
         <file>rtsv7M4_T_le_eabi.lib</file>
         <name>args_main.obj</name>
      </input_file>
      <input_file id="fl-146">
         <path>c:\ti\ccsv6\tools\compiler\arm_5.1.6\lib\</path>
         <kind>archive</kind>
         <file>rtsv7M4_T_le_eabi.lib</file>
         <name>atoi.obj</name>
      </input_file>
      <input_file id="fl-147">
         <path>c:\ti\ccsv6\tools\compiler\arm_5.1.6\lib\</path>
         <kind>archive</kind>
         <file>rtsv7M4_T_le_eabi.lib</file>
         <name>auto_init.obj</name>
      </input_file>
      <input_file id="fl-148">
         <path>c:\ti\ccsv6\tools\compiler\arm_5.1.6\lib\</path>
         <kind>archive</kind>
         <file>rtsv7M4_T_le_eabi.lib</file>
         <name>cpy_tbl.obj</name>
      </input_file>
      <input_file id="fl-149">
         <path>c:\ti\ccsv6\tools\compiler\arm_5.1.6\lib\</path>
         <kind>archive</kind>
         <file>rtsv7M4_T_le_eabi.lib</file>
         <name>ctype.obj</name>
      </input_file>
      <input_file id="fl-14a">
         <path>c:\ti\ccsv6\tools\compiler\arm_5.1.6\lib\</path>
         <kind>archive</kind>
         <file>rtsv7M4_T_le_eabi.lib</file>
         <name>fd_add_t2.obj</name>
      </input_file>
      <input_file id="fl-14b">
         <path>c:\ti\ccsv6\tools\compiler\arm_5.1.6\lib\</path>
         <kind>archive</kind>
         <file>rtsv7M4_T_le_eabi.lib</file>
         <name>fd_cmp_t2.obj</name>
      </input_file>
      <input_file id="fl-14c">
         <path>c:\ti\ccsv6\tools\compiler\arm_5.1.6\lib\</path>
         <kind>archive</kind>
         <file>rtsv7M4_T_le_eabi.lib</file>
         <name>fd_div_t2.obj</name>
      </input_file>
      <input_file id="fl-14d">
         <path>c:\ti\ccsv6\tools\compiler\arm_5.1.6\lib\</path>
         <kind>archive</kind>
         <file>rtsv7M4_T_le_eabi.lib</file>
         <name>fd_mul_t2.obj</name>
      </input_file>
      <input_file id="fl-14e">
         <path>c:\ti\ccsv6\tools\compiler\arm_5.1.6\lib\</path>
         <kind>archive</kind>
         <file>rtsv7M4_T_le_eabi.lib</file>
         <name>fd_toi_t2.obj</name>
      </input_file>
      <input_file id="fl-14f">
         <path>c:\ti\ccsv6\tools\compiler\arm_5.1.6\lib\</path>
         <kind>archive</kind>
         <file>rtsv7M4_T_le_eabi.lib</file>
         <name>i_tofd_t2.obj</name>
      </input_file>
      <input_file id="fl-150">
         <path>c:\ti\ccsv6\tools\compiler\arm_5.1.6\lib\</path>
         <kind>archive</kind>
         <file>rtsv7M4_T_le_eabi.lib</file>
         <name>ll_mul_t2.obj</name>
      </input_file>
      <input_file id="fl-151">
         <path>c:\ti\ccsv6\tools\compiler\arm_5.1.6\lib\</path>
         <kind>archive</kind>
         <file>rtsv7M4_T_le_eabi.lib</file>
         <name>ltoa.obj</name>
      </input_file>
      <input_file id="fl-152">
         <path>c:\ti\ccsv6\tools\compiler\arm_5.1.6\lib\</path>
         <kind>archive</kind>
         <file>rtsv7M4_T_le_eabi.lib</file>
         <name>memccpy.obj</name>
      </input_file>
      <input_file id="fl-153">
         <path>c:\ti\ccsv6\tools\compiler\arm_5.1.6\lib\</path>
         <kind>archive</kind>
         <file>rtsv7M4_T_le_eabi.lib</file>
         <name>ull_div_t2.obj</name>
      </input_file>
      <input_file id="fl-154">
         <path>c:\ti\ccsv6\tools\compiler\arm_5.1.6\lib\</path>
         <kind>archive</kind>
         <file>rtsv7M4_T_le_eabi.lib</file>
         <name>xdclass.obj</name>
      </input_file>
      <input_file id="fl-155">
         <path>c:\ti\ccsv6\tools\compiler\arm_5.1.6\lib\</path>
         <kind>archive</kind>
         <file>rtsv7M4_T_le_eabi.lib</file>
         <name>xdtest.obj</name>
      </input_file>
      <input_file id="fl-156">
         <path>C:\ti\CC3200SDK_1.0.0\cc3200-sdk\example\udp_socket\ccs\\..\..\..\simplelink\ccs\NON_OS\</path>
         <kind>archive</kind>
         <file>simplelink.a</file>
         <name>device.obj</name>
      </input_file>
      <input_file id="fl-157">
         <path>C:\ti\CC3200SDK_1.0.0\cc3200-sdk\example\udp_socket\ccs\\..\..\..\simplelink\ccs\NON_OS\</path>
         <kind>archive</kind>
         <file>simplelink.a</file>
         <name>driver.obj</name>
      </input_file>
      <input_file id="fl-158">
         <path>C:\ti\CC3200SDK_1.0.0\cc3200-sdk\example\udp_socket\ccs\\..\..\..\simplelink\ccs\NON_OS\</path>
         <kind>archive</kind>
         <file>simplelink.a</file>
         <name>flowcont.obj</name>
      </input_file>
      <input_file id="fl-159">
         <path>C:\ti\CC3200SDK_1.0.0\cc3200-sdk\example\udp_socket\ccs\\..\..\..\simplelink\ccs\NON_OS\</path>
         <kind>archive</kind>
         <file>simplelink.a</file>
         <name>netapp.obj</name>
      </input_file>
      <input_file id="fl-15a">
         <path>C:\ti\CC3200SDK_1.0.0\cc3200-sdk\example\udp_socket\ccs\\..\..\..\simplelink\ccs\NON_OS\</path>
         <kind>archive</kind>
         <file>simplelink.a</file>
         <name>netcfg.obj</name>
      </input_file>
      <input_file id="fl-15b">
         <path>C:\ti\CC3200SDK_1.0.0\cc3200-sdk\example\udp_socket\ccs\\..\..\..\simplelink\ccs\NON_OS\</path>
         <kind>archive</kind>
         <file>simplelink.a</file>
         <name>nonos.obj</name>
      </input_file>
      <input_file id="fl-15c">
         <path>C:\ti\CC3200SDK_1.0.0\cc3200-sdk\example\udp_socket\ccs\\..\..\..\simplelink\ccs\NON_OS\</path>
         <kind>archive</kind>
         <file>simplelink.a</file>
         <name>socket.obj</name>
      </input_file>
      <input_file id="fl-15d">
         <path>C:\ti\CC3200SDK_1.0.0\cc3200-sdk\example\udp_socket\ccs\\..\..\..\simplelink\ccs\NON_OS\</path>
         <kind>archive</kind>
         <file>simplelink.a</file>
         <name>wlan.obj</name>
      </input_file>
      <input_file id="fl-15e">
         <path>C:\ti\CC3200SDK_1.0.0\cc3200-sdk\example\udp_socket\ccs\\..\..\..\simplelink\ccs\NON_OS\</path>
         <kind>archive</kind>
         <file>simplelink.a</file>
         <name>cc_pal.obj</name>
      </input_file>
      <input_file id="fl-15f">
         <path>C:\ti\CC3200SDK_1.0.0\cc3200-sdk\example\udp_socket\ccs\\..\..\..\driverlib\ccs\Release\</path>
         <kind>archive</kind>
         <file>driverlib.a</file>
         <name>interrupt.obj</name>
      </input_file>
      <input_file id="fl-160">
         <path>C:\ti\CC3200SDK_1.0.0\cc3200-sdk\example\udp_socket\ccs\\..\..\..\driverlib\ccs\Release\</path>
         <kind>archive</kind>
         <file>driverlib.a</file>
         <name>pin.obj</name>
      </input_file>
      <input_file id="fl-161">
         <path>C:\ti\CC3200SDK_1.0.0\cc3200-sdk\example\udp_socket\ccs\\..\..\..\driverlib\ccs\Release\</path>
         <kind>archive</kind>
         <file>driverlib.a</file>
         <name>prcm.obj</name>
      </input_file>
      <input_file id="fl-162">
         <path>C:\ti\CC3200SDK_1.0.0\cc3200-sdk\example\udp_socket\ccs\\..\..\..\driverlib\ccs\Release\</path>
         <kind>archive</kind>
         <file>driverlib.a</file>
         <name>spi.obj</name>
      </input_file>
      <input_file id="fl-163">
         <path>C:\ti\CC3200SDK_1.0.0\cc3200-sdk\example\udp_socket\ccs\\..\..\..\driverlib\ccs\Release\</path>
         <kind>archive</kind>
         <file>driverlib.a</file>
         <name>timer.obj</name>
      </input_file>
      <input_file id="fl-164">
         <path>C:\ti\CC3200SDK_1.0.0\cc3200-sdk\example\udp_socket\ccs\\..\..\..\driverlib\ccs\Release\</path>
         <kind>archive</kind>
         <file>driverlib.a</file>
         <name>uart.obj</name>
      </input_file>
      <input_file id="fl-165">
         <path>C:\ti\CC3200SDK_1.0.0\cc3200-sdk\example\udp_socket\ccs\\..\..\..\driverlib\ccs\Release\</path>
         <kind>archive</kind>
         <file>driverlib.a</file>
         <name>udma.obj</name>
      </input_file>
      <input_file id="fl-166">
         <path>C:\ti\CC3200SDK_1.0.0\cc3200-sdk\example\udp_socket\ccs\\..\..\..\driverlib\ccs\Release\</path>
         <kind>archive</kind>
         <file>driverlib.a</file>
         <name>utils.obj</name>
      </input_file>
      <input_file id="fl-167">
         <path>C:\ti\CC3200SDK_1.0.0\cc3200-sdk\example\udp_socket\ccs\\..\..\..\driverlib\ccs\Release\</path>
         <kind>archive</kind>
         <file>driverlib.a</file>
         <name>cpu.obj</name>
      </input_file>
      <input_file id="fl-168">
         <path>C:\ti\CC3200SDK_1.0.0\cc3200-sdk\example\udp_socket\ccs\\..\..\..\driverlib\ccs\Release\</path>
         <kind>archive</kind>
         <file>driverlib.a</file>
         <name>flash.obj</name>
      </input_file>
      <input_file id="fl-169">
         <path>c:\ti\ccsv6\tools\compiler\arm_5.1.6\lib\</path>
         <kind>archive</kind>
         <file>rtsv7M4_T_le_eabi.lib</file>
         <name>ll_lsr_t2.obj</name>
      </input_file>
   </input_file_list>
   <object_component_list>
      <object_component id="oc-e">
         <name>.intvecs</name>
         <load_address>0x20004000</load_address>
         <run_address>0x20004000</run_address>
         <size>0x400</size>
         <input_file_ref idref="fl-5"/>
      </object_component>
      <object_component id="oc-7d">
         <name>.text</name>
         <load_address>0x20004400</load_address>
         <run_address>0x20004400</run_address>
         <size>0xedc</size>
         <input_file_ref idref="fl-2"/>
      </object_component>
      <object_component id="oc-41c">
         <name>.text</name>
         <load_address>0x200052dc</load_address>
         <run_address>0x200052dc</run_address>
         <size>0xec0</size>
         <input_file_ref idref="fl-144"/>
      </object_component>
      <object_component id="oc-14d">
         <name>.text</name>
         <load_address>0x2000619c</load_address>
         <run_address>0x2000619c</run_address>
         <size>0x54c</size>
         <input_file_ref idref="fl-4"/>
      </object_component>
      <object_component id="oc-1e3">
         <name>.text</name>
         <load_address>0x200066e8</load_address>
         <run_address>0x200066e8</run_address>
         <size>0x3cc</size>
         <input_file_ref idref="fl-13e"/>
      </object_component>
      <object_component id="oc-62c">
         <name>.text:_SlDrvMsgRead</name>
         <load_address>0x20006ab4</load_address>
         <run_address>0x20006ab4</run_address>
         <size>0x3b4</size>
         <input_file_ref idref="fl-157"/>
      </object_component>
      <object_component id="oc-632">
         <name>.text:_SlAsyncEventGenericHandler</name>
         <load_address>0x20006e68</load_address>
         <run_address>0x20006e68</run_address>
         <size>0x34c</size>
         <input_file_ref idref="fl-157"/>
      </object_component>
      <object_component id="oc-b0">
         <name>.text</name>
         <load_address>0x200071b4</load_address>
         <run_address>0x200071b4</run_address>
         <size>0x26c</size>
         <input_file_ref idref="fl-7"/>
      </object_component>
      <object_component id="oc-179">
         <name>.text</name>
         <load_address>0x20007420</load_address>
         <run_address>0x20007420</run_address>
         <size>0x200</size>
         <input_file_ref idref="fl-8"/>
      </object_component>
      <object_component id="oc-5b6">
         <name>.text</name>
         <load_address>0x20007620</load_address>
         <run_address>0x20007620</run_address>
         <size>0x1f4</size>
         <input_file_ref idref="fl-153"/>
      </object_component>
      <object_component id="oc-5e4">
         <name>.text</name>
         <load_address>0x20007814</load_address>
         <run_address>0x20007814</run_address>
         <size>0x1b6</size>
         <input_file_ref idref="fl-14a"/>
      </object_component>
      <object_component id="oc-621">
         <name>.text:IntDefaultHandler</name>
         <load_address>0x200079ca</load_address>
         <run_address>0x200079ca</run_address>
         <size>0x2</size>
         <input_file_ref idref="fl-15f"/>
      </object_component>
      <object_component id="oc-159">
         <name>.text:sl_WlanConnect</name>
         <load_address>0x200079cc</load_address>
         <run_address>0x200079cc</run_address>
         <size>0x19c</size>
         <input_file_ref idref="fl-15d"/>
      </object_component>
      <object_component id="oc-2d7">
         <name>.text:_SlDrvDataReadOp</name>
         <load_address>0x20007b68</load_address>
         <run_address>0x20007b68</run_address>
         <size>0x17c</size>
         <input_file_ref idref="fl-157"/>
      </object_component>
      <object_component id="oc-2ce">
         <name>.text:_SlDrvDataWriteOp</name>
         <load_address>0x20007ce4</load_address>
         <run_address>0x20007ce4</run_address>
         <size>0x140</size>
         <input_file_ref idref="fl-157"/>
      </object_component>
      <object_component id="oc-6bf">
         <name>.text:_SlDrvRxHdrRead</name>
         <load_address>0x20007e24</load_address>
         <run_address>0x20007e24</run_address>
         <size>0x140</size>
         <input_file_ref idref="fl-157"/>
      </object_component>
      <object_component id="oc-5ca">
         <name>.text</name>
         <load_address>0x20007f64</load_address>
         <run_address>0x20007f64</run_address>
         <size>0x136</size>
         <input_file_ref idref="fl-14c"/>
      </object_component>
      <object_component id="oc-171">
         <name>.text:PRCMCC3200MCUInit</name>
         <load_address>0x2000809c</load_address>
         <run_address>0x2000809c</run_address>
         <size>0x134</size>
         <input_file_ref idref="fl-161"/>
      </object_component>
      <object_component id="oc-219">
         <name>.text:spi_Open</name>
         <load_address>0x200081d0</load_address>
         <run_address>0x200081d0</run_address>
         <size>0x128</size>
         <input_file_ref idref="fl-15e"/>
      </object_component>
      <object_component id="oc-21f">
         <name>.text:_SlDrvWaitForPoolObj</name>
         <load_address>0x200082f8</load_address>
         <run_address>0x200082f8</run_address>
         <size>0x118</size>
         <input_file_ref idref="fl-157"/>
      </object_component>
      <object_component id="oc-4c9">
         <name>.text:_SlDrvMsgWrite</name>
         <load_address>0x20008410</load_address>
         <run_address>0x20008410</run_address>
         <size>0x114</size>
         <input_file_ref idref="fl-157"/>
      </object_component>
      <object_component id="oc-243">
         <name>.text:_SlDrvReleasePoolObj</name>
         <load_address>0x20008524</load_address>
         <run_address>0x20008524</run_address>
         <size>0x10c</size>
         <input_file_ref idref="fl-157"/>
      </object_component>
      <object_component id="oc-5c5">
         <name>.text</name>
         <load_address>0x20008630</load_address>
         <run_address>0x20008630</run_address>
         <size>0xfc</size>
         <input_file_ref idref="fl-14d"/>
      </object_component>
      <object_component id="oc-353">
         <name>.text</name>
         <load_address>0x2000872c</load_address>
         <run_address>0x2000872c</run_address>
         <size>0xfa</size>
         <input_file_ref idref="fl-6"/>
      </object_component>
      <object_component id="oc-3c3">
         <name>.text:uDMAChannelTransferSet</name>
         <load_address>0x20008828</load_address>
         <run_address>0x20008828</run_address>
         <size>0xf0</size>
         <input_file_ref idref="fl-165"/>
      </object_component>
      <object_component id="oc-639">
         <name>.text:spi_Write</name>
         <load_address>0x20008918</load_address>
         <run_address>0x20008918</run_address>
         <size>0xec</size>
         <input_file_ref idref="fl-15e"/>
      </object_component>
      <object_component id="oc-dc">
         <name>.text:sl_Stop</name>
         <load_address>0x20008a04</load_address>
         <run_address>0x20008a04</run_address>
         <size>0xcc</size>
         <input_file_ref idref="fl-156"/>
      </object_component>
      <object_component id="oc-6cb">
         <name>.text:spi_Read</name>
         <load_address>0x20008ad0</load_address>
         <run_address>0x20008ad0</run_address>
         <size>0xcc</size>
         <input_file_ref idref="fl-15e"/>
      </object_component>
      <object_component id="oc-ca">
         <name>.text:sl_Start</name>
         <load_address>0x20008b9c</load_address>
         <run_address>0x20008b9c</run_address>
         <size>0xc8</size>
         <input_file_ref idref="fl-156"/>
      </object_component>
      <object_component id="oc-4cf">
         <name>.text:_SlDrvMsgReadCmdCtx</name>
         <load_address>0x20008c64</load_address>
         <run_address>0x20008c64</run_address>
         <size>0xbc</size>
         <input_file_ref idref="fl-157"/>
      </object_component>
      <object_component id="oc-131">
         <name>.text:sl_SendTo</name>
         <load_address>0x20008d20</load_address>
         <run_address>0x20008d20</run_address>
         <size>0xb4</size>
         <input_file_ref idref="fl-15c"/>
      </object_component>
      <object_component id="oc-715">
         <name>.text:_SlDrvNetAppEventHandler</name>
         <load_address>0x20008dd4</load_address>
         <run_address>0x20008dd4</run_address>
         <size>0xb2</size>
         <input_file_ref idref="fl-159"/>
      </object_component>
      <object_component id="oc-144">
         <name>.text:sl_RecvFrom</name>
         <load_address>0x20008e88</load_address>
         <run_address>0x20008e88</run_address>
         <size>0xac</size>
         <input_file_ref idref="fl-15c"/>
      </object_component>
      <object_component id="oc-483">
         <name>.text:IntDisable</name>
         <load_address>0x20008f34</load_address>
         <run_address>0x20008f34</run_address>
         <size>0xa8</size>
         <input_file_ref idref="fl-15f"/>
      </object_component>
      <object_component id="oc-16b">
         <name>.text:IntEnable</name>
         <load_address>0x20008fdc</load_address>
         <run_address>0x20008fdc</run_address>
         <size>0xa8</size>
         <input_file_ref idref="fl-15f"/>
      </object_component>
      <object_component id="oc-31a">
         <name>.text:SPIConfigSetExpClk</name>
         <load_address>0x20009084</load_address>
         <run_address>0x20009084</run_address>
         <size>0xa0</size>
         <input_file_ref idref="fl-162"/>
      </object_component>
      <object_component id="oc-4a">
         <name>.text</name>
         <load_address>0x20009124</load_address>
         <run_address>0x20009124</run_address>
         <size>0x9c</size>
         <input_file_ref idref="fl-13c"/>
      </object_component>
      <object_component id="oc-6d1">
         <name>.text:_SlFindAndSetActiveObj</name>
         <load_address>0x200091c0</load_address>
         <run_address>0x200091c0</run_address>
         <size>0x98</size>
         <input_file_ref idref="fl-157"/>
      </object_component>
      <object_component id="oc-1bf">
         <name>.text:PRCMPeripheralClockGet</name>
         <load_address>0x20009258</load_address>
         <run_address>0x20009258</run_address>
         <size>0x94</size>
         <input_file_ref idref="fl-161"/>
      </object_component>
      <object_component id="oc-6c5">
         <name>.text:_SlDrvClassifyRxMsg</name>
         <load_address>0x200092ec</load_address>
         <run_address>0x200092ec</run_address>
         <size>0x94</size>
         <input_file_ref idref="fl-157"/>
      </object_component>
      <object_component id="oc-4b2">
         <name>.text:_SlDrvMsgReadSpawnCtx</name>
         <load_address>0x20009380</load_address>
         <run_address>0x20009380</run_address>
         <size>0x94</size>
         <input_file_ref idref="fl-157"/>
      </object_component>
      <object_component id="oc-35">
         <name>.text</name>
         <load_address>0x20009414</load_address>
         <run_address>0x20009414</run_address>
         <size>0x94</size>
         <input_file_ref idref="fl-147"/>
      </object_component>
      <object_component id="oc-213">
         <name>.text:_SlDrvDriverCBInit</name>
         <load_address>0x200094a8</load_address>
         <run_address>0x200094a8</run_address>
         <size>0x90</size>
         <input_file_ref idref="fl-157"/>
      </object_component>
      <object_component id="oc-5ac">
         <name>.text:PinConfigSet</name>
         <load_address>0x20009538</load_address>
         <run_address>0x20009538</run_address>
         <size>0x88</size>
         <input_file_ref idref="fl-160"/>
      </object_component>
      <object_component id="oc-265">
         <name>.text:_SlDrvCmdOp</name>
         <load_address>0x200095c0</load_address>
         <run_address>0x200095c0</run_address>
         <size>0x88</size>
         <input_file_ref idref="fl-157"/>
      </object_component>
      <object_component id="oc-1d1">
         <name>.text</name>
         <load_address>0x20009648</load_address>
         <run_address>0x20009648</run_address>
         <size>0x88</size>
         <input_file_ref idref="fl-142"/>
      </object_component>
      <object_component id="oc-2a6">
         <name>.text:sl_NetAppMDNSRegisterUnregisterService</name>
         <load_address>0x200096d0</load_address>
         <run_address>0x200096d0</run_address>
         <size>0x88</size>
         <input_file_ref idref="fl-159"/>
      </object_component>
      <object_component id="oc-5c0">
         <name>.text:__aeabi_cdcmple</name>
         <load_address>0x20009758</load_address>
         <run_address>0x20009758</run_address>
         <size>0x86</size>
         <input_file_ref idref="fl-14b"/>
      </object_component>
      <object_component id="oc-5cf">
         <name>.text:__aeabi_cdrcmple</name>
         <load_address>0x200097de</load_address>
         <run_address>0x200097de</run_address>
         <size>0x86</size>
         <input_file_ref idref="fl-14b"/>
      </object_component>
      <object_component id="oc-658">
         <name>.text:_sl_HandleAsync_DnsGetHostByName</name>
         <load_address>0x20009864</load_address>
         <run_address>0x20009864</run_address>
         <size>0x84</size>
         <input_file_ref idref="fl-159"/>
      </object_component>
      <object_component id="oc-20d">
         <name>.text:NwpPowerOnPreamble</name>
         <load_address>0x200098e8</load_address>
         <run_address>0x200098e8</run_address>
         <size>0x80</size>
         <input_file_ref idref="fl-15e"/>
      </object_component>
      <object_component id="oc-2e0">
         <name>.text:SPIIntStatus</name>
         <load_address>0x20009968</load_address>
         <run_address>0x20009968</run_address>
         <size>0x7c</size>
         <input_file_ref idref="fl-162"/>
      </object_component>
      <object_component id="oc-e2">
         <name>.text:sl_DevGet</name>
         <load_address>0x200099e4</load_address>
         <run_address>0x200099e4</run_address>
         <size>0x7c</size>
         <input_file_ref idref="fl-156"/>
      </object_component>
      <object_component id="oc-722">
         <name>.text:SetupDMAReceive</name>
         <load_address>0x20009a60</load_address>
         <run_address>0x20009a60</run_address>
         <size>0x78</size>
         <input_file_ref idref="fl-15e"/>
      </object_component>
      <object_component id="oc-73d">
         <name>.text:_sl_HandleAsync_InitComplete</name>
         <load_address>0x20009ad8</load_address>
         <run_address>0x20009ad8</run_address>
         <size>0x78</size>
         <input_file_ref idref="fl-156"/>
      </object_component>
      <object_component id="oc-664">
         <name>.text:_sl_HandleAsync_PingResponse</name>
         <load_address>0x20009b50</load_address>
         <run_address>0x20009b50</run_address>
         <size>0x78</size>
         <input_file_ref idref="fl-159"/>
      </object_component>
      <object_component id="oc-b6">
         <name>.text</name>
         <load_address>0x20009bc8</load_address>
         <run_address>0x20009bc8</run_address>
         <size>0x78</size>
         <input_file_ref idref="fl-13f"/>
      </object_component>
      <object_component id="oc-1c5">
         <name>.text:UARTConfigSetExpClk</name>
         <load_address>0x20009c40</load_address>
         <run_address>0x20009c40</run_address>
         <size>0x76</size>
         <input_file_ref idref="fl-164"/>
      </object_component>
      <object_component id="oc-276">
         <name>.text:spi_Close</name>
         <load_address>0x20009cb8</load_address>
         <run_address>0x20009cb8</run_address>
         <size>0x74</size>
         <input_file_ref idref="fl-15e"/>
      </object_component>
      <object_component id="oc-550">
         <name>.text:TimerIntRegister</name>
         <load_address>0x20009d2c</load_address>
         <run_address>0x20009d2c</run_address>
         <size>0x70</size>
         <input_file_ref idref="fl-163"/>
      </object_component>
      <object_component id="oc-2c8">
         <name>.text:_sl_TruncatePayloadByProtocol</name>
         <load_address>0x20009d9c</load_address>
         <run_address>0x20009d9c</run_address>
         <size>0x6e</size>
         <input_file_ref idref="fl-15c"/>
      </object_component>
      <object_component id="oc-64c">
         <name>.text:_sl_HandleAsync_Connect</name>
         <load_address>0x20009e0c</load_address>
         <run_address>0x20009e0c</run_address>
         <size>0x6c</size>
         <input_file_ref idref="fl-15c"/>
      </object_component>
      <object_component id="oc-574">
         <name>.text:TimerIntUnregister</name>
         <load_address>0x20009e78</load_address>
         <run_address>0x20009e78</run_address>
         <size>0x68</size>
         <input_file_ref idref="fl-163"/>
      </object_component>
      <object_component id="oc-646">
         <name>.text:_sl_HandleAsync_Accept</name>
         <load_address>0x20009ee0</load_address>
         <run_address>0x20009ee0</run_address>
         <size>0x68</size>
         <input_file_ref idref="fl-15c"/>
      </object_component>
      <object_component id="oc-65e">
         <name>.text:_sl_HandleAsync_DnsGetHostByService</name>
         <load_address>0x20009f48</load_address>
         <run_address>0x20009f48</run_address>
         <size>0x68</size>
         <input_file_ref idref="fl-159"/>
      </object_component>
      <object_component id="oc-3b1">
         <name>.text:uDMAChannelAttributeDisable</name>
         <load_address>0x20009fb0</load_address>
         <run_address>0x20009fb0</run_address>
         <size>0x64</size>
         <input_file_ref idref="fl-165"/>
      </object_component>
      <object_component id="oc-3bd">
         <name>.text:uDMAChannelAttributeEnable</name>
         <load_address>0x2000a014</load_address>
         <run_address>0x2000a014</run_address>
         <size>0x64</size>
         <input_file_ref idref="fl-165"/>
      </object_component>
      <object_component id="oc-27c">
         <name>.text:_SlDrvDriverCBDeinit</name>
         <load_address>0x2000a078</load_address>
         <run_address>0x2000a078</run_address>
         <size>0x60</size>
         <input_file_ref idref="fl-157"/>
      </object_component>
      <object_component id="oc-5d">
         <name>.text</name>
         <load_address>0x2000a0d8</load_address>
         <run_address>0x2000a0d8</run_address>
         <size>0x5e</size>
         <input_file_ref idref="fl-139"/>
      </object_component>
      <object_component id="oc-652">
         <name>.text:_sl_HandleAsync_Select</name>
         <load_address>0x2000a138</load_address>
         <run_address>0x2000a138</run_address>
         <size>0x5c</size>
         <input_file_ref idref="fl-15c"/>
      </object_component>
      <object_component id="oc-125">
         <name>.text:sl_Bind</name>
         <load_address>0x2000a194</load_address>
         <run_address>0x2000a194</run_address>
         <size>0x5c</size>
         <input_file_ref idref="fl-15c"/>
      </object_component>
      <object_component id="oc-5d9">
         <name>.text</name>
         <load_address>0x2000a1f0</load_address>
         <run_address>0x2000a1f0</run_address>
         <size>0x5a</size>
         <input_file_ref idref="fl-151"/>
      </object_component>
      <object_component id="oc-48f">
         <name>.text:IntPendClear</name>
         <load_address>0x2000a24c</load_address>
         <run_address>0x2000a24c</run_address>
         <size>0x58</size>
         <input_file_ref idref="fl-15f"/>
      </object_component>
      <object_component id="oc-349">
         <name>.text:PRCMPeripheralReset</name>
         <load_address>0x2000a2a4</load_address>
         <run_address>0x2000a2a4</run_address>
         <size>0x58</size>
         <input_file_ref idref="fl-161"/>
      </object_component>
      <object_component id="oc-66a">
         <name>.text:_sl_HandleAsync_Stop</name>
         <load_address>0x2000a2fc</load_address>
         <run_address>0x2000a2fc</run_address>
         <size>0x58</size>
         <input_file_ref idref="fl-156"/>
      </object_component>
      <object_component id="oc-464">
         <name>.text:IntPrioritySet</name>
         <load_address>0x2000a354</load_address>
         <run_address>0x2000a354</run_address>
         <size>0x54</size>
         <input_file_ref idref="fl-15f"/>
      </object_component>
      <object_component id="oc-736">
         <name>.text:sl_NetAppSendTokenValue</name>
         <load_address>0x2000a3a8</load_address>
         <run_address>0x2000a3a8</run_address>
         <size>0x54</size>
         <input_file_ref idref="fl-159"/>
      </object_component>
      <object_component id="oc-2f2">
         <name>.text:SPIIntDisable</name>
         <load_address>0x2000a3fc</load_address>
         <run_address>0x2000a3fc</run_address>
         <size>0x4c</size>
         <input_file_ref idref="fl-162"/>
      </object_component>
      <object_component id="oc-32c">
         <name>.text:SPIIntEnable</name>
         <load_address>0x2000a448</load_address>
         <run_address>0x2000a448</run_address>
         <size>0x4c</size>
         <input_file_ref idref="fl-162"/>
      </object_component>
      <object_component id="oc-52b">
         <name>.text:SPIIntNumberGet</name>
         <load_address>0x2000a494</load_address>
         <run_address>0x2000a494</run_address>
         <size>0x4c</size>
         <input_file_ref idref="fl-162"/>
      </object_component>
      <object_component id="oc-5f5">
         <name>.text</name>
         <load_address>0x2000a4e0</load_address>
         <run_address>0x2000a4e0</run_address>
         <size>0x4c</size>
         <input_file_ref idref="fl-146"/>
      </object_component>
      <object_component id="oc-13e">
         <name>.text:sl_SetSockOpt</name>
         <load_address>0x2000a52c</load_address>
         <run_address>0x2000a52c</run_address>
         <size>0x4c</size>
         <input_file_ref idref="fl-15c"/>
      </object_component>
      <object_component id="oc-3ab">
         <name>.text:uDMAChannelAssign</name>
         <load_address>0x2000a578</load_address>
         <run_address>0x2000a578</run_address>
         <size>0x4c</size>
         <input_file_ref idref="fl-165"/>
      </object_component>
      <object_component id="oc-2f8">
         <name>.text:uDMAChannelModeGet</name>
         <load_address>0x2000a5c4</load_address>
         <run_address>0x2000a5c4</run_address>
         <size>0x4c</size>
         <input_file_ref idref="fl-165"/>
      </object_component>
      <object_component id="oc-249">
         <name>.text:_sl_GetStartResponseConvert</name>
         <load_address>0x2000a610</load_address>
         <run_address>0x2000a610</run_address>
         <size>0x4a</size>
         <input_file_ref idref="fl-156"/>
      </object_component>
      <object_component id="oc-2e6">
         <name>.text:SPIIntClear</name>
         <load_address>0x2000a65c</load_address>
         <run_address>0x2000a65c</run_address>
         <size>0x48</size>
         <input_file_ref idref="fl-162"/>
      </object_component>
      <object_component id="oc-5d4">
         <name>.text</name>
         <load_address>0x2000a6a4</load_address>
         <run_address>0x2000a6a4</run_address>
         <size>0x48</size>
         <input_file_ref idref="fl-14e"/>
      </object_component>
      <object_component id="oc-100">
         <name>.text:sl_WlanSet</name>
         <load_address>0x2000a6ec</load_address>
         <run_address>0x2000a6ec</run_address>
         <size>0x48</size>
         <input_file_ref idref="fl-15d"/>
      </object_component>
      <object_component id="oc-518">
         <name>.text:SPIDmaMaskGet</name>
         <load_address>0x2000a734</load_address>
         <run_address>0x2000a734</run_address>
         <size>0x44</size>
         <input_file_ref idref="fl-162"/>
      </object_component>
      <object_component id="oc-544">
         <name>.text:TimerConfigure</name>
         <load_address>0x2000a778</load_address>
         <run_address>0x2000a778</run_address>
         <size>0x44</size>
         <input_file_ref idref="fl-163"/>
      </object_component>
      <object_component id="oc-17f">
         <name>.text</name>
         <load_address>0x2000a7bc</load_address>
         <run_address>0x2000a7bc</run_address>
         <size>0x44</size>
         <input_file_ref idref="fl-3"/>
      </object_component>
      <object_component id="oc-76">
         <name>.text</name>
         <load_address>0x2000a800</load_address>
         <run_address>0x2000a800</run_address>
         <size>0x44</size>
         <input_file_ref idref="fl-148"/>
      </object_component>
      <object_component id="oc-40">
         <name>.text</name>
         <load_address>0x2000a844</load_address>
         <run_address>0x2000a844</run_address>
         <size>0x44</size>
         <input_file_ref idref="fl-13b"/>
      </object_component>
      <object_component id="oc-6a7">
         <name>.text</name>
         <load_address>0x2000a888</load_address>
         <run_address>0x2000a888</run_address>
         <size>0x44</size>
         <input_file_ref idref="fl-155"/>
      </object_component>
      <object_component id="oc-fa">
         <name>.text:sl_NetCfgSet</name>
         <load_address>0x2000a8cc</load_address>
         <run_address>0x2000a8cc</run_address>
         <size>0x44</size>
         <input_file_ref idref="fl-15a"/>
      </object_component>
      <object_component id="oc-5a6">
         <name>.text:PinModeSet</name>
         <load_address>0x2000a910</load_address>
         <run_address>0x2000a910</run_address>
         <size>0x40</size>
         <input_file_ref idref="fl-160"/>
      </object_component>
      <object_component id="oc-252">
         <name>.text:_SlDrvRxIrqHandler</name>
         <load_address>0x2000a950</load_address>
         <run_address>0x2000a950</run_address>
         <size>0x40</size>
         <input_file_ref idref="fl-157"/>
      </object_component>
      <object_component id="oc-d0">
         <name>.text:_SlNonOsMainLoopTask</name>
         <load_address>0x2000a990</load_address>
         <run_address>0x2000a990</run_address>
         <size>0x40</size>
         <input_file_ref idref="fl-15b"/>
      </object_component>
      <object_component id="oc-497">
         <name>.text:_SlRemoveFromList</name>
         <load_address>0x2000a9d0</load_address>
         <run_address>0x2000a9d0</run_address>
         <size>0x40</size>
         <input_file_ref idref="fl-157"/>
      </object_component>
      <object_component id="oc-e8">
         <name>.text:sl_WlanPolicySet</name>
         <load_address>0x2000aa10</load_address>
         <run_address>0x2000aa10</run_address>
         <size>0x40</size>
         <input_file_ref idref="fl-15d"/>
      </object_component>
      <object_component id="oc-112">
         <name>.text:sl_WlanRxFilterSet</name>
         <load_address>0x2000aa50</load_address>
         <run_address>0x2000aa50</run_address>
         <size>0x40</size>
         <input_file_ref idref="fl-15d"/>
      </object_component>
      <object_component id="oc-231">
         <name>.text:NwpPowerOff</name>
         <load_address>0x2000aa90</load_address>
         <run_address>0x2000aa90</run_address>
         <size>0x3c</size>
         <input_file_ref idref="fl-15e"/>
      </object_component>
      <object_component id="oc-343">
         <name>.text:PRCMPeripheralClkEnable</name>
         <load_address>0x2000aacc</load_address>
         <run_address>0x2000aacc</run_address>
         <size>0x3c</size>
         <input_file_ref idref="fl-161"/>
      </object_component>
      <object_component id="oc-439">
         <name>.text:_SlDrvObjInit</name>
         <load_address>0x2000ab08</load_address>
         <run_address>0x2000ab08</run_address>
         <size>0x3c</size>
         <input_file_ref idref="fl-157"/>
      </object_component>
      <object_component id="oc-3b7">
         <name>.text:uDMAChannelControlSet</name>
         <load_address>0x2000ab44</load_address>
         <run_address>0x2000ab44</run_address>
         <size>0x3c</size>
         <input_file_ref idref="fl-165"/>
      </object_component>
      <object_component id="oc-237">
         <name>.text:NwpRegisterInterruptHandler</name>
         <load_address>0x2000ab80</load_address>
         <run_address>0x2000ab80</run_address>
         <size>0x38</size>
         <input_file_ref idref="fl-15e"/>
      </object_component>
      <object_component id="oc-137">
         <name>.text:sl_Htonl</name>
         <load_address>0x2000abb8</load_address>
         <run_address>0x2000abb8</run_address>
         <size>0x38</size>
         <input_file_ref idref="fl-15c"/>
      </object_component>
      <object_component id="oc-44c">
         <name>.text:PRCMPeripheralStatusGet</name>
         <load_address>0x2000abf0</load_address>
         <run_address>0x2000abf0</run_address>
         <size>0x34</size>
         <input_file_ref idref="fl-161"/>
      </object_component>
      <object_component id="oc-458">
         <name>.text:SPIFIFOLevelSet</name>
         <load_address>0x2000ac24</load_address>
         <run_address>0x2000ac24</run_address>
         <size>0x34</size>
         <input_file_ref idref="fl-162"/>
      </object_component>
      <object_component id="oc-293">
         <name>.text:_SlDrvBasicCmd</name>
         <load_address>0x2000ac58</load_address>
         <run_address>0x2000ac58</run_address>
         <size>0x34</size>
         <input_file_ref idref="fl-157"/>
      </object_component>
      <object_component id="oc-11">
         <name>.text</name>
         <load_address>0x2000ac8c</load_address>
         <run_address>0x2000ac8c</run_address>
         <size>0x34</size>
         <input_file_ref idref="fl-137"/>
      </object_component>
      <object_component id="oc-119">
         <name>.text:sl_Htons</name>
         <load_address>0x2000acc0</load_address>
         <run_address>0x2000acc0</run_address>
         <size>0x34</size>
         <input_file_ref idref="fl-15c"/>
      </object_component>
      <object_component id="oc-23d">
         <name>.text:NwpPowerOn</name>
         <load_address>0x2000acf4</load_address>
         <run_address>0x2000acf4</run_address>
         <size>0x30</size>
         <input_file_ref idref="fl-15e"/>
      </object_component>
      <object_component id="oc-40e">
         <name>.text:UARTDisable</name>
         <load_address>0x2000ad24</load_address>
         <run_address>0x2000ad24</run_address>
         <size>0x30</size>
         <input_file_ref idref="fl-164"/>
      </object_component>
      <object_component id="oc-4ee">
         <name>.text:_SlDrvFlowContDeinit</name>
         <load_address>0x2000ad54</load_address>
         <run_address>0x2000ad54</run_address>
         <size>0x30</size>
         <input_file_ref idref="fl-158"/>
      </object_component>
      <object_component id="oc-43f">
         <name>.text:_SlDrvFlowContInit</name>
         <load_address>0x2000ad84</load_address>
         <run_address>0x2000ad84</run_address>
         <size>0x30</size>
         <input_file_ref idref="fl-158"/>
      </object_component>
      <object_component id="oc-225">
         <name>.text:_SlNonOsSemGet</name>
         <load_address>0x2000adb4</load_address>
         <run_address>0x2000adb4</run_address>
         <size>0x30</size>
         <input_file_ref idref="fl-15b"/>
      </object_component>
      <object_component id="oc-11f">
         <name>.text:sl_Socket</name>
         <load_address>0x2000ade4</load_address>
         <run_address>0x2000ade4</run_address>
         <size>0x30</size>
         <input_file_ref idref="fl-15c"/>
      </object_component>
      <object_component id="oc-5df">
         <name>.text</name>
         <load_address>0x2000ae14</load_address>
         <run_address>0x2000ae14</run_address>
         <size>0x2e</size>
         <input_file_ref idref="fl-14f"/>
      </object_component>
      <object_component id="oc-386">
         <name>.text:PRCMSysResetCauseGet</name>
         <load_address>0x2000ae44</load_address>
         <run_address>0x2000ae44</run_address>
         <size>0x2c</size>
         <input_file_ref idref="fl-161"/>
      </object_component>
      <object_component id="oc-568">
         <name>.text:TimerLoadSet</name>
         <load_address>0x2000ae70</load_address>
         <run_address>0x2000ae70</run_address>
         <size>0x2a</size>
         <input_file_ref idref="fl-163"/>
      </object_component>
      <object_component id="oc-54a">
         <name>.text:TimerPrescaleSet</name>
         <load_address>0x2000ae9a</load_address>
         <run_address>0x2000ae9a</run_address>
         <size>0x2a</size>
         <input_file_ref idref="fl-163"/>
      </object_component>
      <object_component id="oc-380">
         <name>.text:PRCMPeripheralClkDisable</name>
         <load_address>0x2000aec4</load_address>
         <run_address>0x2000aec4</run_address>
         <size>0x28</size>
         <input_file_ref idref="fl-161"/>
      </object_component>
      <object_component id="oc-2c0">
         <name>.text:_sl_BuildAddress</name>
         <load_address>0x2000aeec</load_address>
         <run_address>0x2000aeec</run_address>
         <size>0x28</size>
         <input_file_ref idref="fl-15c"/>
      </object_component>
      <object_component id="oc-d6">
         <name>.text:sl_WlanSetMode</name>
         <load_address>0x2000af14</load_address>
         <run_address>0x2000af14</run_address>
         <size>0x28</size>
         <input_file_ref idref="fl-15d"/>
      </object_component>
      <object_component id="oc-46d">
         <name>.text:DmaSpiSwIntHandler</name>
         <load_address>0x2000af3c</load_address>
         <run_address>0x2000af3c</run_address>
         <size>0x24</size>
         <input_file_ref idref="fl-15e"/>
      </object_component>
      <object_component id="oc-489">
         <name>.text:IntUnregister</name>
         <load_address>0x2000af60</load_address>
         <run_address>0x2000af60</run_address>
         <size>0x24</size>
         <input_file_ref idref="fl-15f"/>
      </object_component>
      <object_component id="oc-414">
         <name>.text:UARTEnable</name>
         <load_address>0x2000af84</load_address>
         <run_address>0x2000af84</run_address>
         <size>0x24</size>
         <input_file_ref idref="fl-164"/>
      </object_component>
      <object_component id="oc-1dd">
         <name>.text</name>
         <load_address>0x2000afa8</load_address>
         <run_address>0x2000afa8</run_address>
         <size>0x24</size>
         <input_file_ref idref="fl-13d"/>
      </object_component>
      <object_component id="oc-12b">
         <name>.text:sl_Close</name>
         <load_address>0x2000afcc</load_address>
         <run_address>0x2000afcc</run_address>
         <size>0x24</size>
         <input_file_ref idref="fl-15c"/>
      </object_component>
      <object_component id="oc-ee">
         <name>.text:sl_WlanProfileDel</name>
         <load_address>0x2000aff0</load_address>
         <run_address>0x2000aff0</run_address>
         <size>0x24</size>
         <input_file_ref idref="fl-15d"/>
      </object_component>
      <object_component id="oc-314">
         <name>.text:SPIReset</name>
         <load_address>0x2000b014</load_address>
         <run_address>0x2000b014</run_address>
         <size>0x22</size>
         <input_file_ref idref="fl-162"/>
      </object_component>
      <object_component id="oc-6e5">
         <name>.text:SPIWordCountSet</name>
         <load_address>0x2000b036</load_address>
         <run_address>0x2000b036</run_address>
         <size>0x22</size>
         <input_file_ref idref="fl-162"/>
      </object_component>
      <object_component id="oc-45e">
         <name>.text:IntRegister</name>
         <load_address>0x2000b058</load_address>
         <run_address>0x2000b058</run_address>
         <size>0x20</size>
         <input_file_ref idref="fl-15f"/>
      </object_component>
      <object_component id="oc-745">
         <name>.text:_SlDrvCmdSend</name>
         <load_address>0x2000b078</load_address>
         <run_address>0x2000b078</run_address>
         <size>0x20</size>
         <input_file_ref idref="fl-157"/>
      </object_component>
      <object_component id="oc-4ac">
         <name>.text:_SlNonOsSpawn</name>
         <load_address>0x2000b098</load_address>
         <run_address>0x2000b098</run_address>
         <size>0x20</size>
         <input_file_ref idref="fl-15b"/>
      </object_component>
      <object_component id="oc-2ec">
         <name>.text:SPIDataPut</name>
         <load_address>0x2000b0b8</load_address>
         <run_address>0x2000b0b8</run_address>
         <size>0x1e</size>
         <input_file_ref idref="fl-162"/>
      </object_component>
      <object_component id="oc-320">
         <name>.text:SPIIntRegister</name>
         <load_address>0x2000b0d6</load_address>
         <run_address>0x2000b0d6</run_address>
         <size>0x1e</size>
         <input_file_ref idref="fl-162"/>
      </object_component>
      <object_component id="oc-304">
         <name>.text:TimerDisable</name>
         <load_address>0x2000b0f4</load_address>
         <run_address>0x2000b0f4</run_address>
         <size>0x1e</size>
         <input_file_ref idref="fl-163"/>
      </object_component>
      <object_component id="oc-359">
         <name>.text:TimerEnable</name>
         <load_address>0x2000b112</load_address>
         <run_address>0x2000b112</run_address>
         <size>0x1e</size>
         <input_file_ref idref="fl-163"/>
      </object_component>
      <object_component id="oc-55c">
         <name>.text:TimerIntStatus</name>
         <load_address>0x2000b130</load_address>
         <run_address>0x2000b130</run_address>
         <size>0x1e</size>
         <input_file_ref idref="fl-163"/>
      </object_component>
      <object_component id="oc-1cb">
         <name>.text:UARTCharPut</name>
         <load_address>0x2000b14e</load_address>
         <run_address>0x2000b14e</run_address>
         <size>0x1e</size>
         <input_file_ref idref="fl-164"/>
      </object_component>
      <object_component id="oc-2fe">
         <name>.text:TimerValueGet</name>
         <load_address>0x2000b16c</load_address>
         <run_address>0x2000b16c</run_address>
         <size>0x1c</size>
         <input_file_ref idref="fl-163"/>
      </object_component>
      <object_component id="oc-4f4">
         <name>.text:_SlDrvObjDeInit</name>
         <load_address>0x2000b188</load_address>
         <run_address>0x2000b188</run_address>
         <size>0x1c</size>
         <input_file_ref idref="fl-157"/>
      </object_component>
      <object_component id="oc-5ef">
         <name>.text</name>
         <load_address>0x2000b1a4</load_address>
         <run_address>0x2000b1a4</run_address>
         <size>0x1c</size>
         <input_file_ref idref="fl-152"/>
      </object_component>
      <object_component id="oc-3d5">
         <name>.text:uDMAChannelDisable</name>
         <load_address>0x2000b1c0</load_address>
         <run_address>0x2000b1c0</run_address>
         <size>0x1c</size>
         <input_file_ref idref="fl-165"/>
      </object_component>
      <object_component id="oc-3c9">
         <name>.text:uDMAChannelEnable</name>
         <load_address>0x2000b1dc</load_address>
         <run_address>0x2000b1dc</run_address>
         <size>0x1c</size>
         <input_file_ref idref="fl-165"/>
      </object_component>
      <object_component id="oc-3cf">
         <name>.text:uDMAChannelRequest</name>
         <load_address>0x2000b1f8</load_address>
         <run_address>0x2000b1f8</run_address>
         <size>0x1c</size>
         <input_file_ref idref="fl-165"/>
      </object_component>
      <object_component id="oc-6f2">
         <name>.text:CopyPingResultsToReport</name>
         <load_address>0x2000b214</load_address>
         <run_address>0x2000b214</run_address>
         <size>0x1a</size>
         <input_file_ref idref="fl-159"/>
      </object_component>
      <object_component id="oc-3fc">
         <name>.text:PinTypeSPI</name>
         <load_address>0x2000b22e</load_address>
         <run_address>0x2000b22e</run_address>
         <size>0x1a</size>
         <input_file_ref idref="fl-160"/>
      </object_component>
      <object_component id="oc-3f6">
         <name>.text:PinTypeUART</name>
         <load_address>0x2000b248</load_address>
         <run_address>0x2000b248</run_address>
         <size>0x1a</size>
         <input_file_ref idref="fl-160"/>
      </object_component>
      <object_component id="oc-4e6">
         <name>.text:SPIDmaDisable</name>
         <load_address>0x2000b262</load_address>
         <run_address>0x2000b262</run_address>
         <size>0x1a</size>
         <input_file_ref idref="fl-162"/>
      </object_component>
      <object_component id="oc-326">
         <name>.text:SPIDmaEnable</name>
         <load_address>0x2000b27c</load_address>
         <run_address>0x2000b27c</run_address>
         <size>0x1a</size>
         <input_file_ref idref="fl-162"/>
      </object_component>
      <object_component id="oc-4e0">
         <name>.text:SPIFIFODisable</name>
         <load_address>0x2000b296</load_address>
         <run_address>0x2000b296</run_address>
         <size>0x1a</size>
         <input_file_ref idref="fl-162"/>
      </object_component>
      <object_component id="oc-452">
         <name>.text:SPIFIFOEnable</name>
         <load_address>0x2000b2b0</load_address>
         <run_address>0x2000b2b0</run_address>
         <size>0x1a</size>
         <input_file_ref idref="fl-162"/>
      </object_component>
      <object_component id="oc-4da">
         <name>.text:SPIIntUnregister</name>
         <load_address>0x2000b2ca</load_address>
         <run_address>0x2000b2ca</run_address>
         <size>0x1a</size>
         <input_file_ref idref="fl-162"/>
      </object_component>
      <object_component id="oc-71b">
         <name>.text:_SlDrvDeviceEventHandler</name>
         <load_address>0x2000b2e4</load_address>
         <run_address>0x2000b2e4</run_address>
         <size>0x1a</size>
         <input_file_ref idref="fl-156"/>
      </object_component>
      <object_component id="oc-446">
         <name>.text:SPICSDisable</name>
         <load_address>0x2000b2fe</load_address>
         <run_address>0x2000b2fe</run_address>
         <size>0x18</size>
         <input_file_ref idref="fl-162"/>
      </object_component>
      <object_component id="oc-6df">
         <name>.text:SPICSEnable</name>
         <load_address>0x2000b316</load_address>
         <run_address>0x2000b316</run_address>
         <size>0x18</size>
         <input_file_ref idref="fl-162"/>
      </object_component>
      <object_component id="oc-30e">
         <name>.text:SPIDisable</name>
         <load_address>0x2000b32e</load_address>
         <run_address>0x2000b32e</run_address>
         <size>0x18</size>
         <input_file_ref idref="fl-162"/>
      </object_component>
      <object_component id="oc-332">
         <name>.text:SPIEnable</name>
         <load_address>0x2000b346</load_address>
         <run_address>0x2000b346</run_address>
         <size>0x18</size>
         <input_file_ref idref="fl-162"/>
      </object_component>
      <object_component id="oc-56e">
         <name>.text:TimerIntDisable</name>
         <load_address>0x2000b35e</load_address>
         <run_address>0x2000b35e</run_address>
         <size>0x18</size>
         <input_file_ref idref="fl-163"/>
      </object_component>
      <object_component id="oc-556">
         <name>.text:TimerIntEnable</name>
         <load_address>0x2000b376</load_address>
         <run_address>0x2000b376</run_address>
         <size>0x18</size>
         <input_file_ref idref="fl-163"/>
      </object_component>
      <object_component id="oc-3a">
         <name>.text</name>
         <load_address>0x2000b390</load_address>
         <run_address>0x2000b390</run_address>
         <size>0x18</size>
         <input_file_ref idref="fl-145"/>
      </object_component>
      <object_component id="oc-5bb">
         <name>.text</name>
         <load_address>0x2000b3a8</load_address>
         <run_address>0x2000b3a8</run_address>
         <size>0x18</size>
         <input_file_ref idref="fl-150"/>
      </object_component>
      <object_component id="oc-374">
         <name>.text:PRCMHIBRegRead</name>
         <load_address>0x2000b3c0</load_address>
         <run_address>0x2000b3c0</run_address>
         <size>0x16</size>
         <input_file_ref idref="fl-161"/>
      </object_component>
      <object_component id="oc-37a">
         <name>.text:PRCMHIBRegWrite</name>
         <load_address>0x2000b3d6</load_address>
         <run_address>0x2000b3d6</run_address>
         <size>0x16</size>
         <input_file_ref idref="fl-161"/>
      </object_component>
      <object_component id="oc-1d7">
         <name>.text:UARTCharGet</name>
         <load_address>0x2000b3ec</load_address>
         <run_address>0x2000b3ec</run_address>
         <size>0x16</size>
         <input_file_ref idref="fl-164"/>
      </object_component>
      <object_component id="oc-399">
         <name>.text:uDMAIntRegister</name>
         <load_address>0x2000b402</load_address>
         <run_address>0x2000b402</run_address>
         <size>0x16</size>
         <input_file_ref idref="fl-165"/>
      </object_component>
      <object_component id="oc-369">
         <name>.text:CPUcpsie</name>
         <load_address>0x2000b418</load_address>
         <run_address>0x2000b418</run_address>
         <size>0x14</size>
         <input_file_ref idref="fl-167"/>
      </object_component>
      <object_component id="oc-15f">
         <name>.text:IntVTableBaseSet</name>
         <load_address>0x2000b42c</load_address>
         <run_address>0x2000b42c</run_address>
         <size>0x14</size>
         <input_file_ref idref="fl-15f"/>
      </object_component>
      <object_component id="oc-70e">
         <name>.text:_SlDrvShiftDWord</name>
         <load_address>0x2000b440</load_address>
         <run_address>0x2000b440</run_address>
         <size>0x14</size>
         <input_file_ref idref="fl-157"/>
      </object_component>
      <object_component id="oc-1aa">
         <name>.text</name>
         <load_address>0x2000b454</load_address>
         <run_address>0x2000b454</run_address>
         <size>0x14</size>
         <input_file_ref idref="fl-143"/>
      </object_component>
      <object_component id="oc-153">
         <name>.text</name>
         <load_address>0x2000b468</load_address>
         <run_address>0x2000b468</run_address>
         <size>0x14</size>
         <input_file_ref idref="fl-141"/>
      </object_component>
      <object_component id="oc-3a5">
         <name>.text:uDMAControlBaseSet</name>
         <load_address>0x2000b47c</load_address>
         <run_address>0x2000b47c</run_address>
         <size>0x14</size>
         <input_file_ref idref="fl-165"/>
      </object_component>
      <object_component id="oc-393">
         <name>.text:uDMAIntClear</name>
         <load_address>0x2000b490</load_address>
         <run_address>0x2000b490</run_address>
         <size>0x14</size>
         <input_file_ref idref="fl-165"/>
      </object_component>
      <object_component id="oc-562">
         <name>.text:TimerIntClear</name>
         <load_address>0x2000b4a4</load_address>
         <run_address>0x2000b4a4</run_address>
         <size>0x12</size>
         <input_file_ref idref="fl-163"/>
      </object_component>
      <object_component id="oc-1c">
         <name>.text:decompress:ZI</name>
         <load_address>0x2000b4b6</load_address>
         <run_address>0x2000b4b6</run_address>
         <size>0x12</size>
         <input_file_ref idref="fl-13a"/>
      </object_component>
      <object_component id="oc-106">
         <name>.text:sl_NetAppMDNSUnRegisterService</name>
         <load_address>0x2000b4c8</load_address>
         <run_address>0x2000b4c8</run_address>
         <size>0x12</size>
         <input_file_ref idref="fl-159"/>
      </object_component>
      <object_component id="oc-3db">
         <name>.text:uDMAIntUnregister</name>
         <load_address>0x2000b4da</load_address>
         <run_address>0x2000b4da</run_address>
         <size>0x12</size>
         <input_file_ref idref="fl-165"/>
      </object_component>
      <object_component id="oc-4a6">
         <name>.text:NwpMaskInterrupt</name>
         <load_address>0x2000b4ec</load_address>
         <run_address>0x2000b4ec</run_address>
         <size>0x10</size>
         <input_file_ref idref="fl-15e"/>
      </object_component>
      <object_component id="oc-16">
         <name>.text:decompress:none</name>
         <load_address>0x2000b4fc</load_address>
         <run_address>0x2000b4fc</run_address>
         <size>0xe</size>
         <input_file_ref idref="fl-138"/>
      </object_component>
      <object_component id="oc-5e9">
         <name>.text</name>
         <load_address>0x2000b50a</load_address>
         <run_address>0x2000b50a</run_address>
         <size>0xe</size>
         <input_file_ref idref="fl-154"/>
      </object_component>
      <object_component id="oc-2c">
         <name>.text</name>
         <load_address>0x2000b518</load_address>
         <run_address>0x2000b518</run_address>
         <size>0xe</size>
         <input_file_ref idref="fl-5"/>
      </object_component>
      <object_component id="oc-6d7">
         <name>.text:NwpUnMaskInterrupt</name>
         <load_address>0x2000b528</load_address>
         <run_address>0x2000b528</run_address>
         <size>0xc</size>
         <input_file_ref idref="fl-15e"/>
      </object_component>
      <object_component id="oc-3e1">
         <name>.text:uDMADisable</name>
         <load_address>0x2000b534</load_address>
         <run_address>0x2000b534</run_address>
         <size>0xc</size>
         <input_file_ref idref="fl-165"/>
      </object_component>
      <object_component id="oc-39f">
         <name>.text:uDMAEnable</name>
         <load_address>0x2000b540</load_address>
         <run_address>0x2000b540</run_address>
         <size>0xc</size>
         <input_file_ref idref="fl-165"/>
      </object_component>
      <object_component id="oc-38d">
         <name>.text:uDMAIntStatus</name>
         <load_address>0x2000b54c</load_address>
         <run_address>0x2000b54c</run_address>
         <size>0xc</size>
         <input_file_ref idref="fl-165"/>
      </object_component>
      <object_component id="oc-165">
         <name>.text:IntMasterEnable</name>
         <load_address>0x2000b558</load_address>
         <run_address>0x2000b558</run_address>
         <size>0xa</size>
         <input_file_ref idref="fl-15f"/>
      </object_component>
      <object_component id="oc-22b">
         <name>.text:_SlNonOsSemSet</name>
         <load_address>0x2000b562</load_address>
         <run_address>0x2000b562</run_address>
         <size>0x8</size>
         <input_file_ref idref="fl-15b"/>
      </object_component>
      <object_component id="oc-f4">
         <name>.text:sl_WlanDisconnect</name>
         <load_address>0x2000b56a</load_address>
         <run_address>0x2000b56a</run_address>
         <size>0x8</size>
         <input_file_ref idref="fl-15d"/>
      </object_component>
      <object_component id="oc-437">
         <name>.text:UtilsDelay</name>
         <load_address>0x2000b572</load_address>
         <run_address>0x2000b572</run_address>
         <size>0x6</size>
         <input_file_ref idref="fl-166"/>
      </object_component>
      <object_component id="oc-22">
         <name>.text:decompress:rle24</name>
         <load_address>0x2000b578</load_address>
         <run_address>0x2000b578</run_address>
         <size>0x6</size>
         <input_file_ref idref="fl-139"/>
      </object_component>
      <object_component id="oc-6b0">
         <name>.const:.string:_ctypes_</name>
         <load_address>0x2000b580</load_address>
         <run_address>0x2000b580</run_address>
         <size>0x102</size>
         <input_file_ref idref="fl-149"/>
      </object_component>
      <object_component id="oc-697">
         <name>.const:g_ulPinToPadMap</name>
         <load_address>0x2000b684</load_address>
         <run_address>0x2000b684</run_address>
         <size>0x100</size>
         <input_file_ref idref="fl-160"/>
      </object_component>
      <object_component id="oc-26b">
         <name>.const</name>
         <load_address>0x2000b784</load_address>
         <run_address>0x2000b784</run_address>
         <size>0xec</size>
         <input_file_ref idref="fl-15d"/>
      </object_component>
      <object_component id="oc-614">
         <name>.const:g_pulRegs</name>
         <load_address>0x2000b870</load_address>
         <run_address>0x2000b870</run_address>
         <size>0xd4</size>
         <input_file_ref idref="fl-15f"/>
      </object_component>
      <object_component id="oc-53c">
         <name>.const:PRCM_PeriphRegsList</name>
         <load_address>0x2000b944</load_address>
         <run_address>0x2000b944</run_address>
         <size>0xa8</size>
         <input_file_ref idref="fl-161"/>
      </object_component>
      <object_component id="oc-370">
         <name>.const</name>
         <load_address>0x2000b9ec</load_address>
         <run_address>0x2000b9ec</run_address>
         <size>0x80</size>
         <input_file_ref idref="fl-15f"/>
      </object_component>
      <object_component id="oc-4fd">
         <name>.const</name>
         <load_address>0x2000ba6c</load_address>
         <run_address>0x2000ba6c</run_address>
         <size>0x4c</size>
         <input_file_ref idref="fl-157"/>
      </object_component>
      <object_component id="oc-2b5">
         <name>.const</name>
         <load_address>0x2000bab8</load_address>
         <run_address>0x2000bab8</run_address>
         <size>0x34</size>
         <input_file_ref idref="fl-15c"/>
      </object_component>
      <object_component id="oc-13d">
         <name>.const:.string</name>
         <load_address>0x2000baec</load_address>
         <run_address>0x2000baec</run_address>
         <size>0x30</size>
         <input_file_ref idref="fl-2"/>
      </object_component>
      <object_component id="oc-10c">
         <name>.const:$P$T1$2</name>
         <load_address>0x2000bb1c</load_address>
         <run_address>0x2000bb1c</run_address>
         <size>0x2c</size>
         <input_file_ref idref="fl-2"/>
      </object_component>
      <object_component id="oc-505">
         <name>.const</name>
         <load_address>0x2000bb48</load_address>
         <run_address>0x2000bb48</run_address>
         <size>0x28</size>
         <input_file_ref idref="fl-159"/>
      </object_component>
      <object_component id="oc-67a">
         <name>.const:g_ppulSPIIntMap</name>
         <load_address>0x2000bb70</load_address>
         <run_address>0x2000bb70</run_address>
         <size>0x24</size>
         <input_file_ref idref="fl-162"/>
      </object_component>
      <object_component id="oc-118">
         <name>.const:.string:$P$T0$1</name>
         <load_address>0x2000bb94</load_address>
         <run_address>0x2000bb94</run_address>
         <size>0x22</size>
         <input_file_ref idref="fl-2"/>
      </object_component>
      <object_component id="oc-10f">
         <name>.const</name>
         <load_address>0x2000bbb8</load_address>
         <run_address>0x2000bbb8</run_address>
         <size>0x20</size>
         <input_file_ref idref="fl-2"/>
      </object_component>
      <object_component id="oc-674">
         <name>.const</name>
         <load_address>0x2000bbd8</load_address>
         <run_address>0x2000bbd8</run_address>
         <size>0x18</size>
         <input_file_ref idref="fl-162"/>
      </object_component>
      <object_component id="oc-282">
         <name>.const</name>
         <load_address>0x2000bbf0</load_address>
         <run_address>0x2000bbf0</run_address>
         <size>0x14</size>
         <input_file_ref idref="fl-156"/>
      </object_component>
      <object_component id="oc-29a">
         <name>.const</name>
         <load_address>0x2000bc04</load_address>
         <run_address>0x2000bc04</run_address>
         <size>0x8</size>
         <input_file_ref idref="fl-15a"/>
      </object_component>
      <object_component id="oc-76c">
         <name>.cinit..data.load</name>
         <load_address>0x2000bc10</load_address>
         <run_address>0x2000bc10</run_address>
         <size>0x4c</size>
      </object_component>
      <object_component id="oc-76a">
         <name>__TI_handler_table</name>
         <load_address>0x2000bc5c</load_address>
         <run_address>0x2000bc5c</run_address>
         <size>0xc</size>
      </object_component>
      <object_component id="oc-76d">
         <name>.cinit..bss.load</name>
         <load_address>0x2000bc68</load_address>
         <run_address>0x2000bc68</run_address>
         <size>0x8</size>
      </object_component>
      <object_component id="oc-76b">
         <name>__TI_cinit_table</name>
         <load_address>0x2000bc70</load_address>
         <run_address>0x2000bc70</run_address>
         <size>0x10</size>
      </object_component>
      <object_component id="oc-46">
         <name>.data</name>
         <load_address>0x2001839c</load_address>
         <run_address>0x2001839c</run_address>
         <size>0x4</size>
         <input_file_ref idref="fl-140"/>
      </object_component>
      <object_component id="oc-85">
         <name>.data</name>
         <load_address>0x2001838c</load_address>
         <run_address>0x2001838c</run_address>
         <size>0x8</size>
         <input_file_ref idref="fl-143"/>
      </object_component>
      <object_component id="oc-88">
         <name>.data</name>
         <load_address>0x20018394</load_address>
         <run_address>0x20018394</run_address>
         <size>0x8</size>
         <input_file_ref idref="fl-13b"/>
      </object_component>
      <object_component id="oc-bb">
         <name>.data</name>
         <load_address>0x20018334</load_address>
         <run_address>0x20018334</run_address>
         <size>0x2c</size>
         <input_file_ref idref="fl-2"/>
      </object_component>
      <object_component id="oc-24f">
         <name>.data</name>
         <load_address>0x20018168</load_address>
         <run_address>0x20018168</run_address>
         <size>0x170</size>
         <input_file_ref idref="fl-157"/>
      </object_component>
      <object_component id="oc-30a">
         <name>.data</name>
         <load_address>0x20018360</load_address>
         <run_address>0x20018360</run_address>
         <size>0x20</size>
         <input_file_ref idref="fl-4"/>
      </object_component>
      <object_component id="oc-431">
         <name>.data</name>
         <load_address>0x20018380</load_address>
         <run_address>0x20018380</run_address>
         <size>0xc</size>
         <input_file_ref idref="fl-13e"/>
      </object_component>
      <object_component id="oc-46a">
         <name>.data</name>
         <load_address>0x200182d8</load_address>
         <run_address>0x200182d8</run_address>
         <size>0x5c</size>
         <input_file_ref idref="fl-15e"/>
      </object_component>
      <object_component id="oc-be">
         <name>.bss:g_ucConnectionSSID</name>
         <uninitialized>true</uninitialized>
         <run_address>0x20017910</run_address>
         <size>0x24</size>
         <input_file_ref idref="fl-2"/>
      </object_component>
      <object_component id="oc-14a">
         <name>.bss:myStrC</name>
         <uninitialized>true</uninitialized>
         <run_address>0x20017400</run_address>
         <size>0x190</size>
         <input_file_ref idref="fl-4"/>
      </object_component>
      <object_component id="oc-260">
         <name>.bss:g__SlNonOsCB</name>
         <uninitialized>true</uninitialized>
         <run_address>0x200178e8</run_address>
         <size>0x28</size>
         <input_file_ref idref="fl-15b"/>
      </object_component>
      <object_component id="oc-33a">
         <name>.bss:myStrX</name>
         <uninitialized>true</uninitialized>
         <run_address>0x20017820</run_address>
         <size>0x64</size>
         <input_file_ref idref="fl-4"/>
      </object_component>
      <object_component id="oc-33d">
         <name>.bss:myStrY</name>
         <uninitialized>true</uninitialized>
         <run_address>0x20017884</run_address>
         <size>0x64</size>
         <input_file_ref idref="fl-4"/>
      </object_component>
      <object_component id="oc-340">
         <name>.bss:myStrA</name>
         <uninitialized>true</uninitialized>
         <run_address>0x20017690</run_address>
         <size>0xc8</size>
         <input_file_ref idref="fl-4"/>
      </object_component>
      <object_component id="oc-350">
         <name>.bss:myStrB</name>
         <uninitialized>true</uninitialized>
         <run_address>0x20017758</run_address>
         <size>0xc8</size>
         <input_file_ref idref="fl-4"/>
      </object_component>
      <object_component id="oc-3ea">
         <name>.bss:gpCtlTbl</name>
         <uninitialized>true</uninitialized>
         <run_address>0x20017000</run_address>
         <size>0x400</size>
         <input_file_ref idref="fl-8"/>
      </object_component>
      <object_component id="oc-3ed">
         <name>.bss:gfpAppCallbackHndl</name>
         <uninitialized>true</uninitialized>
         <run_address>0x20017590</run_address>
         <size>0x100</size>
         <input_file_ref idref="fl-8"/>
      </object_component>
      <object_component id="oc-c9">
         <name>.common:g_ucConnectionBSSID</name>
         <uninitialized>true</uninitialized>
         <run_address>0x20017940</run_address>
         <size>0x8</size>
      </object_component>
      <object_component id="oc-185">
         <name>.common:recvfromflag</name>
         <uninitialized>true</uninitialized>
         <run_address>0x20017954</run_address>
         <size>0x4</size>
      </object_component>
      <object_component id="oc-178">
         <name>.common:udploop</name>
         <uninitialized>true</uninitialized>
         <run_address>0x2001795c</run_address>
         <size>0x4</size>
      </object_component>
      <object_component id="oc-177">
         <name>.common:rx_udp_server</name>
         <uninitialized>true</uninitialized>
         <run_address>0x20017958</run_address>
         <size>0x4</size>
      </object_component>
      <object_component id="oc-338">
         <name>.common:ulRecvData</name>
         <uninitialized>true</uninitialized>
         <run_address>0x20017964</run_address>
         <size>0x2</size>
      </object_component>
      <object_component id="oc-186">
         <name>.common:Reset_SYNC</name>
         <uninitialized>true</uninitialized>
         <run_address>0x20017948</run_address>
         <size>0x4</size>
      </object_component>
      <object_component id="oc-339">
         <name>.common:ulMode</name>
         <uninitialized>true</uninitialized>
         <run_address>0x20017960</run_address>
         <size>0x4</size>
      </object_component>
      <object_component id="oc-363">
         <name>.common:cmd_buffer</name>
         <uninitialized>true</uninitialized>
         <run_address>0x20017934</run_address>
         <size>0xc</size>
      </object_component>
      <object_component id="oc-34f">
         <name>.common:framesync_t</name>
         <uninitialized>true</uninitialized>
         <run_address>0x20017950</run_address>
         <size>0x4</size>
      </object_component>
      <object_component id="oc-1e9">
         <name>.common:__Errorlog</name>
         <uninitialized>true</uninitialized>
         <run_address>0x2001794c</run_address>
         <size>0x4</size>
      </object_component>
      <object_component id="oc-3e7">
         <name>.common:iDone</name>
         <uninitialized>true</uninitialized>
         <run_address>0x20017967</run_address>
         <size>0x1</size>
      </object_component>
      <object_component id="oc-728">
         <name>.common:g_cDummy</name>
         <uninitialized>true</uninitialized>
         <run_address>0x20017966</run_address>
         <size>0x1</size>
      </object_component>
      <object_component id="oc-29">
         <name>.sysmem</name>
         <uninitialized>true</uninitialized>
         <run_address>0x20017968</run_address>
         <size>0x8</size>
         <input_file_ref idref="fl-13e"/>
      </object_component>
      <object_component id="oc-76f">
         <name>.sysmem</name>
         <uninitialized>true</uninitialized>
         <run_address>0x20017968</run_address>
         <size>0x0</size>
      </object_component>
      <object_component id="oc-28">
         <name>.stack</name>
         <uninitialized>true</uninitialized>
         <run_address>0x2002f800</run_address>
         <size>0x0</size>
         <input_file_ref idref="fl-137"/>
      </object_component>
      <object_component id="oc-76e">
         <name>.stack</name>
         <uninitialized>true</uninitialized>
         <run_address>0x2002f800</run_address>
         <size>0x0</size>
      </object_component>
      <object_component id="oc-f">
         <name>.debug_info</name>
         <load_address>0x0</load_address>
         <run_address>0x0</run_address>
         <size>0x10a</size>
         <input_file_ref idref="fl-5"/>
      </object_component>
      <object_component id="oc-12">
         <name>.debug_info</name>
         <load_address>0x10a</load_address>
         <run_address>0x10a</run_address>
         <size>0x109</size>
         <input_file_ref idref="fl-137"/>
      </object_component>
      <object_component id="oc-19">
         <name>.debug_info</name>
         <load_address>0x213</load_address>
         <run_address>0x213</run_address>
         <size>0x1aa</size>
         <input_file_ref idref="fl-138"/>
      </object_component>
      <object_component id="oc-1f">
         <name>.debug_info</name>
         <load_address>0x3bd</load_address>
[...]
         <name>_SlAcceptCmdCtrl</name>
         <value>0x2000bad8</value>
         <object_component_ref idref="oc-2b5"/>
      </symbol>
      <symbol id="sm-afe">
         <name>_SlListenCmdCtrl</name>
         <value>0x2000bad4</value>
         <object_component_ref idref="oc-2b5"/>
      </symbol>
      <symbol id="sm-aff">
         <name>_SlRecvCmdCtrl</name>
         <value>0x2000badc</value>
         <object_component_ref idref="oc-2b5"/>
      </symbol>
      <symbol id="sm-b00">
         <name>_SlGetSockOptCmdCtrl</name>
         <value>0x2000bae4</value>
         <object_component_ref idref="oc-2b5"/>
      </symbol>
      <symbol id="sm-b01">
         <name>_sl_TruncatePayloadByProtocol</name>
         <value>0x20009d9d</value>
         <object_component_ref idref="oc-2c8"/>
      </symbol>
      <symbol id="sm-b02">
         <name>sl_Close</name>
         <value>0x2000afcd</value>
         <object_component_ref idref="oc-12b"/>
      </symbol>
      <symbol id="sm-b03">
         <name>_sl_HandleAsync_Accept</name>
         <value>0x20009ee1</value>
         <object_component_ref idref="oc-646"/>
      </symbol>
      <symbol id="sm-b04">
         <name>sl_SetSockOpt</name>
         <value>0x2000a52d</value>
         <object_component_ref idref="oc-13e"/>
      </symbol>
      <symbol id="sm-b05">
         <name>sl_Bind</name>
         <value>0x2000a195</value>
         <object_component_ref idref="oc-125"/>
      </symbol>
      <symbol id="sm-b76">
         <name>sl_WlanDisconnect</name>
         <value>0x2000b56b</value>
         <object_component_ref idref="oc-f4"/>
      </symbol>
      <symbol id="sm-b77">
         <name>_SlPolicyGetCmdCtrl</name>
         <value>0x2000b78c</value>
         <object_component_ref idref="oc-26b"/>
      </symbol>
      <symbol id="sm-b78">
         <name>_SlPolicySetCmdCtrl</name>
         <value>0x2000b788</value>
         <object_component_ref idref="oc-26b"/>
      </symbol>
      <symbol id="sm-b79">
         <name>_SlRxFilterGetCmdCtrl</name>
         <value>0x2000b7a4</value>
         <object_component_ref idref="oc-26b"/>
      </symbol>
      <symbol id="sm-b7a">
         <name>_SlRxFilterSetCmdCtrl</name>
         <value>0x2000b7a0</value>
         <object_component_ref idref="oc-26b"/>
      </symbol>
      <symbol id="sm-b7b">
         <name>_SlProfileGetCmdCtrl</name>
         <value>0x2000b790</value>
         <object_component_ref idref="oc-26b"/>
      </symbol>
      <symbol id="sm-b7c">
         <name>_SlWlanGetNetworkListCtrl</name>
         <value>0x2000b798</value>
         <object_component_ref idref="oc-26b"/>
      </symbol>
      <symbol id="sm-b7d">
         <name>sl_WlanPolicySet</name>
         <value>0x2000aa11</value>
         <object_component_ref idref="oc-e8"/>
      </symbol>
      <symbol id="sm-b7e">
         <name>_SlProfileDelCmdCtrl</name>
         <value>0x2000b794</value>
         <object_component_ref idref="oc-26b"/>
      </symbol>
      <symbol id="sm-b7f">
         <name>_SlWlanSetModeCmdCtrl</name>
         <value>0x2000b7ac</value>
         <object_component_ref idref="oc-26b"/>
      </symbol>
      <symbol id="sm-b80">
         <name>_SlWlanCfgSetCmdCtrl</name>
         <value>0x2000b7b0</value>
         <object_component_ref idref="oc-26b"/>
      </symbol>
      <symbol id="sm-b81">
         <name>_SlWlanCfgGetCmdCtrl</name>
         <value>0x2000b7b4</value>
         <object_component_ref idref="oc-26b"/>
      </symbol>
      <symbol id="sm-b82">
         <name>sl_WlanProfileDel</name>
         <value>0x2000aff1</value>
         <object_component_ref idref="oc-ee"/>
      </symbol>
      <symbol id="sm-b83">
         <name>_SlRxFilterAddtCmdCtrl</name>
         <value>0x2000b79c</value>
         <object_component_ref idref="oc-26b"/>
      </symbol>
      <symbol id="sm-b84">
         <name>sl_WlanRxFilterSet</name>
         <value>0x2000aa51</value>
         <object_component_ref idref="oc-112"/>
      </symbol>
      <symbol id="sm-b85">
         <name>sl_WlanConnect</name>
         <value>0x200079cd</value>
         <object_component_ref idref="oc-159"/>
      </symbol>
      <symbol id="sm-b86">
         <name>sl_WlanSet</name>
         <value>0x2000a6ed</value>
         <object_component_ref idref="oc-100"/>
      </symbol>
      <symbol id="sm-b87">
         <name>_SlSmartConfigStartCmdCtrl</name>
         <value>0x2000b7a8</value>
         <object_component_ref idref="oc-26b"/>
      </symbol>
      <symbol id="sm-b88">
         <name>sl_WlanSetMode</name>
         <value>0x2000af15</value>
         <object_component_ref idref="oc-d6"/>
      </symbol>
      <symbol id="sm-c4d">
         <name>g_cDummy</name>
         <value>0x20017966</value>
      </symbol>
      <symbol id="sm-c4e">
         <name>NwpMaskInterrupt</name>
         <value>0x2000b4ed</value>
         <object_component_ref idref="oc-4a6"/>
      </symbol>
      <symbol id="sm-c4f">
         <name>NwpRegisterInterruptHandler</name>
         <value>0x2000ab81</value>
         <object_component_ref idref="oc-237"/>
      </symbol>
      <symbol id="sm-c50">
         <name>NwpPowerOnPreamble</name>
         <value>0x200098e9</value>
         <object_component_ref idref="oc-20d"/>
      </symbol>
      <symbol id="sm-c51">
         <name>g_pHostIntHdl</name>
         <value>0x200182dc</value>
         <object_component_ref idref="oc-46a"/>
      </symbol>
      <symbol id="sm-c52">
         <name>NwpUnMaskInterrupt</name>
         <value>0x2000b529</value>
         <object_component_ref idref="oc-6d7"/>
      </symbol>
      <symbol id="sm-c53">
         <name>g_ucDinDout</name>
         <value>0x200182e4</value>
         <object_component_ref idref="oc-46a"/>
      </symbol>
      <symbol id="sm-c54">
         <name>NwpPowerOff</name>
         <value>0x2000aa91</value>
         <object_component_ref idref="oc-231"/>
      </symbol>
      <symbol id="sm-c55">
         <name>spi_Read</name>
         <value>0x20008ad1</value>
         <object_component_ref idref="oc-6cb"/>
      </symbol>
      <symbol id="sm-c56">
         <name>DmaSpiSwIntHandler</name>
         <value>0x2000af3d</value>
         <object_component_ref idref="oc-46d"/>
      </symbol>
      <symbol id="sm-c57">
         <name>NwpPowerOn</name>
         <value>0x2000acf5</value>
         <object_component_ref idref="oc-23d"/>
      </symbol>
      <symbol id="sm-c58">
         <name>spi_Close</name>
         <value>0x20009cb9</value>
         <object_component_ref idref="oc-276"/>
      </symbol>
      <symbol id="sm-c59">
         <name>spi_Write</name>
         <value>0x20008919</value>
         <object_component_ref idref="oc-639"/>
      </symbol>
      <symbol id="sm-c5a">
         <name>spi_Open</name>
         <value>0x200081d1</value>
         <object_component_ref idref="oc-219"/>
      </symbol>
      <symbol id="sm-c5b">
         <name>g_ucDMAEnabled</name>
         <value>0x200182e0</value>
         <object_component_ref idref="oc-46a"/>
      </symbol>
      <symbol id="sm-c5c">
         <name>g_SpiFd</name>
         <value>0x200182d8</value>
         <object_component_ref idref="oc-46a"/>
      </symbol>
      <symbol id="sm-ce2">
         <name>IntPendClear</name>
         <value>0x2000a24d</value>
         <object_component_ref idref="oc-48f"/>
      </symbol>
      <symbol id="sm-ce3">
         <name>IntPrioritySet</name>
         <value>0x2000a355</value>
         <object_component_ref idref="oc-464"/>
      </symbol>
      <symbol id="sm-ce4">
         <name>IntVTableBaseSet</name>
         <value>0x2000b42d</value>
         <object_component_ref idref="oc-15f"/>
      </symbol>
      <symbol id="sm-ce5">
         <name>IntEnable</name>
         <value>0x20008fdd</value>
         <object_component_ref idref="oc-16b"/>
      </symbol>
      <symbol id="sm-ce6">
         <name>IntDisable</name>
         <value>0x20008f35</value>
         <object_component_ref idref="oc-483"/>
      </symbol>
      <symbol id="sm-ce7">
         <name>IntRegister</name>
         <value>0x2000b059</value>
         <object_component_ref idref="oc-45e"/>
      </symbol>
      <symbol id="sm-ce8">
         <name>IntUnregister</name>
         <value>0x2000af61</value>
         <object_component_ref idref="oc-489"/>
      </symbol>
      <symbol id="sm-ce9">
         <name>IntMasterEnable</name>
         <value>0x2000b559</value>
         <object_component_ref idref="oc-165"/>
      </symbol>
      <symbol id="sm-d1e">
         <name>PinTypeUART</name>
         <value>0x2000b249</value>
         <object_component_ref idref="oc-3f6"/>
      </symbol>
      <symbol id="sm-d1f">
         <name>PinConfigSet</name>
         <value>0x20009539</value>
         <object_component_ref idref="oc-5ac"/>
      </symbol>
      <symbol id="sm-d20">
         <name>PinTypeSPI</name>
         <value>0x2000b22f</value>
         <object_component_ref idref="oc-3fc"/>
      </symbol>
      <symbol id="sm-d21">
         <name>PinModeSet</name>
         <value>0x2000a911</value>
         <object_component_ref idref="oc-5a6"/>
      </symbol>
      <symbol id="sm-db0">
         <name>PRCMPeripheralReset</name>
         <value>0x2000a2a5</value>
         <object_component_ref idref="oc-349"/>
      </symbol>
      <symbol id="sm-db1">
         <name>PRCMPeripheralClkEnable</name>
         <value>0x2000aacd</value>
         <object_component_ref idref="oc-343"/>
      </symbol>
      <symbol id="sm-db2">
         <name>PRCMPeripheralClockGet</name>
         <value>0x20009259</value>
         <object_component_ref idref="oc-1bf"/>
      </symbol>
      <symbol id="sm-db3">
         <name>PRCMCC3200MCUInit</name>
         <value>0x2000809d</value>
         <object_component_ref idref="oc-171"/>
      </symbol>
      <symbol id="sm-db4">
         <name>PRCMHIBRegWrite</name>
         <value>0x2000b3d7</value>
         <object_component_ref idref="oc-37a"/>
      </symbol>
      <symbol id="sm-db5">
         <name>PRCMSysResetCauseGet</name>
         <value>0x2000ae45</value>
         <object_component_ref idref="oc-386"/>
      </symbol>
      <symbol id="sm-db6">
         <name>PRCMPeripheralStatusGet</name>
         <value>0x2000abf1</value>
         <object_component_ref idref="oc-44c"/>
      </symbol>
      <symbol id="sm-db7">
         <name>PRCMPeripheralClkDisable</name>
         <value>0x2000aec5</value>
         <object_component_ref idref="oc-380"/>
      </symbol>
      <symbol id="sm-db8">
         <name>PRCMHIBRegRead</name>
         <value>0x2000b3c1</value>
         <object_component_ref idref="oc-374"/>
      </symbol>
      <symbol id="sm-ea2">
         <name>SPIFIFODisable</name>
         <value>0x2000b297</value>
         <object_component_ref idref="oc-4e0"/>
      </symbol>
      <symbol id="sm-ea3">
         <name>SPICSEnable</name>
         <value>0x2000b317</value>
         <object_component_ref idref="oc-6df"/>
      </symbol>
      <symbol id="sm-ea4">
         <name>SPIDisable</name>
         <value>0x2000b32f</value>
         <object_component_ref idref="oc-30e"/>
      </symbol>
      <symbol id="sm-ea5">
         <name>SPIFIFOEnable</name>
         <value>0x2000b2b1</value>
         <object_component_ref idref="oc-452"/>
      </symbol>
      <symbol id="sm-ea6">
         <name>SPIWordCountSet</name>
         <value>0x2000b037</value>
         <object_component_ref idref="oc-6e5"/>
      </symbol>
      <symbol id="sm-ea7">
         <name>SPIDataPut</name>
         <value>0x2000b0b9</value>
         <object_component_ref idref="oc-2ec"/>
      </symbol>
      <symbol id="sm-ea8">
         <name>SPIEnable</name>
         <value>0x2000b347</value>
         <object_component_ref idref="oc-332"/>
      </symbol>
      <symbol id="sm-ea9">
         <name>SPIDmaEnable</name>
         <value>0x2000b27d</value>
         <object_component_ref idref="oc-326"/>
      </symbol>
      <symbol id="sm-eaa">
         <name>SPIConfigSetExpClk</name>
         <value>0x20009085</value>
         <object_component_ref idref="oc-31a"/>
      </symbol>
      <symbol id="sm-eab">
         <name>SPIIntRegister</name>
         <value>0x2000b0d7</value>
         <object_component_ref idref="oc-320"/>
      </symbol>
      <symbol id="sm-eac">
         <name>SPIIntUnregister</name>
         <value>0x2000b2cb</value>
         <object_component_ref idref="oc-4da"/>
      </symbol>
      <symbol id="sm-ead">
         <name>SPIFIFOLevelSet</name>
         <value>0x2000ac25</value>
         <object_component_ref idref="oc-458"/>
      </symbol>
      <symbol id="sm-eae">
         <name>SPIDmaDisable</name>
         <value>0x2000b263</value>
         <object_component_ref idref="oc-4e6"/>
      </symbol>
      <symbol id="sm-eaf">
         <name>SPIReset</name>
         <value>0x2000b015</value>
         <object_component_ref idref="oc-314"/>
      </symbol>
      <symbol id="sm-eb0">
         <name>SPIIntStatus</name>
         <value>0x20009969</value>
         <object_component_ref idref="oc-2e0"/>
      </symbol>
      <symbol id="sm-eb1">
         <name>SPIIntEnable</name>
         <value>0x2000a449</value>
         <object_component_ref idref="oc-32c"/>
      </symbol>
      <symbol id="sm-eb2">
         <name>SPIIntClear</name>
         <value>0x2000a65d</value>
         <object_component_ref idref="oc-2e6"/>
      </symbol>
      <symbol id="sm-eb3">
         <name>SPICSDisable</name>
         <value>0x2000b2ff</value>
         <object_component_ref idref="oc-446"/>
      </symbol>
      <symbol id="sm-eb4">
         <name>SPIIntDisable</name>
         <value>0x2000a3fd</value>
         <object_component_ref idref="oc-2f2"/>
      </symbol>
      <symbol id="sm-f38">
         <name>TimerLoadSet</name>
         <value>0x2000ae71</value>
         <object_component_ref idref="oc-568"/>
      </symbol>
      <symbol id="sm-f39">
         <name>TimerDisable</name>
         <value>0x2000b0f5</value>
         <object_component_ref idref="oc-304"/>
      </symbol>
      <symbol id="sm-f3a">
         <name>TimerIntRegister</name>
         <value>0x20009d2d</value>
         <object_component_ref idref="oc-550"/>
      </symbol>
      <symbol id="sm-f3b">
         <name>TimerEnable</name>
         <value>0x2000b113</value>
         <object_component_ref idref="oc-359"/>
      </symbol>
      <symbol id="sm-f3c">
         <name>TimerIntUnregister</name>
         <value>0x20009e79</value>
         <object_component_ref idref="oc-574"/>
      </symbol>
      <symbol id="sm-f3d">
         <name>TimerIntStatus</name>
         <value>0x2000b131</value>
         <object_component_ref idref="oc-55c"/>
      </symbol>
      <symbol id="sm-f3e">
         <name>TimerIntDisable</name>
         <value>0x2000b35f</value>
         <object_component_ref idref="oc-56e"/>
      </symbol>
      <symbol id="sm-f3f">
         <name>TimerValueGet</name>
         <value>0x2000b16d</value>
         <object_component_ref idref="oc-2fe"/>
      </symbol>
      <symbol id="sm-f40">
         <name>TimerPrescaleSet</name>
         <value>0x2000ae9b</value>
         <object_component_ref idref="oc-54a"/>
      </symbol>
      <symbol id="sm-f41">
         <name>TimerIntEnable</name>
         <value>0x2000b377</value>
         <object_component_ref idref="oc-556"/>
      </symbol>
      <symbol id="sm-f42">
         <name>TimerConfigure</name>
         <value>0x2000a779</value>
         <object_component_ref idref="oc-544"/>
      </symbol>
      <symbol id="sm-f43">
         <name>TimerIntClear</name>
         <value>0x2000b4a5</value>
         <object_component_ref idref="oc-562"/>
      </symbol>
      <symbol id="sm-f74">
         <name>UARTConfigSetExpClk</name>
         <value>0x20009c41</value>
         <object_component_ref idref="oc-1c5"/>
      </symbol>
      <symbol id="sm-f75">
         <name>UARTDisable</name>
         <value>0x2000ad25</value>
         <object_component_ref idref="oc-40e"/>
      </symbol>
      <symbol id="sm-f76">
         <name>UARTCharPut</name>
         <value>0x2000b14f</value>
         <object_component_ref idref="oc-1cb"/>
      </symbol>
      <symbol id="sm-f77">
         <name>UARTEnable</name>
         <value>0x2000af85</value>
         <object_component_ref idref="oc-414"/>
      </symbol>
      <symbol id="sm-f78">
         <name>UARTCharGet</name>
         <value>0x2000b3ed</value>
         <object_component_ref idref="oc-1d7"/>
      </symbol>
      <symbol id="sm-1031">
         <name>uDMAChannelControlSet</name>
         <value>0x2000ab45</value>
         <object_component_ref idref="oc-3b7"/>
      </symbol>
      <symbol id="sm-1032">
         <name>uDMAIntClear</name>
         <value>0x2000b491</value>
         <object_component_ref idref="oc-393"/>
      </symbol>
      <symbol id="sm-1033">
         <name>uDMAChannelDisable</name>
         <value>0x2000b1c1</value>
         <object_component_ref idref="oc-3d5"/>
      </symbol>
      <symbol id="sm-1034">
         <name>uDMAChannelModeGet</name>
         <value>0x2000a5c5</value>
         <object_component_ref idref="oc-2f8"/>
      </symbol>
      <symbol id="sm-1035">
         <name>uDMAIntUnregister</name>
         <value>0x2000b4db</value>
         <object_component_ref idref="oc-3db"/>
      </symbol>
      <symbol id="sm-1036">
         <name>uDMAChannelAttributeEnable</name>
         <value>0x2000a015</value>
         <object_component_ref idref="oc-3bd"/>
      </symbol>
      <symbol id="sm-1037">
         <name>uDMADisable</name>
         <value>0x2000b535</value>
         <object_component_ref idref="oc-3e1"/>
      </symbol>
      <symbol id="sm-1038">
         <name>uDMAChannelTransferSet</name>
         <value>0x20008829</value>
         <object_component_ref idref="oc-3c3"/>
      </symbol>
      <symbol id="sm-1039">
         <name>uDMAIntStatus</name>
         <value>0x2000b54d</value>
         <object_component_ref idref="oc-38d"/>
      </symbol>
      <symbol id="sm-103a">
         <name>uDMAChannelAssign</name>
         <value>0x2000a579</value>
         <object_component_ref idref="oc-3ab"/>
      </symbol>
      <symbol id="sm-103b">
         <name>uDMAIntRegister</name>
         <value>0x2000b403</value>
         <object_component_ref idref="oc-399"/>
      </symbol>
      <symbol id="sm-103c">
         <name>uDMAEnable</name>
         <value>0x2000b541</value>
         <object_component_ref idref="oc-39f"/>
      </symbol>
      <symbol id="sm-103d">
         <name>uDMAControlBaseSet</name>
         <value>0x2000b47d</value>
         <object_component_ref idref="oc-3a5"/>
      </symbol>
      <symbol id="sm-103e">
         <name>uDMAChannelAttributeDisable</name>
         <value>0x20009fb1</value>
         <object_component_ref idref="oc-3b1"/>
      </symbol>
      <symbol id="sm-103f">
         <name>uDMAChannelEnable</name>
         <value>0x2000b1dd</value>
         <object_component_ref idref="oc-3c9"/>
      </symbol>
      <symbol id="sm-1040">
         <name>uDMAChannelRequest</name>
         <value>0x2000b1f9</value>
         <object_component_ref idref="oc-3cf"/>
      </symbol>
      <symbol id="sm-1044">
         <name>UtilsDelay</name>
         <value>0x2000b573</value>
         <object_component_ref idref="oc-437"/>
      </symbol>
      <symbol id="sm-104e">
         <name>CPUcpsie</name>
         <value>0x2000b419</value>
         <object_component_ref idref="oc-369"/>
      </symbol>
      <symbol id="sm-1051">
         <name>__TI_static_base__</name>
         <value>0x2000bc10</value>
      </symbol>
      <symbol id="sm-1052">
         <name>__TI_args_main</name>
         <value>0x1</value>
      </symbol>
      <symbol id="sm-1053">
         <name>SHT$$INIT_ARRAY$$Limit</name>
         <value>0x0</value>
      </symbol>
      <symbol id="sm-1054">
         <name>SHT$$INIT_ARRAY$$Base</name>
         <value>0x0</value>
      </symbol>
   </symbol_table>
   <title>Link successful</title>
</link_info>
