******************************************************************************
                  TI ARM Linker PC v5.1.6                      
******************************************************************************
>> Linked Tue Apr 07 02:25:55 2015

OUTPUT FILE NAME:   <test udp_socket.out>
ENTRY POINT SYMBOL: "_c_int00"  address: 2000ab45


MEMORY CONFIGURATION

         name            origin    length      used     unused   attr    fill
----------------------  --------  ---------  --------  --------  ----  --------
  SRAM_CODE             20004000   00013000  00007b1a  0000b4e6  RW X
  SRAM_DATA             20017000   00019000  000023d0  00016c30  RW X


SEGMENT ALLOCATION MAP

run origin  load origin   length   init length attrs members
----------  ----------- ---------- ----------- ----- -------
20004000    20004000    00007b20   00007b20    r-x
  20004000    20004000    00000400   00000400    r-- .intvecs
  20004400    20004400    00007036   00007036    r-x .text
  2000b438    2000b438    00000674   00000674    r-- .const
  2000bab0    2000bab0    00000070   00000070    r-- .cinit
20017000    20017000    00001bd0   00000000    rw-
  20017000    20017000    00001180   00000000    rw- .bss
  20018180    20018180    00000800   00000000    rw- .sysmem
  20018980    20018980    00000250   00000000    rw- .data
2002f800    2002f800    00000800   00000000    rw-
  2002f800    2002f800    00000800   00000000    rw- .stack


SECTION ALLOCATION MAP

 output                                  attributes/
section   page    origin      length       input sections
--------  ----  ----------  ----------   ----------------
.init_array 
*          0    20004000    00000000     UNINITIALIZED

.intvecs   0    20004000    00000400     
                  20004000    00000400     startup_ccs.obj (.intvecs)

.text      0    20004400    00007036     
                  20004400    00000ec0     rtsv7M4_T_le_eabi.lib : _printfi.obj (.text)
                  200052c0    00000e64     main.obj (.text)
                  20006124    0000047c     spi.obj (.text)
                  200065a0    000003cc     rtsv7M4_T_le_eabi.lib : memory.obj (.text)
                  2000696c    000003b4     simplelink.a : driver.obj (.text:_SlDrvMsgRead)
                  20006d20    0000034c                  : driver.obj (.text:_SlAsyncEventGenericHandler)
                  2000706c    0000026c     uart_if.obj (.text)
                  200072d8    00000200     udma_if.obj (.text)
                  200074d8    000001f4     rtsv7M4_T_le_eabi.lib : ull_div_t2.obj (.text)
                  200076cc    000001b6                           : fd_add_t2.obj (.text)
                  20007882    00000002     driverlib.a : interrupt.obj (.text:IntDefaultHandler)
                  20007884    0000019c     simplelink.a : wlan.obj (.text:sl_WlanConnect)
                  20007a20    0000017c                  : driver.obj (.text:_SlDrvDataReadOp)
                  20007b9c    00000140                  : driver.obj (.text:_SlDrvDataWriteOp)
                  20007cdc    00000140                  : driver.obj (.text:_SlDrvRxHdrRead)
                  20007e1c    00000136     rtsv7M4_T_le_eabi.lib : fd_div_t2.obj (.text)
                  20007f52    00000002     --HOLE-- [fill = 0]
                  20007f54    00000134     driverlib.a : prcm.obj (.text:PRCMCC3200MCUInit)
                  20008088    00000128     simplelink.a : cc_pal.obj (.text:spi_Open)
                  200081b0    00000118                  : driver.obj (.text:_SlDrvWaitForPoolObj)
                  200082c8    00000114                  : driver.obj (.text:_SlDrvMsgWrite)
                  200083dc    0000010c                  : driver.obj (.text:_SlDrvReleasePoolObj)
                  200084e8    000000fc     rtsv7M4_T_le_eabi.lib : fd_mul_t2.obj (.text)
                  200085e4    000000fa     timer_if.obj (.text)
                  200086de    00000002     --HOLE-- [fill = 0]
                  200086e0    000000f0     driverlib.a : udma.obj (.text:uDMAChannelTransferSet)
                  200087d0    000000ec     simplelink.a : cc_pal.obj (.text:spi_Write)
                  200088bc    000000cc                  : device.obj (.text:sl_Stop)
                  20008988    000000cc                  : cc_pal.obj (.text:spi_Read)
                  20008a54    000000c8                  : device.obj (.text:sl_Start)
                  20008b1c    000000bc                  : driver.obj (.text:_SlDrvMsgReadCmdCtx)
                  20008bd8    000000b4                  : socket.obj (.text:sl_SendTo)
                  20008c8c    000000b2                  : netapp.obj (.text:_SlDrvNetAppEventHandler)
                  20008d3e    00000002     --HOLE-- [fill = 0]
                  20008d40    000000ac                  : socket.obj (.text:sl_RecvFrom)
                  20008dec    000000a8     driverlib.a : interrupt.obj (.text:IntDisable)
                  20008e94    000000a8                 : interrupt.obj (.text:IntEnable)
                  20008f3c    000000a0                 : spi.obj (.text:SPIConfigSetExpClk)
                  20008fdc    0000009c     rtsv7M4_T_le_eabi.lib : memcpy_t2.obj (.text)
                  20009078    00000098     simplelink.a : driver.obj (.text:_SlFindAndSetActiveObj)
                  20009110    00000094     driverlib.a : prcm.obj (.text:PRCMPeripheralClockGet)
                  200091a4    00000094     simplelink.a : driver.obj (.text:_SlDrvClassifyRxMsg)
                  20009238    00000094                  : driver.obj (.text:_SlDrvMsgReadSpawnCtx)
                  200092cc    00000094     rtsv7M4_T_le_eabi.lib : auto_init.obj (.text)
                  20009360    00000090     simplelink.a : driver.obj (.text:_SlDrvDriverCBInit)
                  200093f0    00000088     driverlib.a : pin.obj (.text:PinConfigSet)
                  20009478    00000088     simplelink.a : driver.obj (.text:_SlDrvCmdOp)
                  20009500    00000088     rtsv7M4_T_le_eabi.lib : vsnprintf.obj (.text)
                  20009588    00000088     simplelink.a : netapp.obj (.text:sl_NetAppMDNSRegisterUnregisterService)
                  20009610    00000086     rtsv7M4_T_le_eabi.lib : fd_cmp_t2.obj (.text:__aeabi_cdcmple)
                  20009696    00000086                           : fd_cmp_t2.obj (.text:__aeabi_cdrcmple)
                  2000971c    00000084     simplelink.a : netapp.obj (.text:_sl_HandleAsync_DnsGetHostByName)
                  200097a0    00000080                  : cc_pal.obj (.text:NwpPowerOnPreamble)
                  20009820    0000007c     driverlib.a : spi.obj (.text:SPIIntStatus)
                  2000989c    0000007c     simplelink.a : device.obj (.text:sl_DevGet)
                  20009918    00000078                  : cc_pal.obj (.text:SetupDMAReceive)
                  20009990    00000078                  : device.obj (.text:_sl_HandleAsync_InitComplete)
                  20009a08    00000078                  : netapp.obj (.text:_sl_HandleAsync_PingResponse)
                  20009a80    00000078     rtsv7M4_T_le_eabi.lib : memset_t2.obj (.text)
                  20009af8    00000076     driverlib.a : uart.obj (.text:UARTConfigSetExpClk)
                  20009b6e    00000002     --HOLE-- [fill = 0]
                  20009b70    00000074     simplelink.a : cc_pal.obj (.text:spi_Close)
                  20009be4    00000070     driverlib.a : timer.obj (.text:TimerIntRegister)
                  20009c54    0000006e     simplelink.a : socket.obj (.text:_sl_TruncatePayloadByProtocol)
                  20009cc2    00000002     --HOLE-- [fill = 0]
                  20009cc4    0000006c                  : socket.obj (.text:_sl_HandleAsync_Connect)
                  20009d30    00000068     driverlib.a : timer.obj (.text:TimerIntUnregister)
                  20009d98    00000068     simplelink.a : socket.obj (.text:_sl_HandleAsync_Accept)
                  20009e00    00000068                  : netapp.obj (.text:_sl_HandleAsync_DnsGetHostByService)
                  20009e68    00000064     driverlib.a : udma.obj (.text:uDMAChannelAttributeDisable)
                  20009ecc    00000064                 : udma.obj (.text:uDMAChannelAttributeEnable)
                  20009f30    00000060     simplelink.a : driver.obj (.text:_SlDrvDriverCBDeinit)
                  20009f90    0000005e     rtsv7M4_T_le_eabi.lib : copy_decompress_rle.obj (.text)
                  20009fee    00000002     --HOLE-- [fill = 0]
                  20009ff0    0000005c     simplelink.a : socket.obj (.text:_sl_HandleAsync_Select)
                  2000a04c    0000005c                  : socket.obj (.text:sl_Bind)
                  2000a0a8    0000005a     rtsv7M4_T_le_eabi.lib : ltoa.obj (.text)
                  2000a102    00000002     --HOLE-- [fill = 0]
                  2000a104    00000058     driverlib.a : interrupt.obj (.text:IntPendClear)
                  2000a15c    00000058                 : prcm.obj (.text:PRCMPeripheralReset)
                  2000a1b4    00000058     simplelink.a : device.obj (.text:_sl_HandleAsync_Stop)
                  2000a20c    00000054     driverlib.a : interrupt.obj (.text:IntPrioritySet)
                  2000a260    00000054     simplelink.a : netapp.obj (.text:sl_NetAppSendTokenValue)
                  2000a2b4    0000004c     driverlib.a : spi.obj (.text:SPIIntDisable)
                  2000a300    0000004c                 : spi.obj (.text:SPIIntEnable)
                  2000a34c    0000004c                 : spi.obj (.text:SPIIntNumberGet)
                  2000a398    0000004c     rtsv7M4_T_le_eabi.lib : atoi.obj (.text)
                  2000a3e4    0000004c     simplelink.a : socket.obj (.text:sl_SetSockOpt)
                  2000a430    0000004c     driverlib.a : udma.obj (.text:uDMAChannelAssign)
                  2000a47c    0000004c                 : udma.obj (.text:uDMAChannelModeGet)
                  2000a4c8    0000004a     simplelink.a : device.obj (.text:_sl_GetStartResponseConvert)
                  2000a512    00000002     --HOLE-- [fill = 0]
                  2000a514    00000048     driverlib.a : spi.obj (.text:SPIIntClear)
                  2000a55c    00000048     rtsv7M4_T_le_eabi.lib : fd_toi_t2.obj (.text)
                  2000a5a4    00000048     simplelink.a : wlan.obj (.text:sl_WlanSet)
                  2000a5ec    00000044     driverlib.a : spi.obj (.text:SPIDmaMaskGet)
                  2000a630    00000044                 : timer.obj (.text:TimerConfigure)
                  2000a674    00000044     pinmux.obj (.text)
                  2000a6b8    00000044     rtsv7M4_T_le_eabi.lib : cpy_tbl.obj (.text)
                  2000a6fc    00000044                           : exit.obj (.text)
                  2000a740    00000044                           : xdtest.obj (.text)
                  2000a784    00000044     simplelink.a : netcfg.obj (.text:sl_NetCfgSet)
                  2000a7c8    00000040     driverlib.a : pin.obj (.text:PinModeSet)
                  2000a808    00000040     simplelink.a : driver.obj (.text:_SlDrvRxIrqHandler)
                  2000a848    00000040                  : nonos.obj (.text:_SlNonOsMainLoopTask)
                  2000a888    00000040                  : driver.obj (.text:_SlRemoveFromList)
                  2000a8c8    00000040                  : wlan.obj (.text:sl_WlanPolicySet)
                  2000a908    00000040                  : wlan.obj (.text:sl_WlanRxFilterSet)
                  2000a948    0000003c                  : cc_pal.obj (.text:NwpPowerOff)
                  2000a984    0000003c     driverlib.a : prcm.obj (.text:PRCMPeripheralClkEnable)
                  2000a9c0    0000003c     simplelink.a : driver.obj (.text:_SlDrvObjInit)
                  2000a9fc    0000003c     driverlib.a : udma.obj (.text:uDMAChannelControlSet)
                  2000aa38    00000038     simplelink.a : cc_pal.obj (.text:NwpRegisterInterruptHandler)
                  2000aa70    00000038                  : socket.obj (.text:sl_Htonl)
                  2000aaa8    00000034     driverlib.a : prcm.obj (.text:PRCMPeripheralStatusGet)
                  2000aadc    00000034                 : spi.obj (.text:SPIFIFOLevelSet)
                  2000ab10    00000034     simplelink.a : driver.obj (.text:_SlDrvBasicCmd)
                  2000ab44    00000034     rtsv7M4_T_le_eabi.lib : boot.obj (.text)
                  2000ab78    00000034     simplelink.a : socket.obj (.text:sl_Htons)
                  2000abac    00000030                  : cc_pal.obj (.text:NwpPowerOn)
                  2000abdc    00000030     driverlib.a : uart.obj (.text:UARTDisable)
                  2000ac0c    00000030     simplelink.a : flowcont.obj (.text:_SlDrvFlowContDeinit)
                  2000ac3c    00000030                  : flowcont.obj (.text:_SlDrvFlowContInit)
                  2000ac6c    00000030                  : nonos.obj (.text:_SlNonOsSemGet)
                  2000ac9c    00000030                  : socket.obj (.text:sl_Socket)
                  2000accc    0000002e     rtsv7M4_T_le_eabi.lib : i_tofd_t2.obj (.text)
                  2000acfa    00000002     --HOLE-- [fill = 0]
                  2000acfc    0000002c     driverlib.a : prcm.obj (.text:PRCMSysResetCauseGet)
                  2000ad28    0000002a                 : timer.obj (.text:TimerLoadSet)
                  2000ad52    0000002a                 : timer.obj (.text:TimerPrescaleSet)
                  2000ad7c    00000028                 : prcm.obj (.text:PRCMPeripheralClkDisable)
                  2000ada4    00000028     simplelink.a : socket.obj (.text:_sl_BuildAddress)
                  2000adcc    00000028                  : wlan.obj (.text:sl_WlanSetMode)
                  2000adf4    00000024                  : cc_pal.obj (.text:DmaSpiSwIntHandler)
                  2000ae18    00000024     driverlib.a : interrupt.obj (.text:IntUnregister)
                  2000ae3c    00000024                 : uart.obj (.text:UARTEnable)
                  2000ae60    00000024     rtsv7M4_T_le_eabi.lib : memmov.obj (.text)
                  2000ae84    00000024     simplelink.a : socket.obj (.text:sl_Close)
                  2000aea8    00000024                  : wlan.obj (.text:sl_WlanProfileDel)
                  2000aecc    00000022     driverlib.a : spi.obj (.text:SPIReset)
                  2000aeee    00000022                 : spi.obj (.text:SPIWordCountSet)
                  2000af10    00000020                 : interrupt.obj (.text:IntRegister)
                  2000af30    00000020     simplelink.a : driver.obj (.text:_SlDrvCmdSend)
                  2000af50    00000020                  : nonos.obj (.text:_SlNonOsSpawn)
                  2000af70    0000001e     driverlib.a : spi.obj (.text:SPIDataPut)
                  2000af8e    0000001e                 : spi.obj (.text:SPIIntRegister)
                  2000afac    0000001e                 : timer.obj (.text:TimerDisable)
                  2000afca    0000001e                 : timer.obj (.text:TimerEnable)
                  2000afe8    0000001e                 : timer.obj (.text:TimerIntStatus)
                  2000b006    0000001e                 : uart.obj (.text:UARTCharPut)
                  2000b024    0000001c                 : timer.obj (.text:TimerValueGet)
                  2000b040    0000001c     simplelink.a : driver.obj (.text:_SlDrvObjDeInit)
                  2000b05c    0000001c     rtsv7M4_T_le_eabi.lib : memccpy.obj (.text)
                  2000b078    0000001c     driverlib.a : udma.obj (.text:uDMAChannelDisable)
                  2000b094    0000001c                 : udma.obj (.text:uDMAChannelEnable)
                  2000b0b0    0000001c                 : udma.obj (.text:uDMAChannelRequest)
                  2000b0cc    0000001a     simplelink.a : netapp.obj (.text:CopyPingResultsToReport)
                  2000b0e6    0000001a     driverlib.a : pin.obj (.text:PinTypeSPI)
                  2000b100    0000001a                 : pin.obj (.text:PinTypeUART)
                  2000b11a    0000001a                 : spi.obj (.text:SPIDmaDisable)
                  2000b134    0000001a                 : spi.obj (.text:SPIDmaEnable)
                  2000b14e    0000001a                 : spi.obj (.text:SPIFIFODisable)
                  2000b168    0000001a                 : spi.obj (.text:SPIFIFOEnable)
                  2000b182    0000001a                 : spi.obj (.text:SPIIntUnregister)
                  2000b19c    0000001a     simplelink.a : device.obj (.text:_SlDrvDeviceEventHandler)
                  2000b1b6    00000018     driverlib.a : spi.obj (.text:SPICSDisable)
                  2000b1ce    00000018                 : spi.obj (.text:SPICSEnable)
                  2000b1e6    00000018                 : spi.obj (.text:SPIDisable)
                  2000b1fe    00000018                 : spi.obj (.text:SPIEnable)
                  2000b216    00000018                 : timer.obj (.text:TimerIntDisable)
                  2000b22e    00000018                 : timer.obj (.text:TimerIntEnable)
                  2000b246    00000002     --HOLE-- [fill = 0]
                  2000b248    00000018     rtsv7M4_T_le_eabi.lib : args_main.obj (.text)
                  2000b260    00000018                           : ll_mul_t2.obj (.text)
                  2000b278    00000016     driverlib.a : prcm.obj (.text:PRCMHIBRegRead)
                  2000b28e    00000016                 : prcm.obj (.text:PRCMHIBRegWrite)
                  2000b2a4    00000016                 : uart.obj (.text:UARTCharGet)
                  2000b2ba    00000016                 : udma.obj (.text:uDMAIntRegister)
                  2000b2d0    00000014                 : cpu.obj (.text:CPUcpsie)
                  2000b2e4    00000014                 : interrupt.obj (.text:IntVTableBaseSet)
                  2000b2f8    00000014     simplelink.a : driver.obj (.text:_SlDrvShiftDWord)
                  2000b30c    00000014     rtsv7M4_T_le_eabi.lib : _lock.obj (.text)
                  2000b320    00000014                           : strlen.obj (.text)
                  2000b334    00000014     driverlib.a : udma.obj (.text:uDMAControlBaseSet)
                  2000b348    00000014                 : udma.obj (.text:uDMAIntClear)
                  2000b35c    00000012                 : timer.obj (.text:TimerIntClear)
                  2000b36e    00000012     rtsv7M4_T_le_eabi.lib : copy_zero_init.obj (.text:decompress:ZI)
                  2000b380    00000012     simplelink.a : netapp.obj (.text:sl_NetAppMDNSUnRegisterService)
                  2000b392    00000012     driverlib.a : udma.obj (.text:uDMAIntUnregister)
                  2000b3a4    00000010     simplelink.a : cc_pal.obj (.text:NwpMaskInterrupt)
                  2000b3b4    0000000e     rtsv7M4_T_le_eabi.lib : copy_decompress_none.obj (.text:decompress:none)
                  2000b3c2    0000000e                           : xdclass.obj (.text)
                  2000b3d0    0000000e     startup_ccs.obj (.text)
                  2000b3de    00000002     --HOLE-- [fill = 0]
                  2000b3e0    0000000c     simplelink.a : cc_pal.obj (.text:NwpUnMaskInterrupt)
                  2000b3ec    0000000c     driverlib.a : udma.obj (.text:uDMADisable)
                  2000b3f8    0000000c                 : udma.obj (.text:uDMAEnable)
                  2000b404    0000000c                 : udma.obj (.text:uDMAIntStatus)
                  2000b410    0000000a                 : interrupt.obj (.text:IntMasterEnable)
                  2000b41a    00000008     simplelink.a : nonos.obj (.text:_SlNonOsSemSet)
                  2000b422    00000008                  : wlan.obj (.text:sl_WlanDisconnect)
                  2000b42a    00000006     driverlib.a : utils.obj (.text:UtilsDelay)
                  2000b430    00000006     rtsv7M4_T_le_eabi.lib : copy_decompress_rle.obj (.text:decompress:rle24)

.const     0    2000b438    00000674     
                  2000b438    00000102     rtsv7M4_T_le_eabi.lib : ctype.obj (.const:.string:_ctypes_)
                  2000b53a    00000002     --HOLE-- [fill = 0]
                  2000b53c    00000100     driverlib.a : pin.obj (.const:g_ulPinToPadMap)
                  2000b63c    000000ec     simplelink.a : wlan.obj (.const)
                  2000b728    000000d4     driverlib.a : interrupt.obj (.const:g_pulRegs)
                  2000b7fc    000000a8                 : prcm.obj (.const:PRCM_PeriphRegsList)
                  2000b8a4    00000080                 : interrupt.obj (.const)
                  2000b924    0000004c     simplelink.a : driver.obj (.const)
                  2000b970    00000034                  : socket.obj (.const)
                  2000b9a4    0000002c     main.obj (.const:$P$T1$2)
                  2000b9d0    00000028     simplelink.a : netapp.obj (.const)
                  2000b9f8    00000024     driverlib.a : spi.obj (.const:g_ppulSPIIntMap)
                  2000ba1c    00000022     main.obj (.const:.string:$P$T0$1)
                  2000ba3e    00000002     --HOLE-- [fill = 0]
                  2000ba40    00000020     main.obj (.const)
                  2000ba60    00000018     driverlib.a : spi.obj (.const)
                  2000ba78    00000016     main.obj (.const:.string)
                  2000ba8e    00000002     --HOLE-- [fill = 0]
                  2000ba90    00000014     simplelink.a : device.obj (.const)
                  2000baa4    00000008                  : netcfg.obj (.const)

.cinit     0    2000bab0    00000070     
                  2000bab0    0000004c     (.cinit..data.load) [load image, compression = rle]
                  2000bafc    0000000c     (__TI_handler_table)
                  2000bb08    00000008     (.cinit..bss.load) [load image, compression = zero_init]
                  2000bb10    00000010     (__TI_cinit_table)

.bss       0    20017000    00001180     UNINITIALIZED
                  20017000    0000057c     spi.obj (.bss:myStrC)
                  2001757c    00000100     udma_if.obj (.bss:gfpAppCallbackHndl)
                  2001767c    00000064     spi.obj (.bss:myStrX)
                  200176e0    00000064     spi.obj (.bss:myStrY)
                  20017744    00000028     simplelink.a : nonos.obj (.bss:g__SlNonOsCB)
                  2001776c    00000024     main.obj (.bss:g_ucConnectionSSID)
                  20017790    0000000c     (.common:cmd_buffer)
                  2001779c    00000008     (.common:g_ucConnectionBSSID)
                  200177a4    00000004     (.common:Reset_SYNC)
                  200177a8    00000004     (.common:__Errorlog)
                  200177ac    00000004     (.common:recvfromflag)
                  200177b0    00000004     (.common:rx_udp_server)
                  200177b4    00000004     (.common:udploop)
                  200177b8    00000004     (.common:ulMode)
                  200177bc    00000002     (.common:ulRecvData)
                  200177be    00000001     (.common:g_cDummy)
                  200177bf    00000001     (.common:iDone)
                  200177c0    00000040     --HOLE--
                  20017800    00000400     udma_if.obj (.bss:gpCtlTbl)
                  20017c00    000002c0     spi.obj (.bss:myStrA)
                  20017ec0    000002c0     spi.obj (.bss:myStrB)

.sysmem    0    20018180    00000800     UNINITIALIZED
                  20018180    00000008     rtsv7M4_T_le_eabi.lib : memory.obj (.sysmem)
                  20018188    000007f8     --HOLE--

.data      0    20018980    00000250     UNINITIALIZED
                  20018980    00000170     simplelink.a : driver.obj (.data)
                  20018af0    0000005c                  : cc_pal.obj (.data)
                  20018b4c    00000034     main.obj (.data)
                  20018b80    00000030     spi.obj (.data)
                  20018bb0    0000000c     rtsv7M4_T_le_eabi.lib : memory.obj (.data)
                  20018bbc    00000008                           : _lock.obj (.data)
                  20018bc4    00000008                           : exit.obj (.data)
                  20018bcc    00000004                           : stkdepth_vars.obj (.data)

.stack     0    2002f800    00000800     UNINITIALIZED
                  2002f800    00000800     --HOLE--


LINKER GENERATED COPY TABLES

__TI_cinit_table @ 2000bb10 records: 2, size/record: 8, table size: 16
	.data: load addr=2000bab0, load size=0000004c bytes, run addr=20018980, run size=00000250 bytes, compression=rle
	.bss: load addr=2000bb08, load size=00000008 bytes, run addr=20017000, run size=00001180 bytes, compression=zero_init


LINKER GENERATED HANDLER TABLE

__TI_handler_table @ 2000bafc records: 3, size/record: 4, table size: 12
	index: 0, handler: __TI_decompress_rle24
	index: 1, handler: __TI_decompress_none
	index: 2, handler: __TI_zero_init


GLOBAL SYMBOLS: SORTED ALPHABETICALLY BY Name 

address    name
--------   ----
2000a6fd   C$$EXIT
2000b2d1   CPUcpsie
200070ad   ClearTerm
2000b0cd   CopyPingResultsToReport
2000747f   DMASetupTransfer
200072ef   DmaErrorIntHandler
2000adf5   DmaSpiSwIntHandler
200072d9   DmaSwIntHandler
200070b7   Error
200070ef   GetCmd
2000706d   InitTerm
20008ded   IntDisable
20008e95   IntEnable
2000b411   IntMasterEnable
2000a105   IntPendClear
2000a20d   IntPrioritySet
2000af11   IntRegister
2000ae19   IntUnregister
2000b2e5   IntVTableBaseSet
2000708b   Message
2000b3a5   NwpMaskInterrupt
2000a949   NwpPowerOff
2000abad   NwpPowerOn
200097a1   NwpPowerOnPreamble
2000aa39   NwpRegisterInterruptHandler
2000b3e1   NwpUnMaskInterrupt
20007f55   PRCMCC3200MCUInit
2000b279   PRCMHIBRegRead
2000b28f   PRCMHIBRegWrite
2000ad7d   PRCMPeripheralClkDisable
2000a985   PRCMPeripheralClkEnable
20009111   PRCMPeripheralClockGet
2000a15d   PRCMPeripheralReset
2000aaa9   PRCMPeripheralStatusGet
2000acfd   PRCMSysResetCauseGet
200093f1   PinConfigSet
2000a7c9   PinModeSet
2000a675   PinMuxConfig
2000b0e7   PinTypeSPI
2000b101   PinTypeUART
20007219   Report
2000b3d1   ResetISR
200177a4   Reset_SYNC
UNDEFED    SHT$$INIT_ARRAY$$Base
UNDEFED    SHT$$INIT_ARRAY$$Limit
2000b1b7   SPICSDisable
2000b1cf   SPICSEnable
20008f3d   SPIConfigSetExpClk
2000af71   SPIDataPut
2000b1e7   SPIDisable
2000b11b   SPIDmaDisable
2000b135   SPIDmaEnable
2000b1ff   SPIEnable
2000b14f   SPIFIFODisable
2000b169   SPIFIFOEnable
2000aadd   SPIFIFOLevelSet
2000a515   SPIIntClear
2000a2b5   SPIIntDisable
2000a301   SPIIntEnable
2000af8f   SPIIntRegister
20009821   SPIIntStatus
2000b183   SPIIntUnregister
2000aecd   SPIReset
2000aeef   SPIWordCountSet
20007381   SetupTransfer
200054c9   SimpleLinkGeneralEventHandler
2000551d   SimpleLinkHttpServerCallback
20005409   SimpleLinkNetAppEventHandler
20005529   SimpleLinkSockEventHandler
200052f9   SimpleLinkWlanEventHandler
2000631f   SlaveMain
2000a631   TimerConfigure
2000afad   TimerDisable
2000afcb   TimerEnable
2000b35d   TimerIntClear
2000b217   TimerIntDisable
2000b22f   TimerIntEnable
20009be5   TimerIntRegister
2000afe9   TimerIntStatus
20009d31   TimerIntUnregister
2000ad29   TimerLoadSet
2000ad53   TimerPrescaleSet
2000b025   TimerValueGet
20008699   Timer_IF_DeInit
200086c7   Timer_IF_GetCount
200085e5   Timer_IF_Init
20008617   Timer_IF_IntSetup
20008655   Timer_IF_InterruptClear
200086b3   Timer_IF_ReLoad
2000866d   Timer_IF_Start
20008689   Timer_IF_Stop
20007181   TrimSpace
2000b2a5   UARTCharGet
2000b007   UARTCharPut
20009af9   UARTConfigSetExpClk
2000abdd   UARTDisable
2000ae3d   UARTEnable
20007353   UDMAChannelSelect
2000746b   UDMADeInit
200072fb   UDMAInit
200073c5   UDMASetupAutoMemTransfer
200073f9   UDMASetupPingPongTransfer
20007453   UDMAStartTransfer
2000745f   UDMAStopTransfer
20005ab1   UdpServer
2000b42b   UtilsDelay
2000b3c3   _Dclass
2000a741   _Dtest
2000b990   _SlAcceptCmdCtrl
2000b938   _SlActionLookupTable
20006d21   _SlAsyncEventGenericHandler
2000ba9c   _SlDeviceGetCmdCtrl
2000baa0   _SlDeviceSetCmdCtrl
2000ab11   _SlDrvBasicCmd
200091a5   _SlDrvClassifyRxMsg
20009479   _SlDrvCmdOp
2000af31   _SlDrvCmdSend
20007a21   _SlDrvDataReadOp
20007b9d   _SlDrvDataWriteOp
2000b19d   _SlDrvDeviceEventHandler
20009f31   _SlDrvDriverCBDeinit
20009361   _SlDrvDriverCBInit
2000ac0d   _SlDrvFlowContDeinit
2000ac3d   _SlDrvFlowContInit
2000696d   _SlDrvMsgRead
20008b1d   _SlDrvMsgReadCmdCtx
20009239   _SlDrvMsgReadSpawnCtx
200082c9   _SlDrvMsgWrite
20008c8d   _SlDrvNetAppEventHandler
2000b041   _SlDrvObjDeInit
2000a9c1   _SlDrvObjInit
200083dd   _SlDrvReleasePoolObj
20007cdd   _SlDrvRxHdrRead
2000a809   _SlDrvRxIrqHandler
2000b2f9   _SlDrvShiftDWord
200081b1   _SlDrvWaitForPoolObj
2000ba98   _SlEventMaskGetCmdCtrl
2000ba94   _SlEventMaskSetCmdCtrl
20009079   _SlFindAndSetActiveObj
2000b9e8   _SlGetHostByNameCtrl
2000b9e4   _SlGetHostByServiceCtrl
2000b9dc   _SlGetServiceListeCtrl
2000b99c   _SlGetSockOptCmdCtrl
2000b98c   _SlListenCmdCtrl
2000b9f4   _SlNetAppGetCmdCtrl
2000b9f0   _SlNetAppSendTokenValueCmdCtrl
2000b9ec   _SlNetAppSetCmdCtrl
2000b9d4   _SlNetAppStartCtrl
2000b9d8   _SlNetAppStopCtrl
2000baa8   _SlNetCfgGetCmdCtrl
2000baa4   _SlNetCfgSetCmdCtrl
2000a849   _SlNonOsMainLoopTask
2000ac6d   _SlNonOsSemGet
2000b41b   _SlNonOsSemSet
2000af51   _SlNonOsSpawn
2000b644   _SlPolicyGetCmdCtrl
2000b640   _SlPolicySetCmdCtrl
2000b64c   _SlProfileDelCmdCtrl
2000b648   _SlProfileGetCmdCtrl
2000b994   _SlRecvCmdCtrl
2000b984   _SlRecvfomCmdCtrl
2000b9e0   _SlRegisterServiceCtrl
2000a889   _SlRemoveFromList
2000b654   _SlRxFilterAddtCmdCtrl
2000b65c   _SlRxFilterGetCmdCtrl
2000b658   _SlRxFilterSetCmdCtrl
2000b9a0   _SlSelectCmdCtrl
2000b988   _SlSendCmdCtrl
2000b998   _SlSetSockOptCmdCtrl
2000b660   _SlSmartConfigStartCmdCtrl
2000b980   _SlSockCloseCmdCtrl
2000b97c   _SlSockSocketCmdCtrl
2000ba90   _SlStopCmdCtrl
2000b66c   _SlWlanCfgGetCmdCtrl
2000b668   _SlWlanCfgSetCmdCtrl
2000b650   _SlWlanGetNetworkListCtrl
2000b664   _SlWlanSetModeCmdCtrl
20030000   __STACK_END
00000800   __STACK_SIZE
00000800   __SYSMEM_SIZE
2000bb10   __TI_CINIT_Base
2000bb20   __TI_CINIT_Limit
2000bafc   __TI_Handler_Table_Base
2000bb08   __TI_Handler_Table_Limit
00000001   __TI_args_main
200092cd   __TI_auto_init
20018bc4   __TI_cleanup_ptr
2000b3b5   __TI_decompress_none
2000b431   __TI_decompress_rle24
20018bc8   __TI_dtors_ptr
20004fb7   __TI_printfi
2000bab0   __TI_static_base__
2000b36f   __TI_zero_init
20009611   __aeabi_cdcmpeq
20009611   __aeabi_cdcmple
20009697   __aeabi_cdrcmple
2000a55d   __aeabi_d2iz
200076d7   __aeabi_dadd
20007e1d   __aeabi_ddiv
200084e9   __aeabi_dmul
200076cd   __aeabi_dsub
2000accd   __aeabi_i2d
2000b261   __aeabi_lmul
20009a81   __aeabi_memclr
20009a81   __aeabi_memclr4
20009a81   __aeabi_memclr8
20008fdd   __aeabi_memcpy
20008fdd   __aeabi_memcpy4
20008fdd   __aeabi_memcpy8
20009a83   __aeabi_memset
20009a83   __aeabi_memset4
20009a83   __aeabi_memset8
200074d9   __aeabi_uldivmod
ffffffff   __binit__
ffffffff   __c_args__
2002f800   __stack
2000b249   _args_main
2000ab45   _c_int00
2000b438   _ctypes_
20018bbc   _lock
2000b31b   _nop
2000b313   _register_lock
2000b30d   _register_unlock
2000ada5   _sl_BuildAddress
2000a4c9   _sl_GetStartResponseConvert
20009d99   _sl_HandleAsync_Accept
20009cc5   _sl_HandleAsync_Connect
2000971d   _sl_HandleAsync_DnsGetHostByName
20009e01   _sl_HandleAsync_DnsGetHostByService
20009991   _sl_HandleAsync_InitComplete
20009a09   _sl_HandleAsync_PingResponse
20009ff1   _sl_HandleAsync_Select
2000a1b5   _sl_HandleAsync_Stop
20009c55   _sl_TruncatePayloadByProtocol
20018180   _sys_memory
20018bc0   _unlock
2000a701   abort
2000a399   atoi
ffffffff   binit
20018b80   c_full
20006935   calloc
20018b90   check_cmd
20018bac   check_frame_start
20018b8c   chk_bufa_flag
20017790   cmd_buffer
20018ba8   cmd_index
20018b98   cmd_sent
2000a6b9   copy_in
2000a709   exit
20018b88   flag
20018b9c   flow_ctrl
200064fd   frame_sync
2000668f   free
20018984   gFirstCmdMode
2000b930   g_H2NCnysPattern
2000b928   g_H2NSyncPattern
20018af0   g_SpiFd
2001898c   g_StatMem
20017744   g__SlNonOsCB
200177be   g_cDummy
20018988   g_pCB
20018af4   g_pHostIntHdl
20004000   g_pfnVectors
2001779c   g_ucConnectionBSSID
2001776c   g_ucConnectionSSID
20018af8   g_ucDMAEnabled
20018afc   g_ucDinDout
20018b60   g_ucSimplelinkstarted
20018b58   g_uiPortNum
20018b54   g_ulDestinationIp
20018b50   g_ulGatewayIP
20018b64   g_ulIpAddr
20018b5c   g_ulPacketCount
20018b4c   g_ulStatus
20018b94   get_sync_cmd_resp
2001757c   gfpAppCallbackHndl
20017800   gpCtlTbl
200177bf   iDone
20018b84   index
2000a0a9   ltoa
20005ed9   main
20018bcc   main_func_sp
2000662d   malloc
20006855   memalign
2000b05d   memccpy
20008fdd   memcpy
2000ae61   memmove
20009a89   memset
200065a1   minit
200052c1   ms_delay
20017c00   myStrA
20017ec0   myStrB
20017000   myStrC
2001767c   myStrX
200176e0   myStrY
20018b74   num
20018980   pPingCallBackFunc
2000674f   realloc
20018ba0   recv_ping_packet
20018ba4   recv_pong_packet
200177ac   recvfromflag
20006485   reset_sync_spi
200177b0   rx_udp_server
200063d9   send_cmd
2000a04d   sl_Bind
2000ae85   sl_Close
2000989d   sl_DevGet
2000aa71   sl_Htonl
2000ab79   sl_Htons
20009589   sl_NetAppMDNSRegisterUnregisterService
2000b381   sl_NetAppMDNSUnRegisterService
2000a261   sl_NetAppSendTokenValue
2000a785   sl_NetCfgSet
20008d41   sl_RecvFrom
20008bd9   sl_SendTo
2000a3e5   sl_SetSockOpt
2000ac9d   sl_Socket
20008a55   sl_Start
200088bd   sl_Stop
20007885   sl_WlanConnect
2000b423   sl_WlanDisconnect
2000a8c9   sl_WlanPolicySet
2000aea9   sl_WlanProfileDel
2000a909   sl_WlanRxFilterSet
2000a5a5   sl_WlanSet
2000adcd   sl_WlanSetMode
20006559   spi
20009b71   spi_Close
20008089   spi_Open
20008989   spi_Read
200087d1   spi_Write
2000b321   strlen
20018b7c   tempCnt
20018b78   timerValue
2000a431   uDMAChannelAssign
20009e69   uDMAChannelAttributeDisable
20009ecd   uDMAChannelAttributeEnable
2000a9fd   uDMAChannelControlSet
2000b079   uDMAChannelDisable
2000b095   uDMAChannelEnable
2000a47d   uDMAChannelModeGet
2000b0b1   uDMAChannelRequest
200086e1   uDMAChannelTransferSet
2000b335   uDMAControlBaseSet
2000b3ed   uDMADisable
2000b3f9   uDMAEnable
2000b349   uDMAIntClear
2000b2bb   uDMAIntRegister
2000b405   uDMAIntStatus
2000b393   uDMAIntUnregister
20018b68   udp_str
200177b4   udploop
200177b8   ulMode
200177bc   ulRecvData
20009501   vsnprintf


GLOBAL SYMBOLS: SORTED BY Symbol Address 

address    name
--------   ----
00000001   __TI_args_main
00000800   __STACK_SIZE
00000800   __SYSMEM_SIZE
20004000   g_pfnVectors
20004fb7   __TI_printfi
200052c1   ms_delay
200052f9   SimpleLinkWlanEventHandler
20005409   SimpleLinkNetAppEventHandler
200054c9   SimpleLinkGeneralEventHandler
2000551d   SimpleLinkHttpServerCallback
20005529   SimpleLinkSockEventHandler
20005ab1   UdpServer
20005ed9   main
2000631f   SlaveMain
200063d9   send_cmd
20006485   reset_sync_spi
200064fd   frame_sync
20006559   spi
200065a1   minit
2000662d   malloc
2000668f   free
2000674f   realloc
20006855   memalign
20006935   calloc
2000696d   _SlDrvMsgRead
20006d21   _SlAsyncEventGenericHandler
2000706d   InitTerm
2000708b   Message
200070ad   ClearTerm
200070b7   Error
200070ef   GetCmd
20007181   TrimSpace
20007219   Report
200072d9   DmaSwIntHandler
200072ef   DmaErrorIntHandler
200072fb   UDMAInit
20007353   UDMAChannelSelect
20007381   SetupTransfer
200073c5   UDMASetupAutoMemTransfer
200073f9   UDMASetupPingPongTransfer
20007453   UDMAStartTransfer
2000745f   UDMAStopTransfer
2000746b   UDMADeInit
2000747f   DMASetupTransfer
200074d9   __aeabi_uldivmod
200076cd   __aeabi_dsub
200076d7   __aeabi_dadd
20007885   sl_WlanConnect
20007a21   _SlDrvDataReadOp
20007b9d   _SlDrvDataWriteOp
20007cdd   _SlDrvRxHdrRead
20007e1d   __aeabi_ddiv
20007f55   PRCMCC3200MCUInit
20008089   spi_Open
200081b1   _SlDrvWaitForPoolObj
200082c9   _SlDrvMsgWrite
200083dd   _SlDrvReleasePoolObj
200084e9   __aeabi_dmul
200085e5   Timer_IF_Init
20008617   Timer_IF_IntSetup
20008655   Timer_IF_InterruptClear
2000866d   Timer_IF_Start
20008689   Timer_IF_Stop
20008699   Timer_IF_DeInit
200086b3   Timer_IF_ReLoad
200086c7   Timer_IF_GetCount
200086e1   uDMAChannelTransferSet
200087d1   spi_Write
200088bd   sl_Stop
20008989   spi_Read
20008a55   sl_Start
20008b1d   _SlDrvMsgReadCmdCtx
20008bd9   sl_SendTo
20008c8d   _SlDrvNetAppEventHandler
20008d41   sl_RecvFrom
20008ded   IntDisable
20008e95   IntEnable
20008f3d   SPIConfigSetExpClk
20008fdd   __aeabi_memcpy
20008fdd   __aeabi_memcpy4
20008fdd   __aeabi_memcpy8
20008fdd   memcpy
20009079   _SlFindAndSetActiveObj
20009111   PRCMPeripheralClockGet
200091a5   _SlDrvClassifyRxMsg
20009239   _SlDrvMsgReadSpawnCtx
200092cd   __TI_auto_init
20009361   _SlDrvDriverCBInit
200093f1   PinConfigSet
20009479   _SlDrvCmdOp
20009501   vsnprintf
20009589   sl_NetAppMDNSRegisterUnregisterService
20009611   __aeabi_cdcmpeq
20009611   __aeabi_cdcmple
20009697   __aeabi_cdrcmple
2000971d   _sl_HandleAsync_DnsGetHostByName
200097a1   NwpPowerOnPreamble
20009821   SPIIntStatus
2000989d   sl_DevGet
20009991   _sl_HandleAsync_InitComplete
20009a09   _sl_HandleAsync_PingResponse
20009a81   __aeabi_memclr
20009a81   __aeabi_memclr4
20009a81   __aeabi_memclr8
20009a83   __aeabi_memset
20009a83   __aeabi_memset4
20009a83   __aeabi_memset8
20009a89   memset
20009af9   UARTConfigSetExpClk
20009b71   spi_Close
20009be5   TimerIntRegister
20009c55   _sl_TruncatePayloadByProtocol
20009cc5   _sl_HandleAsync_Connect
20009d31   TimerIntUnregister
20009d99   _sl_HandleAsync_Accept
20009e01   _sl_HandleAsync_DnsGetHostByService
20009e69   uDMAChannelAttributeDisable
20009ecd   uDMAChannelAttributeEnable
20009f31   _SlDrvDriverCBDeinit
20009ff1   _sl_HandleAsync_Select
2000a04d   sl_Bind
2000a0a9   ltoa
2000a105   IntPendClear
2000a15d   PRCMPeripheralReset
2000a1b5   _sl_HandleAsync_Stop
2000a20d   IntPrioritySet
2000a261   sl_NetAppSendTokenValue
2000a2b5   SPIIntDisable
2000a301   SPIIntEnable
2000a399   atoi
2000a3e5   sl_SetSockOpt
2000a431   uDMAChannelAssign
2000a47d   uDMAChannelModeGet
2000a4c9   _sl_GetStartResponseConvert
2000a515   SPIIntClear
2000a55d   __aeabi_d2iz
2000a5a5   sl_WlanSet
2000a631   TimerConfigure
2000a675   PinMuxConfig
2000a6b9   copy_in
2000a6fd   C$$EXIT
2000a701   abort
2000a709   exit
2000a741   _Dtest
2000a785   sl_NetCfgSet
2000a7c9   PinModeSet
2000a809   _SlDrvRxIrqHandler
2000a849   _SlNonOsMainLoopTask
2000a889   _SlRemoveFromList
2000a8c9   sl_WlanPolicySet
2000a909   sl_WlanRxFilterSet
2000a949   NwpPowerOff
2000a985   PRCMPeripheralClkEnable
2000a9c1   _SlDrvObjInit
2000a9fd   uDMAChannelControlSet
2000aa39   NwpRegisterInterruptHandler
2000aa71   sl_Htonl
2000aaa9   PRCMPeripheralStatusGet
2000aadd   SPIFIFOLevelSet
2000ab11   _SlDrvBasicCmd
2000ab45   _c_int00
2000ab79   sl_Htons
2000abad   NwpPowerOn
2000abdd   UARTDisable
2000ac0d   _SlDrvFlowContDeinit
2000ac3d   _SlDrvFlowContInit
2000ac6d   _SlNonOsSemGet
2000ac9d   sl_Socket
2000accd   __aeabi_i2d
2000acfd   PRCMSysResetCauseGet
2000ad29   TimerLoadSet
2000ad53   TimerPrescaleSet
2000ad7d   PRCMPeripheralClkDisable
2000ada5   _sl_BuildAddress
2000adcd   sl_WlanSetMode
2000adf5   DmaSpiSwIntHandler
2000ae19   IntUnregister
2000ae3d   UARTEnable
2000ae61   memmove
2000ae85   sl_Close
2000aea9   sl_WlanProfileDel
2000aecd   SPIReset
2000aeef   SPIWordCountSet
2000af11   IntRegister
2000af31   _SlDrvCmdSend
2000af51   _SlNonOsSpawn
2000af71   SPIDataPut
2000af8f   SPIIntRegister
2000afad   TimerDisable
2000afcb   TimerEnable
2000afe9   TimerIntStatus
2000b007   UARTCharPut
2000b025   TimerValueGet
2000b041   _SlDrvObjDeInit
2000b05d   memccpy
2000b079   uDMAChannelDisable
2000b095   uDMAChannelEnable
2000b0b1   uDMAChannelRequest
2000b0cd   CopyPingResultsToReport
2000b0e7   PinTypeSPI
2000b101   PinTypeUART
2000b11b   SPIDmaDisable
2000b135   SPIDmaEnable
2000b14f   SPIFIFODisable
2000b169   SPIFIFOEnable
2000b183   SPIIntUnregister
2000b19d   _SlDrvDeviceEventHandler
2000b1b7   SPICSDisable
2000b1cf   SPICSEnable
2000b1e7   SPIDisable
2000b1ff   SPIEnable
2000b217   TimerIntDisable
2000b22f   TimerIntEnable
2000b249   _args_main
2000b261   __aeabi_lmul
2000b279   PRCMHIBRegRead
2000b28f   PRCMHIBRegWrite
2000b2a5   UARTCharGet
2000b2bb   uDMAIntRegister
2000b2d1   CPUcpsie
2000b2e5   IntVTableBaseSet
2000b2f9   _SlDrvShiftDWord
2000b30d   _register_unlock
2000b313   _register_lock
2000b31b   _nop
2000b321   strlen
2000b335   uDMAControlBaseSet
2000b349   uDMAIntClear
2000b35d   TimerIntClear
2000b36f   __TI_zero_init
2000b381   sl_NetAppMDNSUnRegisterService
2000b393   uDMAIntUnregister
2000b3a5   NwpMaskInterrupt
2000b3b5   __TI_decompress_none
2000b3c3   _Dclass
2000b3d1   ResetISR
2000b3e1   NwpUnMaskInterrupt
2000b3ed   uDMADisable
2000b3f9   uDMAEnable
2000b405   uDMAIntStatus
2000b411   IntMasterEnable
2000b41b   _SlNonOsSemSet
2000b423   sl_WlanDisconnect
2000b42b   UtilsDelay
2000b431   __TI_decompress_rle24
2000b438   _ctypes_
2000b640   _SlPolicySetCmdCtrl
2000b644   _SlPolicyGetCmdCtrl
2000b648   _SlProfileGetCmdCtrl
2000b64c   _SlProfileDelCmdCtrl
2000b650   _SlWlanGetNetworkListCtrl
2000b654   _SlRxFilterAddtCmdCtrl
2000b658   _SlRxFilterSetCmdCtrl
2000b65c   _SlRxFilterGetCmdCtrl
2000b660   _SlSmartConfigStartCmdCtrl
2000b664   _SlWlanSetModeCmdCtrl
2000b668   _SlWlanCfgSetCmdCtrl
2000b66c   _SlWlanCfgGetCmdCtrl
2000b928   g_H2NSyncPattern
2000b930   g_H2NCnysPattern
2000b938   _SlActionLookupTable
2000b97c   _SlSockSocketCmdCtrl
2000b980   _SlSockCloseCmdCtrl
2000b984   _SlRecvfomCmdCtrl
2000b988   _SlSendCmdCtrl
2000b98c   _SlListenCmdCtrl
2000b990   _SlAcceptCmdCtrl
2000b994   _SlRecvCmdCtrl
2000b998   _SlSetSockOptCmdCtrl
2000b99c   _SlGetSockOptCmdCtrl
2000b9a0   _SlSelectCmdCtrl
2000b9d4   _SlNetAppStartCtrl
2000b9d8   _SlNetAppStopCtrl
2000b9dc   _SlGetServiceListeCtrl
2000b9e0   _SlRegisterServiceCtrl
2000b9e4   _SlGetHostByServiceCtrl
2000b9e8   _SlGetHostByNameCtrl
2000b9ec   _SlNetAppSetCmdCtrl
2000b9f0   _SlNetAppSendTokenValueCmdCtrl
2000b9f4   _SlNetAppGetCmdCtrl
2000ba90   _SlStopCmdCtrl
2000ba94   _SlEventMaskSetCmdCtrl
2000ba98   _SlEventMaskGetCmdCtrl
2000ba9c   _SlDeviceGetCmdCtrl
2000baa0   _SlDeviceSetCmdCtrl
2000baa4   _SlNetCfgSetCmdCtrl
2000baa8   _SlNetCfgGetCmdCtrl
2000bab0   __TI_static_base__
2000bafc   __TI_Handler_Table_Base
2000bb08   __TI_Handler_Table_Limit
2000bb10   __TI_CINIT_Base
2000bb20   __TI_CINIT_Limit
20017000   myStrC
2001757c   gfpAppCallbackHndl
2001767c   myStrX
200176e0   myStrY
20017744   g__SlNonOsCB
2001776c   g_ucConnectionSSID
20017790   cmd_buffer
2001779c   g_ucConnectionBSSID
200177a4   Reset_SYNC
200177ac   recvfromflag
200177b0   rx_udp_server
200177b4   udploop
200177b8   ulMode
200177bc   ulRecvData
200177be   g_cDummy
200177bf   iDone
20017800   gpCtlTbl
20017c00   myStrA
20017ec0   myStrB
20018180   _sys_memory
20018980   pPingCallBackFunc
20018984   gFirstCmdMode
20018988   g_pCB
2001898c   g_StatMem
20018af0   g_SpiFd
20018af4   g_pHostIntHdl
20018af8   g_ucDMAEnabled
20018afc   g_ucDinDout
20018b4c   g_ulStatus
20018b50   g_ulGatewayIP
20018b54   g_ulDestinationIp
20018b58   g_uiPortNum
20018b5c   g_ulPacketCount
20018b60   g_ucSimplelinkstarted
20018b64   g_ulIpAddr
20018b68   udp_str
20018b74   num
20018b78   timerValue
20018b7c   tempCnt
20018b80   c_full
20018b84   index
20018b88   flag
20018b8c   chk_bufa_flag
20018b90   check_cmd
20018b94   get_sync_cmd_resp
20018b98   cmd_sent
20018b9c   flow_ctrl
20018ba0   recv_ping_packet
20018ba4   recv_pong_packet
20018ba8   cmd_index
20018bac   check_frame_start
20018bbc   _lock
20018bc0   _unlock
20018bc4   __TI_cleanup_ptr
20018bc8   __TI_dtors_ptr
20018bcc   main_func_sp
2002f800   __stack
20030000   __STACK_END
ffffffff   __binit__
ffffffff   __c_args__
ffffffff   binit
UNDEFED    SHT$$INIT_ARRAY$$Base
UNDEFED    SHT$$INIT_ARRAY$$Limit

[355 symbols]
