******************************************************************************
                  TI ARM Linker PC v5.1.6                      
******************************************************************************
>> Linked Sat Apr 04 22:05:32 2015

OUTPUT FILE NAME:   <test udp_socket.out>
ENTRY POINT SYMBOL: "_c_int00"  address: 2000a8d9


MEMORY CONFIGURATION

         name            origin    length      used     unused   attr    fill
----------------------  --------  ---------  --------  --------  ----  --------
  SRAM_CODE             20004000   00013000  000078ae  0000b752  RW X
  SRAM_DATA             20017000   00019000  000023d0  00016c30  RW X


SEGMENT ALLOCATION MAP

run origin  load origin   length   init length attrs members
----------  ----------- ---------- ----------- ----- -------
20004000    20004000    000078b0   000078b0    r-x
  20004000    20004000    00000400   00000400    r-- .intvecs
  20004400    20004400    00006dca   00006dca    r-x .text
  2000b1cc    2000b1cc    00000674   00000674    r-- .const
  2000b840    2000b840    00000070   00000070    r-- .cinit
20017000    20017000    00001bd0   00000000    rw-
  20017000    20017000    00001180   00000000    rw- .bss
  20018180    20018180    00000800   00000000    rw- .sysmem
  20018980    20018980    00000250   00000000    rw- .data
2002f800    2002f800    00000800   00000000    rw-
  2002f800    2002f800    00000800   00000000    rw- .stack


SECTION ALLOCATION MAP

 output                                  attributes/
section   page    origin      length       input sections
--------  ----  ----------  ----------   ----------------
.init_array 
*          0    20004000    00000000     UNINITIALIZED

.intvecs   0    20004000    00000400     
                  20004000    00000400     startup_ccs.obj (.intvecs)

.text      0    20004400    00006dca     
                  20004400    00000ec0     rtsv7M4_T_le_eabi.lib : _printfi.obj (.text)
                  200052c0    00000e04     main.obj (.text)
                  200060c4    00000498     spi.obj (.text)
                  2000655c    000003cc     rtsv7M4_T_le_eabi.lib : memory.obj (.text)
                  20006928    000003b4     simplelink.a : driver.obj (.text:_SlDrvMsgRead)
                  20006cdc    0000034c                  : driver.obj (.text:_SlAsyncEventGenericHandler)
                  20007028    0000026c     uart_if.obj (.text)
                  20007294    00000200     udma_if.obj (.text)
                  20007494    000001f4     rtsv7M4_T_le_eabi.lib : ull_div_t2.obj (.text)
                  20007688    000001b6                           : fd_add_t2.obj (.text)
                  2000783e    00000002     driverlib.a : interrupt.obj (.text:IntDefaultHandler)
                  20007840    0000019c     simplelink.a : wlan.obj (.text:sl_WlanConnect)
                  200079dc    00000140                  : driver.obj (.text:_SlDrvDataWriteOp)
                  20007b1c    00000140                  : driver.obj (.text:_SlDrvRxHdrRead)
                  20007c5c    00000136     rtsv7M4_T_le_eabi.lib : fd_div_t2.obj (.text)
                  20007d92    00000002     --HOLE-- [fill = 0]
                  20007d94    00000134     driverlib.a : prcm.obj (.text:PRCMCC3200MCUInit)
                  20007ec8    00000128     simplelink.a : cc_pal.obj (.text:spi_Open)
                  20007ff0    00000118                  : driver.obj (.text:_SlDrvWaitForPoolObj)
                  20008108    00000114                  : driver.obj (.text:_SlDrvMsgWrite)
                  2000821c    0000010c                  : driver.obj (.text:_SlDrvReleasePoolObj)
                  20008328    000000fc     rtsv7M4_T_le_eabi.lib : fd_mul_t2.obj (.text)
                  20008424    000000fa     timer_if.obj (.text)
                  2000851e    00000002     --HOLE-- [fill = 0]
                  20008520    000000f0     driverlib.a : udma.obj (.text:uDMAChannelTransferSet)
                  20008610    000000ec     simplelink.a : cc_pal.obj (.text:spi_Write)
                  200086fc    000000cc                  : device.obj (.text:sl_Stop)
                  200087c8    000000cc                  : cc_pal.obj (.text:spi_Read)
                  20008894    000000c8                  : device.obj (.text:sl_Start)
                  2000895c    000000bc                  : driver.obj (.text:_SlDrvMsgReadCmdCtx)
                  20008a18    000000b4                  : socket.obj (.text:sl_SendTo)
                  20008acc    000000b2                  : netapp.obj (.text:_SlDrvNetAppEventHandler)
                  20008b7e    00000002     --HOLE-- [fill = 0]
                  20008b80    000000a8     driverlib.a : interrupt.obj (.text:IntDisable)
                  20008c28    000000a8                 : interrupt.obj (.text:IntEnable)
                  20008cd0    000000a0                 : spi.obj (.text:SPIConfigSetExpClk)
                  20008d70    0000009c     rtsv7M4_T_le_eabi.lib : memcpy_t2.obj (.text)
                  20008e0c    00000098     simplelink.a : driver.obj (.text:_SlFindAndSetActiveObj)
                  20008ea4    00000094     driverlib.a : prcm.obj (.text:PRCMPeripheralClockGet)
                  20008f38    00000094     simplelink.a : driver.obj (.text:_SlDrvClassifyRxMsg)
                  20008fcc    00000094                  : driver.obj (.text:_SlDrvMsgReadSpawnCtx)
                  20009060    00000094     rtsv7M4_T_le_eabi.lib : auto_init.obj (.text)
                  200090f4    00000090     simplelink.a : driver.obj (.text:_SlDrvDriverCBInit)
                  20009184    00000088     driverlib.a : pin.obj (.text:PinConfigSet)
                  2000920c    00000088     simplelink.a : driver.obj (.text:_SlDrvCmdOp)
                  20009294    00000088     rtsv7M4_T_le_eabi.lib : vsnprintf.obj (.text)
                  2000931c    00000088     simplelink.a : netapp.obj (.text:sl_NetAppMDNSRegisterUnregisterService)
                  200093a4    00000086     rtsv7M4_T_le_eabi.lib : fd_cmp_t2.obj (.text:__aeabi_cdcmple)
                  2000942a    00000086                           : fd_cmp_t2.obj (.text:__aeabi_cdrcmple)
                  200094b0    00000084     simplelink.a : netapp.obj (.text:_sl_HandleAsync_DnsGetHostByName)
                  20009534    00000080                  : cc_pal.obj (.text:NwpPowerOnPreamble)
                  200095b4    0000007c     driverlib.a : spi.obj (.text:SPIIntStatus)
                  20009630    0000007c     simplelink.a : device.obj (.text:sl_DevGet)
                  200096ac    00000078                  : cc_pal.obj (.text:SetupDMAReceive)
                  20009724    00000078                  : device.obj (.text:_sl_HandleAsync_InitComplete)
                  2000979c    00000078                  : netapp.obj (.text:_sl_HandleAsync_PingResponse)
                  20009814    00000078     rtsv7M4_T_le_eabi.lib : memset_t2.obj (.text)
                  2000988c    00000076     driverlib.a : uart.obj (.text:UARTConfigSetExpClk)
                  20009902    00000002     --HOLE-- [fill = 0]
                  20009904    00000074     simplelink.a : cc_pal.obj (.text:spi_Close)
                  20009978    00000070     driverlib.a : timer.obj (.text:TimerIntRegister)
                  200099e8    0000006e     simplelink.a : socket.obj (.text:_sl_TruncatePayloadByProtocol)
                  20009a56    00000002     --HOLE-- [fill = 0]
                  20009a58    0000006c                  : socket.obj (.text:_sl_HandleAsync_Connect)
                  20009ac4    00000068     driverlib.a : timer.obj (.text:TimerIntUnregister)
                  20009b2c    00000068     simplelink.a : socket.obj (.text:_sl_HandleAsync_Accept)
                  20009b94    00000068                  : netapp.obj (.text:_sl_HandleAsync_DnsGetHostByService)
                  20009bfc    00000064     driverlib.a : udma.obj (.text:uDMAChannelAttributeDisable)
                  20009c60    00000064                 : udma.obj (.text:uDMAChannelAttributeEnable)
                  20009cc4    00000060     simplelink.a : driver.obj (.text:_SlDrvDriverCBDeinit)
                  20009d24    0000005e     rtsv7M4_T_le_eabi.lib : copy_decompress_rle.obj (.text)
                  20009d82    00000002     --HOLE-- [fill = 0]
                  20009d84    0000005c     simplelink.a : socket.obj (.text:_sl_HandleAsync_Select)
                  20009de0    0000005c                  : socket.obj (.text:sl_Bind)
                  20009e3c    0000005a     rtsv7M4_T_le_eabi.lib : ltoa.obj (.text)
                  20009e96    00000002     --HOLE-- [fill = 0]
                  20009e98    00000058     driverlib.a : interrupt.obj (.text:IntPendClear)
                  20009ef0    00000058                 : prcm.obj (.text:PRCMPeripheralReset)
                  20009f48    00000058     simplelink.a : device.obj (.text:_sl_HandleAsync_Stop)
                  20009fa0    00000054     driverlib.a : interrupt.obj (.text:IntPrioritySet)
                  20009ff4    00000054     simplelink.a : netapp.obj (.text:sl_NetAppSendTokenValue)
                  2000a048    0000004c     driverlib.a : spi.obj (.text:SPIIntDisable)
                  2000a094    0000004c                 : spi.obj (.text:SPIIntEnable)
                  2000a0e0    0000004c                 : spi.obj (.text:SPIIntNumberGet)
                  2000a12c    0000004c     rtsv7M4_T_le_eabi.lib : atoi.obj (.text)
                  2000a178    0000004c     simplelink.a : socket.obj (.text:sl_SetSockOpt)
                  2000a1c4    0000004c     driverlib.a : udma.obj (.text:uDMAChannelAssign)
                  2000a210    0000004c                 : udma.obj (.text:uDMAChannelModeGet)
                  2000a25c    0000004a     simplelink.a : device.obj (.text:_sl_GetStartResponseConvert)
                  2000a2a6    00000002     --HOLE-- [fill = 0]
                  2000a2a8    00000048     driverlib.a : spi.obj (.text:SPIIntClear)
                  2000a2f0    00000048     rtsv7M4_T_le_eabi.lib : fd_toi_t2.obj (.text)
                  2000a338    00000048     simplelink.a : wlan.obj (.text:sl_WlanSet)
                  2000a380    00000044     driverlib.a : spi.obj (.text:SPIDmaMaskGet)
                  2000a3c4    00000044                 : timer.obj (.text:TimerConfigure)
                  2000a408    00000044     pinmux.obj (.text)
                  2000a44c    00000044     rtsv7M4_T_le_eabi.lib : cpy_tbl.obj (.text)
                  2000a490    00000044                           : exit.obj (.text)
                  2000a4d4    00000044                           : xdtest.obj (.text)
                  2000a518    00000044     simplelink.a : netcfg.obj (.text:sl_NetCfgSet)
                  2000a55c    00000040     driverlib.a : pin.obj (.text:PinModeSet)
                  2000a59c    00000040     simplelink.a : driver.obj (.text:_SlDrvRxIrqHandler)
                  2000a5dc    00000040                  : nonos.obj (.text:_SlNonOsMainLoopTask)
                  2000a61c    00000040                  : driver.obj (.text:_SlRemoveFromList)
                  2000a65c    00000040                  : wlan.obj (.text:sl_WlanPolicySet)
                  2000a69c    00000040                  : wlan.obj (.text:sl_WlanRxFilterSet)
                  2000a6dc    0000003c                  : cc_pal.obj (.text:NwpPowerOff)
                  2000a718    0000003c     driverlib.a : prcm.obj (.text:PRCMPeripheralClkEnable)
                  2000a754    0000003c     simplelink.a : driver.obj (.text:_SlDrvObjInit)
                  2000a790    0000003c     driverlib.a : udma.obj (.text:uDMAChannelControlSet)
                  2000a7cc    00000038     simplelink.a : cc_pal.obj (.text:NwpRegisterInterruptHandler)
                  2000a804    00000038                  : socket.obj (.text:sl_Htonl)
                  2000a83c    00000034     driverlib.a : prcm.obj (.text:PRCMPeripheralStatusGet)
                  2000a870    00000034                 : spi.obj (.text:SPIFIFOLevelSet)
                  2000a8a4    00000034     simplelink.a : driver.obj (.text:_SlDrvBasicCmd)
                  2000a8d8    00000034     rtsv7M4_T_le_eabi.lib : boot.obj (.text)
                  2000a90c    00000034     simplelink.a : socket.obj (.text:sl_Htons)
                  2000a940    00000030                  : cc_pal.obj (.text:NwpPowerOn)
                  2000a970    00000030     driverlib.a : uart.obj (.text:UARTDisable)
                  2000a9a0    00000030     simplelink.a : flowcont.obj (.text:_SlDrvFlowContDeinit)
                  2000a9d0    00000030                  : flowcont.obj (.text:_SlDrvFlowContInit)
                  2000aa00    00000030                  : nonos.obj (.text:_SlNonOsSemGet)
                  2000aa30    00000030                  : socket.obj (.text:sl_Socket)
                  2000aa60    0000002e     rtsv7M4_T_le_eabi.lib : i_tofd_t2.obj (.text)
                  2000aa8e    00000002     --HOLE-- [fill = 0]
                  2000aa90    0000002c     driverlib.a : prcm.obj (.text:PRCMSysResetCauseGet)
                  2000aabc    0000002a                 : timer.obj (.text:TimerLoadSet)
                  2000aae6    0000002a                 : timer.obj (.text:TimerPrescaleSet)
                  2000ab10    00000028                 : prcm.obj (.text:PRCMPeripheralClkDisable)
                  2000ab38    00000028     simplelink.a : socket.obj (.text:_sl_BuildAddress)
                  2000ab60    00000028                  : wlan.obj (.text:sl_WlanSetMode)
                  2000ab88    00000024                  : cc_pal.obj (.text:DmaSpiSwIntHandler)
                  2000abac    00000024     driverlib.a : interrupt.obj (.text:IntUnregister)
                  2000abd0    00000024                 : uart.obj (.text:UARTEnable)
                  2000abf4    00000024     rtsv7M4_T_le_eabi.lib : memmov.obj (.text)
                  2000ac18    00000024     simplelink.a : socket.obj (.text:sl_Close)
                  2000ac3c    00000024                  : wlan.obj (.text:sl_WlanProfileDel)
                  2000ac60    00000022     driverlib.a : spi.obj (.text:SPIReset)
                  2000ac82    00000022                 : spi.obj (.text:SPIWordCountSet)
                  2000aca4    00000020                 : interrupt.obj (.text:IntRegister)
                  2000acc4    00000020     simplelink.a : driver.obj (.text:_SlDrvCmdSend)
                  2000ace4    00000020                  : nonos.obj (.text:_SlNonOsSpawn)
                  2000ad04    0000001e     driverlib.a : spi.obj (.text:SPIDataPut)
                  2000ad22    0000001e                 : spi.obj (.text:SPIIntRegister)
                  2000ad40    0000001e                 : timer.obj (.text:TimerDisable)
                  2000ad5e    0000001e                 : timer.obj (.text:TimerEnable)
                  2000ad7c    0000001e                 : timer.obj (.text:TimerIntStatus)
                  2000ad9a    0000001e                 : uart.obj (.text:UARTCharPut)
                  2000adb8    0000001c                 : timer.obj (.text:TimerValueGet)
                  2000add4    0000001c     simplelink.a : driver.obj (.text:_SlDrvObjDeInit)
                  2000adf0    0000001c     rtsv7M4_T_le_eabi.lib : memccpy.obj (.text)
                  2000ae0c    0000001c     driverlib.a : udma.obj (.text:uDMAChannelDisable)
                  2000ae28    0000001c                 : udma.obj (.text:uDMAChannelEnable)
                  2000ae44    0000001c                 : udma.obj (.text:uDMAChannelRequest)
                  2000ae60    0000001a     simplelink.a : netapp.obj (.text:CopyPingResultsToReport)
                  2000ae7a    0000001a     driverlib.a : pin.obj (.text:PinTypeSPI)
                  2000ae94    0000001a                 : pin.obj (.text:PinTypeUART)
                  2000aeae    0000001a                 : spi.obj (.text:SPIDmaDisable)
                  2000aec8    0000001a                 : spi.obj (.text:SPIDmaEnable)
                  2000aee2    0000001a                 : spi.obj (.text:SPIFIFODisable)
                  2000aefc    0000001a                 : spi.obj (.text:SPIFIFOEnable)
                  2000af16    0000001a                 : spi.obj (.text:SPIIntUnregister)
                  2000af30    0000001a     simplelink.a : device.obj (.text:_SlDrvDeviceEventHandler)
                  2000af4a    00000018     driverlib.a : spi.obj (.text:SPICSDisable)
                  2000af62    00000018                 : spi.obj (.text:SPICSEnable)
                  2000af7a    00000018                 : spi.obj (.text:SPIDisable)
                  2000af92    00000018                 : spi.obj (.text:SPIEnable)
                  2000afaa    00000018                 : timer.obj (.text:TimerIntDisable)
                  2000afc2    00000018                 : timer.obj (.text:TimerIntEnable)
                  2000afda    00000002     --HOLE-- [fill = 0]
                  2000afdc    00000018     rtsv7M4_T_le_eabi.lib : args_main.obj (.text)
                  2000aff4    00000018                           : ll_mul_t2.obj (.text)
                  2000b00c    00000016     driverlib.a : prcm.obj (.text:PRCMHIBRegRead)
                  2000b022    00000016                 : prcm.obj (.text:PRCMHIBRegWrite)
                  2000b038    00000016                 : uart.obj (.text:UARTCharGet)
                  2000b04e    00000016                 : udma.obj (.text:uDMAIntRegister)
                  2000b064    00000014                 : cpu.obj (.text:CPUcpsie)
                  2000b078    00000014                 : interrupt.obj (.text:IntVTableBaseSet)
                  2000b08c    00000014     simplelink.a : driver.obj (.text:_SlDrvShiftDWord)
                  2000b0a0    00000014     rtsv7M4_T_le_eabi.lib : _lock.obj (.text)
                  2000b0b4    00000014                           : strlen.obj (.text)
                  2000b0c8    00000014     driverlib.a : udma.obj (.text:uDMAControlBaseSet)
                  2000b0dc    00000014                 : udma.obj (.text:uDMAIntClear)
                  2000b0f0    00000012                 : timer.obj (.text:TimerIntClear)
                  2000b102    00000012     rtsv7M4_T_le_eabi.lib : copy_zero_init.obj (.text:decompress:ZI)
                  2000b114    00000012     simplelink.a : netapp.obj (.text:sl_NetAppMDNSUnRegisterService)
                  2000b126    00000012     driverlib.a : udma.obj (.text:uDMAIntUnregister)
                  2000b138    00000010     simplelink.a : cc_pal.obj (.text:NwpMaskInterrupt)
                  2000b148    0000000e     rtsv7M4_T_le_eabi.lib : copy_decompress_none.obj (.text:decompress:none)
                  2000b156    0000000e                           : xdclass.obj (.text)
                  2000b164    0000000e     startup_ccs.obj (.text)
                  2000b172    00000002     --HOLE-- [fill = 0]
                  2000b174    0000000c     simplelink.a : cc_pal.obj (.text:NwpUnMaskInterrupt)
                  2000b180    0000000c     driverlib.a : udma.obj (.text:uDMADisable)
                  2000b18c    0000000c                 : udma.obj (.text:uDMAEnable)
                  2000b198    0000000c                 : udma.obj (.text:uDMAIntStatus)
                  2000b1a4    0000000a                 : interrupt.obj (.text:IntMasterEnable)
                  2000b1ae    00000008     simplelink.a : nonos.obj (.text:_SlNonOsSemSet)
                  2000b1b6    00000008                  : wlan.obj (.text:sl_WlanDisconnect)
                  2000b1be    00000006     driverlib.a : utils.obj (.text:UtilsDelay)
                  2000b1c4    00000006     rtsv7M4_T_le_eabi.lib : copy_decompress_rle.obj (.text:decompress:rle24)

.const     0    2000b1cc    00000674     
                  2000b1cc    00000102     rtsv7M4_T_le_eabi.lib : ctype.obj (.const:.string:_ctypes_)
                  2000b2ce    00000002     --HOLE-- [fill = 0]
                  2000b2d0    00000100     driverlib.a : pin.obj (.const:g_ulPinToPadMap)
                  2000b3d0    000000ec     simplelink.a : wlan.obj (.const)
                  2000b4bc    000000d4     driverlib.a : interrupt.obj (.const:g_pulRegs)
                  2000b590    000000a8                 : prcm.obj (.const:PRCM_PeriphRegsList)
                  2000b638    00000080                 : interrupt.obj (.const)
                  2000b6b8    0000004c     simplelink.a : driver.obj (.const)
                  2000b704    00000034                  : socket.obj (.const)
                  2000b738    0000002c     main.obj (.const:$P$T1$2)
                  2000b764    00000028     simplelink.a : netapp.obj (.const)
                  2000b78c    00000024     driverlib.a : spi.obj (.const:g_ppulSPIIntMap)
                  2000b7b0    00000022     main.obj (.const:.string:$P$T0$1)
                  2000b7d2    00000002     --HOLE-- [fill = 0]
                  2000b7d4    00000020     main.obj (.const)
                  2000b7f4    00000018     driverlib.a : spi.obj (.const)
                  2000b80c    00000016     main.obj (.const:.string)
                  2000b822    00000002     --HOLE-- [fill = 0]
                  2000b824    00000014     simplelink.a : device.obj (.const)
                  2000b838    00000008                  : netcfg.obj (.const)

.cinit     0    2000b840    00000070     
                  2000b840    0000004c     (.cinit..data.load) [load image, compression = rle]
                  2000b88c    0000000c     (__TI_handler_table)
                  2000b898    00000008     (.cinit..bss.load) [load image, compression = zero_init]
                  2000b8a0    00000010     (__TI_cinit_table)

.bss       0    20017000    00001180     UNINITIALIZED
                  20017000    0000057c     spi.obj (.bss:myStrC)
                  2001757c    00000100     udma_if.obj (.bss:gfpAppCallbackHndl)
                  2001767c    00000064     spi.obj (.bss:myStrX)
                  200176e0    00000064     spi.obj (.bss:myStrY)
                  20017744    00000028     simplelink.a : nonos.obj (.bss:g__SlNonOsCB)
                  2001776c    00000024     main.obj (.bss:g_ucConnectionSSID)
                  20017790    0000000c     (.common:cmd_buffer)
                  2001779c    00000008     (.common:g_ucConnectionBSSID)
                  200177a4    00000004     (.common:Reset_SYNC)
                  200177a8    00000004     (.common:__Errorlog)
                  200177ac    00000004     (.common:rx_udp_server)
                  200177b0    00000004     (.common:udploop)
                  200177b4    00000004     (.common:ulMode)
                  200177b8    00000002     (.common:ulRecvData)
                  200177ba    00000001     (.common:g_cDummy)
                  200177bb    00000001     (.common:iDone)
                  200177bc    00000044     --HOLE--
                  20017800    00000400     udma_if.obj (.bss:gpCtlTbl)
                  20017c00    000002c0     spi.obj (.bss:myStrA)
                  20017ec0    000002c0     spi.obj (.bss:myStrB)

.sysmem    0    20018180    00000800     UNINITIALIZED
                  20018180    00000008     rtsv7M4_T_le_eabi.lib : memory.obj (.sysmem)
                  20018188    000007f8     --HOLE--

.data      0    20018980    00000250     UNINITIALIZED
                  20018980    00000170     simplelink.a : driver.obj (.data)
                  20018af0    0000005c                  : cc_pal.obj (.data)
                  20018b4c    00000034     main.obj (.data)
                  20018b80    00000030     spi.obj (.data)
                  20018bb0    0000000c     rtsv7M4_T_le_eabi.lib : memory.obj (.data)
                  20018bbc    00000008                           : _lock.obj (.data)
                  20018bc4    00000008                           : exit.obj (.data)
                  20018bcc    00000004                           : stkdepth_vars.obj (.data)

.stack     0    2002f800    00000800     UNINITIALIZED
                  2002f800    00000800     --HOLE--


LINKER GENERATED COPY TABLES

__TI_cinit_table @ 2000b8a0 records: 2, size/record: 8, table size: 16
	.data: load addr=2000b840, load size=0000004c bytes, run addr=20018980, run size=00000250 bytes, compression=rle
	.bss: load addr=2000b898, load size=00000008 bytes, run addr=20017000, run size=00001180 bytes, compression=zero_init


LINKER GENERATED HANDLER TABLE

__TI_handler_table @ 2000b88c records: 3, size/record: 4, table size: 12
	index: 0, handler: __TI_decompress_rle24
	index: 1, handler: __TI_decompress_none
	index: 2, handler: __TI_zero_init


GLOBAL SYMBOLS: SORTED ALPHABETICALLY BY Name 

address    name
--------   ----
2000a491   C$$EXIT
2000b065   CPUcpsie
20007069   ClearTerm
2000ae61   CopyPingResultsToReport
2000743b   DMASetupTransfer
200072ab   DmaErrorIntHandler
2000ab89   DmaSpiSwIntHandler
20007295   DmaSwIntHandler
20007073   Error
200070ab   GetCmd
20007029   InitTerm
20008b81   IntDisable
20008c29   IntEnable
2000b1a5   IntMasterEnable
20009e99   IntPendClear
20009fa1   IntPrioritySet
2000aca5   IntRegister
2000abad   IntUnregister
2000b079   IntVTableBaseSet
20007047   Message
2000b139   NwpMaskInterrupt
2000a6dd   NwpPowerOff
2000a941   NwpPowerOn
20009535   NwpPowerOnPreamble
2000a7cd   NwpRegisterInterruptHandler
2000b175   NwpUnMaskInterrupt
20007d95   PRCMCC3200MCUInit
2000b00d   PRCMHIBRegRead
2000b023   PRCMHIBRegWrite
2000ab11   PRCMPeripheralClkDisable
2000a719   PRCMPeripheralClkEnable
20008ea5   PRCMPeripheralClockGet
20009ef1   PRCMPeripheralReset
2000a83d   PRCMPeripheralStatusGet
2000aa91   PRCMSysResetCauseGet
20009185   PinConfigSet
2000a55d   PinModeSet
2000a409   PinMuxConfig
2000ae7b   PinTypeSPI
2000ae95   PinTypeUART
200071d5   Report
2000b165   ResetISR
200177a4   Reset_SYNC
UNDEFED    SHT$$INIT_ARRAY$$Base
UNDEFED    SHT$$INIT_ARRAY$$Limit
2000af4b   SPICSDisable
2000af63   SPICSEnable
20008cd1   SPIConfigSetExpClk
2000ad05   SPIDataPut
2000af7b   SPIDisable
2000aeaf   SPIDmaDisable
2000aec9   SPIDmaEnable
2000af93   SPIEnable
2000aee3   SPIFIFODisable
2000aefd   SPIFIFOEnable
2000a871   SPIFIFOLevelSet
2000a2a9   SPIIntClear
2000a049   SPIIntDisable
2000a095   SPIIntEnable
2000ad23   SPIIntRegister
200095b5   SPIIntStatus
2000af17   SPIIntUnregister
2000ac61   SPIReset
2000ac83   SPIWordCountSet
2000733d   SetupTransfer
200054c9   SimpleLinkGeneralEventHandler
2000551d   SimpleLinkHttpServerCallback
20005409   SimpleLinkNetAppEventHandler
20005529   SimpleLinkSockEventHandler
200052f9   SimpleLinkWlanEventHandler
200062b7   SlaveMain
2000a3c5   TimerConfigure
2000ad41   TimerDisable
2000ad5f   TimerEnable
2000b0f1   TimerIntClear
2000afab   TimerIntDisable
2000afc3   TimerIntEnable
20009979   TimerIntRegister
2000ad7d   TimerIntStatus
20009ac5   TimerIntUnregister
2000aabd   TimerLoadSet
2000aae7   TimerPrescaleSet
2000adb9   TimerValueGet
200084d9   Timer_IF_DeInit
20008507   Timer_IF_GetCount
20008425   Timer_IF_Init
20008457   Timer_IF_IntSetup
20008495   Timer_IF_InterruptClear
200084f3   Timer_IF_ReLoad
200084ad   Timer_IF_Start
200084c9   Timer_IF_Stop
2000713d   TrimSpace
2000b039   UARTCharGet
2000ad9b   UARTCharPut
2000988d   UARTConfigSetExpClk
2000a971   UARTDisable
2000abd1   UARTEnable
2000730f   UDMAChannelSelect
20007427   UDMADeInit
200072b7   UDMAInit
20007381   UDMASetupAutoMemTransfer
200073b5   UDMASetupPingPongTransfer
2000740f   UDMAStartTransfer
2000741b   UDMAStopTransfer
20005ab1   UdpServer
2000b1bf   UtilsDelay
2000b157   _Dclass
2000a4d5   _Dtest
2000b724   _SlAcceptCmdCtrl
2000b6cc   _SlActionLookupTable
20006cdd   _SlAsyncEventGenericHandler
2000b830   _SlDeviceGetCmdCtrl
2000b834   _SlDeviceSetCmdCtrl
2000a8a5   _SlDrvBasicCmd
20008f39   _SlDrvClassifyRxMsg
2000920d   _SlDrvCmdOp
2000acc5   _SlDrvCmdSend
200079dd   _SlDrvDataWriteOp
2000af31   _SlDrvDeviceEventHandler
20009cc5   _SlDrvDriverCBDeinit
200090f5   _SlDrvDriverCBInit
2000a9a1   _SlDrvFlowContDeinit
2000a9d1   _SlDrvFlowContInit
20006929   _SlDrvMsgRead
2000895d   _SlDrvMsgReadCmdCtx
20008fcd   _SlDrvMsgReadSpawnCtx
20008109   _SlDrvMsgWrite
20008acd   _SlDrvNetAppEventHandler
2000add5   _SlDrvObjDeInit
2000a755   _SlDrvObjInit
2000821d   _SlDrvReleasePoolObj
20007b1d   _SlDrvRxHdrRead
2000a59d   _SlDrvRxIrqHandler
2000b08d   _SlDrvShiftDWord
20007ff1   _SlDrvWaitForPoolObj
2000b82c   _SlEventMaskGetCmdCtrl
2000b828   _SlEventMaskSetCmdCtrl
20008e0d   _SlFindAndSetActiveObj
2000b77c   _SlGetHostByNameCtrl
2000b778   _SlGetHostByServiceCtrl
2000b770   _SlGetServiceListeCtrl
2000b730   _SlGetSockOptCmdCtrl
2000b720   _SlListenCmdCtrl
2000b788   _SlNetAppGetCmdCtrl
2000b784   _SlNetAppSendTokenValueCmdCtrl
2000b780   _SlNetAppSetCmdCtrl
2000b768   _SlNetAppStartCtrl
2000b76c   _SlNetAppStopCtrl
2000b83c   _SlNetCfgGetCmdCtrl
2000b838   _SlNetCfgSetCmdCtrl
2000a5dd   _SlNonOsMainLoopTask
2000aa01   _SlNonOsSemGet
2000b1af   _SlNonOsSemSet
2000ace5   _SlNonOsSpawn
2000b3d8   _SlPolicyGetCmdCtrl
2000b3d4   _SlPolicySetCmdCtrl
2000b3e0   _SlProfileDelCmdCtrl
2000b3dc   _SlProfileGetCmdCtrl
2000b728   _SlRecvCmdCtrl
2000b718   _SlRecvfomCmdCtrl
2000b774   _SlRegisterServiceCtrl
2000a61d   _SlRemoveFromList
2000b3e8   _SlRxFilterAddtCmdCtrl
2000b3f0   _SlRxFilterGetCmdCtrl
2000b3ec   _SlRxFilterSetCmdCtrl
2000b734   _SlSelectCmdCtrl
2000b71c   _SlSendCmdCtrl
2000b72c   _SlSetSockOptCmdCtrl
2000b3f4   _SlSmartConfigStartCmdCtrl
2000b714   _SlSockCloseCmdCtrl
2000b710   _SlSockSocketCmdCtrl
2000b824   _SlStopCmdCtrl
2000b400   _SlWlanCfgGetCmdCtrl
2000b3fc   _SlWlanCfgSetCmdCtrl
2000b3e4   _SlWlanGetNetworkListCtrl
2000b3f8   _SlWlanSetModeCmdCtrl
20030000   __STACK_END
00000800   __STACK_SIZE
00000800   __SYSMEM_SIZE
2000b8a0   __TI_CINIT_Base
2000b8b0   __TI_CINIT_Limit
2000b88c   __TI_Handler_Table_Base
2000b898   __TI_Handler_Table_Limit
00000001   __TI_args_main
20009061   __TI_auto_init
20018bc4   __TI_cleanup_ptr
2000b149   __TI_decompress_none
2000b1c5   __TI_decompress_rle24
20018bc8   __TI_dtors_ptr
20004fb7   __TI_printfi
2000b840   __TI_static_base__
2000b103   __TI_zero_init
200093a5   __aeabi_cdcmpeq
200093a5   __aeabi_cdcmple
2000942b   __aeabi_cdrcmple
2000a2f1   __aeabi_d2iz
20007693   __aeabi_dadd
20007c5d   __aeabi_ddiv
20008329   __aeabi_dmul
20007689   __aeabi_dsub
2000aa61   __aeabi_i2d
2000aff5   __aeabi_lmul
20009815   __aeabi_memclr
20009815   __aeabi_memclr4
20009815   __aeabi_memclr8
20008d71   __aeabi_memcpy
20008d71   __aeabi_memcpy4
20008d71   __aeabi_memcpy8
20009817   __aeabi_memset
20009817   __aeabi_memset4
20009817   __aeabi_memset8
20007495   __aeabi_uldivmod
ffffffff   __binit__
ffffffff   __c_args__
2002f800   __stack
2000afdd   _args_main
2000a8d9   _c_int00
2000b1cc   _ctypes_
20018bbc   _lock
2000b0af   _nop
2000b0a7   _register_lock
2000b0a1   _register_unlock
2000ab39   _sl_BuildAddress
2000a25d   _sl_GetStartResponseConvert
20009b2d   _sl_HandleAsync_Accept
20009a59   _sl_HandleAsync_Connect
200094b1   _sl_HandleAsync_DnsGetHostByName
20009b95   _sl_HandleAsync_DnsGetHostByService
20009725   _sl_HandleAsync_InitComplete
2000979d   _sl_HandleAsync_PingResponse
20009d85   _sl_HandleAsync_Select
20009f49   _sl_HandleAsync_Stop
200099e9   _sl_TruncatePayloadByProtocol
20018180   _sys_memory
20018bc0   _unlock
2000a495   abort
2000a12d   atoi
ffffffff   binit
20018b80   c_full
200068f1   calloc
20018b90   check_cmd
20018bac   check_frame_start
20018b8c   chk_bufa_flag
20017790   cmd_buffer
20018ba8   cmd_index
20018b98   cmd_sent
2000a44d   copy_in
2000a49d   exit
20018b88   flag
20018b9c   flow_ctrl
20006495   frame_sync
2000664b   free
20018984   gFirstCmdMode
2000b6c4   g_H2NCnysPattern
2000b6bc   g_H2NSyncPattern
20018af0   g_SpiFd
2001898c   g_StatMem
20017744   g__SlNonOsCB
200177ba   g_cDummy
20018988   g_pCB
20018af4   g_pHostIntHdl
20004000   g_pfnVectors
2001779c   g_ucConnectionBSSID
2001776c   g_ucConnectionSSID
20018af8   g_ucDMAEnabled
20018afc   g_ucDinDout
20018b60   g_ucSimplelinkstarted
20018b58   g_uiPortNum
20018b54   g_ulDestinationIp
20018b50   g_ulGatewayIP
20018b64   g_ulIpAddr
20018b5c   g_ulPacketCount
20018b4c   g_ulStatus
20018b94   get_sync_cmd_resp
2001757c   gfpAppCallbackHndl
20017800   gpCtlTbl
200177bb   iDone
20018b84   index
20009e3d   ltoa
20005e55   main
20018bcc   main_func_sp
200065e9   malloc
20006811   memalign
2000adf1   memccpy
20008d71   memcpy
2000abf5   memmove
2000981d   memset
2000655d   minit
200052c1   ms_delay
20017c00   myStrA
20017ec0   myStrB
20017000   myStrC
2001767c   myStrX
200176e0   myStrY
20018b74   num
20018980   pPingCallBackFunc
2000670b   realloc
20018ba0   recv_ping_packet
20018ba4   recv_pong_packet
2000641d   reset_sync_spi
200177ac   rx_udp_server
20006371   send_cmd
20009de1   sl_Bind
2000ac19   sl_Close
20009631   sl_DevGet
2000a805   sl_Htonl
2000a90d   sl_Htons
2000931d   sl_NetAppMDNSRegisterUnregisterService
2000b115   sl_NetAppMDNSUnRegisterService
20009ff5   sl_NetAppSendTokenValue
2000a519   sl_NetCfgSet
20008a19   sl_SendTo
2000a179   sl_SetSockOpt
2000aa31   sl_Socket
20008895   sl_Start
200086fd   sl_Stop
20007841   sl_WlanConnect
2000b1b7   sl_WlanDisconnect
2000a65d   sl_WlanPolicySet
2000ac3d   sl_WlanProfileDel
2000a69d   sl_WlanRxFilterSet
2000a339   sl_WlanSet
2000ab61   sl_WlanSetMode
20006511   spi
20009905   spi_Close
20007ec9   spi_Open
200087c9   spi_Read
20008611   spi_Write
2000b0b5   strlen
20018b7c   tempCnt
20018b78   timerValue
2000a1c5   uDMAChannelAssign
20009bfd   uDMAChannelAttributeDisable
20009c61   uDMAChannelAttributeEnable
2000a791   uDMAChannelControlSet
2000ae0d   uDMAChannelDisable
2000ae29   uDMAChannelEnable
2000a211   uDMAChannelModeGet
2000ae45   uDMAChannelRequest
20008521   uDMAChannelTransferSet
2000b0c9   uDMAControlBaseSet
2000b181   uDMADisable
2000b18d   uDMAEnable
2000b0dd   uDMAIntClear
2000b04f   uDMAIntRegister
2000b199   uDMAIntStatus
2000b127   uDMAIntUnregister
20018b68   udp_str
200177b0   udploop
200177b4   ulMode
200177b8   ulRecvData
20009295   vsnprintf


GLOBAL SYMBOLS: SORTED BY Symbol Address 

address    name
--------   ----
00000001   __TI_args_main
00000800   __STACK_SIZE
00000800   __SYSMEM_SIZE
20004000   g_pfnVectors
20004fb7   __TI_printfi
200052c1   ms_delay
200052f9   SimpleLinkWlanEventHandler
20005409   SimpleLinkNetAppEventHandler
200054c9   SimpleLinkGeneralEventHandler
2000551d   SimpleLinkHttpServerCallback
20005529   SimpleLinkSockEventHandler
20005ab1   UdpServer
20005e55   main
200062b7   SlaveMain
20006371   send_cmd
2000641d   reset_sync_spi
20006495   frame_sync
20006511   spi
2000655d   minit
200065e9   malloc
2000664b   free
2000670b   realloc
20006811   memalign
200068f1   calloc
20006929   _SlDrvMsgRead
20006cdd   _SlAsyncEventGenericHandler
20007029   InitTerm
20007047   Message
20007069   ClearTerm
20007073   Error
200070ab   GetCmd
2000713d   TrimSpace
200071d5   Report
20007295   DmaSwIntHandler
200072ab   DmaErrorIntHandler
200072b7   UDMAInit
2000730f   UDMAChannelSelect
2000733d   SetupTransfer
20007381   UDMASetupAutoMemTransfer
200073b5   UDMASetupPingPongTransfer
2000740f   UDMAStartTransfer
2000741b   UDMAStopTransfer
20007427   UDMADeInit
2000743b   DMASetupTransfer
20007495   __aeabi_uldivmod
20007689   __aeabi_dsub
20007693   __aeabi_dadd
20007841   sl_WlanConnect
200079dd   _SlDrvDataWriteOp
20007b1d   _SlDrvRxHdrRead
20007c5d   __aeabi_ddiv
20007d95   PRCMCC3200MCUInit
20007ec9   spi_Open
20007ff1   _SlDrvWaitForPoolObj
20008109   _SlDrvMsgWrite
2000821d   _SlDrvReleasePoolObj
20008329   __aeabi_dmul
20008425   Timer_IF_Init
20008457   Timer_IF_IntSetup
20008495   Timer_IF_InterruptClear
200084ad   Timer_IF_Start
200084c9   Timer_IF_Stop
200084d9   Timer_IF_DeInit
200084f3   Timer_IF_ReLoad
20008507   Timer_IF_GetCount
20008521   uDMAChannelTransferSet
20008611   spi_Write
200086fd   sl_Stop
200087c9   spi_Read
20008895   sl_Start
2000895d   _SlDrvMsgReadCmdCtx
20008a19   sl_SendTo
20008acd   _SlDrvNetAppEventHandler
20008b81   IntDisable
20008c29   IntEnable
20008cd1   SPIConfigSetExpClk
20008d71   __aeabi_memcpy
20008d71   __aeabi_memcpy4
20008d71   __aeabi_memcpy8
20008d71   memcpy
20008e0d   _SlFindAndSetActiveObj
20008ea5   PRCMPeripheralClockGet
20008f39   _SlDrvClassifyRxMsg
20008fcd   _SlDrvMsgReadSpawnCtx
20009061   __TI_auto_init
200090f5   _SlDrvDriverCBInit
20009185   PinConfigSet
2000920d   _SlDrvCmdOp
20009295   vsnprintf
2000931d   sl_NetAppMDNSRegisterUnregisterService
200093a5   __aeabi_cdcmpeq
200093a5   __aeabi_cdcmple
2000942b   __aeabi_cdrcmple
200094b1   _sl_HandleAsync_DnsGetHostByName
20009535   NwpPowerOnPreamble
200095b5   SPIIntStatus
20009631   sl_DevGet
20009725   _sl_HandleAsync_InitComplete
2000979d   _sl_HandleAsync_PingResponse
20009815   __aeabi_memclr
20009815   __aeabi_memclr4
20009815   __aeabi_memclr8
20009817   __aeabi_memset
20009817   __aeabi_memset4
20009817   __aeabi_memset8
2000981d   memset
2000988d   UARTConfigSetExpClk
20009905   spi_Close
20009979   TimerIntRegister
200099e9   _sl_TruncatePayloadByProtocol
20009a59   _sl_HandleAsync_Connect
20009ac5   TimerIntUnregister
20009b2d   _sl_HandleAsync_Accept
20009b95   _sl_HandleAsync_DnsGetHostByService
20009bfd   uDMAChannelAttributeDisable
20009c61   uDMAChannelAttributeEnable
20009cc5   _SlDrvDriverCBDeinit
20009d85   _sl_HandleAsync_Select
20009de1   sl_Bind
20009e3d   ltoa
20009e99   IntPendClear
20009ef1   PRCMPeripheralReset
20009f49   _sl_HandleAsync_Stop
20009fa1   IntPrioritySet
20009ff5   sl_NetAppSendTokenValue
2000a049   SPIIntDisable
2000a095   SPIIntEnable
2000a12d   atoi
2000a179   sl_SetSockOpt
2000a1c5   uDMAChannelAssign
2000a211   uDMAChannelModeGet
2000a25d   _sl_GetStartResponseConvert
2000a2a9   SPIIntClear
2000a2f1   __aeabi_d2iz
2000a339   sl_WlanSet
2000a3c5   TimerConfigure
2000a409   PinMuxConfig
2000a44d   copy_in
2000a491   C$$EXIT
2000a495   abort
2000a49d   exit
2000a4d5   _Dtest
2000a519   sl_NetCfgSet
2000a55d   PinModeSet
2000a59d   _SlDrvRxIrqHandler
2000a5dd   _SlNonOsMainLoopTask
2000a61d   _SlRemoveFromList
2000a65d   sl_WlanPolicySet
2000a69d   sl_WlanRxFilterSet
2000a6dd   NwpPowerOff
2000a719   PRCMPeripheralClkEnable
2000a755   _SlDrvObjInit
2000a791   uDMAChannelControlSet
2000a7cd   NwpRegisterInterruptHandler
2000a805   sl_Htonl
2000a83d   PRCMPeripheralStatusGet
2000a871   SPIFIFOLevelSet
2000a8a5   _SlDrvBasicCmd
2000a8d9   _c_int00
2000a90d   sl_Htons
2000a941   NwpPowerOn
2000a971   UARTDisable
2000a9a1   _SlDrvFlowContDeinit
2000a9d1   _SlDrvFlowContInit
2000aa01   _SlNonOsSemGet
2000aa31   sl_Socket
2000aa61   __aeabi_i2d
2000aa91   PRCMSysResetCauseGet
2000aabd   TimerLoadSet
2000aae7   TimerPrescaleSet
2000ab11   PRCMPeripheralClkDisable
2000ab39   _sl_BuildAddress
2000ab61   sl_WlanSetMode
2000ab89   DmaSpiSwIntHandler
2000abad   IntUnregister
2000abd1   UARTEnable
2000abf5   memmove
2000ac19   sl_Close
2000ac3d   sl_WlanProfileDel
2000ac61   SPIReset
2000ac83   SPIWordCountSet
2000aca5   IntRegister
2000acc5   _SlDrvCmdSend
2000ace5   _SlNonOsSpawn
2000ad05   SPIDataPut
2000ad23   SPIIntRegister
2000ad41   TimerDisable
2000ad5f   TimerEnable
2000ad7d   TimerIntStatus
2000ad9b   UARTCharPut
2000adb9   TimerValueGet
2000add5   _SlDrvObjDeInit
2000adf1   memccpy
2000ae0d   uDMAChannelDisable
2000ae29   uDMAChannelEnable
2000ae45   uDMAChannelRequest
2000ae61   CopyPingResultsToReport
2000ae7b   PinTypeSPI
2000ae95   PinTypeUART
2000aeaf   SPIDmaDisable
2000aec9   SPIDmaEnable
2000aee3   SPIFIFODisable
2000aefd   SPIFIFOEnable
2000af17   SPIIntUnregister
2000af31   _SlDrvDeviceEventHandler
2000af4b   SPICSDisable
2000af63   SPICSEnable
2000af7b   SPIDisable
2000af93   SPIEnable
2000afab   TimerIntDisable
2000afc3   TimerIntEnable
2000afdd   _args_main
2000aff5   __aeabi_lmul
2000b00d   PRCMHIBRegRead
2000b023   PRCMHIBRegWrite
2000b039   UARTCharGet
2000b04f   uDMAIntRegister
2000b065   CPUcpsie
2000b079   IntVTableBaseSet
2000b08d   _SlDrvShiftDWord
2000b0a1   _register_unlock
2000b0a7   _register_lock
2000b0af   _nop
2000b0b5   strlen
2000b0c9   uDMAControlBaseSet
2000b0dd   uDMAIntClear
2000b0f1   TimerIntClear
2000b103   __TI_zero_init
2000b115   sl_NetAppMDNSUnRegisterService
2000b127   uDMAIntUnregister
2000b139   NwpMaskInterrupt
2000b149   __TI_decompress_none
2000b157   _Dclass
2000b165   ResetISR
2000b175   NwpUnMaskInterrupt
2000b181   uDMADisable
2000b18d   uDMAEnable
2000b199   uDMAIntStatus
2000b1a5   IntMasterEnable
2000b1af   _SlNonOsSemSet
2000b1b7   sl_WlanDisconnect
2000b1bf   UtilsDelay
2000b1c5   __TI_decompress_rle24
2000b1cc   _ctypes_
2000b3d4   _SlPolicySetCmdCtrl
2000b3d8   _SlPolicyGetCmdCtrl
2000b3dc   _SlProfileGetCmdCtrl
2000b3e0   _SlProfileDelCmdCtrl
2000b3e4   _SlWlanGetNetworkListCtrl
2000b3e8   _SlRxFilterAddtCmdCtrl
2000b3ec   _SlRxFilterSetCmdCtrl
2000b3f0   _SlRxFilterGetCmdCtrl
2000b3f4   _SlSmartConfigStartCmdCtrl
2000b3f8   _SlWlanSetModeCmdCtrl
2000b3fc   _SlWlanCfgSetCmdCtrl
2000b400   _SlWlanCfgGetCmdCtrl
2000b6bc   g_H2NSyncPattern
2000b6c4   g_H2NCnysPattern
2000b6cc   _SlActionLookupTable
2000b710   _SlSockSocketCmdCtrl
2000b714   _SlSockCloseCmdCtrl
2000b718   _SlRecvfomCmdCtrl
2000b71c   _SlSendCmdCtrl
2000b720   _SlListenCmdCtrl
2000b724   _SlAcceptCmdCtrl
2000b728   _SlRecvCmdCtrl
2000b72c   _SlSetSockOptCmdCtrl
2000b730   _SlGetSockOptCmdCtrl
2000b734   _SlSelectCmdCtrl
2000b768   _SlNetAppStartCtrl
2000b76c   _SlNetAppStopCtrl
2000b770   _SlGetServiceListeCtrl
2000b774   _SlRegisterServiceCtrl
2000b778   _SlGetHostByServiceCtrl
2000b77c   _SlGetHostByNameCtrl
2000b780   _SlNetAppSetCmdCtrl
2000b784   _SlNetAppSendTokenValueCmdCtrl
2000b788   _SlNetAppGetCmdCtrl
2000b824   _SlStopCmdCtrl
2000b828   _SlEventMaskSetCmdCtrl
2000b82c   _SlEventMaskGetCmdCtrl
2000b830   _SlDeviceGetCmdCtrl
2000b834   _SlDeviceSetCmdCtrl
2000b838   _SlNetCfgSetCmdCtrl
2000b83c   _SlNetCfgGetCmdCtrl
2000b840   __TI_static_base__
2000b88c   __TI_Handler_Table_Base
2000b898   __TI_Handler_Table_Limit
2000b8a0   __TI_CINIT_Base
2000b8b0   __TI_CINIT_Limit
20017000   myStrC
2001757c   gfpAppCallbackHndl
2001767c   myStrX
200176e0   myStrY
20017744   g__SlNonOsCB
2001776c   g_ucConnectionSSID
20017790   cmd_buffer
2001779c   g_ucConnectionBSSID
200177a4   Reset_SYNC
200177ac   rx_udp_server
200177b0   udploop
200177b4   ulMode
200177b8   ulRecvData
200177ba   g_cDummy
200177bb   iDone
20017800   gpCtlTbl
20017c00   myStrA
20017ec0   myStrB
20018180   _sys_memory
20018980   pPingCallBackFunc
20018984   gFirstCmdMode
20018988   g_pCB
2001898c   g_StatMem
20018af0   g_SpiFd
20018af4   g_pHostIntHdl
20018af8   g_ucDMAEnabled
20018afc   g_ucDinDout
20018b4c   g_ulStatus
20018b50   g_ulGatewayIP
20018b54   g_ulDestinationIp
20018b58   g_uiPortNum
20018b5c   g_ulPacketCount
20018b60   g_ucSimplelinkstarted
20018b64   g_ulIpAddr
20018b68   udp_str
20018b74   num
20018b78   timerValue
20018b7c   tempCnt
20018b80   c_full
20018b84   index
20018b88   flag
20018b8c   chk_bufa_flag
20018b90   check_cmd
20018b94   get_sync_cmd_resp
20018b98   cmd_sent
20018b9c   flow_ctrl
20018ba0   recv_ping_packet
20018ba4   recv_pong_packet
20018ba8   cmd_index
20018bac   check_frame_start
20018bbc   _lock
20018bc0   _unlock
20018bc4   __TI_cleanup_ptr
20018bc8   __TI_dtors_ptr
20018bcc   main_func_sp
2002f800   __stack
20030000   __STACK_END
ffffffff   __binit__
ffffffff   __c_args__
ffffffff   binit
UNDEFED    SHT$$INIT_ARRAY$$Base
UNDEFED    SHT$$INIT_ARRAY$$Limit

[352 symbols]
