******************************************************************************
                  TI ARM Linker PC v5.1.6                      
******************************************************************************
>> Linked Wed Apr 08 20:15:54 2015

OUTPUT FILE NAME:   <test udp_socket.out>
ENTRY POINT SYMBOL: "_c_int00"  address: 20009bc5


MEMORY CONFIGURATION

         name            origin    length      used     unused   attr    fill
----------------------  --------  ---------  --------  --------  ----  --------
  SRAM_CODE             20004000   00013000  00006a62  0000c59e  RW X
  SRAM_DATA             20017000   00019000  00001cfa  00017306  RW X


SEGMENT ALLOCATION MAP

run origin  load origin   length   init length attrs members
----------  ----------- ---------- ----------- ----- -------
20004000    20004000    00006a68   00006a68    r-x
  20004000    20004000    00000400   00000400    r-- .intvecs
  20004400    20004400    00005f66   00005f66    r-x .text
  2000a368    2000a368    0000068c   0000068c    r-- .const
  2000a9f8    2000a9f8    00000070   00000070    r-- .cinit
20017000    20017000    00001500   00000000    rw-
  20017000    20017000    00000ada   00000000    rw- .bss
  20017ae0    20017ae0    00000800   00000000    rw- .sysmem
  200182e0    200182e0    00000220   00000000    rw- .data
2002f800    2002f800    00000800   00000000    rw-
  2002f800    2002f800    00000800   00000000    rw- .stack


SECTION ALLOCATION MAP

 output                                  attributes/
section   page    origin      length       input sections
--------  ----  ----------  ----------   ----------------
.init_array 
*          0    20004000    00000000     UNINITIALIZED

.intvecs   0    20004000    00000400     
                  20004000    00000400     startup_ccs.obj (.intvecs)

.text      0    20004400    00005f66     
                  20004400    00000ec0     rtsv7M4_T_le_eabi.lib : _printfi.obj (.text)
                  200052c0    00000978     main.obj (.text)
                  20005c38    000003cc     rtsv7M4_T_le_eabi.lib : memory.obj (.text)
                  20006004    000003b4     simplelink.a : driver.obj (.text:_SlDrvMsgRead)
                  200063b8    0000034c                  : driver.obj (.text:_SlAsyncEventGenericHandler)
                  20006704    0000026c     uart_if.obj (.text)
                  20006970    00000200     udma_if.obj (.text)
                  20006b70    000001f4     rtsv7M4_T_le_eabi.lib : ull_div_t2.obj (.text)
                  20006d64    000001b6                           : fd_add_t2.obj (.text)
                  20006f1a    00000002     driverlib.a : interrupt.obj (.text:IntDefaultHandler)
                  20006f1c    0000019c     simplelink.a : wlan.obj (.text:sl_WlanConnect)
                  200070b8    00000180     spi.obj (.text)
                  20007238    00000140     simplelink.a : driver.obj (.text:_SlDrvRxHdrRead)
                  20007378    00000136     rtsv7M4_T_le_eabi.lib : fd_div_t2.obj (.text)
                  200074ae    00000002     --HOLE-- [fill = 0]
                  200074b0    00000134     driverlib.a : prcm.obj (.text:PRCMCC3200MCUInit)
                  200075e4    00000128     simplelink.a : cc_pal.obj (.text:spi_Open)
                  2000770c    00000118                  : driver.obj (.text:_SlDrvWaitForPoolObj)
                  20007824    00000114                  : driver.obj (.text:_SlDrvMsgWrite)
                  20007938    0000010c                  : driver.obj (.text:_SlDrvReleasePoolObj)
                  20007a44    000000fc     rtsv7M4_T_le_eabi.lib : fd_mul_t2.obj (.text)
                  20007b40    000000f0     driverlib.a : udma.obj (.text:uDMAChannelTransferSet)
                  20007c30    000000ec     simplelink.a : cc_pal.obj (.text:spi_Write)
                  20007d1c    000000cc                  : device.obj (.text:sl_Stop)
                  20007de8    000000cc                  : cc_pal.obj (.text:spi_Read)
                  20007eb4    000000c8                  : device.obj (.text:sl_Start)
                  20007f7c    000000bc                  : driver.obj (.text:_SlDrvMsgReadCmdCtx)
                  20008038    000000b2                  : netapp.obj (.text:_SlDrvNetAppEventHandler)
                  200080ea    00000002     --HOLE-- [fill = 0]
                  200080ec    000000a8     driverlib.a : interrupt.obj (.text:IntDisable)
                  20008194    000000a8                 : interrupt.obj (.text:IntEnable)
                  2000823c    000000a0                 : spi.obj (.text:SPIConfigSetExpClk)
                  200082dc    0000009c     rtsv7M4_T_le_eabi.lib : memcpy_t2.obj (.text)
                  20008378    00000098     simplelink.a : driver.obj (.text:_SlFindAndSetActiveObj)
                  20008410    00000094     driverlib.a : prcm.obj (.text:PRCMPeripheralClockGet)
                  200084a4    00000094     simplelink.a : driver.obj (.text:_SlDrvClassifyRxMsg)
                  20008538    00000094                  : driver.obj (.text:_SlDrvMsgReadSpawnCtx)
                  200085cc    00000094     rtsv7M4_T_le_eabi.lib : auto_init.obj (.text)
                  20008660    00000090     simplelink.a : driver.obj (.text:_SlDrvDriverCBInit)
                  200086f0    00000088     driverlib.a : pin.obj (.text:PinConfigSet)
                  20008778    00000088     simplelink.a : driver.obj (.text:_SlDrvCmdOp)
                  20008800    00000088     rtsv7M4_T_le_eabi.lib : vsnprintf.obj (.text)
                  20008888    00000088     simplelink.a : netapp.obj (.text:sl_NetAppMDNSRegisterUnregisterService)
                  20008910    00000086     rtsv7M4_T_le_eabi.lib : fd_cmp_t2.obj (.text:__aeabi_cdcmple)
                  20008996    00000086                           : fd_cmp_t2.obj (.text:__aeabi_cdrcmple)
                  20008a1c    00000084     simplelink.a : netapp.obj (.text:_sl_HandleAsync_DnsGetHostByName)
                  20008aa0    00000080                  : cc_pal.obj (.text:NwpPowerOnPreamble)
                  20008b20    0000007c     driverlib.a : spi.obj (.text:SPIIntStatus)
                  20008b9c    0000007c     simplelink.a : device.obj (.text:sl_DevGet)
                  20008c18    00000078                  : cc_pal.obj (.text:SetupDMAReceive)
                  20008c90    00000078                  : device.obj (.text:_sl_HandleAsync_InitComplete)
                  20008d08    00000078                  : netapp.obj (.text:_sl_HandleAsync_PingResponse)
                  20008d80    00000078     rtsv7M4_T_le_eabi.lib : memset_t2.obj (.text)
                  20008df8    00000076     driverlib.a : uart.obj (.text:UARTConfigSetExpClk)
                  20008e6e    00000002     --HOLE-- [fill = 0]
                  20008e70    00000074     simplelink.a : cc_pal.obj (.text:spi_Close)
                  20008ee4    0000006c                  : socket.obj (.text:_sl_HandleAsync_Connect)
                  20008f50    00000068                  : socket.obj (.text:_sl_HandleAsync_Accept)
                  20008fb8    00000068                  : netapp.obj (.text:_sl_HandleAsync_DnsGetHostByService)
                  20009020    00000064     driverlib.a : udma.obj (.text:uDMAChannelAttributeDisable)
                  20009084    00000064                 : udma.obj (.text:uDMAChannelAttributeEnable)
                  200090e8    00000060     simplelink.a : driver.obj (.text:_SlDrvDriverCBDeinit)
                  20009148    0000005e     rtsv7M4_T_le_eabi.lib : copy_decompress_rle.obj (.text)
                  200091a6    00000002     --HOLE-- [fill = 0]
                  200091a8    0000005c     simplelink.a : socket.obj (.text:_sl_HandleAsync_Select)
                  20009204    0000005a     rtsv7M4_T_le_eabi.lib : ltoa.obj (.text)
                  2000925e    00000002     --HOLE-- [fill = 0]
                  20009260    00000058     driverlib.a : interrupt.obj (.text:IntPendClear)
                  200092b8    00000058                 : prcm.obj (.text:PRCMPeripheralReset)
                  20009310    00000058     simplelink.a : device.obj (.text:_sl_HandleAsync_Stop)
                  20009368    00000054     driverlib.a : interrupt.obj (.text:IntPrioritySet)
                  200093bc    00000054     simplelink.a : netapp.obj (.text:sl_NetAppSendTokenValue)
                  20009410    0000004c     driverlib.a : spi.obj (.text:SPIIntEnable)
                  2000945c    0000004c                 : spi.obj (.text:SPIIntNumberGet)
                  200094a8    0000004c     rtsv7M4_T_le_eabi.lib : atoi.obj (.text)
                  200094f4    0000004c     driverlib.a : udma.obj (.text:uDMAChannelAssign)
                  20009540    0000004c                 : udma.obj (.text:uDMAChannelModeGet)
                  2000958c    0000004a     simplelink.a : device.obj (.text:_sl_GetStartResponseConvert)
                  200095d6    00000002     --HOLE-- [fill = 0]
                  200095d8    00000048     driverlib.a : spi.obj (.text:SPIIntClear)
                  20009620    00000048     rtsv7M4_T_le_eabi.lib : fd_toi_t2.obj (.text)
                  20009668    00000048     simplelink.a : wlan.obj (.text:sl_WlanSet)
                  200096b0    00000044     driverlib.a : spi.obj (.text:SPIDmaMaskGet)
                  200096f4    00000044     pinmux.obj (.text)
                  20009738    00000044     rtsv7M4_T_le_eabi.lib : cpy_tbl.obj (.text)
                  2000977c    00000044                           : exit.obj (.text)
                  200097c0    00000044                           : xdtest.obj (.text)
                  20009804    00000044     simplelink.a : netcfg.obj (.text:sl_NetCfgSet)
                  20009848    00000040     driverlib.a : pin.obj (.text:PinModeSet)
                  20009888    00000040     simplelink.a : driver.obj (.text:_SlDrvRxIrqHandler)
                  200098c8    00000040                  : nonos.obj (.text:_SlNonOsMainLoopTask)
                  20009908    00000040                  : driver.obj (.text:_SlRemoveFromList)
                  20009948    00000040                  : wlan.obj (.text:sl_WlanPolicySet)
                  20009988    00000040                  : wlan.obj (.text:sl_WlanRxFilterSet)
                  200099c8    0000003c                  : cc_pal.obj (.text:NwpPowerOff)
                  20009a04    0000003c     driverlib.a : prcm.obj (.text:PRCMPeripheralClkEnable)
                  20009a40    0000003c     simplelink.a : driver.obj (.text:_SlDrvObjInit)
                  20009a7c    0000003c     driverlib.a : udma.obj (.text:uDMAChannelControlSet)
                  20009ab8    00000038     simplelink.a : cc_pal.obj (.text:NwpRegisterInterruptHandler)
                  20009af0    00000038                  : socket.obj (.text:sl_Htonl)
                  20009b28    00000034     driverlib.a : prcm.obj (.text:PRCMPeripheralStatusGet)
                  20009b5c    00000034                 : spi.obj (.text:SPIFIFOLevelSet)
                  20009b90    00000034     simplelink.a : driver.obj (.text:_SlDrvBasicCmd)
                  20009bc4    00000034     rtsv7M4_T_le_eabi.lib : boot.obj (.text)
                  20009bf8    00000034     simplelink.a : socket.obj (.text:sl_Htons)
                  20009c2c    00000030                  : cc_pal.obj (.text:NwpPowerOn)
                  20009c5c    00000030     driverlib.a : uart.obj (.text:UARTDisable)
                  20009c8c    00000030     simplelink.a : flowcont.obj (.text:_SlDrvFlowContDeinit)
                  20009cbc    00000030                  : flowcont.obj (.text:_SlDrvFlowContInit)
                  20009cec    00000030                  : nonos.obj (.text:_SlNonOsSemGet)
                  20009d1c    00000030                  : socket.obj (.text:sl_Socket)
                  20009d4c    0000002e     rtsv7M4_T_le_eabi.lib : i_tofd_t2.obj (.text)
                  20009d7a    00000002     --HOLE-- [fill = 0]
                  20009d7c    0000002c     driverlib.a : prcm.obj (.text:PRCMSysResetCauseGet)
                  20009da8    00000028                 : prcm.obj (.text:PRCMPeripheralClkDisable)
                  20009dd0    00000028     simplelink.a : wlan.obj (.text:sl_WlanSetMode)
                  20009df8    00000024                  : cc_pal.obj (.text:DmaSpiSwIntHandler)
                  20009e1c    00000024     driverlib.a : interrupt.obj (.text:IntUnregister)
                  20009e40    00000024                 : uart.obj (.text:UARTEnable)
                  20009e64    00000024     rtsv7M4_T_le_eabi.lib : memmov.obj (.text)
                  20009e88    00000024     simplelink.a : socket.obj (.text:sl_Close)
                  20009eac    00000024                  : wlan.obj (.text:sl_WlanProfileDel)
                  20009ed0    00000022     driverlib.a : spi.obj (.text:SPIReset)
                  20009ef2    00000022                 : spi.obj (.text:SPIWordCountSet)
                  20009f14    00000020                 : interrupt.obj (.text:IntRegister)
                  20009f34    00000020     simplelink.a : driver.obj (.text:_SlDrvCmdSend)
                  20009f54    00000020                  : nonos.obj (.text:_SlNonOsSpawn)
                  20009f74    0000001e     driverlib.a : spi.obj (.text:SPIIntRegister)
                  20009f92    0000001e                 : uart.obj (.text:UARTCharPut)
                  20009fb0    0000001c     simplelink.a : driver.obj (.text:_SlDrvObjDeInit)
                  20009fcc    0000001c     rtsv7M4_T_le_eabi.lib : memccpy.obj (.text)
                  20009fe8    0000001c     driverlib.a : udma.obj (.text:uDMAChannelDisable)
                  2000a004    0000001c                 : udma.obj (.text:uDMAChannelEnable)
                  2000a020    0000001c                 : udma.obj (.text:uDMAChannelRequest)
                  2000a03c    0000001a     simplelink.a : netapp.obj (.text:CopyPingResultsToReport)
                  2000a056    0000001a     driverlib.a : pin.obj (.text:PinTypeSPI)
                  2000a070    0000001a                 : pin.obj (.text:PinTypeUART)
                  2000a08a    0000001a                 : spi.obj (.text:SPIDmaDisable)
                  2000a0a4    0000001a                 : spi.obj (.text:SPIDmaEnable)
                  2000a0be    0000001a                 : spi.obj (.text:SPIFIFODisable)
                  2000a0d8    0000001a                 : spi.obj (.text:SPIFIFOEnable)
                  2000a0f2    0000001a                 : spi.obj (.text:SPIIntUnregister)
                  2000a10c    0000001a     simplelink.a : device.obj (.text:_SlDrvDeviceEventHandler)
                  2000a126    00000018     driverlib.a : spi.obj (.text:SPICSDisable)
                  2000a13e    00000018                 : spi.obj (.text:SPICSEnable)
                  2000a156    00000018                 : spi.obj (.text:SPIDisable)
                  2000a16e    00000018                 : spi.obj (.text:SPIEnable)
                  2000a186    00000002     --HOLE-- [fill = 0]
                  2000a188    00000018     rtsv7M4_T_le_eabi.lib : args_main.obj (.text)
                  2000a1a0    00000018                           : ll_mul_t2.obj (.text)
                  2000a1b8    00000016     driverlib.a : prcm.obj (.text:PRCMHIBRegRead)
                  2000a1ce    00000016                 : prcm.obj (.text:PRCMHIBRegWrite)
                  2000a1e4    00000016                 : uart.obj (.text:UARTCharGet)
                  2000a1fa    00000016                 : udma.obj (.text:uDMAIntRegister)
                  2000a210    00000014                 : cpu.obj (.text:CPUcpsie)
                  2000a224    00000014                 : interrupt.obj (.text:IntVTableBaseSet)
                  2000a238    00000014     simplelink.a : driver.obj (.text:_SlDrvShiftDWord)
                  2000a24c    00000014     rtsv7M4_T_le_eabi.lib : _lock.obj (.text)
                  2000a260    00000014                           : strlen.obj (.text)
                  2000a274    00000014     driverlib.a : udma.obj (.text:uDMAControlBaseSet)
                  2000a288    00000014                 : udma.obj (.text:uDMAIntClear)
                  2000a29c    00000012     rtsv7M4_T_le_eabi.lib : copy_zero_init.obj (.text:decompress:ZI)
                  2000a2ae    00000012     simplelink.a : netapp.obj (.text:sl_NetAppMDNSUnRegisterService)
                  2000a2c0    00000012     driverlib.a : udma.obj (.text:uDMAIntUnregister)
                  2000a2d2    00000002     --HOLE-- [fill = 0]
                  2000a2d4    00000010     simplelink.a : cc_pal.obj (.text:NwpMaskInterrupt)
                  2000a2e4    0000000e     rtsv7M4_T_le_eabi.lib : copy_decompress_none.obj (.text:decompress:none)
                  2000a2f2    0000000e                           : xdclass.obj (.text)
                  2000a300    0000000e     startup_ccs.obj (.text)
                  2000a30e    00000002     --HOLE-- [fill = 0]
                  2000a310    0000000c     simplelink.a : cc_pal.obj (.text:NwpUnMaskInterrupt)
                  2000a31c    0000000c     driverlib.a : udma.obj (.text:uDMADisable)
                  2000a328    0000000c                 : udma.obj (.text:uDMAEnable)
                  2000a334    0000000c                 : udma.obj (.text:uDMAIntStatus)
                  2000a340    0000000a                 : interrupt.obj (.text:IntMasterEnable)
                  2000a34a    00000008     simplelink.a : nonos.obj (.text:_SlNonOsSemSet)
                  2000a352    00000008                  : wlan.obj (.text:sl_WlanDisconnect)
                  2000a35a    00000006     driverlib.a : utils.obj (.text:UtilsDelay)
                  2000a360    00000006     rtsv7M4_T_le_eabi.lib : copy_decompress_rle.obj (.text:decompress:rle24)

.const     0    2000a368    0000068c     
                  2000a368    00000102     rtsv7M4_T_le_eabi.lib : ctype.obj (.const:.string:_ctypes_)
                  2000a46a    00000002     --HOLE-- [fill = 0]
                  2000a46c    00000100     driverlib.a : pin.obj (.const:g_ulPinToPadMap)
                  2000a56c    000000ec     simplelink.a : wlan.obj (.const)
                  2000a658    000000d4     driverlib.a : interrupt.obj (.const:g_pulRegs)
                  2000a72c    000000a8                 : prcm.obj (.const:PRCM_PeriphRegsList)
                  2000a7d4    00000080                 : interrupt.obj (.const)
                  2000a854    0000004c     simplelink.a : driver.obj (.const)
                  2000a8a0    00000034                  : socket.obj (.const)
                  2000a8d4    0000002f     main.obj (.const:.string)
                  2000a903    00000001     --HOLE-- [fill = 0]
                  2000a904    0000002c     main.obj (.const:$P$T1$2)
                  2000a930    00000028     simplelink.a : netapp.obj (.const)
                  2000a958    00000024     driverlib.a : spi.obj (.const:g_ppulSPIIntMap)
                  2000a97c    00000022     main.obj (.const:.string:$P$T0$1)
                  2000a99e    00000002     --HOLE-- [fill = 0]
                  2000a9a0    00000020     main.obj (.const)
                  2000a9c0    00000018     driverlib.a : spi.obj (.const)
                  2000a9d8    00000014     simplelink.a : device.obj (.const)
                  2000a9ec    00000008                  : netcfg.obj (.const)

.cinit     0    2000a9f8    00000070     
                  2000a9f8    00000045     (.cinit..data.load) [load image, compression = rle]
                  2000aa3d    00000003     --HOLE-- [fill = 0]
                  2000aa40    0000000c     (__TI_handler_table)
                  2000aa4c    00000004     --HOLE-- [fill = 0]
                  2000aa50    00000008     (.cinit..bss.load) [load image, compression = zero_init]
                  2000aa58    00000010     (__TI_cinit_table)

.bss       0    20017000    00000ada     UNINITIALIZED
                  20017000    00000400     udma_if.obj (.bss:gpCtlTbl)
                  20017400    000002bc     spi.obj (.bss:myStrA)
                  200176bc    000002bc     spi.obj (.bss:myStrB)
                  20017978    00000100     udma_if.obj (.bss:gfpAppCallbackHndl)
                  20017a78    00000028     simplelink.a : nonos.obj (.bss:g__SlNonOsCB)
                  20017aa0    00000024     main.obj (.bss:g_ucConnectionSSID)
                  20017ac4    00000008     (.common:g_ucConnectionBSSID)
                  20017acc    00000004     (.common:__Errorlog)
                  20017ad0    00000004     (.common:ulMode)
                  20017ad4    00000004     (.common:ulStatus)
                  20017ad8    00000001     (.common:g_cDummy)
                  20017ad9    00000001     (.common:iDone)

.sysmem    0    20017ae0    00000800     UNINITIALIZED
                  20017ae0    00000008     rtsv7M4_T_le_eabi.lib : memory.obj (.sysmem)
                  20017ae8    000007f8     --HOLE--

.data      0    200182e0    00000220     UNINITIALIZED
                  200182e0    00000170     simplelink.a : driver.obj (.data)
                  20018450    0000005c                  : cc_pal.obj (.data)
                  200184ac    0000002c     main.obj (.data)
                  200184d8    0000000c     rtsv7M4_T_le_eabi.lib : memory.obj (.data)
                  200184e4    00000008                           : _lock.obj (.data)
                  200184ec    00000008                           : exit.obj (.data)
                  200184f4    00000008     spi.obj (.data)
                  200184fc    00000004     rtsv7M4_T_le_eabi.lib : stkdepth_vars.obj (.data)

.stack     0    2002f800    00000800     UNINITIALIZED
                  2002f800    00000800     --HOLE--


LINKER GENERATED COPY TABLES

__TI_cinit_table @ 2000aa58 records: 2, size/record: 8, table size: 16
	.data: load addr=2000a9f8, load size=00000045 bytes, run addr=200182e0, run size=00000220 bytes, compression=rle
	.bss: load addr=2000aa50, load size=00000008 bytes, run addr=20017000, run size=00000ada bytes, compression=zero_init


LINKER GENERATED HANDLER TABLE

__TI_handler_table @ 2000aa40 records: 3, size/record: 4, table size: 12
	index: 0, handler: __TI_decompress_rle24
	index: 1, handler: __TI_decompress_none
	index: 2, handler: __TI_zero_init


GLOBAL SYMBOLS: SORTED ALPHABETICALLY BY Name 

address    name
--------   ----
20005a19   BsdUdpClient
2000977d   C$$EXIT
2000a211   CPUcpsie
20006745   ClearTerm
2000a03d   CopyPingResultsToReport
20006b17   DMASetupTransfer
20006987   DmaErrorIntHandler
20009df9   DmaSpiSwIntHandler
20006971   DmaSwIntHandler
2000674f   Error
20006787   GetCmd
20006705   InitTerm
200080ed   IntDisable
20008195   IntEnable
2000a341   IntMasterEnable
20009261   IntPendClear
20009369   IntPrioritySet
20009f15   IntRegister
20009e1d   IntUnregister
2000a225   IntVTableBaseSet
20006723   Message
2000a2d5   NwpMaskInterrupt
200099c9   NwpPowerOff
20009c2d   NwpPowerOn
20008aa1   NwpPowerOnPreamble
20009ab9   NwpRegisterInterruptHandler
2000a311   NwpUnMaskInterrupt
200074b1   PRCMCC3200MCUInit
2000a1b9   PRCMHIBRegRead
2000a1cf   PRCMHIBRegWrite
20009da9   PRCMPeripheralClkDisable
20009a05   PRCMPeripheralClkEnable
20008411   PRCMPeripheralClockGet
200092b9   PRCMPeripheralReset
20009b29   PRCMPeripheralStatusGet
20009d7d   PRCMSysResetCauseGet
200086f1   PinConfigSet
20009849   PinModeSet
200096f5   PinMuxConfig
2000a057   PinTypeSPI
2000a071   PinTypeUART
200068b1   Report
2000a301   ResetISR
UNDEFED    SHT$$INIT_ARRAY$$Base
UNDEFED    SHT$$INIT_ARRAY$$Limit
2000a127   SPICSDisable
2000a13f   SPICSEnable
2000823d   SPIConfigSetExpClk
2000a157   SPIDisable
2000a08b   SPIDmaDisable
2000a0a5   SPIDmaEnable
2000a16f   SPIEnable
2000a0bf   SPIFIFODisable
2000a0d9   SPIFIFOEnable
20009b5d   SPIFIFOLevelSet
200095d9   SPIIntClear
20009411   SPIIntEnable
20009f75   SPIIntRegister
20008b21   SPIIntStatus
2000a0f3   SPIIntUnregister
20009ed1   SPIReset
20009ef3   SPIWordCountSet
20006a19   SetupTransfer
20005491   SimpleLinkGeneralEventHandler
200054e5   SimpleLinkHttpServerCallback
200053d1   SimpleLinkNetAppEventHandler
200054f1   SimpleLinkSockEventHandler
200052c1   SimpleLinkWlanEventHandler
2000715d   SlaveMain
20006819   TrimSpace
2000a1e5   UARTCharGet
20009f93   UARTCharPut
20008df9   UARTConfigSetExpClk
20009c5d   UARTDisable
20009e41   UARTEnable
200069eb   UDMAChannelSelect
20006b03   UDMADeInit
20006993   UDMAInit
20006a5d   UDMASetupAutoMemTransfer
20006a91   UDMASetupPingPongTransfer
20006aeb   UDMAStartTransfer
20006af7   UDMAStopTransfer
2000a35b   UtilsDelay
2000a2f3   _Dclass
200097c1   _Dtest
2000a8c0   _SlAcceptCmdCtrl
2000a868   _SlActionLookupTable
200063b9   _SlAsyncEventGenericHandler
2000a9e4   _SlDeviceGetCmdCtrl
2000a9e8   _SlDeviceSetCmdCtrl
20009b91   _SlDrvBasicCmd
200084a5   _SlDrvClassifyRxMsg
20008779   _SlDrvCmdOp
20009f35   _SlDrvCmdSend
2000a10d   _SlDrvDeviceEventHandler
200090e9   _SlDrvDriverCBDeinit
20008661   _SlDrvDriverCBInit
20009c8d   _SlDrvFlowContDeinit
20009cbd   _SlDrvFlowContInit
20006005   _SlDrvMsgRead
20007f7d   _SlDrvMsgReadCmdCtx
20008539   _SlDrvMsgReadSpawnCtx
20007825   _SlDrvMsgWrite
20008039   _SlDrvNetAppEventHandler
20009fb1   _SlDrvObjDeInit
20009a41   _SlDrvObjInit
20007939   _SlDrvReleasePoolObj
20007239   _SlDrvRxHdrRead
20009889   _SlDrvRxIrqHandler
2000a239   _SlDrvShiftDWord
2000770d   _SlDrvWaitForPoolObj
2000a9e0   _SlEventMaskGetCmdCtrl
2000a9dc   _SlEventMaskSetCmdCtrl
20008379   _SlFindAndSetActiveObj
2000a948   _SlGetHostByNameCtrl
2000a944   _SlGetHostByServiceCtrl
2000a93c   _SlGetServiceListeCtrl
2000a8cc   _SlGetSockOptCmdCtrl
2000a8bc   _SlListenCmdCtrl
2000a954   _SlNetAppGetCmdCtrl
2000a950   _SlNetAppSendTokenValueCmdCtrl
2000a94c   _SlNetAppSetCmdCtrl
2000a934   _SlNetAppStartCtrl
2000a938   _SlNetAppStopCtrl
2000a9f0   _SlNetCfgGetCmdCtrl
2000a9ec   _SlNetCfgSetCmdCtrl
200098c9   _SlNonOsMainLoopTask
20009ced   _SlNonOsSemGet
2000a34b   _SlNonOsSemSet
20009f55   _SlNonOsSpawn
2000a574   _SlPolicyGetCmdCtrl
2000a570   _SlPolicySetCmdCtrl
2000a57c   _SlProfileDelCmdCtrl
2000a578   _SlProfileGetCmdCtrl
2000a8c4   _SlRecvCmdCtrl
2000a8b4   _SlRecvfomCmdCtrl
2000a940   _SlRegisterServiceCtrl
20009909   _SlRemoveFromList
2000a584   _SlRxFilterAddtCmdCtrl
2000a58c   _SlRxFilterGetCmdCtrl
2000a588   _SlRxFilterSetCmdCtrl
2000a8d0   _SlSelectCmdCtrl
2000a8b8   _SlSendCmdCtrl
2000a8c8   _SlSetSockOptCmdCtrl
2000a590   _SlSmartConfigStartCmdCtrl
2000a8b0   _SlSockCloseCmdCtrl
2000a8ac   _SlSockSocketCmdCtrl
2000a9d8   _SlStopCmdCtrl
2000a59c   _SlWlanCfgGetCmdCtrl
2000a598   _SlWlanCfgSetCmdCtrl
2000a580   _SlWlanGetNetworkListCtrl
2000a594   _SlWlanSetModeCmdCtrl
20030000   __STACK_END
00000800   __STACK_SIZE
00000800   __SYSMEM_SIZE
2000aa58   __TI_CINIT_Base
2000aa68   __TI_CINIT_Limit
2000aa40   __TI_Handler_Table_Base
2000aa4c   __TI_Handler_Table_Limit
00000001   __TI_args_main
200085cd   __TI_auto_init
200184ec   __TI_cleanup_ptr
2000a2e5   __TI_decompress_none
2000a361   __TI_decompress_rle24
200184f0   __TI_dtors_ptr
20004fb7   __TI_printfi
2000a9f8   __TI_static_base__
2000a29d   __TI_zero_init
20008911   __aeabi_cdcmpeq
20008911   __aeabi_cdcmple
20008997   __aeabi_cdrcmple
20009621   __aeabi_d2iz
20006d6f   __aeabi_dadd
20007379   __aeabi_ddiv
20007a45   __aeabi_dmul
20006d65   __aeabi_dsub
20009d4d   __aeabi_i2d
2000a1a1   __aeabi_lmul
20008d81   __aeabi_memclr
20008d81   __aeabi_memclr4
20008d81   __aeabi_memclr8
200082dd   __aeabi_memcpy
200082dd   __aeabi_memcpy4
200082dd   __aeabi_memcpy8
20008d83   __aeabi_memset
20008d83   __aeabi_memset4
20008d83   __aeabi_memset8
20006b71   __aeabi_uldivmod
ffffffff   __binit__
ffffffff   __c_args__
2002f800   __stack
2000a189   _args_main
20009bc5   _c_int00
2000a368   _ctypes_
200184e4   _lock
2000a25b   _nop
2000a253   _register_lock
2000a24d   _register_unlock
2000958d   _sl_GetStartResponseConvert
20008f51   _sl_HandleAsync_Accept
20008ee5   _sl_HandleAsync_Connect
20008a1d   _sl_HandleAsync_DnsGetHostByName
20008fb9   _sl_HandleAsync_DnsGetHostByService
20008c91   _sl_HandleAsync_InitComplete
20008d09   _sl_HandleAsync_PingResponse
200091a9   _sl_HandleAsync_Select
20009311   _sl_HandleAsync_Stop
20017ae0   _sys_memory
200184e8   _unlock
20009781   abort
200094a9   atoi
ffffffff   binit
20005fcd   calloc
200184fa   checka
200184f8   checkb
20009739   copy_in
20009789   exit
20005d27   free
200182e4   gFirstCmdMode
2000a860   g_H2NCnysPattern
2000a858   g_H2NSyncPattern
20018450   g_SpiFd
200182ec   g_StatMem
20017a78   g__SlNonOsCB
20017ad8   g_cDummy
200182e8   g_pCB
20018454   g_pHostIntHdl
20004000   g_pfnVectors
20017ac4   g_ucConnectionBSSID
20017aa0   g_ucConnectionSSID
20018458   g_ucDMAEnabled
2001845c   g_ucDinDout
200184c0   g_ucSimplelinkstarted
200184b8   g_uiPortNum
200184b4   g_ulDestinationIp
200184b0   g_ulGatewayIP
200184c4   g_ulIpAddr
200184bc   g_ulPacketCount
200184ac   g_ulStatus
20017978   gfpAppCallbackHndl
20017000   gpCtlTbl
20017ad9   iDone
200184f4   index
20009205   ltoa
20005b91   main
200184fc   main_func_sp
20005cc5   malloc
20005eed   memalign
20009fcd   memccpy
200082dd   memcpy
20009e65   memmove
20008d89   memset
20005c39   minit
20017400   myStrA
200176bc   myStrB
200184d4   num
200182e0   pPingCallBackFunc
20005de7   realloc
20009e89   sl_Close
20008b9d   sl_DevGet
20009af1   sl_Htonl
20009bf9   sl_Htons
20008889   sl_NetAppMDNSRegisterUnregisterService
2000a2af   sl_NetAppMDNSUnRegisterService
200093bd   sl_NetAppSendTokenValue
20009805   sl_NetCfgSet
20009d1d   sl_Socket
20007eb5   sl_Start
20007d1d   sl_Stop
20006f1d   sl_WlanConnect
2000a353   sl_WlanDisconnect
20009949   sl_WlanPolicySet
20009ead   sl_WlanProfileDel
20009989   sl_WlanRxFilterSet
20009669   sl_WlanSet
20009dd1   sl_WlanSetMode
200071fb   spi
20008e71   spi_Close
200075e5   spi_Open
20007de9   spi_Read
20007c31   spi_Write
2000a261   strlen
200094f5   uDMAChannelAssign
20009021   uDMAChannelAttributeDisable
20009085   uDMAChannelAttributeEnable
20009a7d   uDMAChannelControlSet
20009fe9   uDMAChannelDisable
2000a005   uDMAChannelEnable
20009541   uDMAChannelModeGet
2000a021   uDMAChannelRequest
20007b41   uDMAChannelTransferSet
2000a275   uDMAControlBaseSet
2000a31d   uDMADisable
2000a329   uDMAEnable
2000a289   uDMAIntClear
2000a1fb   uDMAIntRegister
2000a335   uDMAIntStatus
2000a2c1   uDMAIntUnregister
200184c8   udp_str
20017ad0   ulMode
20017ad4   ulStatus
20008801   vsnprintf


GLOBAL SYMBOLS: SORTED BY Symbol Address 

address    name
--------   ----
00000001   __TI_args_main
00000800   __STACK_SIZE
00000800   __SYSMEM_SIZE
20004000   g_pfnVectors
20004fb7   __TI_printfi
200052c1   SimpleLinkWlanEventHandler
200053d1   SimpleLinkNetAppEventHandler
20005491   SimpleLinkGeneralEventHandler
200054e5   SimpleLinkHttpServerCallback
200054f1   SimpleLinkSockEventHandler
20005a19   BsdUdpClient
20005b91   main
20005c39   minit
20005cc5   malloc
20005d27   free
20005de7   realloc
20005eed   memalign
20005fcd   calloc
20006005   _SlDrvMsgRead
200063b9   _SlAsyncEventGenericHandler
20006705   InitTerm
20006723   Message
20006745   ClearTerm
2000674f   Error
20006787   GetCmd
20006819   TrimSpace
200068b1   Report
20006971   DmaSwIntHandler
20006987   DmaErrorIntHandler
20006993   UDMAInit
200069eb   UDMAChannelSelect
20006a19   SetupTransfer
20006a5d   UDMASetupAutoMemTransfer
20006a91   UDMASetupPingPongTransfer
20006aeb   UDMAStartTransfer
20006af7   UDMAStopTransfer
20006b03   UDMADeInit
20006b17   DMASetupTransfer
20006b71   __aeabi_uldivmod
20006d65   __aeabi_dsub
20006d6f   __aeabi_dadd
20006f1d   sl_WlanConnect
2000715d   SlaveMain
200071fb   spi
20007239   _SlDrvRxHdrRead
20007379   __aeabi_ddiv
200074b1   PRCMCC3200MCUInit
200075e5   spi_Open
2000770d   _SlDrvWaitForPoolObj
20007825   _SlDrvMsgWrite
20007939   _SlDrvReleasePoolObj
20007a45   __aeabi_dmul
20007b41   uDMAChannelTransferSet
20007c31   spi_Write
20007d1d   sl_Stop
20007de9   spi_Read
20007eb5   sl_Start
20007f7d   _SlDrvMsgReadCmdCtx
20008039   _SlDrvNetAppEventHandler
200080ed   IntDisable
20008195   IntEnable
2000823d   SPIConfigSetExpClk
200082dd   __aeabi_memcpy
200082dd   __aeabi_memcpy4
200082dd   __aeabi_memcpy8
200082dd   memcpy
20008379   _SlFindAndSetActiveObj
20008411   PRCMPeripheralClockGet
200084a5   _SlDrvClassifyRxMsg
20008539   _SlDrvMsgReadSpawnCtx
200085cd   __TI_auto_init
20008661   _SlDrvDriverCBInit
200086f1   PinConfigSet
20008779   _SlDrvCmdOp
20008801   vsnprintf
20008889   sl_NetAppMDNSRegisterUnregisterService
20008911   __aeabi_cdcmpeq
20008911   __aeabi_cdcmple
20008997   __aeabi_cdrcmple
20008a1d   _sl_HandleAsync_DnsGetHostByName
20008aa1   NwpPowerOnPreamble
20008b21   SPIIntStatus
20008b9d   sl_DevGet
20008c91   _sl_HandleAsync_InitComplete
20008d09   _sl_HandleAsync_PingResponse
20008d81   __aeabi_memclr
20008d81   __aeabi_memclr4
20008d81   __aeabi_memclr8
20008d83   __aeabi_memset
20008d83   __aeabi_memset4
20008d83   __aeabi_memset8
20008d89   memset
20008df9   UARTConfigSetExpClk
20008e71   spi_Close
20008ee5   _sl_HandleAsync_Connect
20008f51   _sl_HandleAsync_Accept
20008fb9   _sl_HandleAsync_DnsGetHostByService
20009021   uDMAChannelAttributeDisable
20009085   uDMAChannelAttributeEnable
200090e9   _SlDrvDriverCBDeinit
200091a9   _sl_HandleAsync_Select
20009205   ltoa
20009261   IntPendClear
200092b9   PRCMPeripheralReset
20009311   _sl_HandleAsync_Stop
20009369   IntPrioritySet
200093bd   sl_NetAppSendTokenValue
20009411   SPIIntEnable
200094a9   atoi
200094f5   uDMAChannelAssign
20009541   uDMAChannelModeGet
2000958d   _sl_GetStartResponseConvert
200095d9   SPIIntClear
20009621   __aeabi_d2iz
20009669   sl_WlanSet
200096f5   PinMuxConfig
20009739   copy_in
2000977d   C$$EXIT
20009781   abort
20009789   exit
200097c1   _Dtest
20009805   sl_NetCfgSet
20009849   PinModeSet
20009889   _SlDrvRxIrqHandler
200098c9   _SlNonOsMainLoopTask
20009909   _SlRemoveFromList
20009949   sl_WlanPolicySet
20009989   sl_WlanRxFilterSet
200099c9   NwpPowerOff
20009a05   PRCMPeripheralClkEnable
20009a41   _SlDrvObjInit
20009a7d   uDMAChannelControlSet
20009ab9   NwpRegisterInterruptHandler
20009af1   sl_Htonl
20009b29   PRCMPeripheralStatusGet
20009b5d   SPIFIFOLevelSet
20009b91   _SlDrvBasicCmd
20009bc5   _c_int00
20009bf9   sl_Htons
20009c2d   NwpPowerOn
20009c5d   UARTDisable
20009c8d   _SlDrvFlowContDeinit
20009cbd   _SlDrvFlowContInit
20009ced   _SlNonOsSemGet
20009d1d   sl_Socket
20009d4d   __aeabi_i2d
20009d7d   PRCMSysResetCauseGet
20009da9   PRCMPeripheralClkDisable
20009dd1   sl_WlanSetMode
20009df9   DmaSpiSwIntHandler
20009e1d   IntUnregister
20009e41   UARTEnable
20009e65   memmove
20009e89   sl_Close
20009ead   sl_WlanProfileDel
20009ed1   SPIReset
20009ef3   SPIWordCountSet
20009f15   IntRegister
20009f35   _SlDrvCmdSend
20009f55   _SlNonOsSpawn
20009f75   SPIIntRegister
20009f93   UARTCharPut
20009fb1   _SlDrvObjDeInit
20009fcd   memccpy
20009fe9   uDMAChannelDisable
2000a005   uDMAChannelEnable
2000a021   uDMAChannelRequest
2000a03d   CopyPingResultsToReport
2000a057   PinTypeSPI
2000a071   PinTypeUART
2000a08b   SPIDmaDisable
2000a0a5   SPIDmaEnable
2000a0bf   SPIFIFODisable
2000a0d9   SPIFIFOEnable
2000a0f3   SPIIntUnregister
2000a10d   _SlDrvDeviceEventHandler
2000a127   SPICSDisable
2000a13f   SPICSEnable
2000a157   SPIDisable
2000a16f   SPIEnable
2000a189   _args_main
2000a1a1   __aeabi_lmul
2000a1b9   PRCMHIBRegRead
2000a1cf   PRCMHIBRegWrite
2000a1e5   UARTCharGet
2000a1fb   uDMAIntRegister
2000a211   CPUcpsie
2000a225   IntVTableBaseSet
2000a239   _SlDrvShiftDWord
2000a24d   _register_unlock
2000a253   _register_lock
2000a25b   _nop
2000a261   strlen
2000a275   uDMAControlBaseSet
2000a289   uDMAIntClear
2000a29d   __TI_zero_init
2000a2af   sl_NetAppMDNSUnRegisterService
2000a2c1   uDMAIntUnregister
2000a2d5   NwpMaskInterrupt
2000a2e5   __TI_decompress_none
2000a2f3   _Dclass
2000a301   ResetISR
2000a311   NwpUnMaskInterrupt
2000a31d   uDMADisable
2000a329   uDMAEnable
2000a335   uDMAIntStatus
2000a341   IntMasterEnable
2000a34b   _SlNonOsSemSet
2000a353   sl_WlanDisconnect
2000a35b   UtilsDelay
2000a361   __TI_decompress_rle24
2000a368   _ctypes_
2000a570   _SlPolicySetCmdCtrl
2000a574   _SlPolicyGetCmdCtrl
2000a578   _SlProfileGetCmdCtrl
2000a57c   _SlProfileDelCmdCtrl
2000a580   _SlWlanGetNetworkListCtrl
2000a584   _SlRxFilterAddtCmdCtrl
2000a588   _SlRxFilterSetCmdCtrl
2000a58c   _SlRxFilterGetCmdCtrl
2000a590   _SlSmartConfigStartCmdCtrl
2000a594   _SlWlanSetModeCmdCtrl
2000a598   _SlWlanCfgSetCmdCtrl
2000a59c   _SlWlanCfgGetCmdCtrl
2000a858   g_H2NSyncPattern
2000a860   g_H2NCnysPattern
2000a868   _SlActionLookupTable
2000a8ac   _SlSockSocketCmdCtrl
2000a8b0   _SlSockCloseCmdCtrl
2000a8b4   _SlRecvfomCmdCtrl
2000a8b8   _SlSendCmdCtrl
2000a8bc   _SlListenCmdCtrl
2000a8c0   _SlAcceptCmdCtrl
2000a8c4   _SlRecvCmdCtrl
2000a8c8   _SlSetSockOptCmdCtrl
2000a8cc   _SlGetSockOptCmdCtrl
2000a8d0   _SlSelectCmdCtrl
2000a934   _SlNetAppStartCtrl
2000a938   _SlNetAppStopCtrl
2000a93c   _SlGetServiceListeCtrl
2000a940   _SlRegisterServiceCtrl
2000a944   _SlGetHostByServiceCtrl
2000a948   _SlGetHostByNameCtrl
2000a94c   _SlNetAppSetCmdCtrl
2000a950   _SlNetAppSendTokenValueCmdCtrl
2000a954   _SlNetAppGetCmdCtrl
2000a9d8   _SlStopCmdCtrl
2000a9dc   _SlEventMaskSetCmdCtrl
2000a9e0   _SlEventMaskGetCmdCtrl
2000a9e4   _SlDeviceGetCmdCtrl
2000a9e8   _SlDeviceSetCmdCtrl
2000a9ec   _SlNetCfgSetCmdCtrl
2000a9f0   _SlNetCfgGetCmdCtrl
2000a9f8   __TI_static_base__
2000aa40   __TI_Handler_Table_Base
2000aa4c   __TI_Handler_Table_Limit
2000aa58   __TI_CINIT_Base
2000aa68   __TI_CINIT_Limit
20017000   gpCtlTbl
20017400   myStrA
200176bc   myStrB
20017978   gfpAppCallbackHndl
20017a78   g__SlNonOsCB
20017aa0   g_ucConnectionSSID
20017ac4   g_ucConnectionBSSID
20017ad0   ulMode
20017ad4   ulStatus
20017ad8   g_cDummy
20017ad9   iDone
20017ae0   _sys_memory
200182e0   pPingCallBackFunc
200182e4   gFirstCmdMode
200182e8   g_pCB
200182ec   g_StatMem
20018450   g_SpiFd
20018454   g_pHostIntHdl
20018458   g_ucDMAEnabled
2001845c   g_ucDinDout
200184ac   g_ulStatus
200184b0   g_ulGatewayIP
200184b4   g_ulDestinationIp
200184b8   g_uiPortNum
200184bc   g_ulPacketCount
200184c0   g_ucSimplelinkstarted
200184c4   g_ulIpAddr
200184c8   udp_str
200184d4   num
200184e4   _lock
200184e8   _unlock
200184ec   __TI_cleanup_ptr
200184f0   __TI_dtors_ptr
200184f4   index
200184f8   checkb
200184fa   checka
200184fc   main_func_sp
2002f800   __stack
20030000   __STACK_END
ffffffff   __binit__
ffffffff   __c_args__
ffffffff   binit
UNDEFED    SHT$$INIT_ARRAY$$Base
UNDEFED    SHT$$INIT_ARRAY$$Limit

[302 symbols]
