******************************************************************************
                  TI ARM Linker PC v5.1.6                      
******************************************************************************
>> Linked Wed Apr 01 23:51:55 2015

OUTPUT FILE NAME:   <test udp_socket.out>
ENTRY POINT SYMBOL: "_c_int00"  address: 2000a831


MEMORY CONFIGURATION

         name            origin    length      used     unused   attr    fill
----------------------  --------  ---------  --------  --------  ----  --------
  SRAM_CODE             20004000   00013000  00007806  0000b7fa  RW X
  SRAM_DATA             20017000   00019000  00001ba4  0001745c  RW X


SEGMENT ALLOCATION MAP

run origin  load origin   length   init length attrs members
----------  ----------- ---------- ----------- ----- -------
20004000    20004000    00007808   00007808    r-x
  20004000    20004000    00000400   00000400    r-- .intvecs
  20004400    20004400    00006d22   00006d22    r-x .text
  2000b124    2000b124    00000674   00000674    r-- .const
  2000b798    2000b798    00000070   00000070    r-- .cinit
20017000    20017000    000013a4   00000000    rw-
  20017000    20017000    00000960   00000000    rw- .bss
  20017960    20017960    00000800   00000000    rw- .sysmem
  20018160    20018160    00000244   00000000    rw- .data
2002f800    2002f800    00000800   00000000    rw-
  2002f800    2002f800    00000800   00000000    rw- .stack


SECTION ALLOCATION MAP

 output                                  attributes/
section   page    origin      length       input sections
--------  ----  ----------  ----------   ----------------
.init_array 
*          0    20004000    00000000     UNINITIALIZED

.intvecs   0    20004000    00000400     
                  20004000    00000400     startup_ccs.obj (.intvecs)

.text      0    20004400    00006d22     
                  20004400    00000ec0     rtsv7M4_T_le_eabi.lib : _printfi.obj (.text)
                  200052c0    00000d18     main.obj (.text)
                  20005fd8    000004dc     spi.obj (.text)
                  200064b4    000003cc     rtsv7M4_T_le_eabi.lib : memory.obj (.text)
                  20006880    000003b4     simplelink.a : driver.obj (.text:_SlDrvMsgRead)
                  20006c34    0000034c                  : driver.obj (.text:_SlAsyncEventGenericHandler)
                  20006f80    0000026c     uart_if.obj (.text)
                  200071ec    00000200     udma_if.obj (.text)
                  200073ec    000001f4     rtsv7M4_T_le_eabi.lib : ull_div_t2.obj (.text)
                  200075e0    000001b6                           : fd_add_t2.obj (.text)
                  20007796    00000002     driverlib.a : interrupt.obj (.text:IntDefaultHandler)
                  20007798    0000019c     simplelink.a : wlan.obj (.text:sl_WlanConnect)
                  20007934    00000140                  : driver.obj (.text:_SlDrvDataWriteOp)
                  20007a74    00000140                  : driver.obj (.text:_SlDrvRxHdrRead)
                  20007bb4    00000136     rtsv7M4_T_le_eabi.lib : fd_div_t2.obj (.text)
                  20007cea    00000002     --HOLE-- [fill = 0]
                  20007cec    00000134     driverlib.a : prcm.obj (.text:PRCMCC3200MCUInit)
                  20007e20    00000128     simplelink.a : cc_pal.obj (.text:spi_Open)
                  20007f48    00000118                  : driver.obj (.text:_SlDrvWaitForPoolObj)
                  20008060    00000114                  : driver.obj (.text:_SlDrvMsgWrite)
                  20008174    0000010c                  : driver.obj (.text:_SlDrvReleasePoolObj)
                  20008280    000000fc     rtsv7M4_T_le_eabi.lib : fd_mul_t2.obj (.text)
                  2000837c    000000fa     timer_if.obj (.text)
                  20008476    00000002     --HOLE-- [fill = 0]
                  20008478    000000f0     driverlib.a : udma.obj (.text:uDMAChannelTransferSet)
                  20008568    000000ec     simplelink.a : cc_pal.obj (.text:spi_Write)
                  20008654    000000cc                  : device.obj (.text:sl_Stop)
                  20008720    000000cc                  : cc_pal.obj (.text:spi_Read)
                  200087ec    000000c8                  : device.obj (.text:sl_Start)
                  200088b4    000000bc                  : driver.obj (.text:_SlDrvMsgReadCmdCtx)
                  20008970    000000b4                  : socket.obj (.text:sl_SendTo)
                  20008a24    000000b2                  : netapp.obj (.text:_SlDrvNetAppEventHandler)
                  20008ad6    00000002     --HOLE-- [fill = 0]
                  20008ad8    000000a8     driverlib.a : interrupt.obj (.text:IntDisable)
                  20008b80    000000a8                 : interrupt.obj (.text:IntEnable)
                  20008c28    000000a0                 : spi.obj (.text:SPIConfigSetExpClk)
                  20008cc8    0000009c     rtsv7M4_T_le_eabi.lib : memcpy_t2.obj (.text)
                  20008d64    00000098     simplelink.a : driver.obj (.text:_SlFindAndSetActiveObj)
                  20008dfc    00000094     driverlib.a : prcm.obj (.text:PRCMPeripheralClockGet)
                  20008e90    00000094     simplelink.a : driver.obj (.text:_SlDrvClassifyRxMsg)
                  20008f24    00000094                  : driver.obj (.text:_SlDrvMsgReadSpawnCtx)
                  20008fb8    00000094     rtsv7M4_T_le_eabi.lib : auto_init.obj (.text)
                  2000904c    00000090     simplelink.a : driver.obj (.text:_SlDrvDriverCBInit)
                  200090dc    00000088     driverlib.a : pin.obj (.text:PinConfigSet)
                  20009164    00000088     simplelink.a : driver.obj (.text:_SlDrvCmdOp)
                  200091ec    00000088     rtsv7M4_T_le_eabi.lib : vsnprintf.obj (.text)
                  20009274    00000088     simplelink.a : netapp.obj (.text:sl_NetAppMDNSRegisterUnregisterService)
                  200092fc    00000086     rtsv7M4_T_le_eabi.lib : fd_cmp_t2.obj (.text:__aeabi_cdcmple)
                  20009382    00000086                           : fd_cmp_t2.obj (.text:__aeabi_cdrcmple)
                  20009408    00000084     simplelink.a : netapp.obj (.text:_sl_HandleAsync_DnsGetHostByName)
                  2000948c    00000080                  : cc_pal.obj (.text:NwpPowerOnPreamble)
                  2000950c    0000007c     driverlib.a : spi.obj (.text:SPIIntStatus)
                  20009588    0000007c     simplelink.a : device.obj (.text:sl_DevGet)
                  20009604    00000078                  : cc_pal.obj (.text:SetupDMAReceive)
                  2000967c    00000078                  : device.obj (.text:_sl_HandleAsync_InitComplete)
                  200096f4    00000078                  : netapp.obj (.text:_sl_HandleAsync_PingResponse)
                  2000976c    00000078     rtsv7M4_T_le_eabi.lib : memset_t2.obj (.text)
                  200097e4    00000076     driverlib.a : uart.obj (.text:UARTConfigSetExpClk)
                  2000985a    00000002     --HOLE-- [fill = 0]
                  2000985c    00000074     simplelink.a : cc_pal.obj (.text:spi_Close)
                  200098d0    00000070     driverlib.a : timer.obj (.text:TimerIntRegister)
                  20009940    0000006e     simplelink.a : socket.obj (.text:_sl_TruncatePayloadByProtocol)
                  200099ae    00000002     --HOLE-- [fill = 0]
                  200099b0    0000006c                  : socket.obj (.text:_sl_HandleAsync_Connect)
                  20009a1c    00000068     driverlib.a : timer.obj (.text:TimerIntUnregister)
                  20009a84    00000068     simplelink.a : socket.obj (.text:_sl_HandleAsync_Accept)
                  20009aec    00000068                  : netapp.obj (.text:_sl_HandleAsync_DnsGetHostByService)
                  20009b54    00000064     driverlib.a : udma.obj (.text:uDMAChannelAttributeDisable)
                  20009bb8    00000064                 : udma.obj (.text:uDMAChannelAttributeEnable)
                  20009c1c    00000060     simplelink.a : driver.obj (.text:_SlDrvDriverCBDeinit)
                  20009c7c    0000005e     rtsv7M4_T_le_eabi.lib : copy_decompress_rle.obj (.text)
                  20009cda    00000002     --HOLE-- [fill = 0]
                  20009cdc    0000005c     simplelink.a : socket.obj (.text:_sl_HandleAsync_Select)
                  20009d38    0000005c                  : socket.obj (.text:sl_Bind)
                  20009d94    0000005a     rtsv7M4_T_le_eabi.lib : ltoa.obj (.text)
                  20009dee    00000002     --HOLE-- [fill = 0]
                  20009df0    00000058     driverlib.a : interrupt.obj (.text:IntPendClear)
                  20009e48    00000058                 : prcm.obj (.text:PRCMPeripheralReset)
                  20009ea0    00000058     simplelink.a : device.obj (.text:_sl_HandleAsync_Stop)
                  20009ef8    00000054     driverlib.a : interrupt.obj (.text:IntPrioritySet)
                  20009f4c    00000054     simplelink.a : netapp.obj (.text:sl_NetAppSendTokenValue)
                  20009fa0    0000004c     driverlib.a : spi.obj (.text:SPIIntDisable)
                  20009fec    0000004c                 : spi.obj (.text:SPIIntEnable)
                  2000a038    0000004c                 : spi.obj (.text:SPIIntNumberGet)
                  2000a084    0000004c     rtsv7M4_T_le_eabi.lib : atoi.obj (.text)
                  2000a0d0    0000004c     simplelink.a : socket.obj (.text:sl_SetSockOpt)
                  2000a11c    0000004c     driverlib.a : udma.obj (.text:uDMAChannelAssign)
                  2000a168    0000004c                 : udma.obj (.text:uDMAChannelModeGet)
                  2000a1b4    0000004a     simplelink.a : device.obj (.text:_sl_GetStartResponseConvert)
                  2000a1fe    00000002     --HOLE-- [fill = 0]
                  2000a200    00000048     driverlib.a : spi.obj (.text:SPIIntClear)
                  2000a248    00000048     rtsv7M4_T_le_eabi.lib : fd_toi_t2.obj (.text)
                  2000a290    00000048     simplelink.a : wlan.obj (.text:sl_WlanSet)
                  2000a2d8    00000044     driverlib.a : spi.obj (.text:SPIDmaMaskGet)
                  2000a31c    00000044                 : timer.obj (.text:TimerConfigure)
                  2000a360    00000044     pinmux.obj (.text)
                  2000a3a4    00000044     rtsv7M4_T_le_eabi.lib : cpy_tbl.obj (.text)
                  2000a3e8    00000044                           : exit.obj (.text)
                  2000a42c    00000044                           : xdtest.obj (.text)
                  2000a470    00000044     simplelink.a : netcfg.obj (.text:sl_NetCfgSet)
                  2000a4b4    00000040     driverlib.a : pin.obj (.text:PinModeSet)
                  2000a4f4    00000040     simplelink.a : driver.obj (.text:_SlDrvRxIrqHandler)
                  2000a534    00000040                  : nonos.obj (.text:_SlNonOsMainLoopTask)
                  2000a574    00000040                  : driver.obj (.text:_SlRemoveFromList)
                  2000a5b4    00000040                  : wlan.obj (.text:sl_WlanPolicySet)
                  2000a5f4    00000040                  : wlan.obj (.text:sl_WlanRxFilterSet)
                  2000a634    0000003c                  : cc_pal.obj (.text:NwpPowerOff)
                  2000a670    0000003c     driverlib.a : prcm.obj (.text:PRCMPeripheralClkEnable)
                  2000a6ac    0000003c     simplelink.a : driver.obj (.text:_SlDrvObjInit)
                  2000a6e8    0000003c     driverlib.a : udma.obj (.text:uDMAChannelControlSet)
                  2000a724    00000038     simplelink.a : cc_pal.obj (.text:NwpRegisterInterruptHandler)
                  2000a75c    00000038                  : socket.obj (.text:sl_Htonl)
                  2000a794    00000034     driverlib.a : prcm.obj (.text:PRCMPeripheralStatusGet)
                  2000a7c8    00000034                 : spi.obj (.text:SPIFIFOLevelSet)
                  2000a7fc    00000034     simplelink.a : driver.obj (.text:_SlDrvBasicCmd)
                  2000a830    00000034     rtsv7M4_T_le_eabi.lib : boot.obj (.text)
                  2000a864    00000034     simplelink.a : socket.obj (.text:sl_Htons)
                  2000a898    00000030                  : cc_pal.obj (.text:NwpPowerOn)
                  2000a8c8    00000030     driverlib.a : uart.obj (.text:UARTDisable)
                  2000a8f8    00000030     simplelink.a : flowcont.obj (.text:_SlDrvFlowContDeinit)
                  2000a928    00000030                  : flowcont.obj (.text:_SlDrvFlowContInit)
                  2000a958    00000030                  : nonos.obj (.text:_SlNonOsSemGet)
                  2000a988    00000030                  : socket.obj (.text:sl_Socket)
                  2000a9b8    0000002e     rtsv7M4_T_le_eabi.lib : i_tofd_t2.obj (.text)
                  2000a9e6    00000002     --HOLE-- [fill = 0]
                  2000a9e8    0000002c     driverlib.a : prcm.obj (.text:PRCMSysResetCauseGet)
                  2000aa14    0000002a                 : timer.obj (.text:TimerLoadSet)
                  2000aa3e    0000002a                 : timer.obj (.text:TimerPrescaleSet)
                  2000aa68    00000028                 : prcm.obj (.text:PRCMPeripheralClkDisable)
                  2000aa90    00000028     simplelink.a : socket.obj (.text:_sl_BuildAddress)
                  2000aab8    00000028                  : wlan.obj (.text:sl_WlanSetMode)
                  2000aae0    00000024                  : cc_pal.obj (.text:DmaSpiSwIntHandler)
                  2000ab04    00000024     driverlib.a : interrupt.obj (.text:IntUnregister)
                  2000ab28    00000024                 : uart.obj (.text:UARTEnable)
                  2000ab4c    00000024     rtsv7M4_T_le_eabi.lib : memmov.obj (.text)
                  2000ab70    00000024     simplelink.a : socket.obj (.text:sl_Close)
                  2000ab94    00000024                  : wlan.obj (.text:sl_WlanProfileDel)
                  2000abb8    00000022     driverlib.a : spi.obj (.text:SPIReset)
                  2000abda    00000022                 : spi.obj (.text:SPIWordCountSet)
                  2000abfc    00000020                 : interrupt.obj (.text:IntRegister)
                  2000ac1c    00000020     simplelink.a : driver.obj (.text:_SlDrvCmdSend)
                  2000ac3c    00000020                  : nonos.obj (.text:_SlNonOsSpawn)
                  2000ac5c    0000001e     driverlib.a : spi.obj (.text:SPIDataPut)
                  2000ac7a    0000001e                 : spi.obj (.text:SPIIntRegister)
                  2000ac98    0000001e                 : timer.obj (.text:TimerDisable)
                  2000acb6    0000001e                 : timer.obj (.text:TimerEnable)
                  2000acd4    0000001e                 : timer.obj (.text:TimerIntStatus)
                  2000acf2    0000001e                 : uart.obj (.text:UARTCharPut)
                  2000ad10    0000001c                 : timer.obj (.text:TimerValueGet)
                  2000ad2c    0000001c     simplelink.a : driver.obj (.text:_SlDrvObjDeInit)
                  2000ad48    0000001c     rtsv7M4_T_le_eabi.lib : memccpy.obj (.text)
                  2000ad64    0000001c     driverlib.a : udma.obj (.text:uDMAChannelDisable)
                  2000ad80    0000001c                 : udma.obj (.text:uDMAChannelEnable)
                  2000ad9c    0000001c                 : udma.obj (.text:uDMAChannelRequest)
                  2000adb8    0000001a     simplelink.a : netapp.obj (.text:CopyPingResultsToReport)
                  2000add2    0000001a     driverlib.a : pin.obj (.text:PinTypeSPI)
                  2000adec    0000001a                 : pin.obj (.text:PinTypeUART)
                  2000ae06    0000001a                 : spi.obj (.text:SPIDmaDisable)
                  2000ae20    0000001a                 : spi.obj (.text:SPIDmaEnable)
                  2000ae3a    0000001a                 : spi.obj (.text:SPIFIFODisable)
                  2000ae54    0000001a                 : spi.obj (.text:SPIFIFOEnable)
                  2000ae6e    0000001a                 : spi.obj (.text:SPIIntUnregister)
                  2000ae88    0000001a     simplelink.a : device.obj (.text:_SlDrvDeviceEventHandler)
                  2000aea2    00000018     driverlib.a : spi.obj (.text:SPICSDisable)
                  2000aeba    00000018                 : spi.obj (.text:SPICSEnable)
                  2000aed2    00000018                 : spi.obj (.text:SPIDisable)
                  2000aeea    00000018                 : spi.obj (.text:SPIEnable)
                  2000af02    00000018                 : timer.obj (.text:TimerIntDisable)
                  2000af1a    00000018                 : timer.obj (.text:TimerIntEnable)
                  2000af32    00000002     --HOLE-- [fill = 0]
                  2000af34    00000018     rtsv7M4_T_le_eabi.lib : args_main.obj (.text)
                  2000af4c    00000018                           : ll_mul_t2.obj (.text)
                  2000af64    00000016     driverlib.a : prcm.obj (.text:PRCMHIBRegRead)
                  2000af7a    00000016                 : prcm.obj (.text:PRCMHIBRegWrite)
                  2000af90    00000016                 : uart.obj (.text:UARTCharGet)
                  2000afa6    00000016                 : udma.obj (.text:uDMAIntRegister)
                  2000afbc    00000014                 : cpu.obj (.text:CPUcpsie)
                  2000afd0    00000014                 : interrupt.obj (.text:IntVTableBaseSet)
                  2000afe4    00000014     simplelink.a : driver.obj (.text:_SlDrvShiftDWord)
                  2000aff8    00000014     rtsv7M4_T_le_eabi.lib : _lock.obj (.text)
                  2000b00c    00000014                           : strlen.obj (.text)
                  2000b020    00000014     driverlib.a : udma.obj (.text:uDMAControlBaseSet)
                  2000b034    00000014                 : udma.obj (.text:uDMAIntClear)
                  2000b048    00000012                 : timer.obj (.text:TimerIntClear)
                  2000b05a    00000012     rtsv7M4_T_le_eabi.lib : copy_zero_init.obj (.text:decompress:ZI)
                  2000b06c    00000012     simplelink.a : netapp.obj (.text:sl_NetAppMDNSUnRegisterService)
                  2000b07e    00000012     driverlib.a : udma.obj (.text:uDMAIntUnregister)
                  2000b090    00000010     simplelink.a : cc_pal.obj (.text:NwpMaskInterrupt)
                  2000b0a0    0000000e     rtsv7M4_T_le_eabi.lib : copy_decompress_none.obj (.text:decompress:none)
                  2000b0ae    0000000e                           : xdclass.obj (.text)
                  2000b0bc    0000000e     startup_ccs.obj (.text)
                  2000b0ca    00000002     --HOLE-- [fill = 0]
                  2000b0cc    0000000c     simplelink.a : cc_pal.obj (.text:NwpUnMaskInterrupt)
                  2000b0d8    0000000c     driverlib.a : udma.obj (.text:uDMADisable)
                  2000b0e4    0000000c                 : udma.obj (.text:uDMAEnable)
                  2000b0f0    0000000c                 : udma.obj (.text:uDMAIntStatus)
                  2000b0fc    0000000a                 : interrupt.obj (.text:IntMasterEnable)
                  2000b106    00000008     simplelink.a : nonos.obj (.text:_SlNonOsSemSet)
                  2000b10e    00000008                  : wlan.obj (.text:sl_WlanDisconnect)
                  2000b116    00000006     driverlib.a : utils.obj (.text:UtilsDelay)
                  2000b11c    00000006     rtsv7M4_T_le_eabi.lib : copy_decompress_rle.obj (.text:decompress:rle24)

.const     0    2000b124    00000674     
                  2000b124    00000102     rtsv7M4_T_le_eabi.lib : ctype.obj (.const:.string:_ctypes_)
                  2000b226    00000002     --HOLE-- [fill = 0]
                  2000b228    00000100     driverlib.a : pin.obj (.const:g_ulPinToPadMap)
                  2000b328    000000ec     simplelink.a : wlan.obj (.const)
                  2000b414    000000d4     driverlib.a : interrupt.obj (.const:g_pulRegs)
                  2000b4e8    000000a8                 : prcm.obj (.const:PRCM_PeriphRegsList)
                  2000b590    00000080                 : interrupt.obj (.const)
                  2000b610    0000004c     simplelink.a : driver.obj (.const)
                  2000b65c    00000034                  : socket.obj (.const)
                  2000b690    0000002c     main.obj (.const:$P$T1$2)
                  2000b6bc    00000028     simplelink.a : netapp.obj (.const)
                  2000b6e4    00000024     driverlib.a : spi.obj (.const:g_ppulSPIIntMap)
                  2000b708    00000022     main.obj (.const:.string:$P$T0$1)
                  2000b72a    00000002     --HOLE-- [fill = 0]
                  2000b72c    00000020     main.obj (.const)
                  2000b74c    00000018     driverlib.a : spi.obj (.const)
                  2000b764    00000016     main.obj (.const:.string)
                  2000b77a    00000002     --HOLE-- [fill = 0]
                  2000b77c    00000014     simplelink.a : device.obj (.const)
                  2000b790    00000008                  : netcfg.obj (.const)

.cinit     0    2000b798    00000070     
                  2000b798    0000004c     (.cinit..data.load) [load image, compression = rle]
                  2000b7e4    0000000c     (__TI_handler_table)
                  2000b7f0    00000008     (.cinit..bss.load) [load image, compression = zero_init]
                  2000b7f8    00000010     (__TI_cinit_table)

.bss       0    20017000    00000960     UNINITIALIZED
                  20017000    00000400     udma_if.obj (.bss:gpCtlTbl)
                  20017400    00000190     spi.obj (.bss:myStrC)
                  20017590    00000100     udma_if.obj (.bss:gfpAppCallbackHndl)
                  20017690    000000c8     spi.obj (.bss:myStrA)
                  20017758    000000c8     spi.obj (.bss:myStrB)
                  20017820    00000064     spi.obj (.bss:myStrX)
                  20017884    00000064     spi.obj (.bss:myStrY)
                  200178e8    00000028     simplelink.a : nonos.obj (.bss:g__SlNonOsCB)
                  20017910    00000024     main.obj (.bss:g_ucConnectionSSID)
                  20017934    0000000c     (.common:cmd_buffer)
                  20017940    00000008     (.common:g_ucConnectionBSSID)
                  20017948    00000004     (.common:Reset_SYNC)
                  2001794c    00000004     (.common:__Errorlog)
                  20017950    00000004     (.common:rx_udp_server)
                  20017954    00000004     (.common:udploop)
                  20017958    00000004     (.common:ulMode)
                  2001795c    00000002     (.common:ulRecvData)
                  2001795e    00000001     (.common:g_cDummy)
                  2001795f    00000001     (.common:iDone)

.sysmem    0    20017960    00000800     UNINITIALIZED
                  20017960    00000008     rtsv7M4_T_le_eabi.lib : memory.obj (.sysmem)
                  20017968    000007f8     --HOLE--

.data      0    20018160    00000244     UNINITIALIZED
                  20018160    00000170     simplelink.a : driver.obj (.data)
                  200182d0    0000005c                  : cc_pal.obj (.data)
                  2001832c    00000034     main.obj (.data)
                  20018360    00000024     spi.obj (.data)
                  20018384    0000000c     rtsv7M4_T_le_eabi.lib : memory.obj (.data)
                  20018390    00000008                           : _lock.obj (.data)
                  20018398    00000008                           : exit.obj (.data)
                  200183a0    00000004                           : stkdepth_vars.obj (.data)

.stack     0    2002f800    00000800     UNINITIALIZED
                  2002f800    00000800     --HOLE--


LINKER GENERATED COPY TABLES

__TI_cinit_table @ 2000b7f8 records: 2, size/record: 8, table size: 16
	.data: load addr=2000b798, load size=0000004c bytes, run addr=20018160, run size=00000244 bytes, compression=rle
	.bss: load addr=2000b7f0, load size=00000008 bytes, run addr=20017000, run size=00000960 bytes, compression=zero_init


LINKER GENERATED HANDLER TABLE

__TI_handler_table @ 2000b7e4 records: 3, size/record: 4, table size: 12
	index: 0, handler: __TI_decompress_rle24
	index: 1, handler: __TI_decompress_none
	index: 2, handler: __TI_zero_init


GLOBAL SYMBOLS: SORTED ALPHABETICALLY BY Name 

address    name
--------   ----
2000a3e9   C$$EXIT
2000afbd   CPUcpsie
20006fc1   ClearTerm
2000adb9   CopyPingResultsToReport
20007393   DMASetupTransfer
20007203   DmaErrorIntHandler
2000aae1   DmaSpiSwIntHandler
200071ed   DmaSwIntHandler
20006fcb   Error
20007003   GetCmd
20006f81   InitTerm
20008ad9   IntDisable
20008b81   IntEnable
2000b0fd   IntMasterEnable
20009df1   IntPendClear
20009ef9   IntPrioritySet
2000abfd   IntRegister
2000ab05   IntUnregister
2000afd1   IntVTableBaseSet
20006f9f   Message
2000b091   NwpMaskInterrupt
2000a635   NwpPowerOff
2000a899   NwpPowerOn
2000948d   NwpPowerOnPreamble
2000a725   NwpRegisterInterruptHandler
2000b0cd   NwpUnMaskInterrupt
20007ced   PRCMCC3200MCUInit
2000af65   PRCMHIBRegRead
2000af7b   PRCMHIBRegWrite
2000aa69   PRCMPeripheralClkDisable
2000a671   PRCMPeripheralClkEnable
20008dfd   PRCMPeripheralClockGet
20009e49   PRCMPeripheralReset
2000a795   PRCMPeripheralStatusGet
2000a9e9   PRCMSysResetCauseGet
200090dd   PinConfigSet
2000a4b5   PinModeSet
2000a361   PinMuxConfig
2000add3   PinTypeSPI
2000aded   PinTypeUART
2000712d   Report
2000b0bd   ResetISR
20017948   Reset_SYNC
UNDEFED    SHT$$INIT_ARRAY$$Base
UNDEFED    SHT$$INIT_ARRAY$$Limit
2000aea3   SPICSDisable
2000aebb   SPICSEnable
20008c29   SPIConfigSetExpClk
2000ac5d   SPIDataPut
2000aed3   SPIDisable
2000ae07   SPIDmaDisable
2000ae21   SPIDmaEnable
2000aeeb   SPIEnable
2000ae3b   SPIFIFODisable
2000ae55   SPIFIFOEnable
2000a7c9   SPIFIFOLevelSet
2000a201   SPIIntClear
20009fa1   SPIIntDisable
20009fed   SPIIntEnable
2000ac7b   SPIIntRegister
2000950d   SPIIntStatus
2000ae6f   SPIIntUnregister
2000abb9   SPIReset
2000abdb   SPIWordCountSet
20007295   SetupTransfer
200054c9   SimpleLinkGeneralEventHandler
2000551d   SimpleLinkHttpServerCallback
20005409   SimpleLinkNetAppEventHandler
20005529   SimpleLinkSockEventHandler
200052f9   SimpleLinkWlanEventHandler
2000620f   SlaveMain
2000a31d   TimerConfigure
2000ac99   TimerDisable
2000acb7   TimerEnable
2000b049   TimerIntClear
2000af03   TimerIntDisable
2000af1b   TimerIntEnable
200098d1   TimerIntRegister
2000acd5   TimerIntStatus
20009a1d   TimerIntUnregister
2000aa15   TimerLoadSet
2000aa3f   TimerPrescaleSet
2000ad11   TimerValueGet
20008431   Timer_IF_DeInit
2000845f   Timer_IF_GetCount
2000837d   Timer_IF_Init
200083af   Timer_IF_IntSetup
200083ed   Timer_IF_InterruptClear
2000844b   Timer_IF_ReLoad
20008405   Timer_IF_Start
20008421   Timer_IF_Stop
20007095   TrimSpace
2000af91   UARTCharGet
2000acf3   UARTCharPut
200097e5   UARTConfigSetExpClk
2000a8c9   UARTDisable
2000ab29   UARTEnable
20007267   UDMAChannelSelect
2000737f   UDMADeInit
2000720f   UDMAInit
200072d9   UDMASetupAutoMemTransfer
2000730d   UDMASetupPingPongTransfer
20007367   UDMAStartTransfer
20007373   UDMAStopTransfer
20005ae1   UdpServer
2000b117   UtilsDelay
2000b0af   _Dclass
2000a42d   _Dtest
2000b67c   _SlAcceptCmdCtrl
2000b624   _SlActionLookupTable
20006c35   _SlAsyncEventGenericHandler
2000b788   _SlDeviceGetCmdCtrl
2000b78c   _SlDeviceSetCmdCtrl
2000a7fd   _SlDrvBasicCmd
20008e91   _SlDrvClassifyRxMsg
20009165   _SlDrvCmdOp
2000ac1d   _SlDrvCmdSend
20007935   _SlDrvDataWriteOp
2000ae89   _SlDrvDeviceEventHandler
20009c1d   _SlDrvDriverCBDeinit
2000904d   _SlDrvDriverCBInit
2000a8f9   _SlDrvFlowContDeinit
2000a929   _SlDrvFlowContInit
20006881   _SlDrvMsgRead
200088b5   _SlDrvMsgReadCmdCtx
20008f25   _SlDrvMsgReadSpawnCtx
20008061   _SlDrvMsgWrite
20008a25   _SlDrvNetAppEventHandler
2000ad2d   _SlDrvObjDeInit
2000a6ad   _SlDrvObjInit
20008175   _SlDrvReleasePoolObj
20007a75   _SlDrvRxHdrRead
2000a4f5   _SlDrvRxIrqHandler
2000afe5   _SlDrvShiftDWord
20007f49   _SlDrvWaitForPoolObj
2000b784   _SlEventMaskGetCmdCtrl
2000b780   _SlEventMaskSetCmdCtrl
20008d65   _SlFindAndSetActiveObj
2000b6d4   _SlGetHostByNameCtrl
2000b6d0   _SlGetHostByServiceCtrl
2000b6c8   _SlGetServiceListeCtrl
2000b688   _SlGetSockOptCmdCtrl
2000b678   _SlListenCmdCtrl
2000b6e0   _SlNetAppGetCmdCtrl
2000b6dc   _SlNetAppSendTokenValueCmdCtrl
2000b6d8   _SlNetAppSetCmdCtrl
2000b6c0   _SlNetAppStartCtrl
2000b6c4   _SlNetAppStopCtrl
2000b794   _SlNetCfgGetCmdCtrl
2000b790   _SlNetCfgSetCmdCtrl
2000a535   _SlNonOsMainLoopTask
2000a959   _SlNonOsSemGet
2000b107   _SlNonOsSemSet
2000ac3d   _SlNonOsSpawn
2000b330   _SlPolicyGetCmdCtrl
2000b32c   _SlPolicySetCmdCtrl
2000b338   _SlProfileDelCmdCtrl
2000b334   _SlProfileGetCmdCtrl
2000b680   _SlRecvCmdCtrl
2000b670   _SlRecvfomCmdCtrl
2000b6cc   _SlRegisterServiceCtrl
2000a575   _SlRemoveFromList
2000b340   _SlRxFilterAddtCmdCtrl
2000b348   _SlRxFilterGetCmdCtrl
2000b344   _SlRxFilterSetCmdCtrl
2000b68c   _SlSelectCmdCtrl
2000b674   _SlSendCmdCtrl
2000b684   _SlSetSockOptCmdCtrl
2000b34c   _SlSmartConfigStartCmdCtrl
2000b66c   _SlSockCloseCmdCtrl
2000b668   _SlSockSocketCmdCtrl
2000b77c   _SlStopCmdCtrl
2000b358   _SlWlanCfgGetCmdCtrl
2000b354   _SlWlanCfgSetCmdCtrl
2000b33c   _SlWlanGetNetworkListCtrl
2000b350   _SlWlanSetModeCmdCtrl
20030000   __STACK_END
00000800   __STACK_SIZE
00000800   __SYSMEM_SIZE
2000b7f8   __TI_CINIT_Base
2000b808   __TI_CINIT_Limit
2000b7e4   __TI_Handler_Table_Base
2000b7f0   __TI_Handler_Table_Limit
00000001   __TI_args_main
20008fb9   __TI_auto_init
20018398   __TI_cleanup_ptr
2000b0a1   __TI_decompress_none
2000b11d   __TI_decompress_rle24
2001839c   __TI_dtors_ptr
20004fb7   __TI_printfi
2000b798   __TI_static_base__
2000b05b   __TI_zero_init
200092fd   __aeabi_cdcmpeq
200092fd   __aeabi_cdcmple
20009383   __aeabi_cdrcmple
2000a249   __aeabi_d2iz
200075eb   __aeabi_dadd
20007bb5   __aeabi_ddiv
20008281   __aeabi_dmul
200075e1   __aeabi_dsub
2000a9b9   __aeabi_i2d
2000af4d   __aeabi_lmul
2000976d   __aeabi_memclr
2000976d   __aeabi_memclr4
2000976d   __aeabi_memclr8
20008cc9   __aeabi_memcpy
20008cc9   __aeabi_memcpy4
20008cc9   __aeabi_memcpy8
2000976f   __aeabi_memset
2000976f   __aeabi_memset4
2000976f   __aeabi_memset8
200073ed   __aeabi_uldivmod
ffffffff   __binit__
ffffffff   __c_args__
2002f800   __stack
2000af35   _args_main
2000a831   _c_int00
2000b124   _ctypes_
20018390   _lock
2000b007   _nop
2000afff   _register_lock
2000aff9   _register_unlock
2000aa91   _sl_BuildAddress
2000a1b5   _sl_GetStartResponseConvert
20009a85   _sl_HandleAsync_Accept
200099b1   _sl_HandleAsync_Connect
20009409   _sl_HandleAsync_DnsGetHostByName
20009aed   _sl_HandleAsync_DnsGetHostByService
2000967d   _sl_HandleAsync_InitComplete
200096f5   _sl_HandleAsync_PingResponse
20009cdd   _sl_HandleAsync_Select
20009ea1   _sl_HandleAsync_Stop
20009941   _sl_TruncatePayloadByProtocol
20017960   _sys_memory
20018394   _unlock
2000a3ed   abort
2000a085   atoi
ffffffff   binit
20006849   calloc
2001836c   check_cmd
20018380   check_frame_start
20018368   chk_bufa_flag
20017934   cmd_buffer
2001837c   cmd_index
20018374   cmd_sent
2000a3a5   copy_in
2000a3f5   exit
20018364   flag
20018378   flow_ctrl
200063ed   frame_sync
200065a3   free
20018164   gFirstCmdMode
2000b61c   g_H2NCnysPattern
2000b614   g_H2NSyncPattern
200182d0   g_SpiFd
2001816c   g_StatMem
200178e8   g__SlNonOsCB
2001795e   g_cDummy
20018168   g_pCB
200182d4   g_pHostIntHdl
20004000   g_pfnVectors
20017940   g_ucConnectionBSSID
20017910   g_ucConnectionSSID
200182d8   g_ucDMAEnabled
200182dc   g_ucDinDout
20018340   g_ucSimplelinkstarted
20018338   g_uiPortNum
20018334   g_ulDestinationIp
20018330   g_ulGatewayIP
20018344   g_ulIpAddr
2001833c   g_ulPacketCount
2001832c   g_ulStatus
20018370   get_sync_cmd_resp
20017590   gfpAppCallbackHndl
20017000   gpCtlTbl
2001795f   iDone
20018360   index
20009d95   ltoa
20005d4d   main
200183a0   main_func_sp
20006541   malloc
20006769   memalign
2000ad49   memccpy
20008cc9   memcpy
2000ab4d   memmove
20009775   memset
200064b5   minit
200052c1   ms_delay
20017690   myStrA
20017758   myStrB
20017400   myStrC
20017820   myStrX
20017884   myStrY
20018354   num
20018160   pPingCallBackFunc
20006663   realloc
20006379   reset_sync_spi
20017950   rx_udp_server
200062d1   send_cmd
20009d39   sl_Bind
2000ab71   sl_Close
20009589   sl_DevGet
2000a75d   sl_Htonl
2000a865   sl_Htons
20009275   sl_NetAppMDNSRegisterUnregisterService
2000b06d   sl_NetAppMDNSUnRegisterService
20009f4d   sl_NetAppSendTokenValue
2000a471   sl_NetCfgSet
20008971   sl_SendTo
2000a0d1   sl_SetSockOpt
2000a989   sl_Socket
200087ed   sl_Start
20008655   sl_Stop
20007799   sl_WlanConnect
2000b10f   sl_WlanDisconnect
2000a5b5   sl_WlanPolicySet
2000ab95   sl_WlanProfileDel
2000a5f5   sl_WlanRxFilterSet
2000a291   sl_WlanSet
2000aab9   sl_WlanSetMode
2000646d   spi
2000985d   spi_Close
20007e21   spi_Open
20008721   spi_Read
20008569   spi_Write
2000b00d   strlen
2001835c   tempCnt
20018358   timerValue
2000a11d   uDMAChannelAssign
20009b55   uDMAChannelAttributeDisable
20009bb9   uDMAChannelAttributeEnable
2000a6e9   uDMAChannelControlSet
2000ad65   uDMAChannelDisable
2000ad81   uDMAChannelEnable
2000a169   uDMAChannelModeGet
2000ad9d   uDMAChannelRequest
20008479   uDMAChannelTransferSet
2000b021   uDMAControlBaseSet
2000b0d9   uDMADisable
2000b0e5   uDMAEnable
2000b035   uDMAIntClear
2000afa7   uDMAIntRegister
2000b0f1   uDMAIntStatus
2000b07f   uDMAIntUnregister
20018348   udp_str
20017954   udploop
20017958   ulMode
2001795c   ulRecvData
200091ed   vsnprintf


GLOBAL SYMBOLS: SORTED BY Symbol Address 

address    name
--------   ----
00000001   __TI_args_main
00000800   __STACK_SIZE
00000800   __SYSMEM_SIZE
20004000   g_pfnVectors
20004fb7   __TI_printfi
200052c1   ms_delay
200052f9   SimpleLinkWlanEventHandler
20005409   SimpleLinkNetAppEventHandler
200054c9   SimpleLinkGeneralEventHandler
2000551d   SimpleLinkHttpServerCallback
20005529   SimpleLinkSockEventHandler
20005ae1   UdpServer
20005d4d   main
2000620f   SlaveMain
200062d1   send_cmd
20006379   reset_sync_spi
200063ed   frame_sync
2000646d   spi
200064b5   minit
20006541   malloc
200065a3   free
20006663   realloc
20006769   memalign
20006849   calloc
20006881   _SlDrvMsgRead
20006c35   _SlAsyncEventGenericHandler
20006f81   InitTerm
20006f9f   Message
20006fc1   ClearTerm
20006fcb   Error
20007003   GetCmd
20007095   TrimSpace
2000712d   Report
200071ed   DmaSwIntHandler
20007203   DmaErrorIntHandler
2000720f   UDMAInit
20007267   UDMAChannelSelect
20007295   SetupTransfer
200072d9   UDMASetupAutoMemTransfer
2000730d   UDMASetupPingPongTransfer
20007367   UDMAStartTransfer
20007373   UDMAStopTransfer
2000737f   UDMADeInit
20007393   DMASetupTransfer
200073ed   __aeabi_uldivmod
200075e1   __aeabi_dsub
200075eb   __aeabi_dadd
20007799   sl_WlanConnect
20007935   _SlDrvDataWriteOp
20007a75   _SlDrvRxHdrRead
20007bb5   __aeabi_ddiv
20007ced   PRCMCC3200MCUInit
20007e21   spi_Open
20007f49   _SlDrvWaitForPoolObj
20008061   _SlDrvMsgWrite
20008175   _SlDrvReleasePoolObj
20008281   __aeabi_dmul
2000837d   Timer_IF_Init
200083af   Timer_IF_IntSetup
200083ed   Timer_IF_InterruptClear
20008405   Timer_IF_Start
20008421   Timer_IF_Stop
20008431   Timer_IF_DeInit
2000844b   Timer_IF_ReLoad
2000845f   Timer_IF_GetCount
20008479   uDMAChannelTransferSet
20008569   spi_Write
20008655   sl_Stop
20008721   spi_Read
200087ed   sl_Start
200088b5   _SlDrvMsgReadCmdCtx
20008971   sl_SendTo
20008a25   _SlDrvNetAppEventHandler
20008ad9   IntDisable
20008b81   IntEnable
20008c29   SPIConfigSetExpClk
20008cc9   __aeabi_memcpy
20008cc9   __aeabi_memcpy4
20008cc9   __aeabi_memcpy8
20008cc9   memcpy
20008d65   _SlFindAndSetActiveObj
20008dfd   PRCMPeripheralClockGet
20008e91   _SlDrvClassifyRxMsg
20008f25   _SlDrvMsgReadSpawnCtx
20008fb9   __TI_auto_init
2000904d   _SlDrvDriverCBInit
200090dd   PinConfigSet
20009165   _SlDrvCmdOp
200091ed   vsnprintf
20009275   sl_NetAppMDNSRegisterUnregisterService
200092fd   __aeabi_cdcmpeq
200092fd   __aeabi_cdcmple
20009383   __aeabi_cdrcmple
20009409   _sl_HandleAsync_DnsGetHostByName
2000948d   NwpPowerOnPreamble
2000950d   SPIIntStatus
20009589   sl_DevGet
2000967d   _sl_HandleAsync_InitComplete
200096f5   _sl_HandleAsync_PingResponse
2000976d   __aeabi_memclr
2000976d   __aeabi_memclr4
2000976d   __aeabi_memclr8
2000976f   __aeabi_memset
2000976f   __aeabi_memset4
2000976f   __aeabi_memset8
20009775   memset
200097e5   UARTConfigSetExpClk
2000985d   spi_Close
200098d1   TimerIntRegister
20009941   _sl_TruncatePayloadByProtocol
200099b1   _sl_HandleAsync_Connect
20009a1d   TimerIntUnregister
20009a85   _sl_HandleAsync_Accept
20009aed   _sl_HandleAsync_DnsGetHostByService
20009b55   uDMAChannelAttributeDisable
20009bb9   uDMAChannelAttributeEnable
20009c1d   _SlDrvDriverCBDeinit
20009cdd   _sl_HandleAsync_Select
20009d39   sl_Bind
20009d95   ltoa
20009df1   IntPendClear
20009e49   PRCMPeripheralReset
20009ea1   _sl_HandleAsync_Stop
20009ef9   IntPrioritySet
20009f4d   sl_NetAppSendTokenValue
20009fa1   SPIIntDisable
20009fed   SPIIntEnable
2000a085   atoi
2000a0d1   sl_SetSockOpt
2000a11d   uDMAChannelAssign
2000a169   uDMAChannelModeGet
2000a1b5   _sl_GetStartResponseConvert
2000a201   SPIIntClear
2000a249   __aeabi_d2iz
2000a291   sl_WlanSet
2000a31d   TimerConfigure
2000a361   PinMuxConfig
2000a3a5   copy_in
2000a3e9   C$$EXIT
2000a3ed   abort
2000a3f5   exit
2000a42d   _Dtest
2000a471   sl_NetCfgSet
2000a4b5   PinModeSet
2000a4f5   _SlDrvRxIrqHandler
2000a535   _SlNonOsMainLoopTask
2000a575   _SlRemoveFromList
2000a5b5   sl_WlanPolicySet
2000a5f5   sl_WlanRxFilterSet
2000a635   NwpPowerOff
2000a671   PRCMPeripheralClkEnable
2000a6ad   _SlDrvObjInit
2000a6e9   uDMAChannelControlSet
2000a725   NwpRegisterInterruptHandler
2000a75d   sl_Htonl
2000a795   PRCMPeripheralStatusGet
2000a7c9   SPIFIFOLevelSet
2000a7fd   _SlDrvBasicCmd
2000a831   _c_int00
2000a865   sl_Htons
2000a899   NwpPowerOn
2000a8c9   UARTDisable
2000a8f9   _SlDrvFlowContDeinit
2000a929   _SlDrvFlowContInit
2000a959   _SlNonOsSemGet
2000a989   sl_Socket
2000a9b9   __aeabi_i2d
2000a9e9   PRCMSysResetCauseGet
2000aa15   TimerLoadSet
2000aa3f   TimerPrescaleSet
2000aa69   PRCMPeripheralClkDisable
2000aa91   _sl_BuildAddress
2000aab9   sl_WlanSetMode
2000aae1   DmaSpiSwIntHandler
2000ab05   IntUnregister
2000ab29   UARTEnable
2000ab4d   memmove
2000ab71   sl_Close
2000ab95   sl_WlanProfileDel
2000abb9   SPIReset
2000abdb   SPIWordCountSet
2000abfd   IntRegister
2000ac1d   _SlDrvCmdSend
2000ac3d   _SlNonOsSpawn
2000ac5d   SPIDataPut
2000ac7b   SPIIntRegister
2000ac99   TimerDisable
2000acb7   TimerEnable
2000acd5   TimerIntStatus
2000acf3   UARTCharPut
2000ad11   TimerValueGet
2000ad2d   _SlDrvObjDeInit
2000ad49   memccpy
2000ad65   uDMAChannelDisable
2000ad81   uDMAChannelEnable
2000ad9d   uDMAChannelRequest
2000adb9   CopyPingResultsToReport
2000add3   PinTypeSPI
2000aded   PinTypeUART
2000ae07   SPIDmaDisable
2000ae21   SPIDmaEnable
2000ae3b   SPIFIFODisable
2000ae55   SPIFIFOEnable
2000ae6f   SPIIntUnregister
2000ae89   _SlDrvDeviceEventHandler
2000aea3   SPICSDisable
2000aebb   SPICSEnable
2000aed3   SPIDisable
2000aeeb   SPIEnable
2000af03   TimerIntDisable
2000af1b   TimerIntEnable
2000af35   _args_main
2000af4d   __aeabi_lmul
2000af65   PRCMHIBRegRead
2000af7b   PRCMHIBRegWrite
2000af91   UARTCharGet
2000afa7   uDMAIntRegister
2000afbd   CPUcpsie
2000afd1   IntVTableBaseSet
2000afe5   _SlDrvShiftDWord
2000aff9   _register_unlock
2000afff   _register_lock
2000b007   _nop
2000b00d   strlen
2000b021   uDMAControlBaseSet
2000b035   uDMAIntClear
2000b049   TimerIntClear
2000b05b   __TI_zero_init
2000b06d   sl_NetAppMDNSUnRegisterService
2000b07f   uDMAIntUnregister
2000b091   NwpMaskInterrupt
2000b0a1   __TI_decompress_none
2000b0af   _Dclass
2000b0bd   ResetISR
2000b0cd   NwpUnMaskInterrupt
2000b0d9   uDMADisable
2000b0e5   uDMAEnable
2000b0f1   uDMAIntStatus
2000b0fd   IntMasterEnable
2000b107   _SlNonOsSemSet
2000b10f   sl_WlanDisconnect
2000b117   UtilsDelay
2000b11d   __TI_decompress_rle24
2000b124   _ctypes_
2000b32c   _SlPolicySetCmdCtrl
2000b330   _SlPolicyGetCmdCtrl
2000b334   _SlProfileGetCmdCtrl
2000b338   _SlProfileDelCmdCtrl
2000b33c   _SlWlanGetNetworkListCtrl
2000b340   _SlRxFilterAddtCmdCtrl
2000b344   _SlRxFilterSetCmdCtrl
2000b348   _SlRxFilterGetCmdCtrl
2000b34c   _SlSmartConfigStartCmdCtrl
2000b350   _SlWlanSetModeCmdCtrl
2000b354   _SlWlanCfgSetCmdCtrl
2000b358   _SlWlanCfgGetCmdCtrl
2000b614   g_H2NSyncPattern
2000b61c   g_H2NCnysPattern
2000b624   _SlActionLookupTable
2000b668   _SlSockSocketCmdCtrl
2000b66c   _SlSockCloseCmdCtrl
2000b670   _SlRecvfomCmdCtrl
2000b674   _SlSendCmdCtrl
2000b678   _SlListenCmdCtrl
2000b67c   _SlAcceptCmdCtrl
2000b680   _SlRecvCmdCtrl
2000b684   _SlSetSockOptCmdCtrl
2000b688   _SlGetSockOptCmdCtrl
2000b68c   _SlSelectCmdCtrl
2000b6c0   _SlNetAppStartCtrl
2000b6c4   _SlNetAppStopCtrl
2000b6c8   _SlGetServiceListeCtrl
2000b6cc   _SlRegisterServiceCtrl
2000b6d0   _SlGetHostByServiceCtrl
2000b6d4   _SlGetHostByNameCtrl
2000b6d8   _SlNetAppSetCmdCtrl
2000b6dc   _SlNetAppSendTokenValueCmdCtrl
2000b6e0   _SlNetAppGetCmdCtrl
2000b77c   _SlStopCmdCtrl
2000b780   _SlEventMaskSetCmdCtrl
2000b784   _SlEventMaskGetCmdCtrl
2000b788   _SlDeviceGetCmdCtrl
2000b78c   _SlDeviceSetCmdCtrl
2000b790   _SlNetCfgSetCmdCtrl
2000b794   _SlNetCfgGetCmdCtrl
2000b798   __TI_static_base__
2000b7e4   __TI_Handler_Table_Base
2000b7f0   __TI_Handler_Table_Limit
2000b7f8   __TI_CINIT_Base
2000b808   __TI_CINIT_Limit
20017000   gpCtlTbl
20017400   myStrC
20017590   gfpAppCallbackHndl
20017690   myStrA
20017758   myStrB
20017820   myStrX
20017884   myStrY
200178e8   g__SlNonOsCB
20017910   g_ucConnectionSSID
20017934   cmd_buffer
20017940   g_ucConnectionBSSID
20017948   Reset_SYNC
20017950   rx_udp_server
20017954   udploop
20017958   ulMode
2001795c   ulRecvData
2001795e   g_cDummy
2001795f   iDone
20017960   _sys_memory
20018160   pPingCallBackFunc
20018164   gFirstCmdMode
20018168   g_pCB
2001816c   g_StatMem
200182d0   g_SpiFd
200182d4   g_pHostIntHdl
200182d8   g_ucDMAEnabled
200182dc   g_ucDinDout
2001832c   g_ulStatus
20018330   g_ulGatewayIP
20018334   g_ulDestinationIp
20018338   g_uiPortNum
2001833c   g_ulPacketCount
20018340   g_ucSimplelinkstarted
20018344   g_ulIpAddr
20018348   udp_str
20018354   num
20018358   timerValue
2001835c   tempCnt
20018360   index
20018364   flag
20018368   chk_bufa_flag
2001836c   check_cmd
20018370   get_sync_cmd_resp
20018374   cmd_sent
20018378   flow_ctrl
2001837c   cmd_index
20018380   check_frame_start
20018390   _lock
20018394   _unlock
20018398   __TI_cleanup_ptr
2001839c   __TI_dtors_ptr
200183a0   main_func_sp
2002f800   __stack
20030000   __STACK_END
ffffffff   __binit__
ffffffff   __c_args__
ffffffff   binit
UNDEFED    SHT$$INIT_ARRAY$$Base
UNDEFED    SHT$$INIT_ARRAY$$Limit

[349 symbols]
