******************************************************************************
                  TI ARM Linker PC v5.1.6                      
******************************************************************************
>> Linked Mon Mar 16 23:20:35 2015

OUTPUT FILE NAME:   <test udp_socket.out>
ENTRY POINT SYMBOL: "_c_int00"  address: 2000a4d9


MEMORY CONFIGURATION

         name            origin    length      used     unused   attr    fill
----------------------  --------  ---------  --------  --------  ----  --------
  SRAM_CODE             20004000   00013000  0000740e  0000bbf2  RW X
  SRAM_DATA             20017000   00019000  00001a4c  000175b4  RW X


SEGMENT ALLOCATION MAP

run origin  load origin   length   init length attrs members
----------  ----------- ---------- ----------- ----- -------
20004000    20004000    00007410   00007410    r-x
  20004000    20004000    00000400   00000400    r-- .intvecs
  20004400    20004400    00006906   00006906    r-x .text
  2000ad08    2000ad08    00000698   00000698    r-- .const
  2000b3a0    2000b3a0    00000070   00000070    r-- .cinit
20017000    20017000    00001250   00000000    rw-
  20017000    20017000    00000824   00000000    rw- .bss
  20017828    20017828    00000800   00000000    rw- .sysmem
  20018028    20018028    00000228   00000000    rw- .data
2002f800    2002f800    00000800   00000000    rw-
  2002f800    2002f800    00000800   00000000    rw- .stack


SECTION ALLOCATION MAP

 output                                  attributes/
section   page    origin      length       input sections
--------  ----  ----------  ----------   ----------------
.init_array 
*          0    20004000    00000000     UNINITIALIZED

.intvecs   0    20004000    00000400     
                  20004000    00000400     startup_ccs.obj (.intvecs)

.text      0    20004400    00006906     
                  20004400    00000ec0     rtsv7M4_T_le_eabi.lib : _printfi.obj (.text)
                  200052c0    00000d90     main.obj (.text)
                  20006050    000003cc     rtsv7M4_T_le_eabi.lib : memory.obj (.text)
                  2000641c    000003b4     simplelink.a : driver.obj (.text:_SlDrvMsgRead)
                  200067d0    00000368     spi.obj (.text)
                  20006b38    0000034c     simplelink.a : driver.obj (.text:_SlAsyncEventGenericHandler)
                  20006e84    0000026c     uart_if.obj (.text)
                  200070f0    00000200     udma_if.obj (.text)
                  200072f0    000001f4     rtsv7M4_T_le_eabi.lib : ull_div_t2.obj (.text)
                  200074e4    000001b6                           : fd_add_t2.obj (.text)
                  2000769a    00000002     driverlib.a : interrupt.obj (.text:IntDefaultHandler)
                  2000769c    0000019c     simplelink.a : wlan.obj (.text:sl_WlanConnect)
                  20007838    0000017c                  : driver.obj (.text:_SlDrvDataReadOp)
                  200079b4    00000140                  : driver.obj (.text:_SlDrvRxHdrRead)
                  20007af4    00000136     rtsv7M4_T_le_eabi.lib : fd_div_t2.obj (.text)
                  20007c2a    00000002     --HOLE-- [fill = 0]
                  20007c2c    00000134     driverlib.a : prcm.obj (.text:PRCMCC3200MCUInit)
                  20007d60    00000128     simplelink.a : cc_pal.obj (.text:spi_Open)
                  20007e88    00000118                  : driver.obj (.text:_SlDrvWaitForPoolObj)
                  20007fa0    00000114                  : driver.obj (.text:_SlDrvMsgWrite)
                  200080b4    0000010c                  : driver.obj (.text:_SlDrvReleasePoolObj)
                  200081c0    000000fc     rtsv7M4_T_le_eabi.lib : fd_mul_t2.obj (.text)
                  200082bc    000000f0     driverlib.a : udma.obj (.text:uDMAChannelTransferSet)
                  200083ac    000000ec     simplelink.a : cc_pal.obj (.text:spi_Write)
                  20008498    000000cc                  : device.obj (.text:sl_Stop)
                  20008564    000000cc                  : cc_pal.obj (.text:spi_Read)
                  20008630    000000c8                  : device.obj (.text:sl_Start)
                  200086f8    000000bc                  : driver.obj (.text:_SlDrvMsgReadCmdCtx)
                  200087b4    000000b2                  : netapp.obj (.text:_SlDrvNetAppEventHandler)
                  20008866    00000002     --HOLE-- [fill = 0]
                  20008868    000000ac                  : socket.obj (.text:sl_RecvFrom)
                  20008914    000000a8     driverlib.a : interrupt.obj (.text:IntDisable)
                  200089bc    000000a8                 : interrupt.obj (.text:IntEnable)
                  20008a64    000000a0                 : spi.obj (.text:SPIConfigSetExpClk)
                  20008b04    0000009c     rtsv7M4_T_le_eabi.lib : memcpy_t2.obj (.text)
                  20008ba0    00000098     simplelink.a : driver.obj (.text:_SlFindAndSetActiveObj)
                  20008c38    00000094     driverlib.a : prcm.obj (.text:PRCMPeripheralClockGet)
                  20008ccc    00000094     simplelink.a : driver.obj (.text:_SlDrvClassifyRxMsg)
                  20008d60    00000094                  : driver.obj (.text:_SlDrvMsgReadSpawnCtx)
                  20008df4    00000094     rtsv7M4_T_le_eabi.lib : auto_init.obj (.text)
                  20008e88    00000090     simplelink.a : driver.obj (.text:_SlDrvDriverCBInit)
                  20008f18    00000088     driverlib.a : pin.obj (.text:PinConfigSet)
                  20008fa0    00000088     simplelink.a : driver.obj (.text:_SlDrvCmdOp)
                  20009028    00000088     rtsv7M4_T_le_eabi.lib : vsnprintf.obj (.text)
                  200090b0    00000088     simplelink.a : netapp.obj (.text:sl_NetAppMDNSRegisterUnregisterService)
                  20009138    00000086     rtsv7M4_T_le_eabi.lib : fd_cmp_t2.obj (.text:__aeabi_cdcmple)
                  200091be    00000086                           : fd_cmp_t2.obj (.text:__aeabi_cdrcmple)
                  20009244    00000084     simplelink.a : netapp.obj (.text:_sl_HandleAsync_DnsGetHostByName)
                  200092c8    00000080                  : cc_pal.obj (.text:NwpPowerOnPreamble)
                  20009348    0000007c     driverlib.a : spi.obj (.text:SPIIntStatus)
                  200093c4    0000007c     simplelink.a : device.obj (.text:sl_DevGet)
                  20009440    00000078                  : cc_pal.obj (.text:SetupDMAReceive)
                  200094b8    00000078                  : device.obj (.text:_sl_HandleAsync_InitComplete)
                  20009530    00000078                  : netapp.obj (.text:_sl_HandleAsync_PingResponse)
                  200095a8    00000078     rtsv7M4_T_le_eabi.lib : memset_t2.obj (.text)
                  20009620    00000076     driverlib.a : uart.obj (.text:UARTConfigSetExpClk)
                  20009696    00000002     --HOLE-- [fill = 0]
                  20009698    00000074     simplelink.a : cc_pal.obj (.text:spi_Close)
                  2000970c    0000006c                  : socket.obj (.text:_sl_HandleAsync_Connect)
                  20009778    00000068                  : socket.obj (.text:_sl_HandleAsync_Accept)
                  200097e0    00000068                  : netapp.obj (.text:_sl_HandleAsync_DnsGetHostByService)
                  20009848    00000064     driverlib.a : udma.obj (.text:uDMAChannelAttributeDisable)
                  200098ac    00000064                 : udma.obj (.text:uDMAChannelAttributeEnable)
                  20009910    00000060     simplelink.a : driver.obj (.text:_SlDrvDriverCBDeinit)
                  20009970    0000005e     rtsv7M4_T_le_eabi.lib : copy_decompress_rle.obj (.text)
                  200099ce    00000002     --HOLE-- [fill = 0]
                  200099d0    0000005c     simplelink.a : socket.obj (.text:_sl_HandleAsync_Select)
                  20009a2c    0000005c                  : socket.obj (.text:sl_Bind)
                  20009a88    0000005a     rtsv7M4_T_le_eabi.lib : ltoa.obj (.text)
                  20009ae2    00000002     --HOLE-- [fill = 0]
                  20009ae4    00000058     driverlib.a : interrupt.obj (.text:IntPendClear)
                  20009b3c    00000058                 : prcm.obj (.text:PRCMPeripheralReset)
                  20009b94    00000058     simplelink.a : device.obj (.text:_sl_HandleAsync_Stop)
                  20009bec    00000054     driverlib.a : interrupt.obj (.text:IntPrioritySet)
                  20009c40    00000054     simplelink.a : netapp.obj (.text:sl_NetAppSendTokenValue)
                  20009c94    0000004c     driverlib.a : spi.obj (.text:SPIIntDisable)
                  20009ce0    0000004c                 : spi.obj (.text:SPIIntEnable)
                  20009d2c    0000004c                 : spi.obj (.text:SPIIntNumberGet)
                  20009d78    0000004c     rtsv7M4_T_le_eabi.lib : atoi.obj (.text)
                  20009dc4    0000004c     driverlib.a : udma.obj (.text:uDMAChannelAssign)
                  20009e10    0000004c                 : udma.obj (.text:uDMAChannelModeGet)
                  20009e5c    0000004a     simplelink.a : device.obj (.text:_sl_GetStartResponseConvert)
                  20009ea6    00000002     --HOLE-- [fill = 0]
                  20009ea8    00000048     driverlib.a : spi.obj (.text:SPIIntClear)
                  20009ef0    00000048     rtsv7M4_T_le_eabi.lib : fd_toi_t2.obj (.text)
                  20009f38    00000048     simplelink.a : wlan.obj (.text:sl_WlanSet)
                  20009f80    00000044     driverlib.a : spi.obj (.text:SPIDmaMaskGet)
                  20009fc4    00000044                 : timer.obj (.text:TimerConfigure)
                  2000a008    00000044     pinmux.obj (.text)
                  2000a04c    00000044     rtsv7M4_T_le_eabi.lib : cpy_tbl.obj (.text)
                  2000a090    00000044                           : exit.obj (.text)
                  2000a0d4    00000044                           : xdtest.obj (.text)
                  2000a118    00000044     simplelink.a : netcfg.obj (.text:sl_NetCfgSet)
                  2000a15c    00000040     driverlib.a : pin.obj (.text:PinModeSet)
                  2000a19c    00000040     simplelink.a : driver.obj (.text:_SlDrvRxIrqHandler)
                  2000a1dc    00000040                  : nonos.obj (.text:_SlNonOsMainLoopTask)
                  2000a21c    00000040                  : driver.obj (.text:_SlRemoveFromList)
                  2000a25c    00000040                  : wlan.obj (.text:sl_WlanPolicySet)
                  2000a29c    00000040                  : wlan.obj (.text:sl_WlanRxFilterSet)
                  2000a2dc    0000003c                  : cc_pal.obj (.text:NwpPowerOff)
                  2000a318    0000003c     driverlib.a : prcm.obj (.text:PRCMPeripheralClkEnable)
                  2000a354    0000003c     simplelink.a : driver.obj (.text:_SlDrvObjInit)
                  2000a390    0000003c     driverlib.a : udma.obj (.text:uDMAChannelControlSet)
                  2000a3cc    00000038     simplelink.a : cc_pal.obj (.text:NwpRegisterInterruptHandler)
                  2000a404    00000038                  : socket.obj (.text:sl_Htonl)
                  2000a43c    00000034     driverlib.a : prcm.obj (.text:PRCMPeripheralStatusGet)
                  2000a470    00000034                 : spi.obj (.text:SPIFIFOLevelSet)
                  2000a4a4    00000034     simplelink.a : driver.obj (.text:_SlDrvBasicCmd)
                  2000a4d8    00000034     rtsv7M4_T_le_eabi.lib : boot.obj (.text)
                  2000a50c    00000034     simplelink.a : socket.obj (.text:sl_Htons)
                  2000a540    00000030                  : cc_pal.obj (.text:NwpPowerOn)
                  2000a570    00000030     driverlib.a : uart.obj (.text:UARTDisable)
                  2000a5a0    00000030     simplelink.a : flowcont.obj (.text:_SlDrvFlowContDeinit)
                  2000a5d0    00000030                  : flowcont.obj (.text:_SlDrvFlowContInit)
                  2000a600    00000030                  : nonos.obj (.text:_SlNonOsSemGet)
                  2000a630    00000030                  : socket.obj (.text:sl_Socket)
                  2000a660    0000002e     rtsv7M4_T_le_eabi.lib : i_tofd_t2.obj (.text)
                  2000a68e    00000002     --HOLE-- [fill = 0]
                  2000a690    0000002c     driverlib.a : prcm.obj (.text:PRCMSysResetCauseGet)
                  2000a6bc    00000028                 : prcm.obj (.text:PRCMPeripheralClkDisable)
                  2000a6e4    00000028                 : spi.obj (.text:SPIDataPutNonBlocking)
                  2000a70c    00000028     simplelink.a : socket.obj (.text:_sl_BuildAddress)
                  2000a734    00000028                  : wlan.obj (.text:sl_WlanSetMode)
                  2000a75c    00000024                  : cc_pal.obj (.text:DmaSpiSwIntHandler)
                  2000a780    00000024     driverlib.a : interrupt.obj (.text:IntUnregister)
                  2000a7a4    00000024                 : uart.obj (.text:UARTEnable)
                  2000a7c8    00000024     rtsv7M4_T_le_eabi.lib : memmov.obj (.text)
                  2000a7ec    00000024     simplelink.a : socket.obj (.text:sl_Close)
                  2000a810    00000024                  : wlan.obj (.text:sl_WlanProfileDel)
                  2000a834    00000022     driverlib.a : spi.obj (.text:SPIReset)
                  2000a856    00000022                 : spi.obj (.text:SPIWordCountSet)
                  2000a878    00000020                 : interrupt.obj (.text:IntRegister)
                  2000a898    00000020     simplelink.a : driver.obj (.text:_SlDrvCmdSend)
                  2000a8b8    00000020                  : nonos.obj (.text:_SlNonOsSpawn)
                  2000a8d8    0000001e     driverlib.a : spi.obj (.text:SPIIntRegister)
                  2000a8f6    0000001e                 : timer.obj (.text:TimerEnable)
                  2000a914    0000001e                 : uart.obj (.text:UARTCharPut)
                  2000a932    0000001c                 : timer.obj (.text:TimerValueGet)
                  2000a94e    00000002     --HOLE-- [fill = 0]
                  2000a950    0000001c     simplelink.a : driver.obj (.text:_SlDrvObjDeInit)
                  2000a96c    0000001c     rtsv7M4_T_le_eabi.lib : memccpy.obj (.text)
                  2000a988    0000001c     driverlib.a : udma.obj (.text:uDMAChannelDisable)
                  2000a9a4    0000001c                 : udma.obj (.text:uDMAChannelEnable)
                  2000a9c0    0000001c                 : udma.obj (.text:uDMAChannelRequest)
                  2000a9dc    0000001a     simplelink.a : netapp.obj (.text:CopyPingResultsToReport)
                  2000a9f6    0000001a     driverlib.a : pin.obj (.text:PinTypeSPI)
                  2000aa10    0000001a                 : pin.obj (.text:PinTypeUART)
                  2000aa2a    0000001a                 : spi.obj (.text:SPIDmaDisable)
                  2000aa44    0000001a                 : spi.obj (.text:SPIDmaEnable)
                  2000aa5e    0000001a                 : spi.obj (.text:SPIFIFODisable)
                  2000aa78    0000001a                 : spi.obj (.text:SPIFIFOEnable)
                  2000aa92    0000001a                 : spi.obj (.text:SPIIntUnregister)
                  2000aaac    0000001a     simplelink.a : device.obj (.text:_SlDrvDeviceEventHandler)
                  2000aac6    00000018     driverlib.a : spi.obj (.text:SPICSDisable)
                  2000aade    00000018                 : spi.obj (.text:SPICSEnable)
                  2000aaf6    00000018                 : spi.obj (.text:SPIDisable)
                  2000ab0e    00000018                 : spi.obj (.text:SPIEnable)
                  2000ab26    00000002     --HOLE-- [fill = 0]
                  2000ab28    00000018     rtsv7M4_T_le_eabi.lib : args_main.obj (.text)
                  2000ab40    00000018                           : ll_mul_t2.obj (.text)
                  2000ab58    00000016     driverlib.a : prcm.obj (.text:PRCMHIBRegRead)
                  2000ab6e    00000016                 : prcm.obj (.text:PRCMHIBRegWrite)
                  2000ab84    00000016                 : uart.obj (.text:UARTCharGet)
                  2000ab9a    00000016                 : udma.obj (.text:uDMAIntRegister)
                  2000abb0    00000014                 : cpu.obj (.text:CPUcpsie)
                  2000abc4    00000014                 : interrupt.obj (.text:IntVTableBaseSet)
                  2000abd8    00000014     simplelink.a : driver.obj (.text:_SlDrvShiftDWord)
                  2000abec    00000014     rtsv7M4_T_le_eabi.lib : _lock.obj (.text)
                  2000ac00    00000014                           : strlen.obj (.text)
                  2000ac14    00000014     driverlib.a : udma.obj (.text:uDMAControlBaseSet)
                  2000ac28    00000014                 : udma.obj (.text:uDMAIntClear)
                  2000ac3c    00000012     rtsv7M4_T_le_eabi.lib : copy_zero_init.obj (.text:decompress:ZI)
                  2000ac4e    00000012     simplelink.a : netapp.obj (.text:sl_NetAppMDNSUnRegisterService)
                  2000ac60    00000012     driverlib.a : udma.obj (.text:uDMAIntUnregister)
                  2000ac72    00000002     --HOLE-- [fill = 0]
                  2000ac74    00000010     simplelink.a : cc_pal.obj (.text:NwpMaskInterrupt)
                  2000ac84    0000000e     rtsv7M4_T_le_eabi.lib : copy_decompress_none.obj (.text:decompress:none)
                  2000ac92    0000000e                           : xdclass.obj (.text)
                  2000aca0    0000000e     startup_ccs.obj (.text)
                  2000acae    00000002     --HOLE-- [fill = 0]
                  2000acb0    0000000c     simplelink.a : cc_pal.obj (.text:NwpUnMaskInterrupt)
                  2000acbc    0000000c     driverlib.a : udma.obj (.text:uDMADisable)
                  2000acc8    0000000c                 : udma.obj (.text:uDMAEnable)
                  2000acd4    0000000c                 : udma.obj (.text:uDMAIntStatus)
                  2000ace0    0000000a                 : interrupt.obj (.text:IntMasterEnable)
                  2000acea    00000008     simplelink.a : nonos.obj (.text:_SlNonOsSemSet)
                  2000acf2    00000008                  : wlan.obj (.text:sl_WlanDisconnect)
                  2000acfa    00000006     driverlib.a : utils.obj (.text:UtilsDelay)
                  2000ad00    00000006     rtsv7M4_T_le_eabi.lib : copy_decompress_rle.obj (.text:decompress:rle24)

.const     0    2000ad08    00000698     
                  2000ad08    00000102     rtsv7M4_T_le_eabi.lib : ctype.obj (.const:.string:_ctypes_)
                  2000ae0a    00000002     --HOLE-- [fill = 0]
                  2000ae0c    00000100     driverlib.a : pin.obj (.const:g_ulPinToPadMap)
                  2000af0c    000000ec     simplelink.a : wlan.obj (.const)
                  2000aff8    000000d4     driverlib.a : interrupt.obj (.const:g_pulRegs)
                  2000b0cc    000000a8                 : prcm.obj (.const:PRCM_PeriphRegsList)
                  2000b174    00000080                 : interrupt.obj (.const)
                  2000b1f4    0000004c     simplelink.a : driver.obj (.const)
                  2000b240    0000003c     main.obj (.const:.string)
                  2000b27c    00000034     simplelink.a : socket.obj (.const)
                  2000b2b0    0000002c     main.obj (.const:$P$T1$2)
                  2000b2dc    00000028     simplelink.a : netapp.obj (.const)
                  2000b304    00000024     driverlib.a : spi.obj (.const:g_ppulSPIIntMap)
                  2000b328    00000022     main.obj (.const:.string:$P$T0$1)
                  2000b34a    00000002     --HOLE-- [fill = 0]
                  2000b34c    00000020     main.obj (.const)
                  2000b36c    00000018     driverlib.a : spi.obj (.const)
                  2000b384    00000014     simplelink.a : device.obj (.const)
                  2000b398    00000008                  : netcfg.obj (.const)

.cinit     0    2000b3a0    00000070     
                  2000b3a0    0000004c     (.cinit..data.load) [load image, compression = rle]
                  2000b3ec    0000000c     (__TI_handler_table)
                  2000b3f8    00000008     (.cinit..bss.load) [load image, compression = zero_init]
                  2000b400    00000010     (__TI_cinit_table)

.bss       0    20017000    00000824     UNINITIALIZED
                  20017000    00000400     udma_if.obj (.bss:gpCtlTbl)
                  20017400    00000100     udma_if.obj (.bss:gfpAppCallbackHndl)
                  20017500    000000c8     main.obj (.bss:rx_udp_server)
                  200175c8    00000064     spi.obj (.bss:myStrA)
                  2001762c    00000064     spi.obj (.bss:myStrB)
                  20017690    00000064     spi.obj (.bss:myStrC)
                  200176f4    00000064     spi.obj (.bss:myStrX)
                  20017758    00000064     spi.obj (.bss:myStrY)
                  200177bc    00000028     simplelink.a : nonos.obj (.bss:g__SlNonOsCB)
                  200177e4    00000024     main.obj (.bss:g_ucConnectionSSID)
                  20017808    00000008     (.common:g_ucConnectionBSSID)
                  20017810    00000004     (.common:SYNC)
                  20017814    00000004     (.common:__Errorlog)
                  20017818    00000004     (.common:timervalue)
                  2001781c    00000004     (.common:ulMode)
                  20017820    00000002     (.common:ulRecvData)
                  20017822    00000001     (.common:g_cDummy)
                  20017823    00000001     (.common:iDone)

.sysmem    0    20017828    00000800     UNINITIALIZED
                  20017828    00000008     rtsv7M4_T_le_eabi.lib : memory.obj (.sysmem)
                  20017830    000007f8     --HOLE--

.data      0    20018028    00000228     UNINITIALIZED
                  20018028    00000170     simplelink.a : driver.obj (.data)
                  20018198    0000005c                  : cc_pal.obj (.data)
                  200181f4    0000002c     main.obj (.data)
                  20018220    00000010     spi.obj (.data)
                  20018230    0000000c     rtsv7M4_T_le_eabi.lib : memory.obj (.data)
                  2001823c    00000008                           : _lock.obj (.data)
                  20018244    00000008                           : exit.obj (.data)
                  2001824c    00000004                           : stkdepth_vars.obj (.data)

.stack     0    2002f800    00000800     UNINITIALIZED
                  2002f800    00000800     --HOLE--


LINKER GENERATED COPY TABLES

__TI_cinit_table @ 2000b400 records: 2, size/record: 8, table size: 16
	.data: load addr=2000b3a0, load size=0000004c bytes, run addr=20018028, run size=00000228 bytes, compression=rle
	.bss: load addr=2000b3f8, load size=00000008 bytes, run addr=20017000, run size=00000824 bytes, compression=zero_init


LINKER GENERATED HANDLER TABLE

__TI_handler_table @ 2000b3ec records: 3, size/record: 4, table size: 12
	index: 0, handler: __TI_decompress_rle24
	index: 1, handler: __TI_decompress_none
	index: 2, handler: __TI_zero_init


GLOBAL SYMBOLS: SORTED ALPHABETICALLY BY Name 

address    name
--------   ----
20005bfb   BsdUdpClient
20005ae1   BsdUdpServer
2000a091   C$$EXIT
2000abb1   CPUcpsie
20006ec5   ClearTerm
2000a9dd   CopyPingResultsToReport
20007297   DMASetupTransfer
20007107   DmaErrorIntHandler
2000a75d   DmaSpiSwIntHandler
200070f1   DmaSwIntHandler
20006ecf   Error
20006f07   GetCmd
20006e85   InitTerm
20008915   IntDisable
200089bd   IntEnable
2000ace1   IntMasterEnable
20009ae5   IntPendClear
20009bed   IntPrioritySet
2000a879   IntRegister
2000a781   IntUnregister
2000abc5   IntVTableBaseSet
20006ea3   Message
2000ac75   NwpMaskInterrupt
2000a2dd   NwpPowerOff
2000a541   NwpPowerOn
200092c9   NwpPowerOnPreamble
2000a3cd   NwpRegisterInterruptHandler
2000acb1   NwpUnMaskInterrupt
20007c2d   PRCMCC3200MCUInit
2000ab59   PRCMHIBRegRead
2000ab6f   PRCMHIBRegWrite
2000a6bd   PRCMPeripheralClkDisable
2000a319   PRCMPeripheralClkEnable
20008c39   PRCMPeripheralClockGet
20009b3d   PRCMPeripheralReset
2000a43d   PRCMPeripheralStatusGet
2000a691   PRCMSysResetCauseGet
20008f19   PinConfigSet
2000a15d   PinModeSet
2000a009   PinMuxConfig
2000a9f7   PinTypeSPI
2000aa11   PinTypeUART
20007031   Report
2000aca1   ResetISR
UNDEFED    SHT$$INIT_ARRAY$$Base
UNDEFED    SHT$$INIT_ARRAY$$Limit
2000aac7   SPICSDisable
2000aadf   SPICSEnable
20008a65   SPIConfigSetExpClk
2000a6e5   SPIDataPutNonBlocking
2000aaf7   SPIDisable
2000aa2b   SPIDmaDisable
2000aa45   SPIDmaEnable
2000ab0f   SPIEnable
2000aa5f   SPIFIFODisable
2000aa79   SPIFIFOEnable
2000a471   SPIFIFOLevelSet
20009ea9   SPIIntClear
20009c95   SPIIntDisable
20009ce1   SPIIntEnable
2000a8d9   SPIIntRegister
20009349   SPIIntStatus
2000aa93   SPIIntUnregister
2000a835   SPIReset
2000a857   SPIWordCountSet
20017810   SYNC
20007199   SetupTransfer
200054c9   SimpleLinkGeneralEventHandler
2000551d   SimpleLinkHttpServerCallback
20005409   SimpleLinkNetAppEventHandler
20005529   SimpleLinkSockEventHandler
200052f9   SimpleLinkWlanEventHandler
20006975   SlaveMain
20009fc5   TimerConfigure
2000a8f7   TimerEnable
2000a933   TimerValueGet
20006f99   TrimSpace
2000ab85   UARTCharGet
2000a915   UARTCharPut
20009621   UARTConfigSetExpClk
2000a571   UARTDisable
2000a7a5   UARTEnable
2000716b   UDMAChannelSelect
20007283   UDMADeInit
20007113   UDMAInit
200071dd   UDMASetupAutoMemTransfer
20007211   UDMASetupPingPongTransfer
2000726b   UDMAStartTransfer
20007277   UDMAStopTransfer
2000acfb   UtilsDelay
2000ac93   _Dclass
2000a0d5   _Dtest
2000b29c   _SlAcceptCmdCtrl
2000b208   _SlActionLookupTable
20006b39   _SlAsyncEventGenericHandler
2000b390   _SlDeviceGetCmdCtrl
2000b394   _SlDeviceSetCmdCtrl
2000a4a5   _SlDrvBasicCmd
20008ccd   _SlDrvClassifyRxMsg
20008fa1   _SlDrvCmdOp
2000a899   _SlDrvCmdSend
20007839   _SlDrvDataReadOp
2000aaad   _SlDrvDeviceEventHandler
20009911   _SlDrvDriverCBDeinit
20008e89   _SlDrvDriverCBInit
2000a5a1   _SlDrvFlowContDeinit
2000a5d1   _SlDrvFlowContInit
2000641d   _SlDrvMsgRead
200086f9   _SlDrvMsgReadCmdCtx
20008d61   _SlDrvMsgReadSpawnCtx
20007fa1   _SlDrvMsgWrite
200087b5   _SlDrvNetAppEventHandler
2000a951   _SlDrvObjDeInit
2000a355   _SlDrvObjInit
200080b5   _SlDrvReleasePoolObj
200079b5   _SlDrvRxHdrRead
2000a19d   _SlDrvRxIrqHandler
2000abd9   _SlDrvShiftDWord
20007e89   _SlDrvWaitForPoolObj
2000b38c   _SlEventMaskGetCmdCtrl
2000b388   _SlEventMaskSetCmdCtrl
20008ba1   _SlFindAndSetActiveObj
2000b2f4   _SlGetHostByNameCtrl
2000b2f0   _SlGetHostByServiceCtrl
2000b2e8   _SlGetServiceListeCtrl
2000b2a8   _SlGetSockOptCmdCtrl
2000b298   _SlListenCmdCtrl
2000b300   _SlNetAppGetCmdCtrl
2000b2fc   _SlNetAppSendTokenValueCmdCtrl
2000b2f8   _SlNetAppSetCmdCtrl
2000b2e0   _SlNetAppStartCtrl
2000b2e4   _SlNetAppStopCtrl
2000b39c   _SlNetCfgGetCmdCtrl
2000b398   _SlNetCfgSetCmdCtrl
2000a1dd   _SlNonOsMainLoopTask
2000a601   _SlNonOsSemGet
2000aceb   _SlNonOsSemSet
2000a8b9   _SlNonOsSpawn
2000af14   _SlPolicyGetCmdCtrl
2000af10   _SlPolicySetCmdCtrl
2000af1c   _SlProfileDelCmdCtrl
2000af18   _SlProfileGetCmdCtrl
2000b2a0   _SlRecvCmdCtrl
2000b290   _SlRecvfomCmdCtrl
2000b2ec   _SlRegisterServiceCtrl
2000a21d   _SlRemoveFromList
2000af24   _SlRxFilterAddtCmdCtrl
2000af2c   _SlRxFilterGetCmdCtrl
2000af28   _SlRxFilterSetCmdCtrl
2000b2ac   _SlSelectCmdCtrl
2000b294   _SlSendCmdCtrl
2000b2a4   _SlSetSockOptCmdCtrl
2000af30   _SlSmartConfigStartCmdCtrl
2000b28c   _SlSockCloseCmdCtrl
2000b288   _SlSockSocketCmdCtrl
2000b384   _SlStopCmdCtrl
2000af3c   _SlWlanCfgGetCmdCtrl
2000af38   _SlWlanCfgSetCmdCtrl
2000af20   _SlWlanGetNetworkListCtrl
2000af34   _SlWlanSetModeCmdCtrl
20030000   __STACK_END
00000800   __STACK_SIZE
00000800   __SYSMEM_SIZE
2000b400   __TI_CINIT_Base
2000b410   __TI_CINIT_Limit
2000b3ec   __TI_Handler_Table_Base
2000b3f8   __TI_Handler_Table_Limit
00000001   __TI_args_main
20008df5   __TI_auto_init
20018244   __TI_cleanup_ptr
2000ac85   __TI_decompress_none
2000ad01   __TI_decompress_rle24
20018248   __TI_dtors_ptr
20004fb7   __TI_printfi
2000b3a0   __TI_static_base__
2000ac3d   __TI_zero_init
20009139   __aeabi_cdcmpeq
20009139   __aeabi_cdcmple
200091bf   __aeabi_cdrcmple
20009ef1   __aeabi_d2iz
200074ef   __aeabi_dadd
20007af5   __aeabi_ddiv
200081c1   __aeabi_dmul
200074e5   __aeabi_dsub
2000a661   __aeabi_i2d
2000ab41   __aeabi_lmul
200095a9   __aeabi_memclr
200095a9   __aeabi_memclr4
200095a9   __aeabi_memclr8
20008b05   __aeabi_memcpy
20008b05   __aeabi_memcpy4
20008b05   __aeabi_memcpy8
200095ab   __aeabi_memset
200095ab   __aeabi_memset4
200095ab   __aeabi_memset8
200072f1   __aeabi_uldivmod
ffffffff   __binit__
ffffffff   __c_args__
2002f800   __stack
2000ab29   _args_main
2000a4d9   _c_int00
2000ad08   _ctypes_
2001823c   _lock
2000abfb   _nop
2000abf3   _register_lock
2000abed   _register_unlock
2000a70d   _sl_BuildAddress
20009e5d   _sl_GetStartResponseConvert
20009779   _sl_HandleAsync_Accept
2000970d   _sl_HandleAsync_Connect
20009245   _sl_HandleAsync_DnsGetHostByName
200097e1   _sl_HandleAsync_DnsGetHostByService
200094b9   _sl_HandleAsync_InitComplete
20009531   _sl_HandleAsync_PingResponse
200099d1   _sl_HandleAsync_Select
20009b95   _sl_HandleAsync_Stop
20017828   _sys_memory
20018240   _unlock
2000a095   abort
20009d79   atoi
ffffffff   binit
200063e5   calloc
20018228   check_cmd
2000a04d   copy_in
2000a09d   exit
20018224   flag
2000613f   free
2001802c   gFirstCmdMode
2000b200   g_H2NCnysPattern
2000b1f8   g_H2NSyncPattern
20018198   g_SpiFd
20018034   g_StatMem
200177bc   g__SlNonOsCB
20017822   g_cDummy
20018030   g_pCB
2001819c   g_pHostIntHdl
20004000   g_pfnVectors
20017808   g_ucConnectionBSSID
200177e4   g_ucConnectionSSID
200181a0   g_ucDMAEnabled
200181a4   g_ucDinDout
20018208   g_ucSimplelinkstarted
20018200   g_uiPortNum
200181fc   g_ulDestinationIp
200181f8   g_ulGatewayIP
2001820c   g_ulIpAddr
20018204   g_ulPacketCount
200181f4   g_ulStatus
2001822c   get_sync_cmd_resp
20017400   gfpAppCallbackHndl
20017000   gpCtlTbl
20017823   iDone
20018220   index
20009a89   ltoa
20005d6d   main
2001824c   main_func_sp
200060dd   malloc
20006305   memalign
2000a96d   memccpy
20008b05   memcpy
2000a7c9   memmove
200095b1   memset
20006051   minit
200052c1   ms_delay
200175c8   myStrA
2001762c   myStrB
20017690   myStrC
200176f4   myStrX
20017758   myStrY
2001821c   num
20018028   pPingCallBackFunc
200061ff   realloc
20017500   rx_udp_server
20009a2d   sl_Bind
2000a7ed   sl_Close
200093c5   sl_DevGet
2000a405   sl_Htonl
2000a50d   sl_Htons
200090b1   sl_NetAppMDNSRegisterUnregisterService
2000ac4f   sl_NetAppMDNSUnRegisterService
20009c41   sl_NetAppSendTokenValue
2000a119   sl_NetCfgSet
20008869   sl_RecvFrom
2000a631   sl_Socket
20008631   sl_Start
20008499   sl_Stop
2000769d   sl_WlanConnect
2000acf3   sl_WlanDisconnect
2000a25d   sl_WlanPolicySet
2000a811   sl_WlanProfileDel
2000a29d   sl_WlanRxFilterSet
20009f39   sl_WlanSet
2000a735   sl_WlanSetMode
20006afd   spi
20009699   spi_Close
20007d61   spi_Open
20008565   spi_Read
200083ad   spi_Write
2000ac01   strlen
20006a75   sync_spi
20017818   timervalue
20009dc5   uDMAChannelAssign
20009849   uDMAChannelAttributeDisable
200098ad   uDMAChannelAttributeEnable
2000a391   uDMAChannelControlSet
2000a989   uDMAChannelDisable
2000a9a5   uDMAChannelEnable
20009e11   uDMAChannelModeGet
2000a9c1   uDMAChannelRequest
200082bd   uDMAChannelTransferSet
2000ac15   uDMAControlBaseSet
2000acbd   uDMADisable
2000acc9   uDMAEnable
2000ac29   uDMAIntClear
2000ab9b   uDMAIntRegister
2000acd5   uDMAIntStatus
2000ac61   uDMAIntUnregister
20018210   udp_str
2001781c   ulMode
20017820   ulRecvData
20009029   vsnprintf


GLOBAL SYMBOLS: SORTED BY Symbol Address 

address    name
--------   ----
00000001   __TI_args_main
00000800   __STACK_SIZE
00000800   __SYSMEM_SIZE
20004000   g_pfnVectors
20004fb7   __TI_printfi
200052c1   ms_delay
200052f9   SimpleLinkWlanEventHandler
20005409   SimpleLinkNetAppEventHandler
200054c9   SimpleLinkGeneralEventHandler
2000551d   SimpleLinkHttpServerCallback
20005529   SimpleLinkSockEventHandler
20005ae1   BsdUdpServer
20005bfb   BsdUdpClient
20005d6d   main
20006051   minit
200060dd   malloc
2000613f   free
200061ff   realloc
20006305   memalign
200063e5   calloc
2000641d   _SlDrvMsgRead
20006975   SlaveMain
20006a75   sync_spi
20006afd   spi
20006b39   _SlAsyncEventGenericHandler
20006e85   InitTerm
20006ea3   Message
20006ec5   ClearTerm
20006ecf   Error
20006f07   GetCmd
20006f99   TrimSpace
20007031   Report
200070f1   DmaSwIntHandler
20007107   DmaErrorIntHandler
20007113   UDMAInit
2000716b   UDMAChannelSelect
20007199   SetupTransfer
200071dd   UDMASetupAutoMemTransfer
20007211   UDMASetupPingPongTransfer
2000726b   UDMAStartTransfer
20007277   UDMAStopTransfer
20007283   UDMADeInit
20007297   DMASetupTransfer
200072f1   __aeabi_uldivmod
200074e5   __aeabi_dsub
200074ef   __aeabi_dadd
2000769d   sl_WlanConnect
20007839   _SlDrvDataReadOp
200079b5   _SlDrvRxHdrRead
20007af5   __aeabi_ddiv
20007c2d   PRCMCC3200MCUInit
20007d61   spi_Open
20007e89   _SlDrvWaitForPoolObj
20007fa1   _SlDrvMsgWrite
200080b5   _SlDrvReleasePoolObj
200081c1   __aeabi_dmul
200082bd   uDMAChannelTransferSet
200083ad   spi_Write
20008499   sl_Stop
20008565   spi_Read
20008631   sl_Start
200086f9   _SlDrvMsgReadCmdCtx
200087b5   _SlDrvNetAppEventHandler
20008869   sl_RecvFrom
20008915   IntDisable
200089bd   IntEnable
20008a65   SPIConfigSetExpClk
20008b05   __aeabi_memcpy
20008b05   __aeabi_memcpy4
20008b05   __aeabi_memcpy8
20008b05   memcpy
20008ba1   _SlFindAndSetActiveObj
20008c39   PRCMPeripheralClockGet
20008ccd   _SlDrvClassifyRxMsg
20008d61   _SlDrvMsgReadSpawnCtx
20008df5   __TI_auto_init
20008e89   _SlDrvDriverCBInit
20008f19   PinConfigSet
20008fa1   _SlDrvCmdOp
20009029   vsnprintf
200090b1   sl_NetAppMDNSRegisterUnregisterService
20009139   __aeabi_cdcmpeq
20009139   __aeabi_cdcmple
200091bf   __aeabi_cdrcmple
20009245   _sl_HandleAsync_DnsGetHostByName
200092c9   NwpPowerOnPreamble
20009349   SPIIntStatus
200093c5   sl_DevGet
200094b9   _sl_HandleAsync_InitComplete
20009531   _sl_HandleAsync_PingResponse
200095a9   __aeabi_memclr
200095a9   __aeabi_memclr4
200095a9   __aeabi_memclr8
200095ab   __aeabi_memset
200095ab   __aeabi_memset4
200095ab   __aeabi_memset8
200095b1   memset
20009621   UARTConfigSetExpClk
20009699   spi_Close
2000970d   _sl_HandleAsync_Connect
20009779   _sl_HandleAsync_Accept
200097e1   _sl_HandleAsync_DnsGetHostByService
20009849   uDMAChannelAttributeDisable
200098ad   uDMAChannelAttributeEnable
20009911   _SlDrvDriverCBDeinit
200099d1   _sl_HandleAsync_Select
20009a2d   sl_Bind
20009a89   ltoa
20009ae5   IntPendClear
20009b3d   PRCMPeripheralReset
20009b95   _sl_HandleAsync_Stop
20009bed   IntPrioritySet
20009c41   sl_NetAppSendTokenValue
20009c95   SPIIntDisable
20009ce1   SPIIntEnable
20009d79   atoi
20009dc5   uDMAChannelAssign
20009e11   uDMAChannelModeGet
20009e5d   _sl_GetStartResponseConvert
20009ea9   SPIIntClear
20009ef1   __aeabi_d2iz
20009f39   sl_WlanSet
20009fc5   TimerConfigure
2000a009   PinMuxConfig
2000a04d   copy_in
2000a091   C$$EXIT
2000a095   abort
2000a09d   exit
2000a0d5   _Dtest
2000a119   sl_NetCfgSet
2000a15d   PinModeSet
2000a19d   _SlDrvRxIrqHandler
2000a1dd   _SlNonOsMainLoopTask
2000a21d   _SlRemoveFromList
2000a25d   sl_WlanPolicySet
2000a29d   sl_WlanRxFilterSet
2000a2dd   NwpPowerOff
2000a319   PRCMPeripheralClkEnable
2000a355   _SlDrvObjInit
2000a391   uDMAChannelControlSet
2000a3cd   NwpRegisterInterruptHandler
2000a405   sl_Htonl
2000a43d   PRCMPeripheralStatusGet
2000a471   SPIFIFOLevelSet
2000a4a5   _SlDrvBasicCmd
2000a4d9   _c_int00
2000a50d   sl_Htons
2000a541   NwpPowerOn
2000a571   UARTDisable
2000a5a1   _SlDrvFlowContDeinit
2000a5d1   _SlDrvFlowContInit
2000a601   _SlNonOsSemGet
2000a631   sl_Socket
2000a661   __aeabi_i2d
2000a691   PRCMSysResetCauseGet
2000a6bd   PRCMPeripheralClkDisable
2000a6e5   SPIDataPutNonBlocking
2000a70d   _sl_BuildAddress
2000a735   sl_WlanSetMode
2000a75d   DmaSpiSwIntHandler
2000a781   IntUnregister
2000a7a5   UARTEnable
2000a7c9   memmove
2000a7ed   sl_Close
2000a811   sl_WlanProfileDel
2000a835   SPIReset
2000a857   SPIWordCountSet
2000a879   IntRegister
2000a899   _SlDrvCmdSend
2000a8b9   _SlNonOsSpawn
2000a8d9   SPIIntRegister
2000a8f7   TimerEnable
2000a915   UARTCharPut
2000a933   TimerValueGet
2000a951   _SlDrvObjDeInit
2000a96d   memccpy
2000a989   uDMAChannelDisable
2000a9a5   uDMAChannelEnable
2000a9c1   uDMAChannelRequest
2000a9dd   CopyPingResultsToReport
2000a9f7   PinTypeSPI
2000aa11   PinTypeUART
2000aa2b   SPIDmaDisable
2000aa45   SPIDmaEnable
2000aa5f   SPIFIFODisable
2000aa79   SPIFIFOEnable
2000aa93   SPIIntUnregister
2000aaad   _SlDrvDeviceEventHandler
2000aac7   SPICSDisable
2000aadf   SPICSEnable
2000aaf7   SPIDisable
2000ab0f   SPIEnable
2000ab29   _args_main
2000ab41   __aeabi_lmul
2000ab59   PRCMHIBRegRead
2000ab6f   PRCMHIBRegWrite
2000ab85   UARTCharGet
2000ab9b   uDMAIntRegister
2000abb1   CPUcpsie
2000abc5   IntVTableBaseSet
2000abd9   _SlDrvShiftDWord
2000abed   _register_unlock
2000abf3   _register_lock
2000abfb   _nop
2000ac01   strlen
2000ac15   uDMAControlBaseSet
2000ac29   uDMAIntClear
2000ac3d   __TI_zero_init
2000ac4f   sl_NetAppMDNSUnRegisterService
2000ac61   uDMAIntUnregister
2000ac75   NwpMaskInterrupt
2000ac85   __TI_decompress_none
2000ac93   _Dclass
2000aca1   ResetISR
2000acb1   NwpUnMaskInterrupt
2000acbd   uDMADisable
2000acc9   uDMAEnable
2000acd5   uDMAIntStatus
2000ace1   IntMasterEnable
2000aceb   _SlNonOsSemSet
2000acf3   sl_WlanDisconnect
2000acfb   UtilsDelay
2000ad01   __TI_decompress_rle24
2000ad08   _ctypes_
2000af10   _SlPolicySetCmdCtrl
2000af14   _SlPolicyGetCmdCtrl
2000af18   _SlProfileGetCmdCtrl
2000af1c   _SlProfileDelCmdCtrl
2000af20   _SlWlanGetNetworkListCtrl
2000af24   _SlRxFilterAddtCmdCtrl
2000af28   _SlRxFilterSetCmdCtrl
2000af2c   _SlRxFilterGetCmdCtrl
2000af30   _SlSmartConfigStartCmdCtrl
2000af34   _SlWlanSetModeCmdCtrl
2000af38   _SlWlanCfgSetCmdCtrl
2000af3c   _SlWlanCfgGetCmdCtrl
2000b1f8   g_H2NSyncPattern
2000b200   g_H2NCnysPattern
2000b208   _SlActionLookupTable
2000b288   _SlSockSocketCmdCtrl
2000b28c   _SlSockCloseCmdCtrl
2000b290   _SlRecvfomCmdCtrl
2000b294   _SlSendCmdCtrl
2000b298   _SlListenCmdCtrl
2000b29c   _SlAcceptCmdCtrl
2000b2a0   _SlRecvCmdCtrl
2000b2a4   _SlSetSockOptCmdCtrl
2000b2a8   _SlGetSockOptCmdCtrl
2000b2ac   _SlSelectCmdCtrl
2000b2e0   _SlNetAppStartCtrl
2000b2e4   _SlNetAppStopCtrl
2000b2e8   _SlGetServiceListeCtrl
2000b2ec   _SlRegisterServiceCtrl
2000b2f0   _SlGetHostByServiceCtrl
2000b2f4   _SlGetHostByNameCtrl
2000b2f8   _SlNetAppSetCmdCtrl
2000b2fc   _SlNetAppSendTokenValueCmdCtrl
2000b300   _SlNetAppGetCmdCtrl
2000b384   _SlStopCmdCtrl
2000b388   _SlEventMaskSetCmdCtrl
2000b38c   _SlEventMaskGetCmdCtrl
2000b390   _SlDeviceGetCmdCtrl
2000b394   _SlDeviceSetCmdCtrl
2000b398   _SlNetCfgSetCmdCtrl
2000b39c   _SlNetCfgGetCmdCtrl
2000b3a0   __TI_static_base__
2000b3ec   __TI_Handler_Table_Base
2000b3f8   __TI_Handler_Table_Limit
2000b400   __TI_CINIT_Base
2000b410   __TI_CINIT_Limit
20017000   gpCtlTbl
20017400   gfpAppCallbackHndl
20017500   rx_udp_server
200175c8   myStrA
2001762c   myStrB
20017690   myStrC
200176f4   myStrX
20017758   myStrY
200177bc   g__SlNonOsCB
200177e4   g_ucConnectionSSID
20017808   g_ucConnectionBSSID
20017810   SYNC
20017818   timervalue
2001781c   ulMode
20017820   ulRecvData
20017822   g_cDummy
20017823   iDone
20017828   _sys_memory
20018028   pPingCallBackFunc
2001802c   gFirstCmdMode
20018030   g_pCB
20018034   g_StatMem
20018198   g_SpiFd
2001819c   g_pHostIntHdl
200181a0   g_ucDMAEnabled
200181a4   g_ucDinDout
200181f4   g_ulStatus
200181f8   g_ulGatewayIP
200181fc   g_ulDestinationIp
20018200   g_uiPortNum
20018204   g_ulPacketCount
20018208   g_ucSimplelinkstarted
2001820c   g_ulIpAddr
20018210   udp_str
2001821c   num
20018220   index
20018224   flag
20018228   check_cmd
2001822c   get_sync_cmd_resp
2001823c   _lock
20018240   _unlock
20018244   __TI_cleanup_ptr
20018248   __TI_dtors_ptr
2001824c   main_func_sp
2002f800   __stack
20030000   __STACK_END
ffffffff   __binit__
ffffffff   __c_args__
ffffffff   binit
UNDEFED    SHT$$INIT_ARRAY$$Base
UNDEFED    SHT$$INIT_ARRAY$$Limit

[321 symbols]
