******************************************************************************
                  TI ARM Linker PC v5.1.6                      
******************************************************************************
>> Linked Sat Mar 14 00:14:53 2015

OUTPUT FILE NAME:   <test udp_socket.out>
ENTRY POINT SYMBOL: "_c_int00"  address: 2000a2a1


MEMORY CONFIGURATION

         name            origin    length      used     unused   attr    fill
----------------------  --------  ---------  --------  --------  ----  --------
  SRAM_CODE             20004000   00013000  00007192  0000be6e  RW X
  SRAM_DATA             20017000   00019000  0000197a  00017686  RW X


SEGMENT ALLOCATION MAP

run origin  load origin   length   init length attrs members
----------  ----------- ---------- ----------- ----- -------
20004000    20004000    00007198   00007198    r-x
  20004000    20004000    00000400   00000400    r-- .intvecs
  20004400    20004400    0000668a   0000668a    r-x .text
  2000aa8c    2000aa8c    00000698   00000698    r-- .const
  2000b128    2000b128    00000070   00000070    r-- .cinit
20017000    20017000    0000117c   00000000    rw-
  20017000    20017000    00000800   00000000    rw- .sysmem
  20017800    20017800    00000756   00000000    rw- .bss
  20017f58    20017f58    00000224   00000000    rw- .data
2002f800    2002f800    00000800   00000000    rw-
  2002f800    2002f800    00000800   00000000    rw- .stack


SECTION ALLOCATION MAP

 output                                  attributes/
section   page    origin      length       input sections
--------  ----  ----------  ----------   ----------------
.init_array 
*          0    20004000    00000000     UNINITIALIZED

.intvecs   0    20004000    00000400     
                  20004000    00000400     startup_ccs.obj (.intvecs)

.text      0    20004400    0000668a     
                  20004400    00000ec0     rtsv7M4_T_le_eabi.lib : _printfi.obj (.text)
                  200052c0    00000d38     main.obj (.text)
                  20005ff8    000003cc     rtsv7M4_T_le_eabi.lib : memory.obj (.text)
                  200063c4    000003b4     simplelink.a : driver.obj (.text:_SlDrvMsgRead)
                  20006778    0000034c                  : driver.obj (.text:_SlAsyncEventGenericHandler)
                  20006ac4    0000026c     uart_if.obj (.text)
                  20006d30    00000218     spi.obj (.text)
                  20006f48    00000200     udma_if.obj (.text)
                  20007148    000001f4     rtsv7M4_T_le_eabi.lib : ull_div_t2.obj (.text)
                  2000733c    000001b6                           : fd_add_t2.obj (.text)
                  200074f2    00000002     driverlib.a : interrupt.obj (.text:IntDefaultHandler)
                  200074f4    0000019c     simplelink.a : wlan.obj (.text:sl_WlanConnect)
                  20007690    0000017c                  : driver.obj (.text:_SlDrvDataReadOp)
                  2000780c    00000140                  : driver.obj (.text:_SlDrvRxHdrRead)
                  2000794c    00000136     rtsv7M4_T_le_eabi.lib : fd_div_t2.obj (.text)
                  20007a82    00000002     --HOLE-- [fill = 0]
                  20007a84    00000134     driverlib.a : prcm.obj (.text:PRCMCC3200MCUInit)
                  20007bb8    00000128     simplelink.a : cc_pal.obj (.text:spi_Open)
                  20007ce0    00000118                  : driver.obj (.text:_SlDrvWaitForPoolObj)
                  20007df8    00000114                  : driver.obj (.text:_SlDrvMsgWrite)
                  20007f0c    0000010c                  : driver.obj (.text:_SlDrvReleasePoolObj)
                  20008018    000000fc     rtsv7M4_T_le_eabi.lib : fd_mul_t2.obj (.text)
                  20008114    000000f0     driverlib.a : udma.obj (.text:uDMAChannelTransferSet)
                  20008204    000000ec     simplelink.a : cc_pal.obj (.text:spi_Write)
                  200082f0    000000cc                  : device.obj (.text:sl_Stop)
                  200083bc    000000cc                  : cc_pal.obj (.text:spi_Read)
                  20008488    000000c8                  : device.obj (.text:sl_Start)
                  20008550    000000bc                  : driver.obj (.text:_SlDrvMsgReadCmdCtx)
                  2000860c    000000b2                  : netapp.obj (.text:_SlDrvNetAppEventHandler)
                  200086be    00000002     --HOLE-- [fill = 0]
                  200086c0    000000ac                  : socket.obj (.text:sl_RecvFrom)
                  2000876c    000000a8     driverlib.a : interrupt.obj (.text:IntDisable)
                  20008814    000000a8                 : interrupt.obj (.text:IntEnable)
                  200088bc    000000a0                 : spi.obj (.text:SPIConfigSetExpClk)
                  2000895c    0000009c     rtsv7M4_T_le_eabi.lib : memcpy_t2.obj (.text)
                  200089f8    00000098     simplelink.a : driver.obj (.text:_SlFindAndSetActiveObj)
                  20008a90    00000094     driverlib.a : prcm.obj (.text:PRCMPeripheralClockGet)
                  20008b24    00000094     simplelink.a : driver.obj (.text:_SlDrvClassifyRxMsg)
                  20008bb8    00000094                  : driver.obj (.text:_SlDrvMsgReadSpawnCtx)
                  20008c4c    00000094     rtsv7M4_T_le_eabi.lib : auto_init.obj (.text)
                  20008ce0    00000090     simplelink.a : driver.obj (.text:_SlDrvDriverCBInit)
                  20008d70    00000088     driverlib.a : pin.obj (.text:PinConfigSet)
                  20008df8    00000088     simplelink.a : driver.obj (.text:_SlDrvCmdOp)
                  20008e80    00000088     rtsv7M4_T_le_eabi.lib : vsnprintf.obj (.text)
                  20008f08    00000088     simplelink.a : netapp.obj (.text:sl_NetAppMDNSRegisterUnregisterService)
                  20008f90    00000086     rtsv7M4_T_le_eabi.lib : fd_cmp_t2.obj (.text:__aeabi_cdcmple)
                  20009016    00000086                           : fd_cmp_t2.obj (.text:__aeabi_cdrcmple)
                  2000909c    00000084     simplelink.a : netapp.obj (.text:_sl_HandleAsync_DnsGetHostByName)
                  20009120    00000080                  : cc_pal.obj (.text:NwpPowerOnPreamble)
                  200091a0    0000007c     driverlib.a : spi.obj (.text:SPIIntStatus)
                  2000921c    0000007c     simplelink.a : device.obj (.text:sl_DevGet)
                  20009298    00000078                  : cc_pal.obj (.text:SetupDMAReceive)
                  20009310    00000078                  : device.obj (.text:_sl_HandleAsync_InitComplete)
                  20009388    00000078                  : netapp.obj (.text:_sl_HandleAsync_PingResponse)
                  20009400    00000078     rtsv7M4_T_le_eabi.lib : memset_t2.obj (.text)
                  20009478    00000076     driverlib.a : uart.obj (.text:UARTConfigSetExpClk)
                  200094ee    00000002     --HOLE-- [fill = 0]
                  200094f0    00000074     simplelink.a : cc_pal.obj (.text:spi_Close)
                  20009564    0000006c                  : socket.obj (.text:_sl_HandleAsync_Connect)
                  200095d0    00000068                  : socket.obj (.text:_sl_HandleAsync_Accept)
                  20009638    00000068                  : netapp.obj (.text:_sl_HandleAsync_DnsGetHostByService)
                  200096a0    00000064     driverlib.a : udma.obj (.text:uDMAChannelAttributeDisable)
                  20009704    00000064                 : udma.obj (.text:uDMAChannelAttributeEnable)
                  20009768    00000060     simplelink.a : driver.obj (.text:_SlDrvDriverCBDeinit)
                  200097c8    0000005e     rtsv7M4_T_le_eabi.lib : copy_decompress_rle.obj (.text)
                  20009826    00000002     --HOLE-- [fill = 0]
                  20009828    0000005c     simplelink.a : socket.obj (.text:_sl_HandleAsync_Select)
                  20009884    0000005c                  : socket.obj (.text:sl_Bind)
                  200098e0    0000005a     rtsv7M4_T_le_eabi.lib : ltoa.obj (.text)
                  2000993a    00000002     --HOLE-- [fill = 0]
                  2000993c    00000058     driverlib.a : interrupt.obj (.text:IntPendClear)
                  20009994    00000058                 : prcm.obj (.text:PRCMPeripheralReset)
                  200099ec    00000058     simplelink.a : device.obj (.text:_sl_HandleAsync_Stop)
                  20009a44    00000054     driverlib.a : interrupt.obj (.text:IntPrioritySet)
                  20009a98    00000054     simplelink.a : netapp.obj (.text:sl_NetAppSendTokenValue)
                  20009aec    0000004c     driverlib.a : spi.obj (.text:SPIIntEnable)
                  20009b38    0000004c                 : spi.obj (.text:SPIIntNumberGet)
                  20009b84    0000004c     rtsv7M4_T_le_eabi.lib : atoi.obj (.text)
                  20009bd0    0000004c     driverlib.a : udma.obj (.text:uDMAChannelAssign)
                  20009c1c    0000004c                 : udma.obj (.text:uDMAChannelModeGet)
                  20009c68    0000004a     simplelink.a : device.obj (.text:_sl_GetStartResponseConvert)
                  20009cb2    00000002     --HOLE-- [fill = 0]
                  20009cb4    00000048     driverlib.a : spi.obj (.text:SPIIntClear)
                  20009cfc    00000048     rtsv7M4_T_le_eabi.lib : fd_toi_t2.obj (.text)
                  20009d44    00000048     simplelink.a : wlan.obj (.text:sl_WlanSet)
                  20009d8c    00000044     driverlib.a : spi.obj (.text:SPIDmaMaskGet)
                  20009dd0    00000044     pinmux.obj (.text)
                  20009e14    00000044     rtsv7M4_T_le_eabi.lib : cpy_tbl.obj (.text)
                  20009e58    00000044                           : exit.obj (.text)
                  20009e9c    00000044                           : xdtest.obj (.text)
                  20009ee0    00000044     simplelink.a : netcfg.obj (.text:sl_NetCfgSet)
                  20009f24    00000040     driverlib.a : pin.obj (.text:PinModeSet)
                  20009f64    00000040     simplelink.a : driver.obj (.text:_SlDrvRxIrqHandler)
                  20009fa4    00000040                  : nonos.obj (.text:_SlNonOsMainLoopTask)
                  20009fe4    00000040                  : driver.obj (.text:_SlRemoveFromList)
                  2000a024    00000040                  : wlan.obj (.text:sl_WlanPolicySet)
                  2000a064    00000040                  : wlan.obj (.text:sl_WlanRxFilterSet)
                  2000a0a4    0000003c                  : cc_pal.obj (.text:NwpPowerOff)
                  2000a0e0    0000003c     driverlib.a : prcm.obj (.text:PRCMPeripheralClkEnable)
                  2000a11c    0000003c     simplelink.a : driver.obj (.text:_SlDrvObjInit)
                  2000a158    0000003c     driverlib.a : udma.obj (.text:uDMAChannelControlSet)
                  2000a194    00000038     simplelink.a : cc_pal.obj (.text:NwpRegisterInterruptHandler)
                  2000a1cc    00000038                  : socket.obj (.text:sl_Htonl)
                  2000a204    00000034     driverlib.a : prcm.obj (.text:PRCMPeripheralStatusGet)
                  2000a238    00000034                 : spi.obj (.text:SPIFIFOLevelSet)
                  2000a26c    00000034     simplelink.a : driver.obj (.text:_SlDrvBasicCmd)
                  2000a2a0    00000034     rtsv7M4_T_le_eabi.lib : boot.obj (.text)
                  2000a2d4    00000034     simplelink.a : socket.obj (.text:sl_Htons)
                  2000a308    00000030                  : cc_pal.obj (.text:NwpPowerOn)
                  2000a338    00000030     driverlib.a : uart.obj (.text:UARTDisable)
                  2000a368    00000030     simplelink.a : flowcont.obj (.text:_SlDrvFlowContDeinit)
                  2000a398    00000030                  : flowcont.obj (.text:_SlDrvFlowContInit)
                  2000a3c8    00000030                  : nonos.obj (.text:_SlNonOsSemGet)
                  2000a3f8    00000030                  : socket.obj (.text:sl_Socket)
                  2000a428    0000002e     rtsv7M4_T_le_eabi.lib : i_tofd_t2.obj (.text)
                  2000a456    00000002     --HOLE-- [fill = 0]
                  2000a458    0000002c     driverlib.a : prcm.obj (.text:PRCMSysResetCauseGet)
                  2000a484    00000028                 : prcm.obj (.text:PRCMPeripheralClkDisable)
                  2000a4ac    00000028     simplelink.a : socket.obj (.text:_sl_BuildAddress)
                  2000a4d4    00000028                  : wlan.obj (.text:sl_WlanSetMode)
                  2000a4fc    00000024                  : cc_pal.obj (.text:DmaSpiSwIntHandler)
                  2000a520    00000024     driverlib.a : interrupt.obj (.text:IntUnregister)
                  2000a544    00000024                 : uart.obj (.text:UARTEnable)
                  2000a568    00000024     rtsv7M4_T_le_eabi.lib : memmov.obj (.text)
                  2000a58c    00000024     simplelink.a : socket.obj (.text:sl_Close)
                  2000a5b0    00000024                  : wlan.obj (.text:sl_WlanProfileDel)
                  2000a5d4    00000022     driverlib.a : spi.obj (.text:SPIReset)
                  2000a5f6    00000022                 : spi.obj (.text:SPIWordCountSet)
                  2000a618    00000020                 : interrupt.obj (.text:IntRegister)
                  2000a638    00000020     simplelink.a : driver.obj (.text:_SlDrvCmdSend)
                  2000a658    00000020                  : nonos.obj (.text:_SlNonOsSpawn)
                  2000a678    0000001e     driverlib.a : spi.obj (.text:SPIDataPut)
                  2000a696    0000001e                 : spi.obj (.text:SPIIntRegister)
                  2000a6b4    0000001e                 : uart.obj (.text:UARTCharPut)
                  2000a6d2    00000002     --HOLE-- [fill = 0]
                  2000a6d4    0000001c     simplelink.a : driver.obj (.text:_SlDrvObjDeInit)
                  2000a6f0    0000001c     rtsv7M4_T_le_eabi.lib : memccpy.obj (.text)
                  2000a70c    0000001c     driverlib.a : udma.obj (.text:uDMAChannelDisable)
                  2000a728    0000001c                 : udma.obj (.text:uDMAChannelEnable)
                  2000a744    0000001c                 : udma.obj (.text:uDMAChannelRequest)
                  2000a760    0000001a     simplelink.a : netapp.obj (.text:CopyPingResultsToReport)
                  2000a77a    0000001a     driverlib.a : pin.obj (.text:PinTypeSPI)
                  2000a794    0000001a                 : pin.obj (.text:PinTypeUART)
                  2000a7ae    0000001a                 : spi.obj (.text:SPIDmaDisable)
                  2000a7c8    0000001a                 : spi.obj (.text:SPIDmaEnable)
                  2000a7e2    0000001a                 : spi.obj (.text:SPIFIFODisable)
                  2000a7fc    0000001a                 : spi.obj (.text:SPIFIFOEnable)
                  2000a816    0000001a                 : spi.obj (.text:SPIIntUnregister)
                  2000a830    0000001a     simplelink.a : device.obj (.text:_SlDrvDeviceEventHandler)
                  2000a84a    00000018     driverlib.a : spi.obj (.text:SPICSDisable)
                  2000a862    00000018                 : spi.obj (.text:SPICSEnable)
                  2000a87a    00000018                 : spi.obj (.text:SPIDisable)
                  2000a892    00000018                 : spi.obj (.text:SPIEnable)
                  2000a8aa    00000002     --HOLE-- [fill = 0]
                  2000a8ac    00000018     rtsv7M4_T_le_eabi.lib : args_main.obj (.text)
                  2000a8c4    00000018                           : ll_mul_t2.obj (.text)
                  2000a8dc    00000016     driverlib.a : prcm.obj (.text:PRCMHIBRegRead)
                  2000a8f2    00000016                 : prcm.obj (.text:PRCMHIBRegWrite)
                  2000a908    00000016                 : uart.obj (.text:UARTCharGet)
                  2000a91e    00000016                 : udma.obj (.text:uDMAIntRegister)
                  2000a934    00000014                 : cpu.obj (.text:CPUcpsie)
                  2000a948    00000014                 : interrupt.obj (.text:IntVTableBaseSet)
                  2000a95c    00000014     simplelink.a : driver.obj (.text:_SlDrvShiftDWord)
                  2000a970    00000014     rtsv7M4_T_le_eabi.lib : _lock.obj (.text)
                  2000a984    00000014                           : strlen.obj (.text)
                  2000a998    00000014     driverlib.a : udma.obj (.text:uDMAControlBaseSet)
                  2000a9ac    00000014                 : udma.obj (.text:uDMAIntClear)
                  2000a9c0    00000012     rtsv7M4_T_le_eabi.lib : copy_zero_init.obj (.text:decompress:ZI)
                  2000a9d2    00000012     simplelink.a : netapp.obj (.text:sl_NetAppMDNSUnRegisterService)
                  2000a9e4    00000012     driverlib.a : udma.obj (.text:uDMAIntUnregister)
                  2000a9f6    00000002     --HOLE-- [fill = 0]
                  2000a9f8    00000010     simplelink.a : cc_pal.obj (.text:NwpMaskInterrupt)
                  2000aa08    0000000e     rtsv7M4_T_le_eabi.lib : copy_decompress_none.obj (.text:decompress:none)
                  2000aa16    0000000e                           : xdclass.obj (.text)
                  2000aa24    0000000e     startup_ccs.obj (.text)
                  2000aa32    00000002     --HOLE-- [fill = 0]
                  2000aa34    0000000c     simplelink.a : cc_pal.obj (.text:NwpUnMaskInterrupt)
                  2000aa40    0000000c     driverlib.a : udma.obj (.text:uDMADisable)
                  2000aa4c    0000000c                 : udma.obj (.text:uDMAEnable)
                  2000aa58    0000000c                 : udma.obj (.text:uDMAIntStatus)
                  2000aa64    0000000a                 : interrupt.obj (.text:IntMasterEnable)
                  2000aa6e    00000008     simplelink.a : nonos.obj (.text:_SlNonOsSemSet)
                  2000aa76    00000008                  : wlan.obj (.text:sl_WlanDisconnect)
                  2000aa7e    00000006     driverlib.a : utils.obj (.text:UtilsDelay)
                  2000aa84    00000006     rtsv7M4_T_le_eabi.lib : copy_decompress_rle.obj (.text:decompress:rle24)

.const     0    2000aa8c    00000698     
                  2000aa8c    00000102     rtsv7M4_T_le_eabi.lib : ctype.obj (.const:.string:_ctypes_)
                  2000ab8e    00000002     --HOLE-- [fill = 0]
                  2000ab90    00000100     driverlib.a : pin.obj (.const:g_ulPinToPadMap)
                  2000ac90    000000ec     simplelink.a : wlan.obj (.const)
                  2000ad7c    000000d4     driverlib.a : interrupt.obj (.const:g_pulRegs)
                  2000ae50    000000a8                 : prcm.obj (.const:PRCM_PeriphRegsList)
                  2000aef8    00000080                 : interrupt.obj (.const)
                  2000af78    0000004c     simplelink.a : driver.obj (.const)
                  2000afc4    0000003c     main.obj (.const:.string)
                  2000b000    00000034     simplelink.a : socket.obj (.const)
                  2000b034    0000002c     main.obj (.const:$P$T1$2)
                  2000b060    00000028     simplelink.a : netapp.obj (.const)
                  2000b088    00000024     driverlib.a : spi.obj (.const:g_ppulSPIIntMap)
                  2000b0ac    00000022     main.obj (.const:.string:$P$T0$1)
                  2000b0ce    00000002     --HOLE-- [fill = 0]
                  2000b0d0    00000020     main.obj (.const)
                  2000b0f0    00000018     driverlib.a : spi.obj (.const)
                  2000b108    00000014     simplelink.a : device.obj (.const)
                  2000b11c    00000008                  : netcfg.obj (.const)

.cinit     0    2000b128    00000070     
                  2000b128    00000049     (.cinit..data.load) [load image, compression = rle]
                  2000b171    00000003     --HOLE-- [fill = 0]
                  2000b174    0000000c     (__TI_handler_table)
                  2000b180    00000008     (.cinit..bss.load) [load image, compression = zero_init]
                  2000b188    00000010     (__TI_cinit_table)

.sysmem    0    20017000    00000800     UNINITIALIZED
                  20017000    00000008     rtsv7M4_T_le_eabi.lib : memory.obj (.sysmem)
                  20017008    000007f8     --HOLE--

.bss       0    20017800    00000756     UNINITIALIZED
                  20017800    00000400     udma_if.obj (.bss:gpCtlTbl)
                  20017c00    00000100     udma_if.obj (.bss:gfpAppCallbackHndl)
                  20017d00    000000c8     main.obj (.bss:rx_udp_server)
                  20017dc8    00000064     spi.obj (.bss:myStrA)
                  20017e2c    00000064     spi.obj (.bss:myStrB)
                  20017e90    00000064     spi.obj (.bss:myStrC)
                  20017ef4    00000028     simplelink.a : nonos.obj (.bss:g__SlNonOsCB)
                  20017f1c    00000024     main.obj (.bss:g_ucConnectionSSID)
                  20017f40    00000008     (.common:g_ucConnectionBSSID)
                  20017f48    00000004     (.common:__Errorlog)
                  20017f4c    00000004     (.common:ulMode)
                  20017f50    00000004     (.common:ulStatus)
                  20017f54    00000001     (.common:g_cDummy)
                  20017f55    00000001     (.common:iDone)

.data      0    20017f58    00000224     UNINITIALIZED
                  20017f58    00000170     simplelink.a : driver.obj (.data)
                  200180c8    0000005c                  : cc_pal.obj (.data)
                  20018124    0000002c     main.obj (.data)
                  20018150    0000000c     rtsv7M4_T_le_eabi.lib : memory.obj (.data)
                  2001815c    0000000a     spi.obj (.data)
                  20018166    00000002     --HOLE--
                  20018168    00000008     rtsv7M4_T_le_eabi.lib : _lock.obj (.data)
                  20018170    00000008                           : exit.obj (.data)
                  20018178    00000004                           : stkdepth_vars.obj (.data)

.stack     0    2002f800    00000800     UNINITIALIZED
                  2002f800    00000800     --HOLE--


LINKER GENERATED COPY TABLES

__TI_cinit_table @ 2000b188 records: 2, size/record: 8, table size: 16
	.data: load addr=2000b128, load size=00000049 bytes, run addr=20017f58, run size=00000224 bytes, compression=rle
	.bss: load addr=2000b180, load size=00000008 bytes, run addr=20017800, run size=00000756 bytes, compression=zero_init


LINKER GENERATED HANDLER TABLE

__TI_handler_table @ 2000b174 records: 3, size/record: 4, table size: 12
	index: 0, handler: __TI_decompress_rle24
	index: 1, handler: __TI_decompress_none
	index: 2, handler: __TI_zero_init


GLOBAL SYMBOLS: SORTED ALPHABETICALLY BY Name 

address    name
--------   ----
20005bfb   BsdUdpClient
20005ae1   BsdUdpServer
20009e59   C$$EXIT
2000a935   CPUcpsie
20006b05   ClearTerm
2000a761   CopyPingResultsToReport
200070ef   DMASetupTransfer
20006f5f   DmaErrorIntHandler
2000a4fd   DmaSpiSwIntHandler
20006f49   DmaSwIntHandler
20006b0f   Error
20006b47   GetCmd
20006ac5   InitTerm
2000876d   IntDisable
20008815   IntEnable
2000aa65   IntMasterEnable
2000993d   IntPendClear
20009a45   IntPrioritySet
2000a619   IntRegister
2000a521   IntUnregister
2000a949   IntVTableBaseSet
20006ae3   Message
2000a9f9   NwpMaskInterrupt
2000a0a5   NwpPowerOff
2000a309   NwpPowerOn
20009121   NwpPowerOnPreamble
2000a195   NwpRegisterInterruptHandler
2000aa35   NwpUnMaskInterrupt
20007a85   PRCMCC3200MCUInit
2000a8dd   PRCMHIBRegRead
2000a8f3   PRCMHIBRegWrite
2000a485   PRCMPeripheralClkDisable
2000a0e1   PRCMPeripheralClkEnable
20008a91   PRCMPeripheralClockGet
20009995   PRCMPeripheralReset
2000a205   PRCMPeripheralStatusGet
2000a459   PRCMSysResetCauseGet
20008d71   PinConfigSet
20009f25   PinModeSet
20009dd1   PinMuxConfig
2000a77b   PinTypeSPI
2000a795   PinTypeUART
20006c71   Report
2000aa25   ResetISR
UNDEFED    SHT$$INIT_ARRAY$$Base
UNDEFED    SHT$$INIT_ARRAY$$Limit
2000a84b   SPICSDisable
2000a863   SPICSEnable
200088bd   SPIConfigSetExpClk
2000a679   SPIDataPut
2000a87b   SPIDisable
2000a7af   SPIDmaDisable
2000a7c9   SPIDmaEnable
2000a893   SPIEnable
2000a7e3   SPIFIFODisable
2000a7fd   SPIFIFOEnable
2000a239   SPIFIFOLevelSet
20009cb5   SPIIntClear
20009aed   SPIIntEnable
2000a697   SPIIntRegister
200091a1   SPIIntStatus
2000a817   SPIIntUnregister
2000a5d5   SPIReset
2000a5f7   SPIWordCountSet
20006ff1   SetupTransfer
200054c9   SimpleLinkGeneralEventHandler
2000551d   SimpleLinkHttpServerCallback
20005409   SimpleLinkNetAppEventHandler
20005529   SimpleLinkSockEventHandler
200052f9   SimpleLinkWlanEventHandler
20006e29   SlaveMain
20006bd9   TrimSpace
2000a909   UARTCharGet
2000a6b5   UARTCharPut
20009479   UARTConfigSetExpClk
2000a339   UARTDisable
2000a545   UARTEnable
20006fc3   UDMAChannelSelect
200070db   UDMADeInit
20006f6b   UDMAInit
20007035   UDMASetupAutoMemTransfer
20007069   UDMASetupPingPongTransfer
200070c3   UDMAStartTransfer
200070cf   UDMAStopTransfer
2000aa7f   UtilsDelay
2000aa17   _Dclass
20009e9d   _Dtest
2000b020   _SlAcceptCmdCtrl
2000af8c   _SlActionLookupTable
20006779   _SlAsyncEventGenericHandler
2000b114   _SlDeviceGetCmdCtrl
2000b118   _SlDeviceSetCmdCtrl
2000a26d   _SlDrvBasicCmd
20008b25   _SlDrvClassifyRxMsg
20008df9   _SlDrvCmdOp
2000a639   _SlDrvCmdSend
20007691   _SlDrvDataReadOp
2000a831   _SlDrvDeviceEventHandler
20009769   _SlDrvDriverCBDeinit
20008ce1   _SlDrvDriverCBInit
2000a369   _SlDrvFlowContDeinit
2000a399   _SlDrvFlowContInit
200063c5   _SlDrvMsgRead
20008551   _SlDrvMsgReadCmdCtx
20008bb9   _SlDrvMsgReadSpawnCtx
20007df9   _SlDrvMsgWrite
2000860d   _SlDrvNetAppEventHandler
2000a6d5   _SlDrvObjDeInit
2000a11d   _SlDrvObjInit
20007f0d   _SlDrvReleasePoolObj
2000780d   _SlDrvRxHdrRead
20009f65   _SlDrvRxIrqHandler
2000a95d   _SlDrvShiftDWord
20007ce1   _SlDrvWaitForPoolObj
2000b110   _SlEventMaskGetCmdCtrl
2000b10c   _SlEventMaskSetCmdCtrl
200089f9   _SlFindAndSetActiveObj
2000b078   _SlGetHostByNameCtrl
2000b074   _SlGetHostByServiceCtrl
2000b06c   _SlGetServiceListeCtrl
2000b02c   _SlGetSockOptCmdCtrl
2000b01c   _SlListenCmdCtrl
2000b084   _SlNetAppGetCmdCtrl
2000b080   _SlNetAppSendTokenValueCmdCtrl
2000b07c   _SlNetAppSetCmdCtrl
2000b064   _SlNetAppStartCtrl
2000b068   _SlNetAppStopCtrl
2000b120   _SlNetCfgGetCmdCtrl
2000b11c   _SlNetCfgSetCmdCtrl
20009fa5   _SlNonOsMainLoopTask
2000a3c9   _SlNonOsSemGet
2000aa6f   _SlNonOsSemSet
2000a659   _SlNonOsSpawn
2000ac98   _SlPolicyGetCmdCtrl
2000ac94   _SlPolicySetCmdCtrl
2000aca0   _SlProfileDelCmdCtrl
2000ac9c   _SlProfileGetCmdCtrl
2000b024   _SlRecvCmdCtrl
2000b014   _SlRecvfomCmdCtrl
2000b070   _SlRegisterServiceCtrl
20009fe5   _SlRemoveFromList
2000aca8   _SlRxFilterAddtCmdCtrl
2000acb0   _SlRxFilterGetCmdCtrl
2000acac   _SlRxFilterSetCmdCtrl
2000b030   _SlSelectCmdCtrl
2000b018   _SlSendCmdCtrl
2000b028   _SlSetSockOptCmdCtrl
2000acb4   _SlSmartConfigStartCmdCtrl
2000b010   _SlSockCloseCmdCtrl
2000b00c   _SlSockSocketCmdCtrl
2000b108   _SlStopCmdCtrl
2000acc0   _SlWlanCfgGetCmdCtrl
2000acbc   _SlWlanCfgSetCmdCtrl
2000aca4   _SlWlanGetNetworkListCtrl
2000acb8   _SlWlanSetModeCmdCtrl
20030000   __STACK_END
00000800   __STACK_SIZE
00000800   __SYSMEM_SIZE
2000b188   __TI_CINIT_Base
2000b198   __TI_CINIT_Limit
2000b174   __TI_Handler_Table_Base
2000b180   __TI_Handler_Table_Limit
00000001   __TI_args_main
20008c4d   __TI_auto_init
20018170   __TI_cleanup_ptr
2000aa09   __TI_decompress_none
2000aa85   __TI_decompress_rle24
20018174   __TI_dtors_ptr
20004fb7   __TI_printfi
2000b128   __TI_static_base__
2000a9c1   __TI_zero_init
20008f91   __aeabi_cdcmpeq
20008f91   __aeabi_cdcmple
20009017   __aeabi_cdrcmple
20009cfd   __aeabi_d2iz
20007347   __aeabi_dadd
2000794d   __aeabi_ddiv
20008019   __aeabi_dmul
2000733d   __aeabi_dsub
2000a429   __aeabi_i2d
2000a8c5   __aeabi_lmul
20009401   __aeabi_memclr
20009401   __aeabi_memclr4
20009401   __aeabi_memclr8
2000895d   __aeabi_memcpy
2000895d   __aeabi_memcpy4
2000895d   __aeabi_memcpy8
20009403   __aeabi_memset
20009403   __aeabi_memset4
20009403   __aeabi_memset8
20007149   __aeabi_uldivmod
ffffffff   __binit__
ffffffff   __c_args__
2002f800   __stack
2000a8ad   _args_main
2000a2a1   _c_int00
2000aa8c   _ctypes_
20018168   _lock
2000a97f   _nop
2000a977   _register_lock
2000a971   _register_unlock
2000a4ad   _sl_BuildAddress
20009c69   _sl_GetStartResponseConvert
200095d1   _sl_HandleAsync_Accept
20009565   _sl_HandleAsync_Connect
2000909d   _sl_HandleAsync_DnsGetHostByName
20009639   _sl_HandleAsync_DnsGetHostByService
20009311   _sl_HandleAsync_InitComplete
20009389   _sl_HandleAsync_PingResponse
20009829   _sl_HandleAsync_Select
200099ed   _sl_HandleAsync_Stop
20017000   _sys_memory
2001816c   _unlock
20009e5d   abort
20009b85   atoi
ffffffff   binit
2000638d   calloc
20018164   check_cmd
20009e15   copy_in
20009e65   exit
20018160   flag
200060e7   free
20017f5c   gFirstCmdMode
2000af84   g_H2NCnysPattern
2000af7c   g_H2NSyncPattern
200180c8   g_SpiFd
20017f64   g_StatMem
20017ef4   g__SlNonOsCB
20017f54   g_cDummy
20017f60   g_pCB
200180cc   g_pHostIntHdl
20004000   g_pfnVectors
20017f40   g_ucConnectionBSSID
20017f1c   g_ucConnectionSSID
200180d0   g_ucDMAEnabled
200180d4   g_ucDinDout
20018138   g_ucSimplelinkstarted
20018130   g_uiPortNum
2001812c   g_ulDestinationIp
20018128   g_ulGatewayIP
2001813c   g_ulIpAddr
20018134   g_ulPacketCount
20018124   g_ulStatus
20017c00   gfpAppCallbackHndl
20017800   gpCtlTbl
20017f55   iDone
2001815c   index
200098e1   ltoa
20005d69   main
20018178   main_func_sp
20006085   malloc
200062ad   memalign
2000a6f1   memccpy
2000895d   memcpy
2000a569   memmove
20009409   memset
20005ff9   minit
200052c1   ms_delay
20017dc8   myStrA
20017e2c   myStrB
20017e90   myStrC
2001814c   num
20017f58   pPingCallBackFunc
200061a7   realloc
20017d00   rx_udp_server
20006ec3   send_cmd_spi
20009885   sl_Bind
2000a58d   sl_Close
2000921d   sl_DevGet
2000a1cd   sl_Htonl
2000a2d5   sl_Htons
20008f09   sl_NetAppMDNSRegisterUnregisterService
2000a9d3   sl_NetAppMDNSUnRegisterService
20009a99   sl_NetAppSendTokenValue
20009ee1   sl_NetCfgSet
200086c1   sl_RecvFrom
2000a3f9   sl_Socket
20008489   sl_Start
200082f1   sl_Stop
200074f5   sl_WlanConnect
2000aa77   sl_WlanDisconnect
2000a025   sl_WlanPolicySet
2000a5b1   sl_WlanProfileDel
2000a065   sl_WlanRxFilterSet
20009d45   sl_WlanSet
2000a4d5   sl_WlanSetMode
20006f09   spi
200094f1   spi_Close
20007bb9   spi_Open
200083bd   spi_Read
20008205   spi_Write
2000a985   strlen
20009bd1   uDMAChannelAssign
200096a1   uDMAChannelAttributeDisable
20009705   uDMAChannelAttributeEnable
2000a159   uDMAChannelControlSet
2000a70d   uDMAChannelDisable
2000a729   uDMAChannelEnable
20009c1d   uDMAChannelModeGet
2000a745   uDMAChannelRequest
20008115   uDMAChannelTransferSet
2000a999   uDMAControlBaseSet
2000aa41   uDMADisable
2000aa4d   uDMAEnable
2000a9ad   uDMAIntClear
2000a91f   uDMAIntRegister
2000aa59   uDMAIntStatus
2000a9e5   uDMAIntUnregister
20018140   udp_str
20017f4c   ulMode
20017f50   ulStatus
20008e81   vsnprintf


GLOBAL SYMBOLS: SORTED BY Symbol Address 

address    name
--------   ----
00000001   __TI_args_main
00000800   __STACK_SIZE
00000800   __SYSMEM_SIZE
20004000   g_pfnVectors
20004fb7   __TI_printfi
200052c1   ms_delay
200052f9   SimpleLinkWlanEventHandler
20005409   SimpleLinkNetAppEventHandler
200054c9   SimpleLinkGeneralEventHandler
2000551d   SimpleLinkHttpServerCallback
20005529   SimpleLinkSockEventHandler
20005ae1   BsdUdpServer
20005bfb   BsdUdpClient
20005d69   main
20005ff9   minit
20006085   malloc
200060e7   free
200061a7   realloc
200062ad   memalign
2000638d   calloc
200063c5   _SlDrvMsgRead
20006779   _SlAsyncEventGenericHandler
20006ac5   InitTerm
20006ae3   Message
20006b05   ClearTerm
20006b0f   Error
20006b47   GetCmd
20006bd9   TrimSpace
20006c71   Report
20006e29   SlaveMain
20006ec3   send_cmd_spi
20006f09   spi
20006f49   DmaSwIntHandler
20006f5f   DmaErrorIntHandler
20006f6b   UDMAInit
20006fc3   UDMAChannelSelect
20006ff1   SetupTransfer
20007035   UDMASetupAutoMemTransfer
20007069   UDMASetupPingPongTransfer
200070c3   UDMAStartTransfer
200070cf   UDMAStopTransfer
200070db   UDMADeInit
200070ef   DMASetupTransfer
20007149   __aeabi_uldivmod
2000733d   __aeabi_dsub
20007347   __aeabi_dadd
200074f5   sl_WlanConnect
20007691   _SlDrvDataReadOp
2000780d   _SlDrvRxHdrRead
2000794d   __aeabi_ddiv
20007a85   PRCMCC3200MCUInit
20007bb9   spi_Open
20007ce1   _SlDrvWaitForPoolObj
20007df9   _SlDrvMsgWrite
20007f0d   _SlDrvReleasePoolObj
20008019   __aeabi_dmul
20008115   uDMAChannelTransferSet
20008205   spi_Write
200082f1   sl_Stop
200083bd   spi_Read
20008489   sl_Start
20008551   _SlDrvMsgReadCmdCtx
2000860d   _SlDrvNetAppEventHandler
200086c1   sl_RecvFrom
2000876d   IntDisable
20008815   IntEnable
200088bd   SPIConfigSetExpClk
2000895d   __aeabi_memcpy
2000895d   __aeabi_memcpy4
2000895d   __aeabi_memcpy8
2000895d   memcpy
200089f9   _SlFindAndSetActiveObj
20008a91   PRCMPeripheralClockGet
20008b25   _SlDrvClassifyRxMsg
20008bb9   _SlDrvMsgReadSpawnCtx
20008c4d   __TI_auto_init
20008ce1   _SlDrvDriverCBInit
20008d71   PinConfigSet
20008df9   _SlDrvCmdOp
20008e81   vsnprintf
20008f09   sl_NetAppMDNSRegisterUnregisterService
20008f91   __aeabi_cdcmpeq
20008f91   __aeabi_cdcmple
20009017   __aeabi_cdrcmple
2000909d   _sl_HandleAsync_DnsGetHostByName
20009121   NwpPowerOnPreamble
200091a1   SPIIntStatus
2000921d   sl_DevGet
20009311   _sl_HandleAsync_InitComplete
20009389   _sl_HandleAsync_PingResponse
20009401   __aeabi_memclr
20009401   __aeabi_memclr4
20009401   __aeabi_memclr8
20009403   __aeabi_memset
20009403   __aeabi_memset4
20009403   __aeabi_memset8
20009409   memset
20009479   UARTConfigSetExpClk
200094f1   spi_Close
20009565   _sl_HandleAsync_Connect
200095d1   _sl_HandleAsync_Accept
20009639   _sl_HandleAsync_DnsGetHostByService
200096a1   uDMAChannelAttributeDisable
20009705   uDMAChannelAttributeEnable
20009769   _SlDrvDriverCBDeinit
20009829   _sl_HandleAsync_Select
20009885   sl_Bind
200098e1   ltoa
2000993d   IntPendClear
20009995   PRCMPeripheralReset
200099ed   _sl_HandleAsync_Stop
20009a45   IntPrioritySet
20009a99   sl_NetAppSendTokenValue
20009aed   SPIIntEnable
20009b85   atoi
20009bd1   uDMAChannelAssign
20009c1d   uDMAChannelModeGet
20009c69   _sl_GetStartResponseConvert
20009cb5   SPIIntClear
20009cfd   __aeabi_d2iz
20009d45   sl_WlanSet
20009dd1   PinMuxConfig
20009e15   copy_in
20009e59   C$$EXIT
20009e5d   abort
20009e65   exit
20009e9d   _Dtest
20009ee1   sl_NetCfgSet
20009f25   PinModeSet
20009f65   _SlDrvRxIrqHandler
20009fa5   _SlNonOsMainLoopTask
20009fe5   _SlRemoveFromList
2000a025   sl_WlanPolicySet
2000a065   sl_WlanRxFilterSet
2000a0a5   NwpPowerOff
2000a0e1   PRCMPeripheralClkEnable
2000a11d   _SlDrvObjInit
2000a159   uDMAChannelControlSet
2000a195   NwpRegisterInterruptHandler
2000a1cd   sl_Htonl
2000a205   PRCMPeripheralStatusGet
2000a239   SPIFIFOLevelSet
2000a26d   _SlDrvBasicCmd
2000a2a1   _c_int00
2000a2d5   sl_Htons
2000a309   NwpPowerOn
2000a339   UARTDisable
2000a369   _SlDrvFlowContDeinit
2000a399   _SlDrvFlowContInit
2000a3c9   _SlNonOsSemGet
2000a3f9   sl_Socket
2000a429   __aeabi_i2d
2000a459   PRCMSysResetCauseGet
2000a485   PRCMPeripheralClkDisable
2000a4ad   _sl_BuildAddress
2000a4d5   sl_WlanSetMode
2000a4fd   DmaSpiSwIntHandler
2000a521   IntUnregister
2000a545   UARTEnable
2000a569   memmove
2000a58d   sl_Close
2000a5b1   sl_WlanProfileDel
2000a5d5   SPIReset
2000a5f7   SPIWordCountSet
2000a619   IntRegister
2000a639   _SlDrvCmdSend
2000a659   _SlNonOsSpawn
2000a679   SPIDataPut
2000a697   SPIIntRegister
2000a6b5   UARTCharPut
2000a6d5   _SlDrvObjDeInit
2000a6f1   memccpy
2000a70d   uDMAChannelDisable
2000a729   uDMAChannelEnable
2000a745   uDMAChannelRequest
2000a761   CopyPingResultsToReport
2000a77b   PinTypeSPI
2000a795   PinTypeUART
2000a7af   SPIDmaDisable
2000a7c9   SPIDmaEnable
2000a7e3   SPIFIFODisable
2000a7fd   SPIFIFOEnable
2000a817   SPIIntUnregister
2000a831   _SlDrvDeviceEventHandler
2000a84b   SPICSDisable
2000a863   SPICSEnable
2000a87b   SPIDisable
2000a893   SPIEnable
2000a8ad   _args_main
2000a8c5   __aeabi_lmul
2000a8dd   PRCMHIBRegRead
2000a8f3   PRCMHIBRegWrite
2000a909   UARTCharGet
2000a91f   uDMAIntRegister
2000a935   CPUcpsie
2000a949   IntVTableBaseSet
2000a95d   _SlDrvShiftDWord
2000a971   _register_unlock
2000a977   _register_lock
2000a97f   _nop
2000a985   strlen
2000a999   uDMAControlBaseSet
2000a9ad   uDMAIntClear
2000a9c1   __TI_zero_init
2000a9d3   sl_NetAppMDNSUnRegisterService
2000a9e5   uDMAIntUnregister
2000a9f9   NwpMaskInterrupt
2000aa09   __TI_decompress_none
2000aa17   _Dclass
2000aa25   ResetISR
2000aa35   NwpUnMaskInterrupt
2000aa41   uDMADisable
2000aa4d   uDMAEnable
2000aa59   uDMAIntStatus
2000aa65   IntMasterEnable
2000aa6f   _SlNonOsSemSet
2000aa77   sl_WlanDisconnect
2000aa7f   UtilsDelay
2000aa85   __TI_decompress_rle24
2000aa8c   _ctypes_
2000ac94   _SlPolicySetCmdCtrl
2000ac98   _SlPolicyGetCmdCtrl
2000ac9c   _SlProfileGetCmdCtrl
2000aca0   _SlProfileDelCmdCtrl
2000aca4   _SlWlanGetNetworkListCtrl
2000aca8   _SlRxFilterAddtCmdCtrl
2000acac   _SlRxFilterSetCmdCtrl
2000acb0   _SlRxFilterGetCmdCtrl
2000acb4   _SlSmartConfigStartCmdCtrl
2000acb8   _SlWlanSetModeCmdCtrl
2000acbc   _SlWlanCfgSetCmdCtrl
2000acc0   _SlWlanCfgGetCmdCtrl
2000af7c   g_H2NSyncPattern
2000af84   g_H2NCnysPattern
2000af8c   _SlActionLookupTable
2000b00c   _SlSockSocketCmdCtrl
2000b010   _SlSockCloseCmdCtrl
2000b014   _SlRecvfomCmdCtrl
2000b018   _SlSendCmdCtrl
2000b01c   _SlListenCmdCtrl
2000b020   _SlAcceptCmdCtrl
2000b024   _SlRecvCmdCtrl
2000b028   _SlSetSockOptCmdCtrl
2000b02c   _SlGetSockOptCmdCtrl
2000b030   _SlSelectCmdCtrl
2000b064   _SlNetAppStartCtrl
2000b068   _SlNetAppStopCtrl
2000b06c   _SlGetServiceListeCtrl
2000b070   _SlRegisterServiceCtrl
2000b074   _SlGetHostByServiceCtrl
2000b078   _SlGetHostByNameCtrl
2000b07c   _SlNetAppSetCmdCtrl
2000b080   _SlNetAppSendTokenValueCmdCtrl
2000b084   _SlNetAppGetCmdCtrl
2000b108   _SlStopCmdCtrl
2000b10c   _SlEventMaskSetCmdCtrl
2000b110   _SlEventMaskGetCmdCtrl
2000b114   _SlDeviceGetCmdCtrl
2000b118   _SlDeviceSetCmdCtrl
2000b11c   _SlNetCfgSetCmdCtrl
2000b120   _SlNetCfgGetCmdCtrl
2000b128   __TI_static_base__
2000b174   __TI_Handler_Table_Base
2000b180   __TI_Handler_Table_Limit
2000b188   __TI_CINIT_Base
2000b198   __TI_CINIT_Limit
20017000   _sys_memory
20017800   gpCtlTbl
20017c00   gfpAppCallbackHndl
20017d00   rx_udp_server
20017dc8   myStrA
20017e2c   myStrB
20017e90   myStrC
20017ef4   g__SlNonOsCB
20017f1c   g_ucConnectionSSID
20017f40   g_ucConnectionBSSID
20017f4c   ulMode
20017f50   ulStatus
20017f54   g_cDummy
20017f55   iDone
20017f58   pPingCallBackFunc
20017f5c   gFirstCmdMode
20017f60   g_pCB
20017f64   g_StatMem
200180c8   g_SpiFd
200180cc   g_pHostIntHdl
200180d0   g_ucDMAEnabled
200180d4   g_ucDinDout
20018124   g_ulStatus
20018128   g_ulGatewayIP
2001812c   g_ulDestinationIp
20018130   g_uiPortNum
20018134   g_ulPacketCount
20018138   g_ucSimplelinkstarted
2001813c   g_ulIpAddr
20018140   udp_str
2001814c   num
2001815c   index
20018160   flag
20018164   check_cmd
20018168   _lock
2001816c   _unlock
20018170   __TI_cleanup_ptr
20018174   __TI_dtors_ptr
20018178   main_func_sp
2002f800   __stack
20030000   __STACK_END
ffffffff   __binit__
ffffffff   __c_args__
ffffffff   binit
UNDEFED    SHT$$INIT_ARRAY$$Base
UNDEFED    SHT$$INIT_ARRAY$$Limit

[312 symbols]
