******************************************************************************
                  TI ARM Linker PC v5.1.6                      
******************************************************************************
>> Linked Fri Apr 03 03:22:28 2015

OUTPUT FILE NAME:   <test udp_socket.out>
ENTRY POINT SYMBOL: "_c_int00"  address: 2000a869


MEMORY CONFIGURATION

         name            origin    length      used     unused   attr    fill
----------------------  --------  ---------  --------  --------  ----  --------
  SRAM_CODE             20004000   00013000  0000783e  0000b7c2  RW X
  SRAM_DATA             20017000   00019000  000023d0  00016c30  RW X


SEGMENT ALLOCATION MAP

run origin  load origin   length   init length attrs members
----------  ----------- ---------- ----------- ----- -------
20004000    20004000    00007840   00007840    r-x
  20004000    20004000    00000400   00000400    r-- .intvecs
  20004400    20004400    00006d5a   00006d5a    r-x .text
  2000b15c    2000b15c    00000674   00000674    r-- .const
  2000b7d0    2000b7d0    00000070   00000070    r-- .cinit
20017000    20017000    00001bd0   00000000    rw-
  20017000    20017000    00001180   00000000    rw- .bss
  20018180    20018180    00000800   00000000    rw- .sysmem
  20018980    20018980    00000250   00000000    rw- .data
2002f800    2002f800    00000800   00000000    rw-
  2002f800    2002f800    00000800   00000000    rw- .stack


SECTION ALLOCATION MAP

 output                                  attributes/
section   page    origin      length       input sections
--------  ----  ----------  ----------   ----------------
.init_array 
*          0    20004000    00000000     UNINITIALIZED

.intvecs   0    20004000    00000400     
                  20004000    00000400     startup_ccs.obj (.intvecs)

.text      0    20004400    00006d5a     
                  20004400    00000ec0     rtsv7M4_T_le_eabi.lib : _printfi.obj (.text)
                  200052c0    00000d90     main.obj (.text)
                  20006050    0000049c     spi.obj (.text)
                  200064ec    000003cc     rtsv7M4_T_le_eabi.lib : memory.obj (.text)
                  200068b8    000003b4     simplelink.a : driver.obj (.text:_SlDrvMsgRead)
                  20006c6c    0000034c                  : driver.obj (.text:_SlAsyncEventGenericHandler)
                  20006fb8    0000026c     uart_if.obj (.text)
                  20007224    00000200     udma_if.obj (.text)
                  20007424    000001f4     rtsv7M4_T_le_eabi.lib : ull_div_t2.obj (.text)
                  20007618    000001b6                           : fd_add_t2.obj (.text)
                  200077ce    00000002     driverlib.a : interrupt.obj (.text:IntDefaultHandler)
                  200077d0    0000019c     simplelink.a : wlan.obj (.text:sl_WlanConnect)
                  2000796c    00000140                  : driver.obj (.text:_SlDrvDataWriteOp)
                  20007aac    00000140                  : driver.obj (.text:_SlDrvRxHdrRead)
                  20007bec    00000136     rtsv7M4_T_le_eabi.lib : fd_div_t2.obj (.text)
                  20007d22    00000002     --HOLE-- [fill = 0]
                  20007d24    00000134     driverlib.a : prcm.obj (.text:PRCMCC3200MCUInit)
                  20007e58    00000128     simplelink.a : cc_pal.obj (.text:spi_Open)
                  20007f80    00000118                  : driver.obj (.text:_SlDrvWaitForPoolObj)
                  20008098    00000114                  : driver.obj (.text:_SlDrvMsgWrite)
                  200081ac    0000010c                  : driver.obj (.text:_SlDrvReleasePoolObj)
                  200082b8    000000fc     rtsv7M4_T_le_eabi.lib : fd_mul_t2.obj (.text)
                  200083b4    000000fa     timer_if.obj (.text)
                  200084ae    00000002     --HOLE-- [fill = 0]
                  200084b0    000000f0     driverlib.a : udma.obj (.text:uDMAChannelTransferSet)
                  200085a0    000000ec     simplelink.a : cc_pal.obj (.text:spi_Write)
                  2000868c    000000cc                  : device.obj (.text:sl_Stop)
                  20008758    000000cc                  : cc_pal.obj (.text:spi_Read)
                  20008824    000000c8                  : device.obj (.text:sl_Start)
                  200088ec    000000bc                  : driver.obj (.text:_SlDrvMsgReadCmdCtx)
                  200089a8    000000b4                  : socket.obj (.text:sl_SendTo)
                  20008a5c    000000b2                  : netapp.obj (.text:_SlDrvNetAppEventHandler)
                  20008b0e    00000002     --HOLE-- [fill = 0]
                  20008b10    000000a8     driverlib.a : interrupt.obj (.text:IntDisable)
                  20008bb8    000000a8                 : interrupt.obj (.text:IntEnable)
                  20008c60    000000a0                 : spi.obj (.text:SPIConfigSetExpClk)
                  20008d00    0000009c     rtsv7M4_T_le_eabi.lib : memcpy_t2.obj (.text)
                  20008d9c    00000098     simplelink.a : driver.obj (.text:_SlFindAndSetActiveObj)
                  20008e34    00000094     driverlib.a : prcm.obj (.text:PRCMPeripheralClockGet)
                  20008ec8    00000094     simplelink.a : driver.obj (.text:_SlDrvClassifyRxMsg)
                  20008f5c    00000094                  : driver.obj (.text:_SlDrvMsgReadSpawnCtx)
                  20008ff0    00000094     rtsv7M4_T_le_eabi.lib : auto_init.obj (.text)
                  20009084    00000090     simplelink.a : driver.obj (.text:_SlDrvDriverCBInit)
                  20009114    00000088     driverlib.a : pin.obj (.text:PinConfigSet)
                  2000919c    00000088     simplelink.a : driver.obj (.text:_SlDrvCmdOp)
                  20009224    00000088     rtsv7M4_T_le_eabi.lib : vsnprintf.obj (.text)
                  200092ac    00000088     simplelink.a : netapp.obj (.text:sl_NetAppMDNSRegisterUnregisterService)
                  20009334    00000086     rtsv7M4_T_le_eabi.lib : fd_cmp_t2.obj (.text:__aeabi_cdcmple)
                  200093ba    00000086                           : fd_cmp_t2.obj (.text:__aeabi_cdrcmple)
                  20009440    00000084     simplelink.a : netapp.obj (.text:_sl_HandleAsync_DnsGetHostByName)
                  200094c4    00000080                  : cc_pal.obj (.text:NwpPowerOnPreamble)
                  20009544    0000007c     driverlib.a : spi.obj (.text:SPIIntStatus)
                  200095c0    0000007c     simplelink.a : device.obj (.text:sl_DevGet)
                  2000963c    00000078                  : cc_pal.obj (.text:SetupDMAReceive)
                  200096b4    00000078                  : device.obj (.text:_sl_HandleAsync_InitComplete)
                  2000972c    00000078                  : netapp.obj (.text:_sl_HandleAsync_PingResponse)
                  200097a4    00000078     rtsv7M4_T_le_eabi.lib : memset_t2.obj (.text)
                  2000981c    00000076     driverlib.a : uart.obj (.text:UARTConfigSetExpClk)
                  20009892    00000002     --HOLE-- [fill = 0]
                  20009894    00000074     simplelink.a : cc_pal.obj (.text:spi_Close)
                  20009908    00000070     driverlib.a : timer.obj (.text:TimerIntRegister)
                  20009978    0000006e     simplelink.a : socket.obj (.text:_sl_TruncatePayloadByProtocol)
                  200099e6    00000002     --HOLE-- [fill = 0]
                  200099e8    0000006c                  : socket.obj (.text:_sl_HandleAsync_Connect)
                  20009a54    00000068     driverlib.a : timer.obj (.text:TimerIntUnregister)
                  20009abc    00000068     simplelink.a : socket.obj (.text:_sl_HandleAsync_Accept)
                  20009b24    00000068                  : netapp.obj (.text:_sl_HandleAsync_DnsGetHostByService)
                  20009b8c    00000064     driverlib.a : udma.obj (.text:uDMAChannelAttributeDisable)
                  20009bf0    00000064                 : udma.obj (.text:uDMAChannelAttributeEnable)
                  20009c54    00000060     simplelink.a : driver.obj (.text:_SlDrvDriverCBDeinit)
                  20009cb4    0000005e     rtsv7M4_T_le_eabi.lib : copy_decompress_rle.obj (.text)
                  20009d12    00000002     --HOLE-- [fill = 0]
                  20009d14    0000005c     simplelink.a : socket.obj (.text:_sl_HandleAsync_Select)
                  20009d70    0000005c                  : socket.obj (.text:sl_Bind)
                  20009dcc    0000005a     rtsv7M4_T_le_eabi.lib : ltoa.obj (.text)
                  20009e26    00000002     --HOLE-- [fill = 0]
                  20009e28    00000058     driverlib.a : interrupt.obj (.text:IntPendClear)
                  20009e80    00000058                 : prcm.obj (.text:PRCMPeripheralReset)
                  20009ed8    00000058     simplelink.a : device.obj (.text:_sl_HandleAsync_Stop)
                  20009f30    00000054     driverlib.a : interrupt.obj (.text:IntPrioritySet)
                  20009f84    00000054     simplelink.a : netapp.obj (.text:sl_NetAppSendTokenValue)
                  20009fd8    0000004c     driverlib.a : spi.obj (.text:SPIIntDisable)
                  2000a024    0000004c                 : spi.obj (.text:SPIIntEnable)
                  2000a070    0000004c                 : spi.obj (.text:SPIIntNumberGet)
                  2000a0bc    0000004c     rtsv7M4_T_le_eabi.lib : atoi.obj (.text)
                  2000a108    0000004c     simplelink.a : socket.obj (.text:sl_SetSockOpt)
                  2000a154    0000004c     driverlib.a : udma.obj (.text:uDMAChannelAssign)
                  2000a1a0    0000004c                 : udma.obj (.text:uDMAChannelModeGet)
                  2000a1ec    0000004a     simplelink.a : device.obj (.text:_sl_GetStartResponseConvert)
                  2000a236    00000002     --HOLE-- [fill = 0]
                  2000a238    00000048     driverlib.a : spi.obj (.text:SPIIntClear)
                  2000a280    00000048     rtsv7M4_T_le_eabi.lib : fd_toi_t2.obj (.text)
                  2000a2c8    00000048     simplelink.a : wlan.obj (.text:sl_WlanSet)
                  2000a310    00000044     driverlib.a : spi.obj (.text:SPIDmaMaskGet)
                  2000a354    00000044                 : timer.obj (.text:TimerConfigure)
                  2000a398    00000044     pinmux.obj (.text)
                  2000a3dc    00000044     rtsv7M4_T_le_eabi.lib : cpy_tbl.obj (.text)
                  2000a420    00000044                           : exit.obj (.text)
                  2000a464    00000044                           : xdtest.obj (.text)
                  2000a4a8    00000044     simplelink.a : netcfg.obj (.text:sl_NetCfgSet)
                  2000a4ec    00000040     driverlib.a : pin.obj (.text:PinModeSet)
                  2000a52c    00000040     simplelink.a : driver.obj (.text:_SlDrvRxIrqHandler)
                  2000a56c    00000040                  : nonos.obj (.text:_SlNonOsMainLoopTask)
                  2000a5ac    00000040                  : driver.obj (.text:_SlRemoveFromList)
                  2000a5ec    00000040                  : wlan.obj (.text:sl_WlanPolicySet)
                  2000a62c    00000040                  : wlan.obj (.text:sl_WlanRxFilterSet)
                  2000a66c    0000003c                  : cc_pal.obj (.text:NwpPowerOff)
                  2000a6a8    0000003c     driverlib.a : prcm.obj (.text:PRCMPeripheralClkEnable)
                  2000a6e4    0000003c     simplelink.a : driver.obj (.text:_SlDrvObjInit)
                  2000a720    0000003c     driverlib.a : udma.obj (.text:uDMAChannelControlSet)
                  2000a75c    00000038     simplelink.a : cc_pal.obj (.text:NwpRegisterInterruptHandler)
                  2000a794    00000038                  : socket.obj (.text:sl_Htonl)
                  2000a7cc    00000034     driverlib.a : prcm.obj (.text:PRCMPeripheralStatusGet)
                  2000a800    00000034                 : spi.obj (.text:SPIFIFOLevelSet)
                  2000a834    00000034     simplelink.a : driver.obj (.text:_SlDrvBasicCmd)
                  2000a868    00000034     rtsv7M4_T_le_eabi.lib : boot.obj (.text)
                  2000a89c    00000034     simplelink.a : socket.obj (.text:sl_Htons)
                  2000a8d0    00000030                  : cc_pal.obj (.text:NwpPowerOn)
                  2000a900    00000030     driverlib.a : uart.obj (.text:UARTDisable)
                  2000a930    00000030     simplelink.a : flowcont.obj (.text:_SlDrvFlowContDeinit)
                  2000a960    00000030                  : flowcont.obj (.text:_SlDrvFlowContInit)
                  2000a990    00000030                  : nonos.obj (.text:_SlNonOsSemGet)
                  2000a9c0    00000030                  : socket.obj (.text:sl_Socket)
                  2000a9f0    0000002e     rtsv7M4_T_le_eabi.lib : i_tofd_t2.obj (.text)
                  2000aa1e    00000002     --HOLE-- [fill = 0]
                  2000aa20    0000002c     driverlib.a : prcm.obj (.text:PRCMSysResetCauseGet)
                  2000aa4c    0000002a                 : timer.obj (.text:TimerLoadSet)
                  2000aa76    0000002a                 : timer.obj (.text:TimerPrescaleSet)
                  2000aaa0    00000028                 : prcm.obj (.text:PRCMPeripheralClkDisable)
                  2000aac8    00000028     simplelink.a : socket.obj (.text:_sl_BuildAddress)
                  2000aaf0    00000028                  : wlan.obj (.text:sl_WlanSetMode)
                  2000ab18    00000024                  : cc_pal.obj (.text:DmaSpiSwIntHandler)
                  2000ab3c    00000024     driverlib.a : interrupt.obj (.text:IntUnregister)
                  2000ab60    00000024                 : uart.obj (.text:UARTEnable)
                  2000ab84    00000024     rtsv7M4_T_le_eabi.lib : memmov.obj (.text)
                  2000aba8    00000024     simplelink.a : socket.obj (.text:sl_Close)
                  2000abcc    00000024                  : wlan.obj (.text:sl_WlanProfileDel)
                  2000abf0    00000022     driverlib.a : spi.obj (.text:SPIReset)
                  2000ac12    00000022                 : spi.obj (.text:SPIWordCountSet)
                  2000ac34    00000020                 : interrupt.obj (.text:IntRegister)
                  2000ac54    00000020     simplelink.a : driver.obj (.text:_SlDrvCmdSend)
                  2000ac74    00000020                  : nonos.obj (.text:_SlNonOsSpawn)
                  2000ac94    0000001e     driverlib.a : spi.obj (.text:SPIDataPut)
                  2000acb2    0000001e                 : spi.obj (.text:SPIIntRegister)
                  2000acd0    0000001e                 : timer.obj (.text:TimerDisable)
                  2000acee    0000001e                 : timer.obj (.text:TimerEnable)
                  2000ad0c    0000001e                 : timer.obj (.text:TimerIntStatus)
                  2000ad2a    0000001e                 : uart.obj (.text:UARTCharPut)
                  2000ad48    0000001c                 : timer.obj (.text:TimerValueGet)
                  2000ad64    0000001c     simplelink.a : driver.obj (.text:_SlDrvObjDeInit)
                  2000ad80    0000001c     rtsv7M4_T_le_eabi.lib : memccpy.obj (.text)
                  2000ad9c    0000001c     driverlib.a : udma.obj (.text:uDMAChannelDisable)
                  2000adb8    0000001c                 : udma.obj (.text:uDMAChannelEnable)
                  2000add4    0000001c                 : udma.obj (.text:uDMAChannelRequest)
                  2000adf0    0000001a     simplelink.a : netapp.obj (.text:CopyPingResultsToReport)
                  2000ae0a    0000001a     driverlib.a : pin.obj (.text:PinTypeSPI)
                  2000ae24    0000001a                 : pin.obj (.text:PinTypeUART)
                  2000ae3e    0000001a                 : spi.obj (.text:SPIDmaDisable)
                  2000ae58    0000001a                 : spi.obj (.text:SPIDmaEnable)
                  2000ae72    0000001a                 : spi.obj (.text:SPIFIFODisable)
                  2000ae8c    0000001a                 : spi.obj (.text:SPIFIFOEnable)
                  2000aea6    0000001a                 : spi.obj (.text:SPIIntUnregister)
                  2000aec0    0000001a     simplelink.a : device.obj (.text:_SlDrvDeviceEventHandler)
                  2000aeda    00000018     driverlib.a : spi.obj (.text:SPICSDisable)
                  2000aef2    00000018                 : spi.obj (.text:SPICSEnable)
                  2000af0a    00000018                 : spi.obj (.text:SPIDisable)
                  2000af22    00000018                 : spi.obj (.text:SPIEnable)
                  2000af3a    00000018                 : timer.obj (.text:TimerIntDisable)
                  2000af52    00000018                 : timer.obj (.text:TimerIntEnable)
                  2000af6a    00000002     --HOLE-- [fill = 0]
                  2000af6c    00000018     rtsv7M4_T_le_eabi.lib : args_main.obj (.text)
                  2000af84    00000018                           : ll_mul_t2.obj (.text)
                  2000af9c    00000016     driverlib.a : prcm.obj (.text:PRCMHIBRegRead)
                  2000afb2    00000016                 : prcm.obj (.text:PRCMHIBRegWrite)
                  2000afc8    00000016                 : uart.obj (.text:UARTCharGet)
                  2000afde    00000016                 : udma.obj (.text:uDMAIntRegister)
                  2000aff4    00000014                 : cpu.obj (.text:CPUcpsie)
                  2000b008    00000014                 : interrupt.obj (.text:IntVTableBaseSet)
                  2000b01c    00000014     simplelink.a : driver.obj (.text:_SlDrvShiftDWord)
                  2000b030    00000014     rtsv7M4_T_le_eabi.lib : _lock.obj (.text)
                  2000b044    00000014                           : strlen.obj (.text)
                  2000b058    00000014     driverlib.a : udma.obj (.text:uDMAControlBaseSet)
                  2000b06c    00000014                 : udma.obj (.text:uDMAIntClear)
                  2000b080    00000012                 : timer.obj (.text:TimerIntClear)
                  2000b092    00000012     rtsv7M4_T_le_eabi.lib : copy_zero_init.obj (.text:decompress:ZI)
                  2000b0a4    00000012     simplelink.a : netapp.obj (.text:sl_NetAppMDNSUnRegisterService)
                  2000b0b6    00000012     driverlib.a : udma.obj (.text:uDMAIntUnregister)
                  2000b0c8    00000010     simplelink.a : cc_pal.obj (.text:NwpMaskInterrupt)
                  2000b0d8    0000000e     rtsv7M4_T_le_eabi.lib : copy_decompress_none.obj (.text:decompress:none)
                  2000b0e6    0000000e                           : xdclass.obj (.text)
                  2000b0f4    0000000e     startup_ccs.obj (.text)
                  2000b102    00000002     --HOLE-- [fill = 0]
                  2000b104    0000000c     simplelink.a : cc_pal.obj (.text:NwpUnMaskInterrupt)
                  2000b110    0000000c     driverlib.a : udma.obj (.text:uDMADisable)
                  2000b11c    0000000c                 : udma.obj (.text:uDMAEnable)
                  2000b128    0000000c                 : udma.obj (.text:uDMAIntStatus)
                  2000b134    0000000a                 : interrupt.obj (.text:IntMasterEnable)
                  2000b13e    00000008     simplelink.a : nonos.obj (.text:_SlNonOsSemSet)
                  2000b146    00000008                  : wlan.obj (.text:sl_WlanDisconnect)
                  2000b14e    00000006     driverlib.a : utils.obj (.text:UtilsDelay)
                  2000b154    00000006     rtsv7M4_T_le_eabi.lib : copy_decompress_rle.obj (.text:decompress:rle24)

.const     0    2000b15c    00000674     
                  2000b15c    00000102     rtsv7M4_T_le_eabi.lib : ctype.obj (.const:.string:_ctypes_)
                  2000b25e    00000002     --HOLE-- [fill = 0]
                  2000b260    00000100     driverlib.a : pin.obj (.const:g_ulPinToPadMap)
                  2000b360    000000ec     simplelink.a : wlan.obj (.const)
                  2000b44c    000000d4     driverlib.a : interrupt.obj (.const:g_pulRegs)
                  2000b520    000000a8                 : prcm.obj (.const:PRCM_PeriphRegsList)
                  2000b5c8    00000080                 : interrupt.obj (.const)
                  2000b648    0000004c     simplelink.a : driver.obj (.const)
                  2000b694    00000034                  : socket.obj (.const)
                  2000b6c8    0000002c     main.obj (.const:$P$T1$2)
                  2000b6f4    00000028     simplelink.a : netapp.obj (.const)
                  2000b71c    00000024     driverlib.a : spi.obj (.const:g_ppulSPIIntMap)
                  2000b740    00000022     main.obj (.const:.string:$P$T0$1)
                  2000b762    00000002     --HOLE-- [fill = 0]
                  2000b764    00000020     main.obj (.const)
                  2000b784    00000018     driverlib.a : spi.obj (.const)
                  2000b79c    00000016     main.obj (.const:.string)
                  2000b7b2    00000002     --HOLE-- [fill = 0]
                  2000b7b4    00000014     simplelink.a : device.obj (.const)
                  2000b7c8    00000008                  : netcfg.obj (.const)

.cinit     0    2000b7d0    00000070     
                  2000b7d0    0000004c     (.cinit..data.load) [load image, compression = rle]
                  2000b81c    0000000c     (__TI_handler_table)
                  2000b828    00000008     (.cinit..bss.load) [load image, compression = zero_init]
                  2000b830    00000010     (__TI_cinit_table)

.bss       0    20017000    00001180     UNINITIALIZED
                  20017000    0000057c     spi.obj (.bss:myStrC)
                  2001757c    00000100     udma_if.obj (.bss:gfpAppCallbackHndl)
                  2001767c    00000064     spi.obj (.bss:myStrX)
                  200176e0    00000064     spi.obj (.bss:myStrY)
                  20017744    00000028     simplelink.a : nonos.obj (.bss:g__SlNonOsCB)
                  2001776c    00000024     main.obj (.bss:g_ucConnectionSSID)
                  20017790    0000000c     (.common:cmd_buffer)
                  2001779c    00000008     (.common:g_ucConnectionBSSID)
                  200177a4    00000004     (.common:Reset_SYNC)
                  200177a8    00000004     (.common:__Errorlog)
                  200177ac    00000004     (.common:rx_udp_server)
                  200177b0    00000004     (.common:udploop)
                  200177b4    00000004     (.common:ulMode)
                  200177b8    00000002     (.common:ulRecvData)
                  200177ba    00000001     (.common:g_cDummy)
                  200177bb    00000001     (.common:iDone)
                  200177bc    00000044     --HOLE--
                  20017800    00000400     udma_if.obj (.bss:gpCtlTbl)
                  20017c00    000002c0     spi.obj (.bss:myStrA)
                  20017ec0    000002c0     spi.obj (.bss:myStrB)

.sysmem    0    20018180    00000800     UNINITIALIZED
                  20018180    00000008     rtsv7M4_T_le_eabi.lib : memory.obj (.sysmem)
                  20018188    000007f8     --HOLE--

.data      0    20018980    00000250     UNINITIALIZED
                  20018980    00000170     simplelink.a : driver.obj (.data)
                  20018af0    0000005c                  : cc_pal.obj (.data)
                  20018b4c    00000034     main.obj (.data)
                  20018b80    00000030     spi.obj (.data)
                  20018bb0    0000000c     rtsv7M4_T_le_eabi.lib : memory.obj (.data)
                  20018bbc    00000008                           : _lock.obj (.data)
                  20018bc4    00000008                           : exit.obj (.data)
                  20018bcc    00000004                           : stkdepth_vars.obj (.data)

.stack     0    2002f800    00000800     UNINITIALIZED
                  2002f800    00000800     --HOLE--


LINKER GENERATED COPY TABLES

__TI_cinit_table @ 2000b830 records: 2, size/record: 8, table size: 16
	.data: load addr=2000b7d0, load size=0000004c bytes, run addr=20018980, run size=00000250 bytes, compression=rle
	.bss: load addr=2000b828, load size=00000008 bytes, run addr=20017000, run size=00001180 bytes, compression=zero_init


LINKER GENERATED HANDLER TABLE

__TI_handler_table @ 2000b81c records: 3, size/record: 4, table size: 12
	index: 0, handler: __TI_decompress_rle24
	index: 1, handler: __TI_decompress_none
	index: 2, handler: __TI_zero_init


GLOBAL SYMBOLS: SORTED ALPHABETICALLY BY Name 

address    name
--------   ----
2000a421   C$$EXIT
2000aff5   CPUcpsie
20006ff9   ClearTerm
2000adf1   CopyPingResultsToReport
200073cb   DMASetupTransfer
2000723b   DmaErrorIntHandler
2000ab19   DmaSpiSwIntHandler
20007225   DmaSwIntHandler
20007003   Error
2000703b   GetCmd
20006fb9   InitTerm
20008b11   IntDisable
20008bb9   IntEnable
2000b135   IntMasterEnable
20009e29   IntPendClear
20009f31   IntPrioritySet
2000ac35   IntRegister
2000ab3d   IntUnregister
2000b009   IntVTableBaseSet
20006fd7   Message
2000b0c9   NwpMaskInterrupt
2000a66d   NwpPowerOff
2000a8d1   NwpPowerOn
200094c5   NwpPowerOnPreamble
2000a75d   NwpRegisterInterruptHandler
2000b105   NwpUnMaskInterrupt
20007d25   PRCMCC3200MCUInit
2000af9d   PRCMHIBRegRead
2000afb3   PRCMHIBRegWrite
2000aaa1   PRCMPeripheralClkDisable
2000a6a9   PRCMPeripheralClkEnable
20008e35   PRCMPeripheralClockGet
20009e81   PRCMPeripheralReset
2000a7cd   PRCMPeripheralStatusGet
2000aa21   PRCMSysResetCauseGet
20009115   PinConfigSet
2000a4ed   PinModeSet
2000a399   PinMuxConfig
2000ae0b   PinTypeSPI
2000ae25   PinTypeUART
20007165   Report
2000b0f5   ResetISR
200177a4   Reset_SYNC
UNDEFED    SHT$$INIT_ARRAY$$Base
UNDEFED    SHT$$INIT_ARRAY$$Limit
2000aedb   SPICSDisable
2000aef3   SPICSEnable
20008c61   SPIConfigSetExpClk
2000ac95   SPIDataPut
2000af0b   SPIDisable
2000ae3f   SPIDmaDisable
2000ae59   SPIDmaEnable
2000af23   SPIEnable
2000ae73   SPIFIFODisable
2000ae8d   SPIFIFOEnable
2000a801   SPIFIFOLevelSet
2000a239   SPIIntClear
20009fd9   SPIIntDisable
2000a025   SPIIntEnable
2000acb3   SPIIntRegister
20009545   SPIIntStatus
2000aea7   SPIIntUnregister
2000abf1   SPIReset
2000ac13   SPIWordCountSet
200072cd   SetupTransfer
200054c9   SimpleLinkGeneralEventHandler
2000551d   SimpleLinkHttpServerCallback
20005409   SimpleLinkNetAppEventHandler
20005529   SimpleLinkSockEventHandler
200052f9   SimpleLinkWlanEventHandler
20006243   SlaveMain
2000a355   TimerConfigure
2000acd1   TimerDisable
2000acef   TimerEnable
2000b081   TimerIntClear
2000af3b   TimerIntDisable
2000af53   TimerIntEnable
20009909   TimerIntRegister
2000ad0d   TimerIntStatus
20009a55   TimerIntUnregister
2000aa4d   TimerLoadSet
2000aa77   TimerPrescaleSet
2000ad49   TimerValueGet
20008469   Timer_IF_DeInit
20008497   Timer_IF_GetCount
200083b5   Timer_IF_Init
200083e7   Timer_IF_IntSetup
20008425   Timer_IF_InterruptClear
20008483   Timer_IF_ReLoad
2000843d   Timer_IF_Start
20008459   Timer_IF_Stop
200070cd   TrimSpace
2000afc9   UARTCharGet
2000ad2b   UARTCharPut
2000981d   UARTConfigSetExpClk
2000a901   UARTDisable
2000ab61   UARTEnable
2000729f   UDMAChannelSelect
200073b7   UDMADeInit
20007247   UDMAInit
20007311   UDMASetupAutoMemTransfer
20007345   UDMASetupPingPongTransfer
2000739f   UDMAStartTransfer
200073ab   UDMAStopTransfer
20005ab1   UdpServer
2000b14f   UtilsDelay
2000b0e7   _Dclass
2000a465   _Dtest
2000b6b4   _SlAcceptCmdCtrl
2000b65c   _SlActionLookupTable
20006c6d   _SlAsyncEventGenericHandler
2000b7c0   _SlDeviceGetCmdCtrl
2000b7c4   _SlDeviceSetCmdCtrl
2000a835   _SlDrvBasicCmd
20008ec9   _SlDrvClassifyRxMsg
2000919d   _SlDrvCmdOp
2000ac55   _SlDrvCmdSend
2000796d   _SlDrvDataWriteOp
2000aec1   _SlDrvDeviceEventHandler
20009c55   _SlDrvDriverCBDeinit
20009085   _SlDrvDriverCBInit
2000a931   _SlDrvFlowContDeinit
2000a961   _SlDrvFlowContInit
200068b9   _SlDrvMsgRead
200088ed   _SlDrvMsgReadCmdCtx
20008f5d   _SlDrvMsgReadSpawnCtx
20008099   _SlDrvMsgWrite
20008a5d   _SlDrvNetAppEventHandler
2000ad65   _SlDrvObjDeInit
2000a6e5   _SlDrvObjInit
200081ad   _SlDrvReleasePoolObj
20007aad   _SlDrvRxHdrRead
2000a52d   _SlDrvRxIrqHandler
2000b01d   _SlDrvShiftDWord
20007f81   _SlDrvWaitForPoolObj
2000b7bc   _SlEventMaskGetCmdCtrl
2000b7b8   _SlEventMaskSetCmdCtrl
20008d9d   _SlFindAndSetActiveObj
2000b70c   _SlGetHostByNameCtrl
2000b708   _SlGetHostByServiceCtrl
2000b700   _SlGetServiceListeCtrl
2000b6c0   _SlGetSockOptCmdCtrl
2000b6b0   _SlListenCmdCtrl
2000b718   _SlNetAppGetCmdCtrl
2000b714   _SlNetAppSendTokenValueCmdCtrl
2000b710   _SlNetAppSetCmdCtrl
2000b6f8   _SlNetAppStartCtrl
2000b6fc   _SlNetAppStopCtrl
2000b7cc   _SlNetCfgGetCmdCtrl
2000b7c8   _SlNetCfgSetCmdCtrl
2000a56d   _SlNonOsMainLoopTask
2000a991   _SlNonOsSemGet
2000b13f   _SlNonOsSemSet
2000ac75   _SlNonOsSpawn
2000b368   _SlPolicyGetCmdCtrl
2000b364   _SlPolicySetCmdCtrl
2000b370   _SlProfileDelCmdCtrl
2000b36c   _SlProfileGetCmdCtrl
2000b6b8   _SlRecvCmdCtrl
2000b6a8   _SlRecvfomCmdCtrl
2000b704   _SlRegisterServiceCtrl
2000a5ad   _SlRemoveFromList
2000b378   _SlRxFilterAddtCmdCtrl
2000b380   _SlRxFilterGetCmdCtrl
2000b37c   _SlRxFilterSetCmdCtrl
2000b6c4   _SlSelectCmdCtrl
2000b6ac   _SlSendCmdCtrl
2000b6bc   _SlSetSockOptCmdCtrl
2000b384   _SlSmartConfigStartCmdCtrl
2000b6a4   _SlSockCloseCmdCtrl
2000b6a0   _SlSockSocketCmdCtrl
2000b7b4   _SlStopCmdCtrl
2000b390   _SlWlanCfgGetCmdCtrl
2000b38c   _SlWlanCfgSetCmdCtrl
2000b374   _SlWlanGetNetworkListCtrl
2000b388   _SlWlanSetModeCmdCtrl
20030000   __STACK_END
00000800   __STACK_SIZE
00000800   __SYSMEM_SIZE
2000b830   __TI_CINIT_Base
2000b840   __TI_CINIT_Limit
2000b81c   __TI_Handler_Table_Base
2000b828   __TI_Handler_Table_Limit
00000001   __TI_args_main
20008ff1   __TI_auto_init
20018bc4   __TI_cleanup_ptr
2000b0d9   __TI_decompress_none
2000b155   __TI_decompress_rle24
20018bc8   __TI_dtors_ptr
20004fb7   __TI_printfi
2000b7d0   __TI_static_base__
2000b093   __TI_zero_init
20009335   __aeabi_cdcmpeq
20009335   __aeabi_cdcmple
200093bb   __aeabi_cdrcmple
2000a281   __aeabi_d2iz
20007623   __aeabi_dadd
20007bed   __aeabi_ddiv
200082b9   __aeabi_dmul
20007619   __aeabi_dsub
2000a9f1   __aeabi_i2d
2000af85   __aeabi_lmul
200097a5   __aeabi_memclr
200097a5   __aeabi_memclr4
200097a5   __aeabi_memclr8
20008d01   __aeabi_memcpy
20008d01   __aeabi_memcpy4
20008d01   __aeabi_memcpy8
200097a7   __aeabi_memset
200097a7   __aeabi_memset4
200097a7   __aeabi_memset8
20007425   __aeabi_uldivmod
ffffffff   __binit__
ffffffff   __c_args__
2002f800   __stack
2000af6d   _args_main
2000a869   _c_int00
2000b15c   _ctypes_
20018bbc   _lock
2000b03f   _nop
2000b037   _register_lock
2000b031   _register_unlock
2000aac9   _sl_BuildAddress
2000a1ed   _sl_GetStartResponseConvert
20009abd   _sl_HandleAsync_Accept
200099e9   _sl_HandleAsync_Connect
20009441   _sl_HandleAsync_DnsGetHostByName
20009b25   _sl_HandleAsync_DnsGetHostByService
200096b5   _sl_HandleAsync_InitComplete
2000972d   _sl_HandleAsync_PingResponse
20009d15   _sl_HandleAsync_Select
20009ed9   _sl_HandleAsync_Stop
20009979   _sl_TruncatePayloadByProtocol
20018180   _sys_memory
20018bc0   _unlock
2000a425   abort
2000a0bd   atoi
ffffffff   binit
20018b80   c_full
20006881   calloc
20018b90   check_cmd
20018bac   check_frame_start
20018b8c   chk_bufa_flag
20017790   cmd_buffer
20018ba8   cmd_index
20018b98   cmd_sent
2000a3dd   copy_in
2000a42d   exit
20018b88   flag
20018b9c   flow_ctrl
20006421   frame_sync
200065db   free
20018984   gFirstCmdMode
2000b654   g_H2NCnysPattern
2000b64c   g_H2NSyncPattern
20018af0   g_SpiFd
2001898c   g_StatMem
20017744   g__SlNonOsCB
200177ba   g_cDummy
20018988   g_pCB
20018af4   g_pHostIntHdl
20004000   g_pfnVectors
2001779c   g_ucConnectionBSSID
2001776c   g_ucConnectionSSID
20018af8   g_ucDMAEnabled
20018afc   g_ucDinDout
20018b60   g_ucSimplelinkstarted
20018b58   g_uiPortNum
20018b54   g_ulDestinationIp
20018b50   g_ulGatewayIP
20018b64   g_ulIpAddr
20018b5c   g_ulPacketCount
20018b4c   g_ulStatus
20018b94   get_sync_cmd_resp
2001757c   gfpAppCallbackHndl
20017800   gpCtlTbl
200177bb   iDone
20018b84   index
20009dcd   ltoa
20005de1   main
20018bcc   main_func_sp
20006579   malloc
200067a1   memalign
2000ad81   memccpy
20008d01   memcpy
2000ab85   memmove
200097ad   memset
200064ed   minit
200052c1   ms_delay
20017c00   myStrA
20017ec0   myStrB
20017000   myStrC
2001767c   myStrX
200176e0   myStrY
20018b74   num
20018980   pPingCallBackFunc
2000669b   realloc
20018ba0   recv_ping_packet
20018ba4   recv_pong_packet
200063a9   reset_sync_spi
200177ac   rx_udp_server
200062fd   send_cmd
20009d71   sl_Bind
2000aba9   sl_Close
200095c1   sl_DevGet
2000a795   sl_Htonl
2000a89d   sl_Htons
200092ad   sl_NetAppMDNSRegisterUnregisterService
2000b0a5   sl_NetAppMDNSUnRegisterService
20009f85   sl_NetAppSendTokenValue
2000a4a9   sl_NetCfgSet
200089a9   sl_SendTo
2000a109   sl_SetSockOpt
2000a9c1   sl_Socket
20008825   sl_Start
2000868d   sl_Stop
200077d1   sl_WlanConnect
2000b147   sl_WlanDisconnect
2000a5ed   sl_WlanPolicySet
2000abcd   sl_WlanProfileDel
2000a62d   sl_WlanRxFilterSet
2000a2c9   sl_WlanSet
2000aaf1   sl_WlanSetMode
2000649d   spi
20009895   spi_Close
20007e59   spi_Open
20008759   spi_Read
200085a1   spi_Write
2000b045   strlen
20018b7c   tempCnt
20018b78   timerValue
2000a155   uDMAChannelAssign
20009b8d   uDMAChannelAttributeDisable
20009bf1   uDMAChannelAttributeEnable
2000a721   uDMAChannelControlSet
2000ad9d   uDMAChannelDisable
2000adb9   uDMAChannelEnable
2000a1a1   uDMAChannelModeGet
2000add5   uDMAChannelRequest
200084b1   uDMAChannelTransferSet
2000b059   uDMAControlBaseSet
2000b111   uDMADisable
2000b11d   uDMAEnable
2000b06d   uDMAIntClear
2000afdf   uDMAIntRegister
2000b129   uDMAIntStatus
2000b0b7   uDMAIntUnregister
20018b68   udp_str
200177b0   udploop
200177b4   ulMode
200177b8   ulRecvData
20009225   vsnprintf


GLOBAL SYMBOLS: SORTED BY Symbol Address 

address    name
--------   ----
00000001   __TI_args_main
00000800   __STACK_SIZE
00000800   __SYSMEM_SIZE
20004000   g_pfnVectors
20004fb7   __TI_printfi
200052c1   ms_delay
200052f9   SimpleLinkWlanEventHandler
20005409   SimpleLinkNetAppEventHandler
200054c9   SimpleLinkGeneralEventHandler
2000551d   SimpleLinkHttpServerCallback
20005529   SimpleLinkSockEventHandler
20005ab1   UdpServer
20005de1   main
20006243   SlaveMain
200062fd   send_cmd
200063a9   reset_sync_spi
20006421   frame_sync
2000649d   spi
200064ed   minit
20006579   malloc
200065db   free
2000669b   realloc
200067a1   memalign
20006881   calloc
200068b9   _SlDrvMsgRead
20006c6d   _SlAsyncEventGenericHandler
20006fb9   InitTerm
20006fd7   Message
20006ff9   ClearTerm
20007003   Error
2000703b   GetCmd
200070cd   TrimSpace
20007165   Report
20007225   DmaSwIntHandler
2000723b   DmaErrorIntHandler
20007247   UDMAInit
2000729f   UDMAChannelSelect
200072cd   SetupTransfer
20007311   UDMASetupAutoMemTransfer
20007345   UDMASetupPingPongTransfer
2000739f   UDMAStartTransfer
200073ab   UDMAStopTransfer
200073b7   UDMADeInit
200073cb   DMASetupTransfer
20007425   __aeabi_uldivmod
20007619   __aeabi_dsub
20007623   __aeabi_dadd
200077d1   sl_WlanConnect
2000796d   _SlDrvDataWriteOp
20007aad   _SlDrvRxHdrRead
20007bed   __aeabi_ddiv
20007d25   PRCMCC3200MCUInit
20007e59   spi_Open
20007f81   _SlDrvWaitForPoolObj
20008099   _SlDrvMsgWrite
200081ad   _SlDrvReleasePoolObj
200082b9   __aeabi_dmul
200083b5   Timer_IF_Init
200083e7   Timer_IF_IntSetup
20008425   Timer_IF_InterruptClear
2000843d   Timer_IF_Start
20008459   Timer_IF_Stop
20008469   Timer_IF_DeInit
20008483   Timer_IF_ReLoad
20008497   Timer_IF_GetCount
200084b1   uDMAChannelTransferSet
200085a1   spi_Write
2000868d   sl_Stop
20008759   spi_Read
20008825   sl_Start
200088ed   _SlDrvMsgReadCmdCtx
200089a9   sl_SendTo
20008a5d   _SlDrvNetAppEventHandler
20008b11   IntDisable
20008bb9   IntEnable
20008c61   SPIConfigSetExpClk
20008d01   __aeabi_memcpy
20008d01   __aeabi_memcpy4
20008d01   __aeabi_memcpy8
20008d01   memcpy
20008d9d   _SlFindAndSetActiveObj
20008e35   PRCMPeripheralClockGet
20008ec9   _SlDrvClassifyRxMsg
20008f5d   _SlDrvMsgReadSpawnCtx
20008ff1   __TI_auto_init
20009085   _SlDrvDriverCBInit
20009115   PinConfigSet
2000919d   _SlDrvCmdOp
20009225   vsnprintf
200092ad   sl_NetAppMDNSRegisterUnregisterService
20009335   __aeabi_cdcmpeq
20009335   __aeabi_cdcmple
200093bb   __aeabi_cdrcmple
20009441   _sl_HandleAsync_DnsGetHostByName
200094c5   NwpPowerOnPreamble
20009545   SPIIntStatus
200095c1   sl_DevGet
200096b5   _sl_HandleAsync_InitComplete
2000972d   _sl_HandleAsync_PingResponse
200097a5   __aeabi_memclr
200097a5   __aeabi_memclr4
200097a5   __aeabi_memclr8
200097a7   __aeabi_memset
200097a7   __aeabi_memset4
200097a7   __aeabi_memset8
200097ad   memset
2000981d   UARTConfigSetExpClk
20009895   spi_Close
20009909   TimerIntRegister
20009979   _sl_TruncatePayloadByProtocol
200099e9   _sl_HandleAsync_Connect
20009a55   TimerIntUnregister
20009abd   _sl_HandleAsync_Accept
20009b25   _sl_HandleAsync_DnsGetHostByService
20009b8d   uDMAChannelAttributeDisable
20009bf1   uDMAChannelAttributeEnable
20009c55   _SlDrvDriverCBDeinit
20009d15   _sl_HandleAsync_Select
20009d71   sl_Bind
20009dcd   ltoa
20009e29   IntPendClear
20009e81   PRCMPeripheralReset
20009ed9   _sl_HandleAsync_Stop
20009f31   IntPrioritySet
20009f85   sl_NetAppSendTokenValue
20009fd9   SPIIntDisable
2000a025   SPIIntEnable
2000a0bd   atoi
2000a109   sl_SetSockOpt
2000a155   uDMAChannelAssign
2000a1a1   uDMAChannelModeGet
2000a1ed   _sl_GetStartResponseConvert
2000a239   SPIIntClear
2000a281   __aeabi_d2iz
2000a2c9   sl_WlanSet
2000a355   TimerConfigure
2000a399   PinMuxConfig
2000a3dd   copy_in
2000a421   C$$EXIT
2000a425   abort
2000a42d   exit
2000a465   _Dtest
2000a4a9   sl_NetCfgSet
2000a4ed   PinModeSet
2000a52d   _SlDrvRxIrqHandler
2000a56d   _SlNonOsMainLoopTask
2000a5ad   _SlRemoveFromList
2000a5ed   sl_WlanPolicySet
2000a62d   sl_WlanRxFilterSet
2000a66d   NwpPowerOff
2000a6a9   PRCMPeripheralClkEnable
2000a6e5   _SlDrvObjInit
2000a721   uDMAChannelControlSet
2000a75d   NwpRegisterInterruptHandler
2000a795   sl_Htonl
2000a7cd   PRCMPeripheralStatusGet
2000a801   SPIFIFOLevelSet
2000a835   _SlDrvBasicCmd
2000a869   _c_int00
2000a89d   sl_Htons
2000a8d1   NwpPowerOn
2000a901   UARTDisable
2000a931   _SlDrvFlowContDeinit
2000a961   _SlDrvFlowContInit
2000a991   _SlNonOsSemGet
2000a9c1   sl_Socket
2000a9f1   __aeabi_i2d
2000aa21   PRCMSysResetCauseGet
2000aa4d   TimerLoadSet
2000aa77   TimerPrescaleSet
2000aaa1   PRCMPeripheralClkDisable
2000aac9   _sl_BuildAddress
2000aaf1   sl_WlanSetMode
2000ab19   DmaSpiSwIntHandler
2000ab3d   IntUnregister
2000ab61   UARTEnable
2000ab85   memmove
2000aba9   sl_Close
2000abcd   sl_WlanProfileDel
2000abf1   SPIReset
2000ac13   SPIWordCountSet
2000ac35   IntRegister
2000ac55   _SlDrvCmdSend
2000ac75   _SlNonOsSpawn
2000ac95   SPIDataPut
2000acb3   SPIIntRegister
2000acd1   TimerDisable
2000acef   TimerEnable
2000ad0d   TimerIntStatus
2000ad2b   UARTCharPut
2000ad49   TimerValueGet
2000ad65   _SlDrvObjDeInit
2000ad81   memccpy
2000ad9d   uDMAChannelDisable
2000adb9   uDMAChannelEnable
2000add5   uDMAChannelRequest
2000adf1   CopyPingResultsToReport
2000ae0b   PinTypeSPI
2000ae25   PinTypeUART
2000ae3f   SPIDmaDisable
2000ae59   SPIDmaEnable
2000ae73   SPIFIFODisable
2000ae8d   SPIFIFOEnable
2000aea7   SPIIntUnregister
2000aec1   _SlDrvDeviceEventHandler
2000aedb   SPICSDisable
2000aef3   SPICSEnable
2000af0b   SPIDisable
2000af23   SPIEnable
2000af3b   TimerIntDisable
2000af53   TimerIntEnable
2000af6d   _args_main
2000af85   __aeabi_lmul
2000af9d   PRCMHIBRegRead
2000afb3   PRCMHIBRegWrite
2000afc9   UARTCharGet
2000afdf   uDMAIntRegister
2000aff5   CPUcpsie
2000b009   IntVTableBaseSet
2000b01d   _SlDrvShiftDWord
2000b031   _register_unlock
2000b037   _register_lock
2000b03f   _nop
2000b045   strlen
2000b059   uDMAControlBaseSet
2000b06d   uDMAIntClear
2000b081   TimerIntClear
2000b093   __TI_zero_init
2000b0a5   sl_NetAppMDNSUnRegisterService
2000b0b7   uDMAIntUnregister
2000b0c9   NwpMaskInterrupt
2000b0d9   __TI_decompress_none
2000b0e7   _Dclass
2000b0f5   ResetISR
2000b105   NwpUnMaskInterrupt
2000b111   uDMADisable
2000b11d   uDMAEnable
2000b129   uDMAIntStatus
2000b135   IntMasterEnable
2000b13f   _SlNonOsSemSet
2000b147   sl_WlanDisconnect
2000b14f   UtilsDelay
2000b155   __TI_decompress_rle24
2000b15c   _ctypes_
2000b364   _SlPolicySetCmdCtrl
2000b368   _SlPolicyGetCmdCtrl
2000b36c   _SlProfileGetCmdCtrl
2000b370   _SlProfileDelCmdCtrl
2000b374   _SlWlanGetNetworkListCtrl
2000b378   _SlRxFilterAddtCmdCtrl
2000b37c   _SlRxFilterSetCmdCtrl
2000b380   _SlRxFilterGetCmdCtrl
2000b384   _SlSmartConfigStartCmdCtrl
2000b388   _SlWlanSetModeCmdCtrl
2000b38c   _SlWlanCfgSetCmdCtrl
2000b390   _SlWlanCfgGetCmdCtrl
2000b64c   g_H2NSyncPattern
2000b654   g_H2NCnysPattern
2000b65c   _SlActionLookupTable
2000b6a0   _SlSockSocketCmdCtrl
2000b6a4   _SlSockCloseCmdCtrl
2000b6a8   _SlRecvfomCmdCtrl
2000b6ac   _SlSendCmdCtrl
2000b6b0   _SlListenCmdCtrl
2000b6b4   _SlAcceptCmdCtrl
2000b6b8   _SlRecvCmdCtrl
2000b6bc   _SlSetSockOptCmdCtrl
2000b6c0   _SlGetSockOptCmdCtrl
2000b6c4   _SlSelectCmdCtrl
2000b6f8   _SlNetAppStartCtrl
2000b6fc   _SlNetAppStopCtrl
2000b700   _SlGetServiceListeCtrl
2000b704   _SlRegisterServiceCtrl
2000b708   _SlGetHostByServiceCtrl
2000b70c   _SlGetHostByNameCtrl
2000b710   _SlNetAppSetCmdCtrl
2000b714   _SlNetAppSendTokenValueCmdCtrl
2000b718   _SlNetAppGetCmdCtrl
2000b7b4   _SlStopCmdCtrl
2000b7b8   _SlEventMaskSetCmdCtrl
2000b7bc   _SlEventMaskGetCmdCtrl
2000b7c0   _SlDeviceGetCmdCtrl
2000b7c4   _SlDeviceSetCmdCtrl
2000b7c8   _SlNetCfgSetCmdCtrl
2000b7cc   _SlNetCfgGetCmdCtrl
2000b7d0   __TI_static_base__
2000b81c   __TI_Handler_Table_Base
2000b828   __TI_Handler_Table_Limit
2000b830   __TI_CINIT_Base
2000b840   __TI_CINIT_Limit
20017000   myStrC
2001757c   gfpAppCallbackHndl
2001767c   myStrX
200176e0   myStrY
20017744   g__SlNonOsCB
2001776c   g_ucConnectionSSID
20017790   cmd_buffer
2001779c   g_ucConnectionBSSID
200177a4   Reset_SYNC
200177ac   rx_udp_server
200177b0   udploop
200177b4   ulMode
200177b8   ulRecvData
200177ba   g_cDummy
200177bb   iDone
20017800   gpCtlTbl
20017c00   myStrA
20017ec0   myStrB
20018180   _sys_memory
20018980   pPingCallBackFunc
20018984   gFirstCmdMode
20018988   g_pCB
2001898c   g_StatMem
20018af0   g_SpiFd
20018af4   g_pHostIntHdl
20018af8   g_ucDMAEnabled
20018afc   g_ucDinDout
20018b4c   g_ulStatus
20018b50   g_ulGatewayIP
20018b54   g_ulDestinationIp
20018b58   g_uiPortNum
20018b5c   g_ulPacketCount
20018b60   g_ucSimplelinkstarted
20018b64   g_ulIpAddr
20018b68   udp_str
20018b74   num
20018b78   timerValue
20018b7c   tempCnt
20018b80   c_full
20018b84   index
20018b88   flag
20018b8c   chk_bufa_flag
20018b90   check_cmd
20018b94   get_sync_cmd_resp
20018b98   cmd_sent
20018b9c   flow_ctrl
20018ba0   recv_ping_packet
20018ba4   recv_pong_packet
20018ba8   cmd_index
20018bac   check_frame_start
20018bbc   _lock
20018bc0   _unlock
20018bc4   __TI_cleanup_ptr
20018bc8   __TI_dtors_ptr
20018bcc   main_func_sp
2002f800   __stack
20030000   __STACK_END
ffffffff   __binit__
ffffffff   __c_args__
ffffffff   binit
UNDEFED    SHT$$INIT_ARRAY$$Base
UNDEFED    SHT$$INIT_ARRAY$$Limit

[352 symbols]
