******************************************************************************
                  TI ARM Linker PC v5.1.6                      
******************************************************************************
>> Linked Wed Apr 15 16:20:08 2015

OUTPUT FILE NAME:   <test udp_socket.out>
ENTRY POINT SYMBOL: "_c_int00"  address: 2000a759


MEMORY CONFIGURATION

         name            origin    length      used     unused   attr    fill
----------------------  --------  ---------  --------  --------  ----  --------
  SRAM_CODE             20004000   00013000  0000772e  0000b8d2  RW X
  SRAM_DATA             20017000   00019000  00001d40  000172c0  RW X


SEGMENT ALLOCATION MAP

run origin  load origin   length   init length attrs members
----------  ----------- ---------- ----------- ----- -------
20004000    20004000    00007730   00007730    r-x
  20004000    20004000    00000400   00000400    r-- .intvecs
  20004400    20004400    00006c4a   00006c4a    r-x .text
  2000b04c    2000b04c    00000674   00000674    r-- .const
  2000b6c0    2000b6c0    00000070   00000070    r-- .cinit
20017000    20017000    00001540   00000000    rw-
  20017000    20017000    00000ae8   00000000    rw- .bss
  20017ae8    20017ae8    00000800   00000000    rw- .sysmem
  200182e8    200182e8    00000258   00000000    rw- .data
2002f800    2002f800    00000800   00000000    rw-
  2002f800    2002f800    00000800   00000000    rw- .stack


SECTION ALLOCATION MAP

 output                                  attributes/
section   page    origin      length       input sections
--------  ----  ----------  ----------   ----------------
.init_array 
*          0    20004000    00000000     UNINITIALIZED

.intvecs   0    20004000    00000400     
                  20004000    00000400     startup_ccs.obj (.intvecs)

.text      0    20004400    00006c4a     
                  20004400    00000ec0     rtsv7M4_T_le_eabi.lib : _printfi.obj (.text)
                  200052c0    00000d28     main.obj (.text)
                  20005fe8    000003f4     spi.obj (.text)
                  200063dc    000003cc     rtsv7M4_T_le_eabi.lib : memory.obj (.text)
                  200067a8    000003b4     simplelink.a : driver.obj (.text:_SlDrvMsgRead)
                  20006b5c    0000034c                  : driver.obj (.text:_SlAsyncEventGenericHandler)
                  20006ea8    0000026c     uart_if.obj (.text)
                  20007114    00000200     udma_if.obj (.text)
                  20007314    000001f4     rtsv7M4_T_le_eabi.lib : ull_div_t2.obj (.text)
                  20007508    000001b6                           : fd_add_t2.obj (.text)
                  200076be    00000002     driverlib.a : interrupt.obj (.text:IntDefaultHandler)
                  200076c0    0000019c     simplelink.a : wlan.obj (.text:sl_WlanConnect)
                  2000785c    00000140                  : driver.obj (.text:_SlDrvDataWriteOp)
                  2000799c    00000140                  : driver.obj (.text:_SlDrvRxHdrRead)
                  20007adc    00000136     rtsv7M4_T_le_eabi.lib : fd_div_t2.obj (.text)
                  20007c12    00000002     --HOLE-- [fill = 0]
                  20007c14    00000134     driverlib.a : prcm.obj (.text:PRCMCC3200MCUInit)
                  20007d48    00000128     simplelink.a : cc_pal.obj (.text:spi_Open)
                  20007e70    00000118                  : driver.obj (.text:_SlDrvWaitForPoolObj)
                  20007f88    00000114                  : driver.obj (.text:_SlDrvMsgWrite)
                  2000809c    0000010c                  : driver.obj (.text:_SlDrvReleasePoolObj)
                  200081a8    000000fc     rtsv7M4_T_le_eabi.lib : fd_mul_t2.obj (.text)
                  200082a4    000000fa     timer_if.obj (.text)
                  2000839e    00000002     --HOLE-- [fill = 0]
                  200083a0    000000f0     driverlib.a : udma.obj (.text:uDMAChannelTransferSet)
                  20008490    000000ec     simplelink.a : cc_pal.obj (.text:spi_Write)
                  2000857c    000000cc                  : device.obj (.text:sl_Stop)
                  20008648    000000cc                  : cc_pal.obj (.text:spi_Read)
                  20008714    000000c8                  : device.obj (.text:sl_Start)
                  200087dc    000000bc                  : driver.obj (.text:_SlDrvMsgReadCmdCtx)
                  20008898    000000b4                  : socket.obj (.text:sl_SendTo)
                  2000894c    000000b2                  : netapp.obj (.text:_SlDrvNetAppEventHandler)
                  200089fe    00000002     --HOLE-- [fill = 0]
                  20008a00    000000a8     driverlib.a : interrupt.obj (.text:IntDisable)
                  20008aa8    000000a8                 : interrupt.obj (.text:IntEnable)
                  20008b50    000000a0                 : spi.obj (.text:SPIConfigSetExpClk)
                  20008bf0    0000009c     rtsv7M4_T_le_eabi.lib : memcpy_t2.obj (.text)
                  20008c8c    00000098     simplelink.a : driver.obj (.text:_SlFindAndSetActiveObj)
                  20008d24    00000094     driverlib.a : prcm.obj (.text:PRCMPeripheralClockGet)
                  20008db8    00000094     simplelink.a : driver.obj (.text:_SlDrvClassifyRxMsg)
                  20008e4c    00000094                  : driver.obj (.text:_SlDrvMsgReadSpawnCtx)
                  20008ee0    00000094     rtsv7M4_T_le_eabi.lib : auto_init.obj (.text)
                  20008f74    00000090     simplelink.a : driver.obj (.text:_SlDrvDriverCBInit)
                  20009004    00000088     driverlib.a : pin.obj (.text:PinConfigSet)
                  2000908c    00000088     simplelink.a : driver.obj (.text:_SlDrvCmdOp)
                  20009114    00000088     rtsv7M4_T_le_eabi.lib : vsnprintf.obj (.text)
                  2000919c    00000088     simplelink.a : netapp.obj (.text:sl_NetAppMDNSRegisterUnregisterService)
                  20009224    00000086     rtsv7M4_T_le_eabi.lib : fd_cmp_t2.obj (.text:__aeabi_cdcmple)
                  200092aa    00000086                           : fd_cmp_t2.obj (.text:__aeabi_cdrcmple)
                  20009330    00000084     simplelink.a : netapp.obj (.text:_sl_HandleAsync_DnsGetHostByName)
                  200093b4    00000080                  : cc_pal.obj (.text:NwpPowerOnPreamble)
                  20009434    0000007c     driverlib.a : spi.obj (.text:SPIIntStatus)
                  200094b0    0000007c     simplelink.a : device.obj (.text:sl_DevGet)
                  2000952c    00000078                  : cc_pal.obj (.text:SetupDMAReceive)
                  200095a4    00000078                  : device.obj (.text:_sl_HandleAsync_InitComplete)
                  2000961c    00000078                  : netapp.obj (.text:_sl_HandleAsync_PingResponse)
                  20009694    00000078     rtsv7M4_T_le_eabi.lib : memset_t2.obj (.text)
                  2000970c    00000076     driverlib.a : uart.obj (.text:UARTConfigSetExpClk)
                  20009782    00000002     --HOLE-- [fill = 0]
                  20009784    00000074     simplelink.a : cc_pal.obj (.text:spi_Close)
                  200097f8    00000070     driverlib.a : timer.obj (.text:TimerIntRegister)
                  20009868    0000006e     simplelink.a : socket.obj (.text:_sl_TruncatePayloadByProtocol)
                  200098d6    00000002     --HOLE-- [fill = 0]
                  200098d8    0000006c                  : socket.obj (.text:_sl_HandleAsync_Connect)
                  20009944    00000068     driverlib.a : timer.obj (.text:TimerIntUnregister)
                  200099ac    00000068     simplelink.a : socket.obj (.text:_sl_HandleAsync_Accept)
                  20009a14    00000068                  : netapp.obj (.text:_sl_HandleAsync_DnsGetHostByService)
                  20009a7c    00000064     driverlib.a : udma.obj (.text:uDMAChannelAttributeDisable)
                  20009ae0    00000064                 : udma.obj (.text:uDMAChannelAttributeEnable)
                  20009b44    00000060     simplelink.a : driver.obj (.text:_SlDrvDriverCBDeinit)
                  20009ba4    0000005e     rtsv7M4_T_le_eabi.lib : copy_decompress_rle.obj (.text)
                  20009c02    00000002     --HOLE-- [fill = 0]
                  20009c04    0000005c     simplelink.a : socket.obj (.text:_sl_HandleAsync_Select)
                  20009c60    0000005c                  : socket.obj (.text:sl_Bind)
                  20009cbc    0000005a     rtsv7M4_T_le_eabi.lib : ltoa.obj (.text)
                  20009d16    00000002     --HOLE-- [fill = 0]
                  20009d18    00000058     driverlib.a : interrupt.obj (.text:IntPendClear)
                  20009d70    00000058                 : prcm.obj (.text:PRCMPeripheralReset)
                  20009dc8    00000058     simplelink.a : device.obj (.text:_sl_HandleAsync_Stop)
                  20009e20    00000054     driverlib.a : interrupt.obj (.text:IntPrioritySet)
                  20009e74    00000054     simplelink.a : netapp.obj (.text:sl_NetAppSendTokenValue)
                  20009ec8    0000004c     driverlib.a : spi.obj (.text:SPIIntDisable)
                  20009f14    0000004c                 : spi.obj (.text:SPIIntEnable)
                  20009f60    0000004c                 : spi.obj (.text:SPIIntNumberGet)
                  20009fac    0000004c     rtsv7M4_T_le_eabi.lib : atoi.obj (.text)
                  20009ff8    0000004c     simplelink.a : socket.obj (.text:sl_SetSockOpt)
                  2000a044    0000004c     driverlib.a : udma.obj (.text:uDMAChannelAssign)
                  2000a090    0000004c                 : udma.obj (.text:uDMAChannelModeGet)
                  2000a0dc    0000004a     simplelink.a : device.obj (.text:_sl_GetStartResponseConvert)
                  2000a126    00000002     --HOLE-- [fill = 0]
                  2000a128    00000048     driverlib.a : spi.obj (.text:SPIIntClear)
                  2000a170    00000048     rtsv7M4_T_le_eabi.lib : fd_toi_t2.obj (.text)
                  2000a1b8    00000048     simplelink.a : wlan.obj (.text:sl_WlanSet)
                  2000a200    00000044     driverlib.a : spi.obj (.text:SPIDmaMaskGet)
                  2000a244    00000044                 : timer.obj (.text:TimerConfigure)
                  2000a288    00000044     pinmux.obj (.text)
                  2000a2cc    00000044     rtsv7M4_T_le_eabi.lib : cpy_tbl.obj (.text)
                  2000a310    00000044                           : exit.obj (.text)
                  2000a354    00000044                           : xdtest.obj (.text)
                  2000a398    00000044     simplelink.a : netcfg.obj (.text:sl_NetCfgSet)
                  2000a3dc    00000040     driverlib.a : pin.obj (.text:PinModeSet)
                  2000a41c    00000040     simplelink.a : driver.obj (.text:_SlDrvRxIrqHandler)
                  2000a45c    00000040                  : nonos.obj (.text:_SlNonOsMainLoopTask)
                  2000a49c    00000040                  : driver.obj (.text:_SlRemoveFromList)
                  2000a4dc    00000040                  : wlan.obj (.text:sl_WlanPolicySet)
                  2000a51c    00000040                  : wlan.obj (.text:sl_WlanRxFilterSet)
                  2000a55c    0000003c                  : cc_pal.obj (.text:NwpPowerOff)
                  2000a598    0000003c     driverlib.a : prcm.obj (.text:PRCMPeripheralClkEnable)
                  2000a5d4    0000003c     simplelink.a : driver.obj (.text:_SlDrvObjInit)
                  2000a610    0000003c     driverlib.a : udma.obj (.text:uDMAChannelControlSet)
                  2000a64c    00000038     simplelink.a : cc_pal.obj (.text:NwpRegisterInterruptHandler)
                  2000a684    00000038                  : socket.obj (.text:sl_Htonl)
                  2000a6bc    00000034     driverlib.a : prcm.obj (.text:PRCMPeripheralStatusGet)
                  2000a6f0    00000034                 : spi.obj (.text:SPIFIFOLevelSet)
                  2000a724    00000034     simplelink.a : driver.obj (.text:_SlDrvBasicCmd)
                  2000a758    00000034     rtsv7M4_T_le_eabi.lib : boot.obj (.text)
                  2000a78c    00000034     simplelink.a : socket.obj (.text:sl_Htons)
                  2000a7c0    00000030                  : cc_pal.obj (.text:NwpPowerOn)
                  2000a7f0    00000030     driverlib.a : uart.obj (.text:UARTDisable)
                  2000a820    00000030     simplelink.a : flowcont.obj (.text:_SlDrvFlowContDeinit)
                  2000a850    00000030                  : flowcont.obj (.text:_SlDrvFlowContInit)
                  2000a880    00000030                  : nonos.obj (.text:_SlNonOsSemGet)
                  2000a8b0    00000030                  : socket.obj (.text:sl_Socket)
                  2000a8e0    0000002e     rtsv7M4_T_le_eabi.lib : i_tofd_t2.obj (.text)
                  2000a90e    00000002     --HOLE-- [fill = 0]
                  2000a910    0000002c     driverlib.a : prcm.obj (.text:PRCMSysResetCauseGet)
                  2000a93c    0000002a                 : timer.obj (.text:TimerLoadSet)
                  2000a966    0000002a                 : timer.obj (.text:TimerPrescaleSet)
                  2000a990    00000028                 : prcm.obj (.text:PRCMPeripheralClkDisable)
                  2000a9b8    00000028     simplelink.a : socket.obj (.text:_sl_BuildAddress)
                  2000a9e0    00000028                  : wlan.obj (.text:sl_WlanSetMode)
                  2000aa08    00000024                  : cc_pal.obj (.text:DmaSpiSwIntHandler)
                  2000aa2c    00000024     driverlib.a : interrupt.obj (.text:IntUnregister)
                  2000aa50    00000024                 : uart.obj (.text:UARTEnable)
                  2000aa74    00000024     rtsv7M4_T_le_eabi.lib : memmov.obj (.text)
                  2000aa98    00000024     simplelink.a : socket.obj (.text:sl_Close)
                  2000aabc    00000024                  : wlan.obj (.text:sl_WlanProfileDel)
                  2000aae0    00000022     driverlib.a : spi.obj (.text:SPIReset)
                  2000ab02    00000022                 : spi.obj (.text:SPIWordCountSet)
                  2000ab24    00000020                 : interrupt.obj (.text:IntRegister)
                  2000ab44    00000020     simplelink.a : driver.obj (.text:_SlDrvCmdSend)
                  2000ab64    00000020                  : nonos.obj (.text:_SlNonOsSpawn)
                  2000ab84    0000001e     driverlib.a : spi.obj (.text:SPIDataPut)
                  2000aba2    0000001e                 : spi.obj (.text:SPIIntRegister)
                  2000abc0    0000001e                 : timer.obj (.text:TimerDisable)
                  2000abde    0000001e                 : timer.obj (.text:TimerEnable)
                  2000abfc    0000001e                 : timer.obj (.text:TimerIntStatus)
                  2000ac1a    0000001e                 : uart.obj (.text:UARTCharPut)
                  2000ac38    0000001c                 : timer.obj (.text:TimerValueGet)
                  2000ac54    0000001c     simplelink.a : driver.obj (.text:_SlDrvObjDeInit)
                  2000ac70    0000001c     rtsv7M4_T_le_eabi.lib : memccpy.obj (.text)
                  2000ac8c    0000001c     driverlib.a : udma.obj (.text:uDMAChannelDisable)
                  2000aca8    0000001c                 : udma.obj (.text:uDMAChannelEnable)
                  2000acc4    0000001c                 : udma.obj (.text:uDMAChannelRequest)
                  2000ace0    0000001a     simplelink.a : netapp.obj (.text:CopyPingResultsToReport)
                  2000acfa    0000001a     driverlib.a : pin.obj (.text:PinTypeSPI)
                  2000ad14    0000001a                 : pin.obj (.text:PinTypeUART)
                  2000ad2e    0000001a                 : spi.obj (.text:SPIDmaDisable)
                  2000ad48    0000001a                 : spi.obj (.text:SPIDmaEnable)
                  2000ad62    0000001a                 : spi.obj (.text:SPIFIFODisable)
                  2000ad7c    0000001a                 : spi.obj (.text:SPIFIFOEnable)
                  2000ad96    0000001a                 : spi.obj (.text:SPIIntUnregister)
                  2000adb0    0000001a     simplelink.a : device.obj (.text:_SlDrvDeviceEventHandler)
                  2000adca    00000018     driverlib.a : spi.obj (.text:SPICSDisable)
                  2000ade2    00000018                 : spi.obj (.text:SPICSEnable)
                  2000adfa    00000018                 : spi.obj (.text:SPIDisable)
                  2000ae12    00000018                 : spi.obj (.text:SPIEnable)
                  2000ae2a    00000018                 : timer.obj (.text:TimerIntDisable)
                  2000ae42    00000018                 : timer.obj (.text:TimerIntEnable)
                  2000ae5a    00000002     --HOLE-- [fill = 0]
                  2000ae5c    00000018     rtsv7M4_T_le_eabi.lib : args_main.obj (.text)
                  2000ae74    00000018                           : ll_mul_t2.obj (.text)
                  2000ae8c    00000016     driverlib.a : prcm.obj (.text:PRCMHIBRegRead)
                  2000aea2    00000016                 : prcm.obj (.text:PRCMHIBRegWrite)
                  2000aeb8    00000016                 : uart.obj (.text:UARTCharGet)
                  2000aece    00000016                 : udma.obj (.text:uDMAIntRegister)
                  2000aee4    00000014                 : cpu.obj (.text:CPUcpsie)
                  2000aef8    00000014                 : interrupt.obj (.text:IntVTableBaseSet)
                  2000af0c    00000014     simplelink.a : driver.obj (.text:_SlDrvShiftDWord)
                  2000af20    00000014     rtsv7M4_T_le_eabi.lib : _lock.obj (.text)
                  2000af34    00000014                           : strlen.obj (.text)
                  2000af48    00000014     driverlib.a : udma.obj (.text:uDMAControlBaseSet)
                  2000af5c    00000014                 : udma.obj (.text:uDMAIntClear)
                  2000af70    00000012                 : timer.obj (.text:TimerIntClear)
                  2000af82    00000012     rtsv7M4_T_le_eabi.lib : copy_zero_init.obj (.text:decompress:ZI)
                  2000af94    00000012     simplelink.a : netapp.obj (.text:sl_NetAppMDNSUnRegisterService)
                  2000afa6    00000012     driverlib.a : udma.obj (.text:uDMAIntUnregister)
                  2000afb8    00000010     simplelink.a : cc_pal.obj (.text:NwpMaskInterrupt)
                  2000afc8    0000000e     rtsv7M4_T_le_eabi.lib : copy_decompress_none.obj (.text:decompress:none)
                  2000afd6    0000000e                           : xdclass.obj (.text)
                  2000afe4    0000000e     startup_ccs.obj (.text)
                  2000aff2    00000002     --HOLE-- [fill = 0]
                  2000aff4    0000000c     simplelink.a : cc_pal.obj (.text:NwpUnMaskInterrupt)
                  2000b000    0000000c     driverlib.a : udma.obj (.text:uDMADisable)
                  2000b00c    0000000c                 : udma.obj (.text:uDMAEnable)
                  2000b018    0000000c                 : udma.obj (.text:uDMAIntStatus)
                  2000b024    0000000a                 : interrupt.obj (.text:IntMasterEnable)
                  2000b02e    00000008     simplelink.a : nonos.obj (.text:_SlNonOsSemSet)
                  2000b036    00000008                  : wlan.obj (.text:sl_WlanDisconnect)
                  2000b03e    00000006     driverlib.a : utils.obj (.text:UtilsDelay)
                  2000b044    00000006     rtsv7M4_T_le_eabi.lib : copy_decompress_rle.obj (.text:decompress:rle24)

.const     0    2000b04c    00000674     
                  2000b04c    00000102     rtsv7M4_T_le_eabi.lib : ctype.obj (.const:.string:_ctypes_)
                  2000b14e    00000002     --HOLE-- [fill = 0]
                  2000b150    00000100     driverlib.a : pin.obj (.const:g_ulPinToPadMap)
                  2000b250    000000ec     simplelink.a : wlan.obj (.const)
                  2000b33c    000000d4     driverlib.a : interrupt.obj (.const:g_pulRegs)
                  2000b410    000000a8                 : prcm.obj (.const:PRCM_PeriphRegsList)
                  2000b4b8    00000080                 : interrupt.obj (.const)
                  2000b538    0000004c     simplelink.a : driver.obj (.const)
                  2000b584    00000034                  : socket.obj (.const)
                  2000b5b8    0000002c     main.obj (.const:$P$T1$2)
                  2000b5e4    00000028     simplelink.a : netapp.obj (.const)
                  2000b60c    00000024     driverlib.a : spi.obj (.const:g_ppulSPIIntMap)
                  2000b630    00000022     main.obj (.const:.string:$P$T0$1)
                  2000b652    00000002     --HOLE-- [fill = 0]
                  2000b654    00000020     main.obj (.const)
                  2000b674    00000018     driverlib.a : spi.obj (.const)
                  2000b68c    00000016     main.obj (.const:.string)
                  2000b6a2    00000002     --HOLE-- [fill = 0]
                  2000b6a4    00000014     simplelink.a : device.obj (.const)
                  2000b6b8    00000008                  : netcfg.obj (.const)

.cinit     0    2000b6c0    00000070     
                  2000b6c0    0000004c     (.cinit..data.load) [load image, compression = rle]
                  2000b70c    0000000c     (__TI_handler_table)
                  2000b718    00000008     (.cinit..bss.load) [load image, compression = zero_init]
                  2000b720    00000010     (__TI_cinit_table)

.bss       0    20017000    00000ae8     UNINITIALIZED
                  20017000    00000400     udma_if.obj (.bss:gpCtlTbl)
                  20017400    000002bc     spi.obj (.bss:myStrA)
                  200176bc    000002bc     spi.obj (.bss:myStrB)
                  20017978    00000100     udma_if.obj (.bss:gfpAppCallbackHndl)
                  20017a78    00000028     simplelink.a : nonos.obj (.bss:g__SlNonOsCB)
                  20017aa0    00000024     main.obj (.bss:g_ucConnectionSSID)
                  20017ac4    0000000c     (.common:cmd_buffer)
                  20017ad0    00000008     (.common:g_ucConnectionBSSID)
                  20017ad8    00000004     (.common:__Errorlog)
                  20017adc    00000004     (.common:rx_udp_server)
                  20017ae0    00000004     (.common:udploop)
                  20017ae4    00000002     (.common:ulRecvData)
                  20017ae6    00000001     (.common:g_cDummy)
                  20017ae7    00000001     (.common:iDone)

.sysmem    0    20017ae8    00000800     UNINITIALIZED
                  20017ae8    00000008     rtsv7M4_T_le_eabi.lib : memory.obj (.sysmem)
                  20017af0    000007f8     --HOLE--

.data      0    200182e8    00000258     UNINITIALIZED
                  200182e8    00000170     simplelink.a : driver.obj (.data)
                  20018458    0000005c                  : cc_pal.obj (.data)
                  200184b4    0000003c     main.obj (.data)
                  200184f0    00000030     spi.obj (.data)
                  20018520    0000000c     rtsv7M4_T_le_eabi.lib : memory.obj (.data)
                  2001852c    00000008                           : _lock.obj (.data)
                  20018534    00000008                           : exit.obj (.data)
                  2001853c    00000004                           : stkdepth_vars.obj (.data)

.stack     0    2002f800    00000800     UNINITIALIZED
                  2002f800    00000800     --HOLE--


LINKER GENERATED COPY TABLES

__TI_cinit_table @ 2000b720 records: 2, size/record: 8, table size: 16
	.data: load addr=2000b6c0, load size=0000004c bytes, run addr=200182e8, run size=00000258 bytes, compression=rle
	.bss: load addr=2000b718, load size=00000008 bytes, run addr=20017000, run size=00000ae8 bytes, compression=zero_init


LINKER GENERATED HANDLER TABLE

__TI_handler_table @ 2000b70c records: 3, size/record: 4, table size: 12
	index: 0, handler: __TI_decompress_rle24
	index: 1, handler: __TI_decompress_none
	index: 2, handler: __TI_zero_init


GLOBAL SYMBOLS: SORTED ALPHABETICALLY BY Name 

address    name
--------   ----
2000a311   C$$EXIT
2000aee5   CPUcpsie
20006ee9   ClearTerm
2000ace1   CopyPingResultsToReport
200072bb   DMASetupTransfer
2000712b   DmaErrorIntHandler
2000aa09   DmaSpiSwIntHandler
20007115   DmaSwIntHandler
200184e4   ELAGAINED
20006ef3   Error
20006f2b   GetCmd
20006ea9   InitTerm
20008a01   IntDisable
20008aa9   IntEnable
2000b025   IntMasterEnable
20009d19   IntPendClear
20009e21   IntPrioritySet
2000ab25   IntRegister
2000aa2d   IntUnregister
2000aef9   IntVTableBaseSet
20006ec7   Message
2000afb9   NwpMaskInterrupt
2000a55d   NwpPowerOff
2000a7c1   NwpPowerOn
200093b5   NwpPowerOnPreamble
2000a64d   NwpRegisterInterruptHandler
2000aff5   NwpUnMaskInterrupt
20007c15   PRCMCC3200MCUInit
2000ae8d   PRCMHIBRegRead
2000aea3   PRCMHIBRegWrite
2000a991   PRCMPeripheralClkDisable
2000a599   PRCMPeripheralClkEnable
20008d25   PRCMPeripheralClockGet
20009d71   PRCMPeripheralReset
2000a6bd   PRCMPeripheralStatusGet
2000a911   PRCMSysResetCauseGet
20009005   PinConfigSet
2000a3dd   PinModeSet
2000a289   PinMuxConfig
2000acfb   PinTypeSPI
2000ad15   PinTypeUART
20007055   Report
2000afe5   ResetISR
UNDEFED    SHT$$INIT_ARRAY$$Base
UNDEFED    SHT$$INIT_ARRAY$$Limit
2000adcb   SPICSDisable
2000ade3   SPICSEnable
20008b51   SPIConfigSetExpClk
2000ab85   SPIDataPut
2000adfb   SPIDisable
2000ad2f   SPIDmaDisable
2000ad49   SPIDmaEnable
2000ae13   SPIEnable
2000ad63   SPIFIFODisable
2000ad7d   SPIFIFOEnable
2000a6f1   SPIFIFOLevelSet
2000a129   SPIIntClear
20009ec9   SPIIntDisable
20009f15   SPIIntEnable
2000aba3   SPIIntRegister
20009435   SPIIntStatus
2000ad97   SPIIntUnregister
2000aae1   SPIReset
2000ab03   SPIWordCountSet
200071bd   SetupTransfer
200054c9   SimpleLinkGeneralEventHandler
2000551d   SimpleLinkHttpServerCallback
20005409   SimpleLinkNetAppEventHandler
20005529   SimpleLinkSockEventHandler
200052f9   SimpleLinkWlanEventHandler
20006157   SlaveMain
2000a245   TimerConfigure
2000abc1   TimerDisable
2000abdf   TimerEnable
2000af71   TimerIntClear
2000ae2b   TimerIntDisable
2000ae43   TimerIntEnable
200097f9   TimerIntRegister
2000abfd   TimerIntStatus
20009945   TimerIntUnregister
2000a93d   TimerLoadSet
2000a967   TimerPrescaleSet
2000ac39   TimerValueGet
20008359   Timer_IF_DeInit
20008387   Timer_IF_GetCount
200082a5   Timer_IF_Init
200082d7   Timer_IF_IntSetup
20008315   Timer_IF_InterruptClear
20008373   Timer_IF_ReLoad
2000832d   Timer_IF_Start
20008349   Timer_IF_Stop
20006fbd   TrimSpace
2000aeb9   UARTCharGet
2000ac1b   UARTCharPut
2000970d   UARTConfigSetExpClk
2000a7f1   UARTDisable
2000aa51   UARTEnable
2000718f   UDMAChannelSelect
200072a7   UDMADeInit
20007137   UDMAInit
20007201   UDMASetupAutoMemTransfer
20007235   UDMASetupPingPongTransfer
2000728f   UDMAStartTransfer
2000729b   UDMAStopTransfer
20005ab1   UdpServer
2000b03f   UtilsDelay
2000afd7   _Dclass
2000a355   _Dtest
2000b5a4   _SlAcceptCmdCtrl
2000b54c   _SlActionLookupTable
20006b5d   _SlAsyncEventGenericHandler
2000b6b0   _SlDeviceGetCmdCtrl
2000b6b4   _SlDeviceSetCmdCtrl
2000a725   _SlDrvBasicCmd
20008db9   _SlDrvClassifyRxMsg
2000908d   _SlDrvCmdOp
2000ab45   _SlDrvCmdSend
2000785d   _SlDrvDataWriteOp
2000adb1   _SlDrvDeviceEventHandler
20009b45   _SlDrvDriverCBDeinit
20008f75   _SlDrvDriverCBInit
2000a821   _SlDrvFlowContDeinit
2000a851   _SlDrvFlowContInit
200067a9   _SlDrvMsgRead
200087dd   _SlDrvMsgReadCmdCtx
20008e4d   _SlDrvMsgReadSpawnCtx
20007f89   _SlDrvMsgWrite
2000894d   _SlDrvNetAppEventHandler
2000ac55   _SlDrvObjDeInit
2000a5d5   _SlDrvObjInit
2000809d   _SlDrvReleasePoolObj
2000799d   _SlDrvRxHdrRead
2000a41d   _SlDrvRxIrqHandler
2000af0d   _SlDrvShiftDWord
20007e71   _SlDrvWaitForPoolObj
2000b6ac   _SlEventMaskGetCmdCtrl
2000b6a8   _SlEventMaskSetCmdCtrl
20008c8d   _SlFindAndSetActiveObj
2000b5fc   _SlGetHostByNameCtrl
2000b5f8   _SlGetHostByServiceCtrl
2000b5f0   _SlGetServiceListeCtrl
2000b5b0   _SlGetSockOptCmdCtrl
2000b5a0   _SlListenCmdCtrl
2000b608   _SlNetAppGetCmdCtrl
2000b604   _SlNetAppSendTokenValueCmdCtrl
2000b600   _SlNetAppSetCmdCtrl
2000b5e8   _SlNetAppStartCtrl
2000b5ec   _SlNetAppStopCtrl
2000b6bc   _SlNetCfgGetCmdCtrl
2000b6b8   _SlNetCfgSetCmdCtrl
2000a45d   _SlNonOsMainLoopTask
2000a881   _SlNonOsSemGet
2000b02f   _SlNonOsSemSet
2000ab65   _SlNonOsSpawn
2000b258   _SlPolicyGetCmdCtrl
2000b254   _SlPolicySetCmdCtrl
2000b260   _SlProfileDelCmdCtrl
2000b25c   _SlProfileGetCmdCtrl
2000b5a8   _SlRecvCmdCtrl
2000b598   _SlRecvfomCmdCtrl
2000b5f4   _SlRegisterServiceCtrl
2000a49d   _SlRemoveFromList
2000b268   _SlRxFilterAddtCmdCtrl
2000b270   _SlRxFilterGetCmdCtrl
2000b26c   _SlRxFilterSetCmdCtrl
2000b5b4   _SlSelectCmdCtrl
2000b59c   _SlSendCmdCtrl
2000b5ac   _SlSetSockOptCmdCtrl
2000b274   _SlSmartConfigStartCmdCtrl
2000b594   _SlSockCloseCmdCtrl
2000b590   _SlSockSocketCmdCtrl
2000b6a4   _SlStopCmdCtrl
2000b280   _SlWlanCfgGetCmdCtrl
2000b27c   _SlWlanCfgSetCmdCtrl
2000b264   _SlWlanGetNetworkListCtrl
2000b278   _SlWlanSetModeCmdCtrl
20030000   __STACK_END
00000800   __STACK_SIZE
00000800   __SYSMEM_SIZE
2000b720   __TI_CINIT_Base
2000b730   __TI_CINIT_Limit
2000b70c   __TI_Handler_Table_Base
2000b718   __TI_Handler_Table_Limit
00000001   __TI_args_main
20008ee1   __TI_auto_init
20018534   __TI_cleanup_ptr
2000afc9   __TI_decompress_none
2000b045   __TI_decompress_rle24
20018538   __TI_dtors_ptr
20004fb7   __TI_printfi
2000b6c0   __TI_static_base__
2000af83   __TI_zero_init
20009225   __aeabi_cdcmpeq
20009225   __aeabi_cdcmple
200092ab   __aeabi_cdrcmple
2000a171   __aeabi_d2iz
20007513   __aeabi_dadd
20007add   __aeabi_ddiv
200081a9   __aeabi_dmul
20007509   __aeabi_dsub
2000a8e1   __aeabi_i2d
2000ae75   __aeabi_lmul
20009695   __aeabi_memclr
20009695   __aeabi_memclr4
20009695   __aeabi_memclr8
20008bf1   __aeabi_memcpy
20008bf1   __aeabi_memcpy4
20008bf1   __aeabi_memcpy8
20009697   __aeabi_memset
20009697   __aeabi_memset4
20009697   __aeabi_memset8
20007315   __aeabi_uldivmod
ffffffff   __binit__
ffffffff   __c_args__
2002f800   __stack
2000ae5d   _args_main
2000a759   _c_int00
2000b04c   _ctypes_
2001852c   _lock
2000af2f   _nop
2000af27   _register_lock
2000af21   _register_unlock
2000a9b9   _sl_BuildAddress
2000a0dd   _sl_GetStartResponseConvert
200099ad   _sl_HandleAsync_Accept
200098d9   _sl_HandleAsync_Connect
20009331   _sl_HandleAsync_DnsGetHostByName
20009a15   _sl_HandleAsync_DnsGetHostByService
200095a5   _sl_HandleAsync_InitComplete
2000961d   _sl_HandleAsync_PingResponse
20009c05   _sl_HandleAsync_Select
20009dc9   _sl_HandleAsync_Stop
20009869   _sl_TruncatePayloadByProtocol
20017ae8   _sys_memory
20018530   _unlock
2000a315   abort
20009fad   atoi
ffffffff   binit
200184f0   c_full
20006771   calloc
20018500   check_cmd
2001851c   check_frame_start
200184fc   chk_bufa_flag
20017ac4   cmd_buffer
20018518   cmd_index
20018508   cmd_sent
2000a2cd   copy_in
2000a31d   exit
200184f8   flag
2001850c   flow_ctrl
20006319   frame_sync
200064cb   free
200182ec   gFirstCmdMode
2000b544   g_H2NCnysPattern
2000b53c   g_H2NSyncPattern
20018458   g_SpiFd
200182f4   g_StatMem
20017a78   g__SlNonOsCB
20017ae6   g_cDummy
200182f0   g_pCB
2001845c   g_pHostIntHdl
20004000   g_pfnVectors
20017ad0   g_ucConnectionBSSID
20017aa0   g_ucConnectionSSID
20018460   g_ucDMAEnabled
20018464   g_ucDinDout
200184c8   g_ucSimplelinkstarted
200184c0   g_uiPortNum
200184bc   g_ulDestinationIp
200184b8   g_ulGatewayIP
200184cc   g_ulIpAddr
200184c4   g_ulPacketCount
200184b4   g_ulStatus
20018504   get_sync_cmd_resp
20017978   gfpAppCallbackHndl
20017000   gpCtlTbl
20017ae7   iDone
200184f4   index
20009cbd   ltoa
20005d89   main
2001853c   main_func_sp
20006469   malloc
20006691   memalign
2000ac71   memccpy
20008bf1   memcpy
2000aa75   memmove
2000969d   memset
200063dd   minit
200052c1   ms_delay
20017400   myStrA
200176bc   myStrB
200184dc   num
200182e8   pPingCallBackFunc
200184e0   packet_count
2000658b   realloc
20018510   recv_ping_packet
20018514   recv_pong_packet
2000628d   reset_sync_spi
20017adc   rx_udp_server
20006203   send_cmd
20009c61   sl_Bind
2000aa99   sl_Close
200094b1   sl_DevGet
2000a685   sl_Htonl
2000a78d   sl_Htons
2000919d   sl_NetAppMDNSRegisterUnregisterService
2000af95   sl_NetAppMDNSUnRegisterService
20009e75   sl_NetAppSendTokenValue
2000a399   sl_NetCfgSet
20008899   sl_SendTo
20009ff9   sl_SetSockOpt
2000a8b1   sl_Socket
20008715   sl_Start
2000857d   sl_Stop
200076c1   sl_WlanConnect
2000b037   sl_WlanDisconnect
2000a4dd   sl_WlanPolicySet
2000aabd   sl_WlanProfileDel
2000a51d   sl_WlanRxFilterSet
2000a1b9   sl_WlanSet
2000a9e1   sl_WlanSetMode
20006391   spi
20009785   spi_Close
20007d49   spi_Open
20008649   spi_Read
20008491   spi_Write
2000af35   strlen
200184ec   tempCnt
200184e8   timerValue
2000a045   uDMAChannelAssign
20009a7d   uDMAChannelAttributeDisable
20009ae1   uDMAChannelAttributeEnable
2000a611   uDMAChannelControlSet
2000ac8d   uDMAChannelDisable
2000aca9   uDMAChannelEnable
2000a091   uDMAChannelModeGet
2000acc5   uDMAChannelRequest
200083a1   uDMAChannelTransferSet
2000af49   uDMAControlBaseSet
2000b001   uDMADisable
2000b00d   uDMAEnable
2000af5d   uDMAIntClear
2000aecf   uDMAIntRegister
2000b019   uDMAIntStatus
2000afa7   uDMAIntUnregister
200184d0   udp_str
20017ae0   udploop
20017ae4   ulRecvData
20009115   vsnprintf


GLOBAL SYMBOLS: SORTED BY Symbol Address 

address    name
--------   ----
00000001   __TI_args_main
00000800   __STACK_SIZE
00000800   __SYSMEM_SIZE
20004000   g_pfnVectors
20004fb7   __TI_printfi
200052c1   ms_delay
200052f9   SimpleLinkWlanEventHandler
20005409   SimpleLinkNetAppEventHandler
200054c9   SimpleLinkGeneralEventHandler
2000551d   SimpleLinkHttpServerCallback
20005529   SimpleLinkSockEventHandler
20005ab1   UdpServer
20005d89   main
20006157   SlaveMain
20006203   send_cmd
2000628d   reset_sync_spi
20006319   frame_sync
20006391   spi
200063dd   minit
20006469   malloc
200064cb   free
2000658b   realloc
20006691   memalign
20006771   calloc
200067a9   _SlDrvMsgRead
20006b5d   _SlAsyncEventGenericHandler
20006ea9   InitTerm
20006ec7   Message
20006ee9   ClearTerm
20006ef3   Error
20006f2b   GetCmd
20006fbd   TrimSpace
20007055   Report
20007115   DmaSwIntHandler
2000712b   DmaErrorIntHandler
20007137   UDMAInit
2000718f   UDMAChannelSelect
200071bd   SetupTransfer
20007201   UDMASetupAutoMemTransfer
20007235   UDMASetupPingPongTransfer
2000728f   UDMAStartTransfer
2000729b   UDMAStopTransfer
200072a7   UDMADeInit
200072bb   DMASetupTransfer
20007315   __aeabi_uldivmod
20007509   __aeabi_dsub
20007513   __aeabi_dadd
200076c1   sl_WlanConnect
2000785d   _SlDrvDataWriteOp
2000799d   _SlDrvRxHdrRead
20007add   __aeabi_ddiv
20007c15   PRCMCC3200MCUInit
20007d49   spi_Open
20007e71   _SlDrvWaitForPoolObj
20007f89   _SlDrvMsgWrite
2000809d   _SlDrvReleasePoolObj
200081a9   __aeabi_dmul
200082a5   Timer_IF_Init
200082d7   Timer_IF_IntSetup
20008315   Timer_IF_InterruptClear
2000832d   Timer_IF_Start
20008349   Timer_IF_Stop
20008359   Timer_IF_DeInit
20008373   Timer_IF_ReLoad
20008387   Timer_IF_GetCount
200083a1   uDMAChannelTransferSet
20008491   spi_Write
2000857d   sl_Stop
20008649   spi_Read
20008715   sl_Start
200087dd   _SlDrvMsgReadCmdCtx
20008899   sl_SendTo
2000894d   _SlDrvNetAppEventHandler
20008a01   IntDisable
20008aa9   IntEnable
20008b51   SPIConfigSetExpClk
20008bf1   __aeabi_memcpy
20008bf1   __aeabi_memcpy4
20008bf1   __aeabi_memcpy8
20008bf1   memcpy
20008c8d   _SlFindAndSetActiveObj
20008d25   PRCMPeripheralClockGet
20008db9   _SlDrvClassifyRxMsg
20008e4d   _SlDrvMsgReadSpawnCtx
20008ee1   __TI_auto_init
20008f75   _SlDrvDriverCBInit
20009005   PinConfigSet
2000908d   _SlDrvCmdOp
20009115   vsnprintf
2000919d   sl_NetAppMDNSRegisterUnregisterService
20009225   __aeabi_cdcmpeq
20009225   __aeabi_cdcmple
200092ab   __aeabi_cdrcmple
20009331   _sl_HandleAsync_DnsGetHostByName
200093b5   NwpPowerOnPreamble
20009435   SPIIntStatus
200094b1   sl_DevGet
200095a5   _sl_HandleAsync_InitComplete
2000961d   _sl_HandleAsync_PingResponse
20009695   __aeabi_memclr
20009695   __aeabi_memclr4
20009695   __aeabi_memclr8
20009697   __aeabi_memset
20009697   __aeabi_memset4
20009697   __aeabi_memset8
2000969d   memset
2000970d   UARTConfigSetExpClk
20009785   spi_Close
200097f9   TimerIntRegister
20009869   _sl_TruncatePayloadByProtocol
200098d9   _sl_HandleAsync_Connect
20009945   TimerIntUnregister
200099ad   _sl_HandleAsync_Accept
20009a15   _sl_HandleAsync_DnsGetHostByService
20009a7d   uDMAChannelAttributeDisable
20009ae1   uDMAChannelAttributeEnable
20009b45   _SlDrvDriverCBDeinit
20009c05   _sl_HandleAsync_Select
20009c61   sl_Bind
20009cbd   ltoa
20009d19   IntPendClear
20009d71   PRCMPeripheralReset
20009dc9   _sl_HandleAsync_Stop
20009e21   IntPrioritySet
20009e75   sl_NetAppSendTokenValue
20009ec9   SPIIntDisable
20009f15   SPIIntEnable
20009fad   atoi
20009ff9   sl_SetSockOpt
2000a045   uDMAChannelAssign
2000a091   uDMAChannelModeGet
2000a0dd   _sl_GetStartResponseConvert
2000a129   SPIIntClear
2000a171   __aeabi_d2iz
2000a1b9   sl_WlanSet
2000a245   TimerConfigure
2000a289   PinMuxConfig
2000a2cd   copy_in
2000a311   C$$EXIT
2000a315   abort
2000a31d   exit
2000a355   _Dtest
2000a399   sl_NetCfgSet
2000a3dd   PinModeSet
2000a41d   _SlDrvRxIrqHandler
2000a45d   _SlNonOsMainLoopTask
2000a49d   _SlRemoveFromList
2000a4dd   sl_WlanPolicySet
2000a51d   sl_WlanRxFilterSet
2000a55d   NwpPowerOff
2000a599   PRCMPeripheralClkEnable
2000a5d5   _SlDrvObjInit
2000a611   uDMAChannelControlSet
2000a64d   NwpRegisterInterruptHandler
2000a685   sl_Htonl
2000a6bd   PRCMPeripheralStatusGet
2000a6f1   SPIFIFOLevelSet
2000a725   _SlDrvBasicCmd
2000a759   _c_int00
2000a78d   sl_Htons
2000a7c1   NwpPowerOn
2000a7f1   UARTDisable
2000a821   _SlDrvFlowContDeinit
2000a851   _SlDrvFlowContInit
2000a881   _SlNonOsSemGet
2000a8b1   sl_Socket
2000a8e1   __aeabi_i2d
2000a911   PRCMSysResetCauseGet
2000a93d   TimerLoadSet
2000a967   TimerPrescaleSet
2000a991   PRCMPeripheralClkDisable
2000a9b9   _sl_BuildAddress
2000a9e1   sl_WlanSetMode
2000aa09   DmaSpiSwIntHandler
2000aa2d   IntUnregister
2000aa51   UARTEnable
2000aa75   memmove
2000aa99   sl_Close
2000aabd   sl_WlanProfileDel
2000aae1   SPIReset
2000ab03   SPIWordCountSet
2000ab25   IntRegister
2000ab45   _SlDrvCmdSend
2000ab65   _SlNonOsSpawn
2000ab85   SPIDataPut
2000aba3   SPIIntRegister
2000abc1   TimerDisable
2000abdf   TimerEnable
2000abfd   TimerIntStatus
2000ac1b   UARTCharPut
2000ac39   TimerValueGet
2000ac55   _SlDrvObjDeInit
2000ac71   memccpy
2000ac8d   uDMAChannelDisable
2000aca9   uDMAChannelEnable
2000acc5   uDMAChannelRequest
2000ace1   CopyPingResultsToReport
2000acfb   PinTypeSPI
2000ad15   PinTypeUART
2000ad2f   SPIDmaDisable
2000ad49   SPIDmaEnable
2000ad63   SPIFIFODisable
2000ad7d   SPIFIFOEnable
2000ad97   SPIIntUnregister
2000adb1   _SlDrvDeviceEventHandler
2000adcb   SPICSDisable
2000ade3   SPICSEnable
2000adfb   SPIDisable
2000ae13   SPIEnable
2000ae2b   TimerIntDisable
2000ae43   TimerIntEnable
2000ae5d   _args_main
2000ae75   __aeabi_lmul
2000ae8d   PRCMHIBRegRead
2000aea3   PRCMHIBRegWrite
2000aeb9   UARTCharGet
2000aecf   uDMAIntRegister
2000aee5   CPUcpsie
2000aef9   IntVTableBaseSet
2000af0d   _SlDrvShiftDWord
2000af21   _register_unlock
2000af27   _register_lock
2000af2f   _nop
2000af35   strlen
2000af49   uDMAControlBaseSet
2000af5d   uDMAIntClear
2000af71   TimerIntClear
2000af83   __TI_zero_init
2000af95   sl_NetAppMDNSUnRegisterService
2000afa7   uDMAIntUnregister
2000afb9   NwpMaskInterrupt
2000afc9   __TI_decompress_none
2000afd7   _Dclass
2000afe5   ResetISR
2000aff5   NwpUnMaskInterrupt
2000b001   uDMADisable
2000b00d   uDMAEnable
2000b019   uDMAIntStatus
2000b025   IntMasterEnable
2000b02f   _SlNonOsSemSet
2000b037   sl_WlanDisconnect
2000b03f   UtilsDelay
2000b045   __TI_decompress_rle24
2000b04c   _ctypes_
2000b254   _SlPolicySetCmdCtrl
2000b258   _SlPolicyGetCmdCtrl
2000b25c   _SlProfileGetCmdCtrl
2000b260   _SlProfileDelCmdCtrl
2000b264   _SlWlanGetNetworkListCtrl
2000b268   _SlRxFilterAddtCmdCtrl
2000b26c   _SlRxFilterSetCmdCtrl
2000b270   _SlRxFilterGetCmdCtrl
2000b274   _SlSmartConfigStartCmdCtrl
2000b278   _SlWlanSetModeCmdCtrl
2000b27c   _SlWlanCfgSetCmdCtrl
2000b280   _SlWlanCfgGetCmdCtrl
2000b53c   g_H2NSyncPattern
2000b544   g_H2NCnysPattern
2000b54c   _SlActionLookupTable
2000b590   _SlSockSocketCmdCtrl
2000b594   _SlSockCloseCmdCtrl
2000b598   _SlRecvfomCmdCtrl
2000b59c   _SlSendCmdCtrl
2000b5a0   _SlListenCmdCtrl
2000b5a4   _SlAcceptCmdCtrl
2000b5a8   _SlRecvCmdCtrl
2000b5ac   _SlSetSockOptCmdCtrl
2000b5b0   _SlGetSockOptCmdCtrl
2000b5b4   _SlSelectCmdCtrl
2000b5e8   _SlNetAppStartCtrl
2000b5ec   _SlNetAppStopCtrl
2000b5f0   _SlGetServiceListeCtrl
2000b5f4   _SlRegisterServiceCtrl
2000b5f8   _SlGetHostByServiceCtrl
2000b5fc   _SlGetHostByNameCtrl
2000b600   _SlNetAppSetCmdCtrl
2000b604   _SlNetAppSendTokenValueCmdCtrl
2000b608   _SlNetAppGetCmdCtrl
2000b6a4   _SlStopCmdCtrl
2000b6a8   _SlEventMaskSetCmdCtrl
2000b6ac   _SlEventMaskGetCmdCtrl
2000b6b0   _SlDeviceGetCmdCtrl
2000b6b4   _SlDeviceSetCmdCtrl
2000b6b8   _SlNetCfgSetCmdCtrl
2000b6bc   _SlNetCfgGetCmdCtrl
2000b6c0   __TI_static_base__
2000b70c   __TI_Handler_Table_Base
2000b718   __TI_Handler_Table_Limit
2000b720   __TI_CINIT_Base
2000b730   __TI_CINIT_Limit
20017000   gpCtlTbl
20017400   myStrA
200176bc   myStrB
20017978   gfpAppCallbackHndl
20017a78   g__SlNonOsCB
20017aa0   g_ucConnectionSSID
20017ac4   cmd_buffer
20017ad0   g_ucConnectionBSSID
20017adc   rx_udp_server
20017ae0   udploop
20017ae4   ulRecvData
20017ae6   g_cDummy
20017ae7   iDone
20017ae8   _sys_memory
200182e8   pPingCallBackFunc
200182ec   gFirstCmdMode
200182f0   g_pCB
200182f4   g_StatMem
20018458   g_SpiFd
2001845c   g_pHostIntHdl
20018460   g_ucDMAEnabled
20018464   g_ucDinDout
200184b4   g_ulStatus
200184b8   g_ulGatewayIP
200184bc   g_ulDestinationIp
200184c0   g_uiPortNum
200184c4   g_ulPacketCount
200184c8   g_ucSimplelinkstarted
200184cc   g_ulIpAddr
200184d0   udp_str
200184dc   num
200184e0   packet_count
200184e4   ELAGAINED
200184e8   timerValue
200184ec   tempCnt
200184f0   c_full
200184f4   index
200184f8   flag
200184fc   chk_bufa_flag
20018500   check_cmd
20018504   get_sync_cmd_resp
20018508   cmd_sent
2001850c   flow_ctrl
20018510   recv_ping_packet
20018514   recv_pong_packet
20018518   cmd_index
2001851c   check_frame_start
2001852c   _lock
20018530   _unlock
20018534   __TI_cleanup_ptr
20018538   __TI_dtors_ptr
2001853c   main_func_sp
2002f800   __stack
20030000   __STACK_END
ffffffff   __binit__
ffffffff   __c_args__
ffffffff   binit
UNDEFED    SHT$$INIT_ARRAY$$Base
UNDEFED    SHT$$INIT_ARRAY$$Limit

[349 symbols]
