******************************************************************************
                  TI ARM Linker PC v5.1.6                      
******************************************************************************
>> Linked Tue Mar 17 03:49:07 2015

OUTPUT FILE NAME:   <test udp_socket.out>
ENTRY POINT SYMBOL: "_c_int00"  address: 2000a515


MEMORY CONFIGURATION

         name            origin    length      used     unused   attr    fill
----------------------  --------  ---------  --------  --------  ----  --------
  SRAM_CODE             20004000   00013000  0000744a  0000bbb6  RW X
  SRAM_DATA             20017000   00019000  00001ab8  00017548  RW X


SEGMENT ALLOCATION MAP

run origin  load origin   length   init length attrs members
----------  ----------- ---------- ----------- ----- -------
20004000    20004000    00007450   00007450    r-x
  20004000    20004000    00000400   00000400    r-- .intvecs
  20004400    20004400    00006942   00006942    r-x .text
  2000ad44    2000ad44    00000698   00000698    r-- .const
  2000b3e0    2000b3e0    00000070   00000070    r-- .cinit
20017000    20017000    000012b8   00000000    rw-
  20017000    20017000    00000888   00000000    rw- .bss
  20017888    20017888    00000800   00000000    rw- .sysmem
  20018088    20018088    00000230   00000000    rw- .data
2002f800    2002f800    00000800   00000000    rw-
  2002f800    2002f800    00000800   00000000    rw- .stack


SECTION ALLOCATION MAP

 output                                  attributes/
section   page    origin      length       input sections
--------  ----  ----------  ----------   ----------------
.init_array 
*          0    20004000    00000000     UNINITIALIZED

.intvecs   0    20004000    00000400     
                  20004000    00000400     startup_ccs.obj (.intvecs)

.text      0    20004400    00006942     
                  20004400    00000ec0     rtsv7M4_T_le_eabi.lib : _printfi.obj (.text)
                  200052c0    00000d90     main.obj (.text)
                  20006050    000003cc     rtsv7M4_T_le_eabi.lib : memory.obj (.text)
                  2000641c    000003b4     simplelink.a : driver.obj (.text:_SlDrvMsgRead)
                  200067d0    000003a4     spi.obj (.text)
                  20006b74    0000034c     simplelink.a : driver.obj (.text:_SlAsyncEventGenericHandler)
                  20006ec0    0000026c     uart_if.obj (.text)
                  2000712c    00000200     udma_if.obj (.text)
                  2000732c    000001f4     rtsv7M4_T_le_eabi.lib : ull_div_t2.obj (.text)
                  20007520    000001b6                           : fd_add_t2.obj (.text)
                  200076d6    00000002     driverlib.a : interrupt.obj (.text:IntDefaultHandler)
                  200076d8    0000019c     simplelink.a : wlan.obj (.text:sl_WlanConnect)
                  20007874    0000017c                  : driver.obj (.text:_SlDrvDataReadOp)
                  200079f0    00000140                  : driver.obj (.text:_SlDrvRxHdrRead)
                  20007b30    00000136     rtsv7M4_T_le_eabi.lib : fd_div_t2.obj (.text)
                  20007c66    00000002     --HOLE-- [fill = 0]
                  20007c68    00000134     driverlib.a : prcm.obj (.text:PRCMCC3200MCUInit)
                  20007d9c    00000128     simplelink.a : cc_pal.obj (.text:spi_Open)
                  20007ec4    00000118                  : driver.obj (.text:_SlDrvWaitForPoolObj)
                  20007fdc    00000114                  : driver.obj (.text:_SlDrvMsgWrite)
                  200080f0    0000010c                  : driver.obj (.text:_SlDrvReleasePoolObj)
                  200081fc    000000fc     rtsv7M4_T_le_eabi.lib : fd_mul_t2.obj (.text)
                  200082f8    000000f0     driverlib.a : udma.obj (.text:uDMAChannelTransferSet)
                  200083e8    000000ec     simplelink.a : cc_pal.obj (.text:spi_Write)
                  200084d4    000000cc                  : device.obj (.text:sl_Stop)
                  200085a0    000000cc                  : cc_pal.obj (.text:spi_Read)
                  2000866c    000000c8                  : device.obj (.text:sl_Start)
                  20008734    000000bc                  : driver.obj (.text:_SlDrvMsgReadCmdCtx)
                  200087f0    000000b2                  : netapp.obj (.text:_SlDrvNetAppEventHandler)
                  200088a2    00000002     --HOLE-- [fill = 0]
                  200088a4    000000ac                  : socket.obj (.text:sl_RecvFrom)
                  20008950    000000a8     driverlib.a : interrupt.obj (.text:IntDisable)
                  200089f8    000000a8                 : interrupt.obj (.text:IntEnable)
                  20008aa0    000000a0                 : spi.obj (.text:SPIConfigSetExpClk)
                  20008b40    0000009c     rtsv7M4_T_le_eabi.lib : memcpy_t2.obj (.text)
                  20008bdc    00000098     simplelink.a : driver.obj (.text:_SlFindAndSetActiveObj)
                  20008c74    00000094     driverlib.a : prcm.obj (.text:PRCMPeripheralClockGet)
                  20008d08    00000094     simplelink.a : driver.obj (.text:_SlDrvClassifyRxMsg)
                  20008d9c    00000094                  : driver.obj (.text:_SlDrvMsgReadSpawnCtx)
                  20008e30    00000094     rtsv7M4_T_le_eabi.lib : auto_init.obj (.text)
                  20008ec4    00000090     simplelink.a : driver.obj (.text:_SlDrvDriverCBInit)
                  20008f54    00000088     driverlib.a : pin.obj (.text:PinConfigSet)
                  20008fdc    00000088     simplelink.a : driver.obj (.text:_SlDrvCmdOp)
                  20009064    00000088     rtsv7M4_T_le_eabi.lib : vsnprintf.obj (.text)
                  200090ec    00000088     simplelink.a : netapp.obj (.text:sl_NetAppMDNSRegisterUnregisterService)
                  20009174    00000086     rtsv7M4_T_le_eabi.lib : fd_cmp_t2.obj (.text:__aeabi_cdcmple)
                  200091fa    00000086                           : fd_cmp_t2.obj (.text:__aeabi_cdrcmple)
                  20009280    00000084     simplelink.a : netapp.obj (.text:_sl_HandleAsync_DnsGetHostByName)
                  20009304    00000080                  : cc_pal.obj (.text:NwpPowerOnPreamble)
                  20009384    0000007c     driverlib.a : spi.obj (.text:SPIIntStatus)
                  20009400    0000007c     simplelink.a : device.obj (.text:sl_DevGet)
                  2000947c    00000078                  : cc_pal.obj (.text:SetupDMAReceive)
                  200094f4    00000078                  : device.obj (.text:_sl_HandleAsync_InitComplete)
                  2000956c    00000078                  : netapp.obj (.text:_sl_HandleAsync_PingResponse)
                  200095e4    00000078     rtsv7M4_T_le_eabi.lib : memset_t2.obj (.text)
                  2000965c    00000076     driverlib.a : uart.obj (.text:UARTConfigSetExpClk)
                  200096d2    00000002     --HOLE-- [fill = 0]
                  200096d4    00000074     simplelink.a : cc_pal.obj (.text:spi_Close)
                  20009748    0000006c                  : socket.obj (.text:_sl_HandleAsync_Connect)
                  200097b4    00000068                  : socket.obj (.text:_sl_HandleAsync_Accept)
                  2000981c    00000068                  : netapp.obj (.text:_sl_HandleAsync_DnsGetHostByService)
                  20009884    00000064     driverlib.a : udma.obj (.text:uDMAChannelAttributeDisable)
                  200098e8    00000064                 : udma.obj (.text:uDMAChannelAttributeEnable)
                  2000994c    00000060     simplelink.a : driver.obj (.text:_SlDrvDriverCBDeinit)
                  200099ac    0000005e     rtsv7M4_T_le_eabi.lib : copy_decompress_rle.obj (.text)
                  20009a0a    00000002     --HOLE-- [fill = 0]
                  20009a0c    0000005c     simplelink.a : socket.obj (.text:_sl_HandleAsync_Select)
                  20009a68    0000005c                  : socket.obj (.text:sl_Bind)
                  20009ac4    0000005a     rtsv7M4_T_le_eabi.lib : ltoa.obj (.text)
                  20009b1e    00000002     --HOLE-- [fill = 0]
                  20009b20    00000058     driverlib.a : interrupt.obj (.text:IntPendClear)
                  20009b78    00000058                 : prcm.obj (.text:PRCMPeripheralReset)
                  20009bd0    00000058     simplelink.a : device.obj (.text:_sl_HandleAsync_Stop)
                  20009c28    00000054     driverlib.a : interrupt.obj (.text:IntPrioritySet)
                  20009c7c    00000054     simplelink.a : netapp.obj (.text:sl_NetAppSendTokenValue)
                  20009cd0    0000004c     driverlib.a : spi.obj (.text:SPIIntDisable)
                  20009d1c    0000004c                 : spi.obj (.text:SPIIntEnable)
                  20009d68    0000004c                 : spi.obj (.text:SPIIntNumberGet)
                  20009db4    0000004c     rtsv7M4_T_le_eabi.lib : atoi.obj (.text)
                  20009e00    0000004c     driverlib.a : udma.obj (.text:uDMAChannelAssign)
                  20009e4c    0000004c                 : udma.obj (.text:uDMAChannelModeGet)
                  20009e98    0000004a     simplelink.a : device.obj (.text:_sl_GetStartResponseConvert)
                  20009ee2    00000002     --HOLE-- [fill = 0]
                  20009ee4    00000048     driverlib.a : spi.obj (.text:SPIIntClear)
                  20009f2c    00000048     rtsv7M4_T_le_eabi.lib : fd_toi_t2.obj (.text)
                  20009f74    00000048     simplelink.a : wlan.obj (.text:sl_WlanSet)
                  20009fbc    00000044     driverlib.a : spi.obj (.text:SPIDmaMaskGet)
                  2000a000    00000044                 : timer.obj (.text:TimerConfigure)
                  2000a044    00000044     pinmux.obj (.text)
                  2000a088    00000044     rtsv7M4_T_le_eabi.lib : cpy_tbl.obj (.text)
                  2000a0cc    00000044                           : exit.obj (.text)
                  2000a110    00000044                           : xdtest.obj (.text)
                  2000a154    00000044     simplelink.a : netcfg.obj (.text:sl_NetCfgSet)
                  2000a198    00000040     driverlib.a : pin.obj (.text:PinModeSet)
                  2000a1d8    00000040     simplelink.a : driver.obj (.text:_SlDrvRxIrqHandler)
                  2000a218    00000040                  : nonos.obj (.text:_SlNonOsMainLoopTask)
                  2000a258    00000040                  : driver.obj (.text:_SlRemoveFromList)
                  2000a298    00000040                  : wlan.obj (.text:sl_WlanPolicySet)
                  2000a2d8    00000040                  : wlan.obj (.text:sl_WlanRxFilterSet)
                  2000a318    0000003c                  : cc_pal.obj (.text:NwpPowerOff)
                  2000a354    0000003c     driverlib.a : prcm.obj (.text:PRCMPeripheralClkEnable)
                  2000a390    0000003c     simplelink.a : driver.obj (.text:_SlDrvObjInit)
                  2000a3cc    0000003c     driverlib.a : udma.obj (.text:uDMAChannelControlSet)
                  2000a408    00000038     simplelink.a : cc_pal.obj (.text:NwpRegisterInterruptHandler)
                  2000a440    00000038                  : socket.obj (.text:sl_Htonl)
                  2000a478    00000034     driverlib.a : prcm.obj (.text:PRCMPeripheralStatusGet)
                  2000a4ac    00000034                 : spi.obj (.text:SPIFIFOLevelSet)
                  2000a4e0    00000034     simplelink.a : driver.obj (.text:_SlDrvBasicCmd)
                  2000a514    00000034     rtsv7M4_T_le_eabi.lib : boot.obj (.text)
                  2000a548    00000034     simplelink.a : socket.obj (.text:sl_Htons)
                  2000a57c    00000030                  : cc_pal.obj (.text:NwpPowerOn)
                  2000a5ac    00000030     driverlib.a : uart.obj (.text:UARTDisable)
                  2000a5dc    00000030     simplelink.a : flowcont.obj (.text:_SlDrvFlowContDeinit)
                  2000a60c    00000030                  : flowcont.obj (.text:_SlDrvFlowContInit)
                  2000a63c    00000030                  : nonos.obj (.text:_SlNonOsSemGet)
                  2000a66c    00000030                  : socket.obj (.text:sl_Socket)
                  2000a69c    0000002e     rtsv7M4_T_le_eabi.lib : i_tofd_t2.obj (.text)
                  2000a6ca    00000002     --HOLE-- [fill = 0]
                  2000a6cc    0000002c     driverlib.a : prcm.obj (.text:PRCMSysResetCauseGet)
                  2000a6f8    00000028                 : prcm.obj (.text:PRCMPeripheralClkDisable)
                  2000a720    00000028                 : spi.obj (.text:SPIDataPutNonBlocking)
                  2000a748    00000028     simplelink.a : socket.obj (.text:_sl_BuildAddress)
                  2000a770    00000028                  : wlan.obj (.text:sl_WlanSetMode)
                  2000a798    00000024                  : cc_pal.obj (.text:DmaSpiSwIntHandler)
                  2000a7bc    00000024     driverlib.a : interrupt.obj (.text:IntUnregister)
                  2000a7e0    00000024                 : uart.obj (.text:UARTEnable)
                  2000a804    00000024     rtsv7M4_T_le_eabi.lib : memmov.obj (.text)
                  2000a828    00000024     simplelink.a : socket.obj (.text:sl_Close)
                  2000a84c    00000024                  : wlan.obj (.text:sl_WlanProfileDel)
                  2000a870    00000022     driverlib.a : spi.obj (.text:SPIReset)
                  2000a892    00000022                 : spi.obj (.text:SPIWordCountSet)
                  2000a8b4    00000020                 : interrupt.obj (.text:IntRegister)
                  2000a8d4    00000020     simplelink.a : driver.obj (.text:_SlDrvCmdSend)
                  2000a8f4    00000020                  : nonos.obj (.text:_SlNonOsSpawn)
                  2000a914    0000001e     driverlib.a : spi.obj (.text:SPIIntRegister)
                  2000a932    0000001e                 : timer.obj (.text:TimerEnable)
                  2000a950    0000001e                 : uart.obj (.text:UARTCharPut)
                  2000a96e    0000001c                 : timer.obj (.text:TimerValueGet)
                  2000a98a    00000002     --HOLE-- [fill = 0]
                  2000a98c    0000001c     simplelink.a : driver.obj (.text:_SlDrvObjDeInit)
                  2000a9a8    0000001c     rtsv7M4_T_le_eabi.lib : memccpy.obj (.text)
                  2000a9c4    0000001c     driverlib.a : udma.obj (.text:uDMAChannelDisable)
                  2000a9e0    0000001c                 : udma.obj (.text:uDMAChannelEnable)
                  2000a9fc    0000001c                 : udma.obj (.text:uDMAChannelRequest)
                  2000aa18    0000001a     simplelink.a : netapp.obj (.text:CopyPingResultsToReport)
                  2000aa32    0000001a     driverlib.a : pin.obj (.text:PinTypeSPI)
                  2000aa4c    0000001a                 : pin.obj (.text:PinTypeUART)
                  2000aa66    0000001a                 : spi.obj (.text:SPIDmaDisable)
                  2000aa80    0000001a                 : spi.obj (.text:SPIDmaEnable)
                  2000aa9a    0000001a                 : spi.obj (.text:SPIFIFODisable)
                  2000aab4    0000001a                 : spi.obj (.text:SPIFIFOEnable)
                  2000aace    0000001a                 : spi.obj (.text:SPIIntUnregister)
                  2000aae8    0000001a     simplelink.a : device.obj (.text:_SlDrvDeviceEventHandler)
                  2000ab02    00000018     driverlib.a : spi.obj (.text:SPICSDisable)
                  2000ab1a    00000018                 : spi.obj (.text:SPICSEnable)
                  2000ab32    00000018                 : spi.obj (.text:SPIDisable)
                  2000ab4a    00000018                 : spi.obj (.text:SPIEnable)
                  2000ab62    00000002     --HOLE-- [fill = 0]
                  2000ab64    00000018     rtsv7M4_T_le_eabi.lib : args_main.obj (.text)
                  2000ab7c    00000018                           : ll_mul_t2.obj (.text)
                  2000ab94    00000016     driverlib.a : prcm.obj (.text:PRCMHIBRegRead)
                  2000abaa    00000016                 : prcm.obj (.text:PRCMHIBRegWrite)
                  2000abc0    00000016                 : uart.obj (.text:UARTCharGet)
                  2000abd6    00000016                 : udma.obj (.text:uDMAIntRegister)
                  2000abec    00000014                 : cpu.obj (.text:CPUcpsie)
                  2000ac00    00000014                 : interrupt.obj (.text:IntVTableBaseSet)
                  2000ac14    00000014     simplelink.a : driver.obj (.text:_SlDrvShiftDWord)
                  2000ac28    00000014     rtsv7M4_T_le_eabi.lib : _lock.obj (.text)
                  2000ac3c    00000014                           : strlen.obj (.text)
                  2000ac50    00000014     driverlib.a : udma.obj (.text:uDMAControlBaseSet)
                  2000ac64    00000014                 : udma.obj (.text:uDMAIntClear)
                  2000ac78    00000012     rtsv7M4_T_le_eabi.lib : copy_zero_init.obj (.text:decompress:ZI)
                  2000ac8a    00000012     simplelink.a : netapp.obj (.text:sl_NetAppMDNSUnRegisterService)
                  2000ac9c    00000012     driverlib.a : udma.obj (.text:uDMAIntUnregister)
                  2000acae    00000002     --HOLE-- [fill = 0]
                  2000acb0    00000010     simplelink.a : cc_pal.obj (.text:NwpMaskInterrupt)
                  2000acc0    0000000e     rtsv7M4_T_le_eabi.lib : copy_decompress_none.obj (.text:decompress:none)
                  2000acce    0000000e                           : xdclass.obj (.text)
                  2000acdc    0000000e     startup_ccs.obj (.text)
                  2000acea    00000002     --HOLE-- [fill = 0]
                  2000acec    0000000c     simplelink.a : cc_pal.obj (.text:NwpUnMaskInterrupt)
                  2000acf8    0000000c     driverlib.a : udma.obj (.text:uDMADisable)
                  2000ad04    0000000c                 : udma.obj (.text:uDMAEnable)
                  2000ad10    0000000c                 : udma.obj (.text:uDMAIntStatus)
                  2000ad1c    0000000a                 : interrupt.obj (.text:IntMasterEnable)
                  2000ad26    00000008     simplelink.a : nonos.obj (.text:_SlNonOsSemSet)
                  2000ad2e    00000008                  : wlan.obj (.text:sl_WlanDisconnect)
                  2000ad36    00000006     driverlib.a : utils.obj (.text:UtilsDelay)
                  2000ad3c    00000006     rtsv7M4_T_le_eabi.lib : copy_decompress_rle.obj (.text:decompress:rle24)

.const     0    2000ad44    00000698     
                  2000ad44    00000102     rtsv7M4_T_le_eabi.lib : ctype.obj (.const:.string:_ctypes_)
                  2000ae46    00000002     --HOLE-- [fill = 0]
                  2000ae48    00000100     driverlib.a : pin.obj (.const:g_ulPinToPadMap)
                  2000af48    000000ec     simplelink.a : wlan.obj (.const)
                  2000b034    000000d4     driverlib.a : interrupt.obj (.const:g_pulRegs)
                  2000b108    000000a8                 : prcm.obj (.const:PRCM_PeriphRegsList)
                  2000b1b0    00000080                 : interrupt.obj (.const)
                  2000b230    0000004c     simplelink.a : driver.obj (.const)
                  2000b27c    0000003c     main.obj (.const:.string)
                  2000b2b8    00000034     simplelink.a : socket.obj (.const)
                  2000b2ec    0000002c     main.obj (.const:$P$T1$2)
                  2000b318    00000028     simplelink.a : netapp.obj (.const)
                  2000b340    00000024     driverlib.a : spi.obj (.const:g_ppulSPIIntMap)
                  2000b364    00000022     main.obj (.const:.string:$P$T0$1)
                  2000b386    00000002     --HOLE-- [fill = 0]
                  2000b388    00000020     main.obj (.const)
                  2000b3a8    00000018     driverlib.a : spi.obj (.const)
                  2000b3c0    00000014     simplelink.a : device.obj (.const)
                  2000b3d4    00000008                  : netcfg.obj (.const)

.cinit     0    2000b3e0    00000070     
                  2000b3e0    0000004c     (.cinit..data.load) [load image, compression = rle]
                  2000b42c    0000000c     (__TI_handler_table)
                  2000b438    00000008     (.cinit..bss.load) [load image, compression = zero_init]
                  2000b440    00000010     (__TI_cinit_table)

.bss       0    20017000    00000888     UNINITIALIZED
                  20017000    00000400     udma_if.obj (.bss:gpCtlTbl)
                  20017400    00000100     udma_if.obj (.bss:gfpAppCallbackHndl)
                  20017500    000000c8     spi.obj (.bss:myStrC)
                  200175c8    000000c8     main.obj (.bss:rx_udp_server)
                  20017690    00000064     spi.obj (.bss:myStrA)
                  200176f4    00000064     spi.obj (.bss:myStrB)
                  20017758    00000064     spi.obj (.bss:myStrX)
                  200177bc    00000064     spi.obj (.bss:myStrY)
                  20017820    00000028     simplelink.a : nonos.obj (.bss:g__SlNonOsCB)
                  20017848    00000024     main.obj (.bss:g_ucConnectionSSID)
                  2001786c    00000008     (.common:g_ucConnectionBSSID)
                  20017874    00000004     (.common:SYNC)
                  20017878    00000004     (.common:__Errorlog)
                  2001787c    00000004     (.common:timervalue)
                  20017880    00000004     (.common:ulMode)
                  20017884    00000002     (.common:ulRecvData)
                  20017886    00000001     (.common:g_cDummy)
                  20017887    00000001     (.common:iDone)

.sysmem    0    20017888    00000800     UNINITIALIZED
                  20017888    00000008     rtsv7M4_T_le_eabi.lib : memory.obj (.sysmem)
                  20017890    000007f8     --HOLE--

.data      0    20018088    00000230     UNINITIALIZED
                  20018088    00000170     simplelink.a : driver.obj (.data)
                  200181f8    0000005c                  : cc_pal.obj (.data)
                  20018254    0000002c     main.obj (.data)
                  20018280    00000018     spi.obj (.data)
                  20018298    0000000c     rtsv7M4_T_le_eabi.lib : memory.obj (.data)
                  200182a4    00000008                           : _lock.obj (.data)
                  200182ac    00000008                           : exit.obj (.data)
                  200182b4    00000004                           : stkdepth_vars.obj (.data)

.stack     0    2002f800    00000800     UNINITIALIZED
                  2002f800    00000800     --HOLE--


LINKER GENERATED COPY TABLES

__TI_cinit_table @ 2000b440 records: 2, size/record: 8, table size: 16
	.data: load addr=2000b3e0, load size=0000004c bytes, run addr=20018088, run size=00000230 bytes, compression=rle
	.bss: load addr=2000b438, load size=00000008 bytes, run addr=20017000, run size=00000888 bytes, compression=zero_init


LINKER GENERATED HANDLER TABLE

__TI_handler_table @ 2000b42c records: 3, size/record: 4, table size: 12
	index: 0, handler: __TI_decompress_rle24
	index: 1, handler: __TI_decompress_none
	index: 2, handler: __TI_zero_init


GLOBAL SYMBOLS: SORTED ALPHABETICALLY BY Name 

address    name
--------   ----
20005bfb   BsdUdpClient
20005ae1   BsdUdpServer
2000a0cd   C$$EXIT
2000abed   CPUcpsie
20006f01   ClearTerm
2000aa19   CopyPingResultsToReport
200072d3   DMASetupTransfer
20007143   DmaErrorIntHandler
2000a799   DmaSpiSwIntHandler
2000712d   DmaSwIntHandler
20006f0b   Error
20006f43   GetCmd
20006ec1   InitTerm
20008951   IntDisable
200089f9   IntEnable
2000ad1d   IntMasterEnable
20009b21   IntPendClear
20009c29   IntPrioritySet
2000a8b5   IntRegister
2000a7bd   IntUnregister
2000ac01   IntVTableBaseSet
20006edf   Message
2000acb1   NwpMaskInterrupt
2000a319   NwpPowerOff
2000a57d   NwpPowerOn
20009305   NwpPowerOnPreamble
2000a409   NwpRegisterInterruptHandler
2000aced   NwpUnMaskInterrupt
20007c69   PRCMCC3200MCUInit
2000ab95   PRCMHIBRegRead
2000abab   PRCMHIBRegWrite
2000a6f9   PRCMPeripheralClkDisable
2000a355   PRCMPeripheralClkEnable
20008c75   PRCMPeripheralClockGet
20009b79   PRCMPeripheralReset
2000a479   PRCMPeripheralStatusGet
2000a6cd   PRCMSysResetCauseGet
20008f55   PinConfigSet
2000a199   PinModeSet
2000a045   PinMuxConfig
2000aa33   PinTypeSPI
2000aa4d   PinTypeUART
2000706d   Report
2000acdd   ResetISR
UNDEFED    SHT$$INIT_ARRAY$$Base
UNDEFED    SHT$$INIT_ARRAY$$Limit
2000ab03   SPICSDisable
2000ab1b   SPICSEnable
20008aa1   SPIConfigSetExpClk
2000a721   SPIDataPutNonBlocking
2000ab33   SPIDisable
2000aa67   SPIDmaDisable
2000aa81   SPIDmaEnable
2000ab4b   SPIEnable
2000aa9b   SPIFIFODisable
2000aab5   SPIFIFOEnable
2000a4ad   SPIFIFOLevelSet
20009ee5   SPIIntClear
20009cd1   SPIIntDisable
20009d1d   SPIIntEnable
2000a915   SPIIntRegister
20009385   SPIIntStatus
2000aacf   SPIIntUnregister
2000a871   SPIReset
2000a893   SPIWordCountSet
20017874   SYNC
200071d5   SetupTransfer
200054c9   SimpleLinkGeneralEventHandler
2000551d   SimpleLinkHttpServerCallback
20005409   SimpleLinkNetAppEventHandler
20005529   SimpleLinkSockEventHandler
200052f9   SimpleLinkWlanEventHandler
200069a5   SlaveMain
2000a001   TimerConfigure
2000a933   TimerEnable
2000a96f   TimerValueGet
20006fd5   TrimSpace
2000abc1   UARTCharGet
2000a951   UARTCharPut
2000965d   UARTConfigSetExpClk
2000a5ad   UARTDisable
2000a7e1   UARTEnable
200071a7   UDMAChannelSelect
200072bf   UDMADeInit
2000714f   UDMAInit
20007219   UDMASetupAutoMemTransfer
2000724d   UDMASetupPingPongTransfer
200072a7   UDMAStartTransfer
200072b3   UDMAStopTransfer
2000ad37   UtilsDelay
2000accf   _Dclass
2000a111   _Dtest
2000b2d8   _SlAcceptCmdCtrl
2000b244   _SlActionLookupTable
20006b75   _SlAsyncEventGenericHandler
2000b3cc   _SlDeviceGetCmdCtrl
2000b3d0   _SlDeviceSetCmdCtrl
2000a4e1   _SlDrvBasicCmd
20008d09   _SlDrvClassifyRxMsg
20008fdd   _SlDrvCmdOp
2000a8d5   _SlDrvCmdSend
20007875   _SlDrvDataReadOp
2000aae9   _SlDrvDeviceEventHandler
2000994d   _SlDrvDriverCBDeinit
20008ec5   _SlDrvDriverCBInit
2000a5dd   _SlDrvFlowContDeinit
2000a60d   _SlDrvFlowContInit
2000641d   _SlDrvMsgRead
20008735   _SlDrvMsgReadCmdCtx
20008d9d   _SlDrvMsgReadSpawnCtx
20007fdd   _SlDrvMsgWrite
200087f1   _SlDrvNetAppEventHandler
2000a98d   _SlDrvObjDeInit
2000a391   _SlDrvObjInit
200080f1   _SlDrvReleasePoolObj
200079f1   _SlDrvRxHdrRead
2000a1d9   _SlDrvRxIrqHandler
2000ac15   _SlDrvShiftDWord
20007ec5   _SlDrvWaitForPoolObj
2000b3c8   _SlEventMaskGetCmdCtrl
2000b3c4   _SlEventMaskSetCmdCtrl
20008bdd   _SlFindAndSetActiveObj
2000b330   _SlGetHostByNameCtrl
2000b32c   _SlGetHostByServiceCtrl
2000b324   _SlGetServiceListeCtrl
2000b2e4   _SlGetSockOptCmdCtrl
2000b2d4   _SlListenCmdCtrl
2000b33c   _SlNetAppGetCmdCtrl
2000b338   _SlNetAppSendTokenValueCmdCtrl
2000b334   _SlNetAppSetCmdCtrl
2000b31c   _SlNetAppStartCtrl
2000b320   _SlNetAppStopCtrl
2000b3d8   _SlNetCfgGetCmdCtrl
2000b3d4   _SlNetCfgSetCmdCtrl
2000a219   _SlNonOsMainLoopTask
2000a63d   _SlNonOsSemGet
2000ad27   _SlNonOsSemSet
2000a8f5   _SlNonOsSpawn
2000af50   _SlPolicyGetCmdCtrl
2000af4c   _SlPolicySetCmdCtrl
2000af58   _SlProfileDelCmdCtrl
2000af54   _SlProfileGetCmdCtrl
2000b2dc   _SlRecvCmdCtrl
2000b2cc   _SlRecvfomCmdCtrl
2000b328   _SlRegisterServiceCtrl
2000a259   _SlRemoveFromList
2000af60   _SlRxFilterAddtCmdCtrl
2000af68   _SlRxFilterGetCmdCtrl
2000af64   _SlRxFilterSetCmdCtrl
2000b2e8   _SlSelectCmdCtrl
2000b2d0   _SlSendCmdCtrl
2000b2e0   _SlSetSockOptCmdCtrl
2000af6c   _SlSmartConfigStartCmdCtrl
2000b2c8   _SlSockCloseCmdCtrl
2000b2c4   _SlSockSocketCmdCtrl
2000b3c0   _SlStopCmdCtrl
2000af78   _SlWlanCfgGetCmdCtrl
2000af74   _SlWlanCfgSetCmdCtrl
2000af5c   _SlWlanGetNetworkListCtrl
2000af70   _SlWlanSetModeCmdCtrl
20030000   __STACK_END
00000800   __STACK_SIZE
00000800   __SYSMEM_SIZE
2000b440   __TI_CINIT_Base
2000b450   __TI_CINIT_Limit
2000b42c   __TI_Handler_Table_Base
2000b438   __TI_Handler_Table_Limit
00000001   __TI_args_main
20008e31   __TI_auto_init
200182ac   __TI_cleanup_ptr
2000acc1   __TI_decompress_none
2000ad3d   __TI_decompress_rle24
200182b0   __TI_dtors_ptr
20004fb7   __TI_printfi
2000b3e0   __TI_static_base__
2000ac79   __TI_zero_init
20009175   __aeabi_cdcmpeq
20009175   __aeabi_cdcmple
200091fb   __aeabi_cdrcmple
20009f2d   __aeabi_d2iz
2000752b   __aeabi_dadd
20007b31   __aeabi_ddiv
200081fd   __aeabi_dmul
20007521   __aeabi_dsub
2000a69d   __aeabi_i2d
2000ab7d   __aeabi_lmul
200095e5   __aeabi_memclr
200095e5   __aeabi_memclr4
200095e5   __aeabi_memclr8
20008b41   __aeabi_memcpy
20008b41   __aeabi_memcpy4
20008b41   __aeabi_memcpy8
200095e7   __aeabi_memset
200095e7   __aeabi_memset4
200095e7   __aeabi_memset8
2000732d   __aeabi_uldivmod
ffffffff   __binit__
ffffffff   __c_args__
2002f800   __stack
2000ab65   _args_main
2000a515   _c_int00
2000ad44   _ctypes_
200182a4   _lock
2000ac37   _nop
2000ac2f   _register_lock
2000ac29   _register_unlock
2000a749   _sl_BuildAddress
20009e99   _sl_GetStartResponseConvert
200097b5   _sl_HandleAsync_Accept
20009749   _sl_HandleAsync_Connect
20009281   _sl_HandleAsync_DnsGetHostByName
2000981d   _sl_HandleAsync_DnsGetHostByService
200094f5   _sl_HandleAsync_InitComplete
2000956d   _sl_HandleAsync_PingResponse
20009a0d   _sl_HandleAsync_Select
20009bd1   _sl_HandleAsync_Stop
20017888   _sys_memory
200182a8   _unlock
2000a0d1   abort
20009db5   atoi
ffffffff   binit
200063e5   calloc
2001828c   check_cmd
20018294   check_frame_start
20018288   chk_bufa_flag
2000a089   copy_in
2000a0d9   exit
20018284   flag
2000613f   free
2001808c   gFirstCmdMode
2000b23c   g_H2NCnysPattern
2000b234   g_H2NSyncPattern
200181f8   g_SpiFd
20018094   g_StatMem
20017820   g__SlNonOsCB
20017886   g_cDummy
20018090   g_pCB
200181fc   g_pHostIntHdl
20004000   g_pfnVectors
2001786c   g_ucConnectionBSSID
20017848   g_ucConnectionSSID
20018200   g_ucDMAEnabled
20018204   g_ucDinDout
20018268   g_ucSimplelinkstarted
20018260   g_uiPortNum
2001825c   g_ulDestinationIp
20018258   g_ulGatewayIP
2001826c   g_ulIpAddr
20018264   g_ulPacketCount
20018254   g_ulStatus
20018290   get_sync_cmd_resp
20017400   gfpAppCallbackHndl
20017000   gpCtlTbl
20017887   iDone
20018280   index
20009ac5   ltoa
20005d6d   main
200182b4   main_func_sp
200060dd   malloc
20006305   memalign
2000a9a9   memccpy
20008b41   memcpy
2000a805   memmove
200095ed   memset
20006051   minit
200052c1   ms_delay
20017690   myStrA
200176f4   myStrB
20017500   myStrC
20017758   myStrX
200177bc   myStrY
2001827c   num
20018088   pPingCallBackFunc
200061ff   realloc
200175c8   rx_udp_server
20009a69   sl_Bind
2000a829   sl_Close
20009401   sl_DevGet
2000a441   sl_Htonl
2000a549   sl_Htons
200090ed   sl_NetAppMDNSRegisterUnregisterService
2000ac8b   sl_NetAppMDNSUnRegisterService
20009c7d   sl_NetAppSendTokenValue
2000a155   sl_NetCfgSet
200088a5   sl_RecvFrom
2000a66d   sl_Socket
2000866d   sl_Start
200084d5   sl_Stop
200076d9   sl_WlanConnect
2000ad2f   sl_WlanDisconnect
2000a299   sl_WlanPolicySet
2000a84d   sl_WlanProfileDel
2000a2d9   sl_WlanRxFilterSet
20009f75   sl_WlanSet
2000a771   sl_WlanSetMode
20006b31   spi
200096d5   spi_Close
20007d9d   spi_Open
200085a1   spi_Read
200083e9   spi_Write
2000ac3d   strlen
20006ab5   sync_spi
2001787c   timervalue
20009e01   uDMAChannelAssign
20009885   uDMAChannelAttributeDisable
200098e9   uDMAChannelAttributeEnable
2000a3cd   uDMAChannelControlSet
2000a9c5   uDMAChannelDisable
2000a9e1   uDMAChannelEnable
20009e4d   uDMAChannelModeGet
2000a9fd   uDMAChannelRequest
200082f9   uDMAChannelTransferSet
2000ac51   uDMAControlBaseSet
2000acf9   uDMADisable
2000ad05   uDMAEnable
2000ac65   uDMAIntClear
2000abd7   uDMAIntRegister
2000ad11   uDMAIntStatus
2000ac9d   uDMAIntUnregister
20018270   udp_str
20017880   ulMode
20017884   ulRecvData
20009065   vsnprintf


GLOBAL SYMBOLS: SORTED BY Symbol Address 

address    name
--------   ----
00000001   __TI_args_main
00000800   __STACK_SIZE
00000800   __SYSMEM_SIZE
20004000   g_pfnVectors
20004fb7   __TI_printfi
200052c1   ms_delay
200052f9   SimpleLinkWlanEventHandler
20005409   SimpleLinkNetAppEventHandler
200054c9   SimpleLinkGeneralEventHandler
2000551d   SimpleLinkHttpServerCallback
20005529   SimpleLinkSockEventHandler
20005ae1   BsdUdpServer
20005bfb   BsdUdpClient
20005d6d   main
20006051   minit
200060dd   malloc
2000613f   free
200061ff   realloc
20006305   memalign
200063e5   calloc
2000641d   _SlDrvMsgRead
200069a5   SlaveMain
20006ab5   sync_spi
20006b31   spi
20006b75   _SlAsyncEventGenericHandler
20006ec1   InitTerm
20006edf   Message
20006f01   ClearTerm
20006f0b   Error
20006f43   GetCmd
20006fd5   TrimSpace
2000706d   Report
2000712d   DmaSwIntHandler
20007143   DmaErrorIntHandler
2000714f   UDMAInit
200071a7   UDMAChannelSelect
200071d5   SetupTransfer
20007219   UDMASetupAutoMemTransfer
2000724d   UDMASetupPingPongTransfer
200072a7   UDMAStartTransfer
200072b3   UDMAStopTransfer
200072bf   UDMADeInit
200072d3   DMASetupTransfer
2000732d   __aeabi_uldivmod
20007521   __aeabi_dsub
2000752b   __aeabi_dadd
200076d9   sl_WlanConnect
20007875   _SlDrvDataReadOp
200079f1   _SlDrvRxHdrRead
20007b31   __aeabi_ddiv
20007c69   PRCMCC3200MCUInit
20007d9d   spi_Open
20007ec5   _SlDrvWaitForPoolObj
20007fdd   _SlDrvMsgWrite
200080f1   _SlDrvReleasePoolObj
200081fd   __aeabi_dmul
200082f9   uDMAChannelTransferSet
200083e9   spi_Write
200084d5   sl_Stop
200085a1   spi_Read
2000866d   sl_Start
20008735   _SlDrvMsgReadCmdCtx
200087f1   _SlDrvNetAppEventHandler
200088a5   sl_RecvFrom
20008951   IntDisable
200089f9   IntEnable
20008aa1   SPIConfigSetExpClk
20008b41   __aeabi_memcpy
20008b41   __aeabi_memcpy4
20008b41   __aeabi_memcpy8
20008b41   memcpy
20008bdd   _SlFindAndSetActiveObj
20008c75   PRCMPeripheralClockGet
20008d09   _SlDrvClassifyRxMsg
20008d9d   _SlDrvMsgReadSpawnCtx
20008e31   __TI_auto_init
20008ec5   _SlDrvDriverCBInit
20008f55   PinConfigSet
20008fdd   _SlDrvCmdOp
20009065   vsnprintf
200090ed   sl_NetAppMDNSRegisterUnregisterService
20009175   __aeabi_cdcmpeq
20009175   __aeabi_cdcmple
200091fb   __aeabi_cdrcmple
20009281   _sl_HandleAsync_DnsGetHostByName
20009305   NwpPowerOnPreamble
20009385   SPIIntStatus
20009401   sl_DevGet
200094f5   _sl_HandleAsync_InitComplete
2000956d   _sl_HandleAsync_PingResponse
200095e5   __aeabi_memclr
200095e5   __aeabi_memclr4
200095e5   __aeabi_memclr8
200095e7   __aeabi_memset
200095e7   __aeabi_memset4
200095e7   __aeabi_memset8
200095ed   memset
2000965d   UARTConfigSetExpClk
200096d5   spi_Close
20009749   _sl_HandleAsync_Connect
200097b5   _sl_HandleAsync_Accept
2000981d   _sl_HandleAsync_DnsGetHostByService
20009885   uDMAChannelAttributeDisable
200098e9   uDMAChannelAttributeEnable
2000994d   _SlDrvDriverCBDeinit
20009a0d   _sl_HandleAsync_Select
20009a69   sl_Bind
20009ac5   ltoa
20009b21   IntPendClear
20009b79   PRCMPeripheralReset
20009bd1   _sl_HandleAsync_Stop
20009c29   IntPrioritySet
20009c7d   sl_NetAppSendTokenValue
20009cd1   SPIIntDisable
20009d1d   SPIIntEnable
20009db5   atoi
20009e01   uDMAChannelAssign
20009e4d   uDMAChannelModeGet
20009e99   _sl_GetStartResponseConvert
20009ee5   SPIIntClear
20009f2d   __aeabi_d2iz
20009f75   sl_WlanSet
2000a001   TimerConfigure
2000a045   PinMuxConfig
2000a089   copy_in
2000a0cd   C$$EXIT
2000a0d1   abort
2000a0d9   exit
2000a111   _Dtest
2000a155   sl_NetCfgSet
2000a199   PinModeSet
2000a1d9   _SlDrvRxIrqHandler
2000a219   _SlNonOsMainLoopTask
2000a259   _SlRemoveFromList
2000a299   sl_WlanPolicySet
2000a2d9   sl_WlanRxFilterSet
2000a319   NwpPowerOff
2000a355   PRCMPeripheralClkEnable
2000a391   _SlDrvObjInit
2000a3cd   uDMAChannelControlSet
2000a409   NwpRegisterInterruptHandler
2000a441   sl_Htonl
2000a479   PRCMPeripheralStatusGet
2000a4ad   SPIFIFOLevelSet
2000a4e1   _SlDrvBasicCmd
2000a515   _c_int00
2000a549   sl_Htons
2000a57d   NwpPowerOn
2000a5ad   UARTDisable
2000a5dd   _SlDrvFlowContDeinit
2000a60d   _SlDrvFlowContInit
2000a63d   _SlNonOsSemGet
2000a66d   sl_Socket
2000a69d   __aeabi_i2d
2000a6cd   PRCMSysResetCauseGet
2000a6f9   PRCMPeripheralClkDisable
2000a721   SPIDataPutNonBlocking
2000a749   _sl_BuildAddress
2000a771   sl_WlanSetMode
2000a799   DmaSpiSwIntHandler
2000a7bd   IntUnregister
2000a7e1   UARTEnable
2000a805   memmove
2000a829   sl_Close
2000a84d   sl_WlanProfileDel
2000a871   SPIReset
2000a893   SPIWordCountSet
2000a8b5   IntRegister
2000a8d5   _SlDrvCmdSend
2000a8f5   _SlNonOsSpawn
2000a915   SPIIntRegister
2000a933   TimerEnable
2000a951   UARTCharPut
2000a96f   TimerValueGet
2000a98d   _SlDrvObjDeInit
2000a9a9   memccpy
2000a9c5   uDMAChannelDisable
2000a9e1   uDMAChannelEnable
2000a9fd   uDMAChannelRequest
2000aa19   CopyPingResultsToReport
2000aa33   PinTypeSPI
2000aa4d   PinTypeUART
2000aa67   SPIDmaDisable
2000aa81   SPIDmaEnable
2000aa9b   SPIFIFODisable
2000aab5   SPIFIFOEnable
2000aacf   SPIIntUnregister
2000aae9   _SlDrvDeviceEventHandler
2000ab03   SPICSDisable
2000ab1b   SPICSEnable
2000ab33   SPIDisable
2000ab4b   SPIEnable
2000ab65   _args_main
2000ab7d   __aeabi_lmul
2000ab95   PRCMHIBRegRead
2000abab   PRCMHIBRegWrite
2000abc1   UARTCharGet
2000abd7   uDMAIntRegister
2000abed   CPUcpsie
2000ac01   IntVTableBaseSet
2000ac15   _SlDrvShiftDWord
2000ac29   _register_unlock
2000ac2f   _register_lock
2000ac37   _nop
2000ac3d   strlen
2000ac51   uDMAControlBaseSet
2000ac65   uDMAIntClear
2000ac79   __TI_zero_init
2000ac8b   sl_NetAppMDNSUnRegisterService
2000ac9d   uDMAIntUnregister
2000acb1   NwpMaskInterrupt
2000acc1   __TI_decompress_none
2000accf   _Dclass
2000acdd   ResetISR
2000aced   NwpUnMaskInterrupt
2000acf9   uDMADisable
2000ad05   uDMAEnable
2000ad11   uDMAIntStatus
2000ad1d   IntMasterEnable
2000ad27   _SlNonOsSemSet
2000ad2f   sl_WlanDisconnect
2000ad37   UtilsDelay
2000ad3d   __TI_decompress_rle24
2000ad44   _ctypes_
2000af4c   _SlPolicySetCmdCtrl
2000af50   _SlPolicyGetCmdCtrl
2000af54   _SlProfileGetCmdCtrl
2000af58   _SlProfileDelCmdCtrl
2000af5c   _SlWlanGetNetworkListCtrl
2000af60   _SlRxFilterAddtCmdCtrl
2000af64   _SlRxFilterSetCmdCtrl
2000af68   _SlRxFilterGetCmdCtrl
2000af6c   _SlSmartConfigStartCmdCtrl
2000af70   _SlWlanSetModeCmdCtrl
2000af74   _SlWlanCfgSetCmdCtrl
2000af78   _SlWlanCfgGetCmdCtrl
2000b234   g_H2NSyncPattern
2000b23c   g_H2NCnysPattern
2000b244   _SlActionLookupTable
2000b2c4   _SlSockSocketCmdCtrl
2000b2c8   _SlSockCloseCmdCtrl
2000b2cc   _SlRecvfomCmdCtrl
2000b2d0   _SlSendCmdCtrl
2000b2d4   _SlListenCmdCtrl
2000b2d8   _SlAcceptCmdCtrl
2000b2dc   _SlRecvCmdCtrl
2000b2e0   _SlSetSockOptCmdCtrl
2000b2e4   _SlGetSockOptCmdCtrl
2000b2e8   _SlSelectCmdCtrl
2000b31c   _SlNetAppStartCtrl
2000b320   _SlNetAppStopCtrl
2000b324   _SlGetServiceListeCtrl
2000b328   _SlRegisterServiceCtrl
2000b32c   _SlGetHostByServiceCtrl
2000b330   _SlGetHostByNameCtrl
2000b334   _SlNetAppSetCmdCtrl
2000b338   _SlNetAppSendTokenValueCmdCtrl
2000b33c   _SlNetAppGetCmdCtrl
2000b3c0   _SlStopCmdCtrl
2000b3c4   _SlEventMaskSetCmdCtrl
2000b3c8   _SlEventMaskGetCmdCtrl
2000b3cc   _SlDeviceGetCmdCtrl
2000b3d0   _SlDeviceSetCmdCtrl
2000b3d4   _SlNetCfgSetCmdCtrl
2000b3d8   _SlNetCfgGetCmdCtrl
2000b3e0   __TI_static_base__
2000b42c   __TI_Handler_Table_Base
2000b438   __TI_Handler_Table_Limit
2000b440   __TI_CINIT_Base
2000b450   __TI_CINIT_Limit
20017000   gpCtlTbl
20017400   gfpAppCallbackHndl
20017500   myStrC
200175c8   rx_udp_server
20017690   myStrA
200176f4   myStrB
20017758   myStrX
200177bc   myStrY
20017820   g__SlNonOsCB
20017848   g_ucConnectionSSID
2001786c   g_ucConnectionBSSID
20017874   SYNC
2001787c   timervalue
20017880   ulMode
20017884   ulRecvData
20017886   g_cDummy
20017887   iDone
20017888   _sys_memory
20018088   pPingCallBackFunc
2001808c   gFirstCmdMode
20018090   g_pCB
20018094   g_StatMem
200181f8   g_SpiFd
200181fc   g_pHostIntHdl
20018200   g_ucDMAEnabled
20018204   g_ucDinDout
20018254   g_ulStatus
20018258   g_ulGatewayIP
2001825c   g_ulDestinationIp
20018260   g_uiPortNum
20018264   g_ulPacketCount
20018268   g_ucSimplelinkstarted
2001826c   g_ulIpAddr
20018270   udp_str
2001827c   num
20018280   index
20018284   flag
20018288   chk_bufa_flag
2001828c   check_cmd
20018290   get_sync_cmd_resp
20018294   check_frame_start
200182a4   _lock
200182a8   _unlock
200182ac   __TI_cleanup_ptr
200182b0   __TI_dtors_ptr
200182b4   main_func_sp
2002f800   __stack
20030000   __STACK_END
ffffffff   __binit__
ffffffff   __c_args__
ffffffff   binit
UNDEFED    SHT$$INIT_ARRAY$$Base
UNDEFED    SHT$$INIT_ARRAY$$Limit

[323 symbols]
