******************************************************************************
                  TI ARM Linker PC v5.1.6                      
******************************************************************************
>> Linked Thu Apr 02 05:00:36 2015

OUTPUT FILE NAME:   <test udp_socket.out>
ENTRY POINT SYMBOL: "_c_int00"  address: 2000a885


MEMORY CONFIGURATION

         name            origin    length      used     unused   attr    fill
----------------------  --------  ---------  --------  --------  ----  --------
  SRAM_CODE             20004000   00013000  0000785a  0000b7a6  RW X
  SRAM_DATA             20017000   00019000  000023d8  00016c28  RW X


SEGMENT ALLOCATION MAP

run origin  load origin   length   init length attrs members
----------  ----------- ---------- ----------- ----- -------
20004000    20004000    00007860   00007860    r-x
  20004000    20004000    00000400   00000400    r-- .intvecs
  20004400    20004400    00006d76   00006d76    r-x .text
  2000b178    2000b178    00000674   00000674    r-- .const
  2000b7f0    2000b7f0    00000070   00000070    r-- .cinit
20017000    20017000    00001bd8   00000000    rw-
  20017000    20017000    00001178   00000000    rw- .bss
  20018178    20018178    00000800   00000000    rw- .sysmem
  20018978    20018978    00000260   00000000    rw- .data
2002f800    2002f800    00000800   00000000    rw-
  2002f800    2002f800    00000800   00000000    rw- .stack


SECTION ALLOCATION MAP

 output                                  attributes/
section   page    origin      length       input sections
--------  ----  ----------  ----------   ----------------
.init_array 
*          0    20004000    00000000     UNINITIALIZED

.intvecs   0    20004000    00000400     
                  20004000    00000400     startup_ccs.obj (.intvecs)

.text      0    20004400    00006d76     
                  20004400    00000ec0     rtsv7M4_T_le_eabi.lib : _printfi.obj (.text)
                  200052c0    00000d4c     main.obj (.text)
                  2000600c    000004fc     spi.obj (.text)
                  20006508    000003cc     rtsv7M4_T_le_eabi.lib : memory.obj (.text)
                  200068d4    000003b4     simplelink.a : driver.obj (.text:_SlDrvMsgRead)
                  20006c88    0000034c                  : driver.obj (.text:_SlAsyncEventGenericHandler)
                  20006fd4    0000026c     uart_if.obj (.text)
                  20007240    00000200     udma_if.obj (.text)
                  20007440    000001f4     rtsv7M4_T_le_eabi.lib : ull_div_t2.obj (.text)
                  20007634    000001b6                           : fd_add_t2.obj (.text)
                  200077ea    00000002     driverlib.a : interrupt.obj (.text:IntDefaultHandler)
                  200077ec    0000019c     simplelink.a : wlan.obj (.text:sl_WlanConnect)
                  20007988    00000140                  : driver.obj (.text:_SlDrvDataWriteOp)
                  20007ac8    00000140                  : driver.obj (.text:_SlDrvRxHdrRead)
                  20007c08    00000136     rtsv7M4_T_le_eabi.lib : fd_div_t2.obj (.text)
                  20007d3e    00000002     --HOLE-- [fill = 0]
                  20007d40    00000134     driverlib.a : prcm.obj (.text:PRCMCC3200MCUInit)
                  20007e74    00000128     simplelink.a : cc_pal.obj (.text:spi_Open)
                  20007f9c    00000118                  : driver.obj (.text:_SlDrvWaitForPoolObj)
                  200080b4    00000114                  : driver.obj (.text:_SlDrvMsgWrite)
                  200081c8    0000010c                  : driver.obj (.text:_SlDrvReleasePoolObj)
                  200082d4    000000fc     rtsv7M4_T_le_eabi.lib : fd_mul_t2.obj (.text)
                  200083d0    000000fa     timer_if.obj (.text)
                  200084ca    00000002     --HOLE-- [fill = 0]
                  200084cc    000000f0     driverlib.a : udma.obj (.text:uDMAChannelTransferSet)
                  200085bc    000000ec     simplelink.a : cc_pal.obj (.text:spi_Write)
                  200086a8    000000cc                  : device.obj (.text:sl_Stop)
                  20008774    000000cc                  : cc_pal.obj (.text:spi_Read)
                  20008840    000000c8                  : device.obj (.text:sl_Start)
                  20008908    000000bc                  : driver.obj (.text:_SlDrvMsgReadCmdCtx)
                  200089c4    000000b4                  : socket.obj (.text:sl_SendTo)
                  20008a78    000000b2                  : netapp.obj (.text:_SlDrvNetAppEventHandler)
                  20008b2a    00000002     --HOLE-- [fill = 0]
                  20008b2c    000000a8     driverlib.a : interrupt.obj (.text:IntDisable)
                  20008bd4    000000a8                 : interrupt.obj (.text:IntEnable)
                  20008c7c    000000a0                 : spi.obj (.text:SPIConfigSetExpClk)
                  20008d1c    0000009c     rtsv7M4_T_le_eabi.lib : memcpy_t2.obj (.text)
                  20008db8    00000098     simplelink.a : driver.obj (.text:_SlFindAndSetActiveObj)
                  20008e50    00000094     driverlib.a : prcm.obj (.text:PRCMPeripheralClockGet)
                  20008ee4    00000094     simplelink.a : driver.obj (.text:_SlDrvClassifyRxMsg)
                  20008f78    00000094                  : driver.obj (.text:_SlDrvMsgReadSpawnCtx)
                  2000900c    00000094     rtsv7M4_T_le_eabi.lib : auto_init.obj (.text)
                  200090a0    00000090     simplelink.a : driver.obj (.text:_SlDrvDriverCBInit)
                  20009130    00000088     driverlib.a : pin.obj (.text:PinConfigSet)
                  200091b8    00000088     simplelink.a : driver.obj (.text:_SlDrvCmdOp)
                  20009240    00000088     rtsv7M4_T_le_eabi.lib : vsnprintf.obj (.text)
                  200092c8    00000088     simplelink.a : netapp.obj (.text:sl_NetAppMDNSRegisterUnregisterService)
                  20009350    00000086     rtsv7M4_T_le_eabi.lib : fd_cmp_t2.obj (.text:__aeabi_cdcmple)
                  200093d6    00000086                           : fd_cmp_t2.obj (.text:__aeabi_cdrcmple)
                  2000945c    00000084     simplelink.a : netapp.obj (.text:_sl_HandleAsync_DnsGetHostByName)
                  200094e0    00000080                  : cc_pal.obj (.text:NwpPowerOnPreamble)
                  20009560    0000007c     driverlib.a : spi.obj (.text:SPIIntStatus)
                  200095dc    0000007c     simplelink.a : device.obj (.text:sl_DevGet)
                  20009658    00000078                  : cc_pal.obj (.text:SetupDMAReceive)
                  200096d0    00000078                  : device.obj (.text:_sl_HandleAsync_InitComplete)
                  20009748    00000078                  : netapp.obj (.text:_sl_HandleAsync_PingResponse)
                  200097c0    00000078     rtsv7M4_T_le_eabi.lib : memset_t2.obj (.text)
                  20009838    00000076     driverlib.a : uart.obj (.text:UARTConfigSetExpClk)
                  200098ae    00000002     --HOLE-- [fill = 0]
                  200098b0    00000074     simplelink.a : cc_pal.obj (.text:spi_Close)
                  20009924    00000070     driverlib.a : timer.obj (.text:TimerIntRegister)
                  20009994    0000006e     simplelink.a : socket.obj (.text:_sl_TruncatePayloadByProtocol)
                  20009a02    00000002     --HOLE-- [fill = 0]
                  20009a04    0000006c                  : socket.obj (.text:_sl_HandleAsync_Connect)
                  20009a70    00000068     driverlib.a : timer.obj (.text:TimerIntUnregister)
                  20009ad8    00000068     simplelink.a : socket.obj (.text:_sl_HandleAsync_Accept)
                  20009b40    00000068                  : netapp.obj (.text:_sl_HandleAsync_DnsGetHostByService)
                  20009ba8    00000064     driverlib.a : udma.obj (.text:uDMAChannelAttributeDisable)
                  20009c0c    00000064                 : udma.obj (.text:uDMAChannelAttributeEnable)
                  20009c70    00000060     simplelink.a : driver.obj (.text:_SlDrvDriverCBDeinit)
                  20009cd0    0000005e     rtsv7M4_T_le_eabi.lib : copy_decompress_rle.obj (.text)
                  20009d2e    00000002     --HOLE-- [fill = 0]
                  20009d30    0000005c     simplelink.a : socket.obj (.text:_sl_HandleAsync_Select)
                  20009d8c    0000005c                  : socket.obj (.text:sl_Bind)
                  20009de8    0000005a     rtsv7M4_T_le_eabi.lib : ltoa.obj (.text)
                  20009e42    00000002     --HOLE-- [fill = 0]
                  20009e44    00000058     driverlib.a : interrupt.obj (.text:IntPendClear)
                  20009e9c    00000058                 : prcm.obj (.text:PRCMPeripheralReset)
                  20009ef4    00000058     simplelink.a : device.obj (.text:_sl_HandleAsync_Stop)
                  20009f4c    00000054     driverlib.a : interrupt.obj (.text:IntPrioritySet)
                  20009fa0    00000054     simplelink.a : netapp.obj (.text:sl_NetAppSendTokenValue)
                  20009ff4    0000004c     driverlib.a : spi.obj (.text:SPIIntDisable)
                  2000a040    0000004c                 : spi.obj (.text:SPIIntEnable)
                  2000a08c    0000004c                 : spi.obj (.text:SPIIntNumberGet)
                  2000a0d8    0000004c     rtsv7M4_T_le_eabi.lib : atoi.obj (.text)
                  2000a124    0000004c     simplelink.a : socket.obj (.text:sl_SetSockOpt)
                  2000a170    0000004c     driverlib.a : udma.obj (.text:uDMAChannelAssign)
                  2000a1bc    0000004c                 : udma.obj (.text:uDMAChannelModeGet)
                  2000a208    0000004a     simplelink.a : device.obj (.text:_sl_GetStartResponseConvert)
                  2000a252    00000002     --HOLE-- [fill = 0]
                  2000a254    00000048     driverlib.a : spi.obj (.text:SPIIntClear)
                  2000a29c    00000048     rtsv7M4_T_le_eabi.lib : fd_toi_t2.obj (.text)
                  2000a2e4    00000048     simplelink.a : wlan.obj (.text:sl_WlanSet)
                  2000a32c    00000044     driverlib.a : spi.obj (.text:SPIDmaMaskGet)
                  2000a370    00000044                 : timer.obj (.text:TimerConfigure)
                  2000a3b4    00000044     pinmux.obj (.text)
                  2000a3f8    00000044     rtsv7M4_T_le_eabi.lib : cpy_tbl.obj (.text)
                  2000a43c    00000044                           : exit.obj (.text)
                  2000a480    00000044                           : xdtest.obj (.text)
                  2000a4c4    00000044     simplelink.a : netcfg.obj (.text:sl_NetCfgSet)
                  2000a508    00000040     driverlib.a : pin.obj (.text:PinModeSet)
                  2000a548    00000040     simplelink.a : driver.obj (.text:_SlDrvRxIrqHandler)
                  2000a588    00000040                  : nonos.obj (.text:_SlNonOsMainLoopTask)
                  2000a5c8    00000040                  : driver.obj (.text:_SlRemoveFromList)
                  2000a608    00000040                  : wlan.obj (.text:sl_WlanPolicySet)
                  2000a648    00000040                  : wlan.obj (.text:sl_WlanRxFilterSet)
                  2000a688    0000003c                  : cc_pal.obj (.text:NwpPowerOff)
                  2000a6c4    0000003c     driverlib.a : prcm.obj (.text:PRCMPeripheralClkEnable)
                  2000a700    0000003c     simplelink.a : driver.obj (.text:_SlDrvObjInit)
                  2000a73c    0000003c     driverlib.a : udma.obj (.text:uDMAChannelControlSet)
                  2000a778    00000038     simplelink.a : cc_pal.obj (.text:NwpRegisterInterruptHandler)
                  2000a7b0    00000038                  : socket.obj (.text:sl_Htonl)
                  2000a7e8    00000034     driverlib.a : prcm.obj (.text:PRCMPeripheralStatusGet)
                  2000a81c    00000034                 : spi.obj (.text:SPIFIFOLevelSet)
                  2000a850    00000034     simplelink.a : driver.obj (.text:_SlDrvBasicCmd)
                  2000a884    00000034     rtsv7M4_T_le_eabi.lib : boot.obj (.text)
                  2000a8b8    00000034     simplelink.a : socket.obj (.text:sl_Htons)
                  2000a8ec    00000030                  : cc_pal.obj (.text:NwpPowerOn)
                  2000a91c    00000030     driverlib.a : uart.obj (.text:UARTDisable)
                  2000a94c    00000030     simplelink.a : flowcont.obj (.text:_SlDrvFlowContDeinit)
                  2000a97c    00000030                  : flowcont.obj (.text:_SlDrvFlowContInit)
                  2000a9ac    00000030                  : nonos.obj (.text:_SlNonOsSemGet)
                  2000a9dc    00000030                  : socket.obj (.text:sl_Socket)
                  2000aa0c    0000002e     rtsv7M4_T_le_eabi.lib : i_tofd_t2.obj (.text)
                  2000aa3a    00000002     --HOLE-- [fill = 0]
                  2000aa3c    0000002c     driverlib.a : prcm.obj (.text:PRCMSysResetCauseGet)
                  2000aa68    0000002a                 : timer.obj (.text:TimerLoadSet)
                  2000aa92    0000002a                 : timer.obj (.text:TimerPrescaleSet)
                  2000aabc    00000028                 : prcm.obj (.text:PRCMPeripheralClkDisable)
                  2000aae4    00000028     simplelink.a : socket.obj (.text:_sl_BuildAddress)
                  2000ab0c    00000028                  : wlan.obj (.text:sl_WlanSetMode)
                  2000ab34    00000024                  : cc_pal.obj (.text:DmaSpiSwIntHandler)
                  2000ab58    00000024     driverlib.a : interrupt.obj (.text:IntUnregister)
                  2000ab7c    00000024                 : uart.obj (.text:UARTEnable)
                  2000aba0    00000024     rtsv7M4_T_le_eabi.lib : memmov.obj (.text)
                  2000abc4    00000024     simplelink.a : socket.obj (.text:sl_Close)
                  2000abe8    00000024                  : wlan.obj (.text:sl_WlanProfileDel)
                  2000ac0c    00000022     driverlib.a : spi.obj (.text:SPIReset)
                  2000ac2e    00000022                 : spi.obj (.text:SPIWordCountSet)
                  2000ac50    00000020                 : interrupt.obj (.text:IntRegister)
                  2000ac70    00000020     simplelink.a : driver.obj (.text:_SlDrvCmdSend)
                  2000ac90    00000020                  : nonos.obj (.text:_SlNonOsSpawn)
                  2000acb0    0000001e     driverlib.a : spi.obj (.text:SPIDataPut)
                  2000acce    0000001e                 : spi.obj (.text:SPIIntRegister)
                  2000acec    0000001e                 : timer.obj (.text:TimerDisable)
                  2000ad0a    0000001e                 : timer.obj (.text:TimerEnable)
                  2000ad28    0000001e                 : timer.obj (.text:TimerIntStatus)
                  2000ad46    0000001e                 : uart.obj (.text:UARTCharPut)
                  2000ad64    0000001c                 : timer.obj (.text:TimerValueGet)
                  2000ad80    0000001c     simplelink.a : driver.obj (.text:_SlDrvObjDeInit)
                  2000ad9c    0000001c     rtsv7M4_T_le_eabi.lib : memccpy.obj (.text)
                  2000adb8    0000001c     driverlib.a : udma.obj (.text:uDMAChannelDisable)
                  2000add4    0000001c                 : udma.obj (.text:uDMAChannelEnable)
                  2000adf0    0000001c                 : udma.obj (.text:uDMAChannelRequest)
                  2000ae0c    0000001a     simplelink.a : netapp.obj (.text:CopyPingResultsToReport)
                  2000ae26    0000001a     driverlib.a : pin.obj (.text:PinTypeSPI)
                  2000ae40    0000001a                 : pin.obj (.text:PinTypeUART)
                  2000ae5a    0000001a                 : spi.obj (.text:SPIDmaDisable)
                  2000ae74    0000001a                 : spi.obj (.text:SPIDmaEnable)
                  2000ae8e    0000001a                 : spi.obj (.text:SPIFIFODisable)
                  2000aea8    0000001a                 : spi.obj (.text:SPIFIFOEnable)
                  2000aec2    0000001a                 : spi.obj (.text:SPIIntUnregister)
                  2000aedc    0000001a     simplelink.a : device.obj (.text:_SlDrvDeviceEventHandler)
                  2000aef6    00000018     driverlib.a : spi.obj (.text:SPICSDisable)
                  2000af0e    00000018                 : spi.obj (.text:SPICSEnable)
                  2000af26    00000018                 : spi.obj (.text:SPIDisable)
                  2000af3e    00000018                 : spi.obj (.text:SPIEnable)
                  2000af56    00000018                 : timer.obj (.text:TimerIntDisable)
                  2000af6e    00000018                 : timer.obj (.text:TimerIntEnable)
                  2000af86    00000002     --HOLE-- [fill = 0]
                  2000af88    00000018     rtsv7M4_T_le_eabi.lib : args_main.obj (.text)
                  2000afa0    00000018                           : ll_mul_t2.obj (.text)
                  2000afb8    00000016     driverlib.a : prcm.obj (.text:PRCMHIBRegRead)
                  2000afce    00000016                 : prcm.obj (.text:PRCMHIBRegWrite)
                  2000afe4    00000016                 : uart.obj (.text:UARTCharGet)
                  2000affa    00000016                 : udma.obj (.text:uDMAIntRegister)
                  2000b010    00000014                 : cpu.obj (.text:CPUcpsie)
                  2000b024    00000014                 : interrupt.obj (.text:IntVTableBaseSet)
                  2000b038    00000014     simplelink.a : driver.obj (.text:_SlDrvShiftDWord)
                  2000b04c    00000014     rtsv7M4_T_le_eabi.lib : _lock.obj (.text)
                  2000b060    00000014                           : strlen.obj (.text)
                  2000b074    00000014     driverlib.a : udma.obj (.text:uDMAControlBaseSet)
                  2000b088    00000014                 : udma.obj (.text:uDMAIntClear)
                  2000b09c    00000012                 : timer.obj (.text:TimerIntClear)
                  2000b0ae    00000012     rtsv7M4_T_le_eabi.lib : copy_zero_init.obj (.text:decompress:ZI)
                  2000b0c0    00000012     simplelink.a : netapp.obj (.text:sl_NetAppMDNSUnRegisterService)
                  2000b0d2    00000012     driverlib.a : udma.obj (.text:uDMAIntUnregister)
                  2000b0e4    00000010     simplelink.a : cc_pal.obj (.text:NwpMaskInterrupt)
                  2000b0f4    0000000e     rtsv7M4_T_le_eabi.lib : copy_decompress_none.obj (.text:decompress:none)
                  2000b102    0000000e                           : xdclass.obj (.text)
                  2000b110    0000000e     startup_ccs.obj (.text)
                  2000b11e    00000002     --HOLE-- [fill = 0]
                  2000b120    0000000c     simplelink.a : cc_pal.obj (.text:NwpUnMaskInterrupt)
                  2000b12c    0000000c     driverlib.a : udma.obj (.text:uDMADisable)
                  2000b138    0000000c                 : udma.obj (.text:uDMAEnable)
                  2000b144    0000000c                 : udma.obj (.text:uDMAIntStatus)
                  2000b150    0000000a                 : interrupt.obj (.text:IntMasterEnable)
                  2000b15a    00000008     simplelink.a : nonos.obj (.text:_SlNonOsSemSet)
                  2000b162    00000008                  : wlan.obj (.text:sl_WlanDisconnect)
                  2000b16a    00000006     driverlib.a : utils.obj (.text:UtilsDelay)
                  2000b170    00000006     rtsv7M4_T_le_eabi.lib : copy_decompress_rle.obj (.text:decompress:rle24)

.const     0    2000b178    00000674     
                  2000b178    00000102     rtsv7M4_T_le_eabi.lib : ctype.obj (.const:.string:_ctypes_)
                  2000b27a    00000002     --HOLE-- [fill = 0]
                  2000b27c    00000100     driverlib.a : pin.obj (.const:g_ulPinToPadMap)
                  2000b37c    000000ec     simplelink.a : wlan.obj (.const)
                  2000b468    000000d4     driverlib.a : interrupt.obj (.const:g_pulRegs)
                  2000b53c    000000a8                 : prcm.obj (.const:PRCM_PeriphRegsList)
                  2000b5e4    00000080                 : interrupt.obj (.const)
                  2000b664    0000004c     simplelink.a : driver.obj (.const)
                  2000b6b0    00000034                  : socket.obj (.const)
                  2000b6e4    0000002c     main.obj (.const:$P$T1$2)
                  2000b710    00000028     simplelink.a : netapp.obj (.const)
                  2000b738    00000024     driverlib.a : spi.obj (.const:g_ppulSPIIntMap)
                  2000b75c    00000022     main.obj (.const:.string:$P$T0$1)
                  2000b77e    00000002     --HOLE-- [fill = 0]
                  2000b780    00000020     main.obj (.const)
                  2000b7a0    00000018     driverlib.a : spi.obj (.const)
                  2000b7b8    00000016     main.obj (.const:.string)
                  2000b7ce    00000002     --HOLE-- [fill = 0]
                  2000b7d0    00000014     simplelink.a : device.obj (.const)
                  2000b7e4    00000008                  : netcfg.obj (.const)

.cinit     0    2000b7f0    00000070     
                  2000b7f0    0000004c     (.cinit..data.load) [load image, compression = rle]
                  2000b83c    0000000c     (__TI_handler_table)
                  2000b848    00000008     (.cinit..bss.load) [load image, compression = zero_init]
                  2000b850    00000010     (__TI_cinit_table)

.bss       0    20017000    00001178     UNINITIALIZED
                  20017000    0000057c     spi.obj (.bss:myStrC)
                  2001757c    00000100     udma_if.obj (.bss:gfpAppCallbackHndl)
                  2001767c    00000064     spi.obj (.bss:myStrX)
                  200176e0    00000064     spi.obj (.bss:myStrY)
                  20017744    00000028     simplelink.a : nonos.obj (.bss:g__SlNonOsCB)
                  2001776c    00000024     main.obj (.bss:g_ucConnectionSSID)
                  20017790    0000000c     (.common:cmd_buffer)
                  2001779c    00000008     (.common:g_ucConnectionBSSID)
                  200177a4    00000004     (.common:Reset_SYNC)
                  200177a8    00000004     (.common:__Errorlog)
                  200177ac    00000004     (.common:rx_udp_server)
                  200177b0    00000004     (.common:udploop)
                  200177b4    00000004     (.common:ulMode)
                  200177b8    00000002     (.common:ulRecvData)
                  200177ba    00000001     (.common:g_cDummy)
                  200177bb    00000001     (.common:iDone)
                  200177bc    00000044     --HOLE--
                  20017800    00000400     udma_if.obj (.bss:gpCtlTbl)
                  20017c00    000002bc     spi.obj (.bss:myStrA)
                  20017ebc    000002bc     spi.obj (.bss:myStrB)

.sysmem    0    20018178    00000800     UNINITIALIZED
                  20018178    00000008     rtsv7M4_T_le_eabi.lib : memory.obj (.sysmem)
                  20018180    000007f8     --HOLE--

.data      0    20018978    00000260     UNINITIALIZED
                  20018978    00000170     simplelink.a : driver.obj (.data)
                  20018ae8    0000005c                  : cc_pal.obj (.data)
                  20018b44    0000003c     main.obj (.data)
                  20018b80    00000038     spi.obj (.data)
                  20018bb8    0000000c     rtsv7M4_T_le_eabi.lib : memory.obj (.data)
                  20018bc4    00000008                           : _lock.obj (.data)
                  20018bcc    00000008                           : exit.obj (.data)
                  20018bd4    00000004                           : stkdepth_vars.obj (.data)

.stack     0    2002f800    00000800     UNINITIALIZED
                  2002f800    00000800     --HOLE--


LINKER GENERATED COPY TABLES

__TI_cinit_table @ 2000b850 records: 2, size/record: 8, table size: 16
	.data: load addr=2000b7f0, load size=0000004c bytes, run addr=20018978, run size=00000260 bytes, compression=rle
	.bss: load addr=2000b848, load size=00000008 bytes, run addr=20017000, run size=00001178 bytes, compression=zero_init


LINKER GENERATED HANDLER TABLE

__TI_handler_table @ 2000b83c records: 3, size/record: 4, table size: 12
	index: 0, handler: __TI_decompress_rle24
	index: 1, handler: __TI_decompress_none
	index: 2, handler: __TI_zero_init


GLOBAL SYMBOLS: SORTED ALPHABETICALLY BY Name 

address    name
--------   ----
2000a43d   C$$EXIT
2000b011   CPUcpsie
20007015   ClearTerm
2000ae0d   CopyPingResultsToReport
200073e7   DMASetupTransfer
20007257   DmaErrorIntHandler
2000ab35   DmaSpiSwIntHandler
20007241   DmaSwIntHandler
2000701f   Error
20007057   GetCmd
20006fd5   InitTerm
20008b2d   IntDisable
20008bd5   IntEnable
2000b151   IntMasterEnable
20009e45   IntPendClear
20009f4d   IntPrioritySet
2000ac51   IntRegister
2000ab59   IntUnregister
2000b025   IntVTableBaseSet
20006ff3   Message
2000b0e5   NwpMaskInterrupt
2000a689   NwpPowerOff
2000a8ed   NwpPowerOn
200094e1   NwpPowerOnPreamble
2000a779   NwpRegisterInterruptHandler
2000b121   NwpUnMaskInterrupt
20007d41   PRCMCC3200MCUInit
2000afb9   PRCMHIBRegRead
2000afcf   PRCMHIBRegWrite
2000aabd   PRCMPeripheralClkDisable
2000a6c5   PRCMPeripheralClkEnable
20008e51   PRCMPeripheralClockGet
20009e9d   PRCMPeripheralReset
2000a7e9   PRCMPeripheralStatusGet
2000aa3d   PRCMSysResetCauseGet
20009131   PinConfigSet
2000a509   PinModeSet
2000a3b5   PinMuxConfig
2000ae27   PinTypeSPI
2000ae41   PinTypeUART
20007181   Report
2000b111   ResetISR
200177a4   Reset_SYNC
UNDEFED    SHT$$INIT_ARRAY$$Base
UNDEFED    SHT$$INIT_ARRAY$$Limit
2000aef7   SPICSDisable
2000af0f   SPICSEnable
20008c7d   SPIConfigSetExpClk
2000acb1   SPIDataPut
2000af27   SPIDisable
2000ae5b   SPIDmaDisable
2000ae75   SPIDmaEnable
2000af3f   SPIEnable
2000ae8f   SPIFIFODisable
2000aea9   SPIFIFOEnable
2000a81d   SPIFIFOLevelSet
2000a255   SPIIntClear
20009ff5   SPIIntDisable
2000a041   SPIIntEnable
2000accf   SPIIntRegister
20009561   SPIIntStatus
2000aec3   SPIIntUnregister
2000ac0d   SPIReset
2000ac2f   SPIWordCountSet
200072e9   SetupTransfer
200054c9   SimpleLinkGeneralEventHandler
2000551d   SimpleLinkHttpServerCallback
20005409   SimpleLinkNetAppEventHandler
20005529   SimpleLinkSockEventHandler
200052f9   SimpleLinkWlanEventHandler
2000625d   SlaveMain
2000a371   TimerConfigure
2000aced   TimerDisable
2000ad0b   TimerEnable
2000b09d   TimerIntClear
2000af57   TimerIntDisable
2000af6f   TimerIntEnable
20009925   TimerIntRegister
2000ad29   TimerIntStatus
20009a71   TimerIntUnregister
2000aa69   TimerLoadSet
2000aa93   TimerPrescaleSet
2000ad65   TimerValueGet
20008485   Timer_IF_DeInit
200084b3   Timer_IF_GetCount
200083d1   Timer_IF_Init
20008403   Timer_IF_IntSetup
20008441   Timer_IF_InterruptClear
2000849f   Timer_IF_ReLoad
20008459   Timer_IF_Start
20008475   Timer_IF_Stop
200070e9   TrimSpace
2000afe5   UARTCharGet
2000ad47   UARTCharPut
20009839   UARTConfigSetExpClk
2000a91d   UARTDisable
2000ab7d   UARTEnable
200072bb   UDMAChannelSelect
200073d3   UDMADeInit
20007263   UDMAInit
2000732d   UDMASetupAutoMemTransfer
20007361   UDMASetupPingPongTransfer
200073bb   UDMAStartTransfer
200073c7   UDMAStopTransfer
20005ae1   UdpServer
2000b16b   UtilsDelay
2000b103   _Dclass
2000a481   _Dtest
2000b6d0   _SlAcceptCmdCtrl
2000b678   _SlActionLookupTable
20006c89   _SlAsyncEventGenericHandler
2000b7dc   _SlDeviceGetCmdCtrl
2000b7e0   _SlDeviceSetCmdCtrl
2000a851   _SlDrvBasicCmd
20008ee5   _SlDrvClassifyRxMsg
200091b9   _SlDrvCmdOp
2000ac71   _SlDrvCmdSend
20007989   _SlDrvDataWriteOp
2000aedd   _SlDrvDeviceEventHandler
20009c71   _SlDrvDriverCBDeinit
200090a1   _SlDrvDriverCBInit
2000a94d   _SlDrvFlowContDeinit
2000a97d   _SlDrvFlowContInit
200068d5   _SlDrvMsgRead
20008909   _SlDrvMsgReadCmdCtx
20008f79   _SlDrvMsgReadSpawnCtx
200080b5   _SlDrvMsgWrite
20008a79   _SlDrvNetAppEventHandler
2000ad81   _SlDrvObjDeInit
2000a701   _SlDrvObjInit
200081c9   _SlDrvReleasePoolObj
20007ac9   _SlDrvRxHdrRead
2000a549   _SlDrvRxIrqHandler
2000b039   _SlDrvShiftDWord
20007f9d   _SlDrvWaitForPoolObj
2000b7d8   _SlEventMaskGetCmdCtrl
2000b7d4   _SlEventMaskSetCmdCtrl
20008db9   _SlFindAndSetActiveObj
2000b728   _SlGetHostByNameCtrl
2000b724   _SlGetHostByServiceCtrl
2000b71c   _SlGetServiceListeCtrl
2000b6dc   _SlGetSockOptCmdCtrl
2000b6cc   _SlListenCmdCtrl
2000b734   _SlNetAppGetCmdCtrl
2000b730   _SlNetAppSendTokenValueCmdCtrl
2000b72c   _SlNetAppSetCmdCtrl
2000b714   _SlNetAppStartCtrl
2000b718   _SlNetAppStopCtrl
2000b7e8   _SlNetCfgGetCmdCtrl
2000b7e4   _SlNetCfgSetCmdCtrl
2000a589   _SlNonOsMainLoopTask
2000a9ad   _SlNonOsSemGet
2000b15b   _SlNonOsSemSet
2000ac91   _SlNonOsSpawn
2000b384   _SlPolicyGetCmdCtrl
2000b380   _SlPolicySetCmdCtrl
2000b38c   _SlProfileDelCmdCtrl
2000b388   _SlProfileGetCmdCtrl
2000b6d4   _SlRecvCmdCtrl
2000b6c4   _SlRecvfomCmdCtrl
2000b720   _SlRegisterServiceCtrl
2000a5c9   _SlRemoveFromList
2000b394   _SlRxFilterAddtCmdCtrl
2000b39c   _SlRxFilterGetCmdCtrl
2000b398   _SlRxFilterSetCmdCtrl
2000b6e0   _SlSelectCmdCtrl
2000b6c8   _SlSendCmdCtrl
2000b6d8   _SlSetSockOptCmdCtrl
2000b3a0   _SlSmartConfigStartCmdCtrl
2000b6c0   _SlSockCloseCmdCtrl
2000b6bc   _SlSockSocketCmdCtrl
2000b7d0   _SlStopCmdCtrl
2000b3ac   _SlWlanCfgGetCmdCtrl
2000b3a8   _SlWlanCfgSetCmdCtrl
2000b390   _SlWlanGetNetworkListCtrl
2000b3a4   _SlWlanSetModeCmdCtrl
20030000   __STACK_END
00000800   __STACK_SIZE
00000800   __SYSMEM_SIZE
2000b850   __TI_CINIT_Base
2000b860   __TI_CINIT_Limit
2000b83c   __TI_Handler_Table_Base
2000b848   __TI_Handler_Table_Limit
00000001   __TI_args_main
2000900d   __TI_auto_init
20018bcc   __TI_cleanup_ptr
2000b0f5   __TI_decompress_none
2000b171   __TI_decompress_rle24
20018bd0   __TI_dtors_ptr
20004fb7   __TI_printfi
2000b7f0   __TI_static_base__
2000b0af   __TI_zero_init
20009351   __aeabi_cdcmpeq
20009351   __aeabi_cdcmple
200093d7   __aeabi_cdrcmple
2000a29d   __aeabi_d2iz
2000763f   __aeabi_dadd
20007c09   __aeabi_ddiv
200082d5   __aeabi_dmul
20007635   __aeabi_dsub
2000aa0d   __aeabi_i2d
2000afa1   __aeabi_lmul
200097c1   __aeabi_memclr
200097c1   __aeabi_memclr4
200097c1   __aeabi_memclr8
20008d1d   __aeabi_memcpy
20008d1d   __aeabi_memcpy4
20008d1d   __aeabi_memcpy8
200097c3   __aeabi_memset
200097c3   __aeabi_memset4
200097c3   __aeabi_memset8
20007441   __aeabi_uldivmod
ffffffff   __binit__
ffffffff   __c_args__
2002f800   __stack
2000af89   _args_main
2000a885   _c_int00
2000b178   _ctypes_
20018bc4   _lock
2000b05b   _nop
2000b053   _register_lock
2000b04d   _register_unlock
2000aae5   _sl_BuildAddress
2000a209   _sl_GetStartResponseConvert
20009ad9   _sl_HandleAsync_Accept
20009a05   _sl_HandleAsync_Connect
2000945d   _sl_HandleAsync_DnsGetHostByName
20009b41   _sl_HandleAsync_DnsGetHostByService
200096d1   _sl_HandleAsync_InitComplete
20009749   _sl_HandleAsync_PingResponse
20009d31   _sl_HandleAsync_Select
20009ef5   _sl_HandleAsync_Stop
20009995   _sl_TruncatePayloadByProtocol
20018178   _sys_memory
20018bc8   _unlock
2000a441   abort
2000a0d9   atoi
ffffffff   binit
2000689d   calloc
20018b8c   check_cmd
20018ba4   check_frame_start
20018b88   chk_bufa_flag
20017790   cmd_buffer
20018b98   cmd_index
20018b94   cmd_sent
2000a3f9   copy_in
20018b78   error_sent_ping
20018b7c   error_sent_pong
2000a449   exit
20018b84   flag
20018ba8   flow_ctrl
20006449   frame_sync
200065f7   free
2001897c   gFirstCmdMode
2000b670   g_H2NCnysPattern
2000b668   g_H2NSyncPattern
20018ae8   g_SpiFd
20018984   g_StatMem
20017744   g__SlNonOsCB
200177ba   g_cDummy
20018980   g_pCB
20018aec   g_pHostIntHdl
20004000   g_pfnVectors
2001779c   g_ucConnectionBSSID
2001776c   g_ucConnectionSSID
20018af0   g_ucDMAEnabled
20018af4   g_ucDinDout
20018b58   g_ucSimplelinkstarted
20018b50   g_uiPortNum
20018b4c   g_ulDestinationIp
20018b48   g_ulGatewayIP
20018b5c   g_ulIpAddr
20018b54   g_ulPacketCount
20018b44   g_ulStatus
20018b90   get_sync_cmd_resp
2001757c   gfpAppCallbackHndl
20017800   gpCtlTbl
200177bb   iDone
20018b80   index
20009de9   ltoa
20005d95   main
20018bd4   main_func_sp
20006595   malloc
200067bd   memalign
2000ad9d   memccpy
20008d1d   memcpy
2000aba1   memmove
200097c9   memset
20006509   minit
200052c1   ms_delay
20017c00   myStrA
20017ebc   myStrB
20017000   myStrC
2001767c   myStrX
200176e0   myStrY
20018b6c   num
20018978   pPingCallBackFunc
20018bac   pingbuf_done
20018bb0   pongbuf_done
200066b7   realloc
20018ba0   recv_ping_packet
20018b9c   recv_pong_packet
200063cd   reset_sync_spi
200177ac   rx_udp_server
20006321   send_cmd
20018b70   sent_ping_packet
20018b74   sent_pong_packet
20009d8d   sl_Bind
2000abc5   sl_Close
200095dd   sl_DevGet
2000a7b1   sl_Htonl
2000a8b9   sl_Htons
200092c9   sl_NetAppMDNSRegisterUnregisterService
2000b0c1   sl_NetAppMDNSUnRegisterService
20009fa1   sl_NetAppSendTokenValue
2000a4c5   sl_NetCfgSet
200089c5   sl_SendTo
2000a125   sl_SetSockOpt
2000a9dd   sl_Socket
20008841   sl_Start
200086a9   sl_Stop
200077ed   sl_WlanConnect
2000b163   sl_WlanDisconnect
2000a609   sl_WlanPolicySet
2000abe9   sl_WlanProfileDel
2000a649   sl_WlanRxFilterSet
2000a2e5   sl_WlanSet
2000ab0d   sl_WlanSetMode
200064bd   spi
200098b1   spi_Close
20007e75   spi_Open
20008775   spi_Read
200085bd   spi_Write
2000b061   strlen
2000a171   uDMAChannelAssign
20009ba9   uDMAChannelAttributeDisable
20009c0d   uDMAChannelAttributeEnable
2000a73d   uDMAChannelControlSet
2000adb9   uDMAChannelDisable
2000add5   uDMAChannelEnable
2000a1bd   uDMAChannelModeGet
2000adf1   uDMAChannelRequest
200084cd   uDMAChannelTransferSet
2000b075   uDMAControlBaseSet
2000b12d   uDMADisable
2000b139   uDMAEnable
2000b089   uDMAIntClear
2000affb   uDMAIntRegister
2000b145   uDMAIntStatus
2000b0d3   uDMAIntUnregister
20018b60   udp_str
200177b0   udploop
200177b4   ulMode
200177b8   ulRecvData
20009241   vsnprintf
20018bb4   wtip


GLOBAL SYMBOLS: SORTED BY Symbol Address 

address    name
--------   ----
00000001   __TI_args_main
00000800   __STACK_SIZE
00000800   __SYSMEM_SIZE
20004000   g_pfnVectors
20004fb7   __TI_printfi
200052c1   ms_delay
200052f9   SimpleLinkWlanEventHandler
20005409   SimpleLinkNetAppEventHandler
200054c9   SimpleLinkGeneralEventHandler
2000551d   SimpleLinkHttpServerCallback
20005529   SimpleLinkSockEventHandler
20005ae1   UdpServer
20005d95   main
2000625d   SlaveMain
20006321   send_cmd
200063cd   reset_sync_spi
20006449   frame_sync
200064bd   spi
20006509   minit
20006595   malloc
200065f7   free
200066b7   realloc
200067bd   memalign
2000689d   calloc
200068d5   _SlDrvMsgRead
20006c89   _SlAsyncEventGenericHandler
20006fd5   InitTerm
20006ff3   Message
20007015   ClearTerm
2000701f   Error
20007057   GetCmd
200070e9   TrimSpace
20007181   Report
20007241   DmaSwIntHandler
20007257   DmaErrorIntHandler
20007263   UDMAInit
200072bb   UDMAChannelSelect
200072e9   SetupTransfer
2000732d   UDMASetupAutoMemTransfer
20007361   UDMASetupPingPongTransfer
200073bb   UDMAStartTransfer
200073c7   UDMAStopTransfer
200073d3   UDMADeInit
200073e7   DMASetupTransfer
20007441   __aeabi_uldivmod
20007635   __aeabi_dsub
2000763f   __aeabi_dadd
200077ed   sl_WlanConnect
20007989   _SlDrvDataWriteOp
20007ac9   _SlDrvRxHdrRead
20007c09   __aeabi_ddiv
20007d41   PRCMCC3200MCUInit
20007e75   spi_Open
20007f9d   _SlDrvWaitForPoolObj
200080b5   _SlDrvMsgWrite
200081c9   _SlDrvReleasePoolObj
200082d5   __aeabi_dmul
200083d1   Timer_IF_Init
20008403   Timer_IF_IntSetup
20008441   Timer_IF_InterruptClear
20008459   Timer_IF_Start
20008475   Timer_IF_Stop
20008485   Timer_IF_DeInit
2000849f   Timer_IF_ReLoad
200084b3   Timer_IF_GetCount
200084cd   uDMAChannelTransferSet
200085bd   spi_Write
200086a9   sl_Stop
20008775   spi_Read
20008841   sl_Start
20008909   _SlDrvMsgReadCmdCtx
200089c5   sl_SendTo
20008a79   _SlDrvNetAppEventHandler
20008b2d   IntDisable
20008bd5   IntEnable
20008c7d   SPIConfigSetExpClk
20008d1d   __aeabi_memcpy
20008d1d   __aeabi_memcpy4
20008d1d   __aeabi_memcpy8
20008d1d   memcpy
20008db9   _SlFindAndSetActiveObj
20008e51   PRCMPeripheralClockGet
20008ee5   _SlDrvClassifyRxMsg
20008f79   _SlDrvMsgReadSpawnCtx
2000900d   __TI_auto_init
200090a1   _SlDrvDriverCBInit
20009131   PinConfigSet
200091b9   _SlDrvCmdOp
20009241   vsnprintf
200092c9   sl_NetAppMDNSRegisterUnregisterService
20009351   __aeabi_cdcmpeq
20009351   __aeabi_cdcmple
200093d7   __aeabi_cdrcmple
2000945d   _sl_HandleAsync_DnsGetHostByName
200094e1   NwpPowerOnPreamble
20009561   SPIIntStatus
200095dd   sl_DevGet
200096d1   _sl_HandleAsync_InitComplete
20009749   _sl_HandleAsync_PingResponse
200097c1   __aeabi_memclr
200097c1   __aeabi_memclr4
200097c1   __aeabi_memclr8
200097c3   __aeabi_memset
200097c3   __aeabi_memset4
200097c3   __aeabi_memset8
200097c9   memset
20009839   UARTConfigSetExpClk
200098b1   spi_Close
20009925   TimerIntRegister
20009995   _sl_TruncatePayloadByProtocol
20009a05   _sl_HandleAsync_Connect
20009a71   TimerIntUnregister
20009ad9   _sl_HandleAsync_Accept
20009b41   _sl_HandleAsync_DnsGetHostByService
20009ba9   uDMAChannelAttributeDisable
20009c0d   uDMAChannelAttributeEnable
20009c71   _SlDrvDriverCBDeinit
20009d31   _sl_HandleAsync_Select
20009d8d   sl_Bind
20009de9   ltoa
20009e45   IntPendClear
20009e9d   PRCMPeripheralReset
20009ef5   _sl_HandleAsync_Stop
20009f4d   IntPrioritySet
20009fa1   sl_NetAppSendTokenValue
20009ff5   SPIIntDisable
2000a041   SPIIntEnable
2000a0d9   atoi
2000a125   sl_SetSockOpt
2000a171   uDMAChannelAssign
2000a1bd   uDMAChannelModeGet
2000a209   _sl_GetStartResponseConvert
2000a255   SPIIntClear
2000a29d   __aeabi_d2iz
2000a2e5   sl_WlanSet
2000a371   TimerConfigure
2000a3b5   PinMuxConfig
2000a3f9   copy_in
2000a43d   C$$EXIT
2000a441   abort
2000a449   exit
2000a481   _Dtest
2000a4c5   sl_NetCfgSet
2000a509   PinModeSet
2000a549   _SlDrvRxIrqHandler
2000a589   _SlNonOsMainLoopTask
2000a5c9   _SlRemoveFromList
2000a609   sl_WlanPolicySet
2000a649   sl_WlanRxFilterSet
2000a689   NwpPowerOff
2000a6c5   PRCMPeripheralClkEnable
2000a701   _SlDrvObjInit
2000a73d   uDMAChannelControlSet
2000a779   NwpRegisterInterruptHandler
2000a7b1   sl_Htonl
2000a7e9   PRCMPeripheralStatusGet
2000a81d   SPIFIFOLevelSet
2000a851   _SlDrvBasicCmd
2000a885   _c_int00
2000a8b9   sl_Htons
2000a8ed   NwpPowerOn
2000a91d   UARTDisable
2000a94d   _SlDrvFlowContDeinit
2000a97d   _SlDrvFlowContInit
2000a9ad   _SlNonOsSemGet
2000a9dd   sl_Socket
2000aa0d   __aeabi_i2d
2000aa3d   PRCMSysResetCauseGet
2000aa69   TimerLoadSet
2000aa93   TimerPrescaleSet
2000aabd   PRCMPeripheralClkDisable
2000aae5   _sl_BuildAddress
2000ab0d   sl_WlanSetMode
2000ab35   DmaSpiSwIntHandler
2000ab59   IntUnregister
2000ab7d   UARTEnable
2000aba1   memmove
2000abc5   sl_Close
2000abe9   sl_WlanProfileDel
2000ac0d   SPIReset
2000ac2f   SPIWordCountSet
2000ac51   IntRegister
2000ac71   _SlDrvCmdSend
2000ac91   _SlNonOsSpawn
2000acb1   SPIDataPut
2000accf   SPIIntRegister
2000aced   TimerDisable
2000ad0b   TimerEnable
2000ad29   TimerIntStatus
2000ad47   UARTCharPut
2000ad65   TimerValueGet
2000ad81   _SlDrvObjDeInit
2000ad9d   memccpy
2000adb9   uDMAChannelDisable
2000add5   uDMAChannelEnable
2000adf1   uDMAChannelRequest
2000ae0d   CopyPingResultsToReport
2000ae27   PinTypeSPI
2000ae41   PinTypeUART
2000ae5b   SPIDmaDisable
2000ae75   SPIDmaEnable
2000ae8f   SPIFIFODisable
2000aea9   SPIFIFOEnable
2000aec3   SPIIntUnregister
2000aedd   _SlDrvDeviceEventHandler
2000aef7   SPICSDisable
2000af0f   SPICSEnable
2000af27   SPIDisable
2000af3f   SPIEnable
2000af57   TimerIntDisable
2000af6f   TimerIntEnable
2000af89   _args_main
2000afa1   __aeabi_lmul
2000afb9   PRCMHIBRegRead
2000afcf   PRCMHIBRegWrite
2000afe5   UARTCharGet
2000affb   uDMAIntRegister
2000b011   CPUcpsie
2000b025   IntVTableBaseSet
2000b039   _SlDrvShiftDWord
2000b04d   _register_unlock
2000b053   _register_lock
2000b05b   _nop
2000b061   strlen
2000b075   uDMAControlBaseSet
2000b089   uDMAIntClear
2000b09d   TimerIntClear
2000b0af   __TI_zero_init
2000b0c1   sl_NetAppMDNSUnRegisterService
2000b0d3   uDMAIntUnregister
2000b0e5   NwpMaskInterrupt
2000b0f5   __TI_decompress_none
2000b103   _Dclass
2000b111   ResetISR
2000b121   NwpUnMaskInterrupt
2000b12d   uDMADisable
2000b139   uDMAEnable
2000b145   uDMAIntStatus
2000b151   IntMasterEnable
2000b15b   _SlNonOsSemSet
2000b163   sl_WlanDisconnect
2000b16b   UtilsDelay
2000b171   __TI_decompress_rle24
2000b178   _ctypes_
2000b380   _SlPolicySetCmdCtrl
2000b384   _SlPolicyGetCmdCtrl
2000b388   _SlProfileGetCmdCtrl
2000b38c   _SlProfileDelCmdCtrl
2000b390   _SlWlanGetNetworkListCtrl
2000b394   _SlRxFilterAddtCmdCtrl
2000b398   _SlRxFilterSetCmdCtrl
2000b39c   _SlRxFilterGetCmdCtrl
2000b3a0   _SlSmartConfigStartCmdCtrl
2000b3a4   _SlWlanSetModeCmdCtrl
2000b3a8   _SlWlanCfgSetCmdCtrl
2000b3ac   _SlWlanCfgGetCmdCtrl
2000b668   g_H2NSyncPattern
2000b670   g_H2NCnysPattern
2000b678   _SlActionLookupTable
2000b6bc   _SlSockSocketCmdCtrl
2000b6c0   _SlSockCloseCmdCtrl
2000b6c4   _SlRecvfomCmdCtrl
2000b6c8   _SlSendCmdCtrl
2000b6cc   _SlListenCmdCtrl
2000b6d0   _SlAcceptCmdCtrl
2000b6d4   _SlRecvCmdCtrl
2000b6d8   _SlSetSockOptCmdCtrl
2000b6dc   _SlGetSockOptCmdCtrl
2000b6e0   _SlSelectCmdCtrl
2000b714   _SlNetAppStartCtrl
2000b718   _SlNetAppStopCtrl
2000b71c   _SlGetServiceListeCtrl
2000b720   _SlRegisterServiceCtrl
2000b724   _SlGetHostByServiceCtrl
2000b728   _SlGetHostByNameCtrl
2000b72c   _SlNetAppSetCmdCtrl
2000b730   _SlNetAppSendTokenValueCmdCtrl
2000b734   _SlNetAppGetCmdCtrl
2000b7d0   _SlStopCmdCtrl
2000b7d4   _SlEventMaskSetCmdCtrl
2000b7d8   _SlEventMaskGetCmdCtrl
2000b7dc   _SlDeviceGetCmdCtrl
2000b7e0   _SlDeviceSetCmdCtrl
2000b7e4   _SlNetCfgSetCmdCtrl
2000b7e8   _SlNetCfgGetCmdCtrl
2000b7f0   __TI_static_base__
2000b83c   __TI_Handler_Table_Base
2000b848   __TI_Handler_Table_Limit
2000b850   __TI_CINIT_Base
2000b860   __TI_CINIT_Limit
20017000   myStrC
2001757c   gfpAppCallbackHndl
2001767c   myStrX
200176e0   myStrY
20017744   g__SlNonOsCB
2001776c   g_ucConnectionSSID
20017790   cmd_buffer
2001779c   g_ucConnectionBSSID
200177a4   Reset_SYNC
200177ac   rx_udp_server
200177b0   udploop
200177b4   ulMode
200177b8   ulRecvData
200177ba   g_cDummy
200177bb   iDone
20017800   gpCtlTbl
20017c00   myStrA
20017ebc   myStrB
20018178   _sys_memory
20018978   pPingCallBackFunc
2001897c   gFirstCmdMode
20018980   g_pCB
20018984   g_StatMem
20018ae8   g_SpiFd
20018aec   g_pHostIntHdl
20018af0   g_ucDMAEnabled
20018af4   g_ucDinDout
20018b44   g_ulStatus
20018b48   g_ulGatewayIP
20018b4c   g_ulDestinationIp
20018b50   g_uiPortNum
20018b54   g_ulPacketCount
20018b58   g_ucSimplelinkstarted
20018b5c   g_ulIpAddr
20018b60   udp_str
20018b6c   num
20018b70   sent_ping_packet
20018b74   sent_pong_packet
20018b78   error_sent_ping
20018b7c   error_sent_pong
20018b80   index
20018b84   flag
20018b88   chk_bufa_flag
20018b8c   check_cmd
20018b90   get_sync_cmd_resp
20018b94   cmd_sent
20018b98   cmd_index
20018b9c   recv_pong_packet
20018ba0   recv_ping_packet
20018ba4   check_frame_start
20018ba8   flow_ctrl
20018bac   pingbuf_done
20018bb0   pongbuf_done
20018bb4   wtip
20018bc4   _lock
20018bc8   _unlock
20018bcc   __TI_cleanup_ptr
20018bd0   __TI_dtors_ptr
20018bd4   main_func_sp
2002f800   __stack
20030000   __STACK_END
ffffffff   __binit__
ffffffff   __c_args__
ffffffff   binit
UNDEFED    SHT$$INIT_ARRAY$$Base
UNDEFED    SHT$$INIT_ARRAY$$Limit

[356 symbols]
