******************************************************************************
                  TI ARM Linker PC v5.1.6                      
******************************************************************************
>> Linked Mon Nov 24 05:32:31 2014

OUTPUT FILE NAME:   <udp_socket.out>
ENTRY POINT SYMBOL: "_c_int00"  address: 2000a989


MEMORY CONFIGURATION

         name            origin    length      used     unused   attr    fill
----------------------  --------  ---------  --------  --------  ----  --------
  SRAM_CODE             20004000   00013000  00007872  0000b78e  RW X
  SRAM_DATA             20017000   00019000  00001e10  000171f0  RW X


SEGMENT ALLOCATION MAP

run origin  load origin   length   init length attrs members
----------  ----------- ---------- ----------- ----- -------
20004000    20004000    00007878   00007878    r-x
  20004000    20004000    00000400   00000400    r-- .intvecs
  20004400    20004400    00006d86   00006d86    r-x .text
  2000b188    2000b188    00000694   00000694    r-- .const
  2000b820    2000b820    00000058   00000058    r-- .cinit
20017000    20017000    00001610   00000000    rw-
  20017000    20017000    00000c00   00000000    rw- .bss
  20017c00    20017c00    00000800   00000000    rw- .sysmem
  20018400    20018400    00000210   00000000    rw- .data
2002f800    2002f800    00000800   00000000    rw-
  2002f800    2002f800    00000800   00000000    rw- .stack


SECTION ALLOCATION MAP

 output                                  attributes/
section   page    origin      length       input sections
--------  ----  ----------  ----------   ----------------
.init_array 
*          0    20004000    00000000     UNINITIALIZED

.intvecs   0    20004000    00000400     
                  20004000    00000400     startup_ccs.obj (.intvecs)

.text      0    20004400    00006d86     
                  20004400    00001390     main.obj (.text)
                  20005790    00000ec0     rtsv7M4_T_le_eabi.lib : _printfi.obj (.text)
                  20006650    000003cc                           : memory.obj (.text)
                  20006a1c    000003b4     simplelink.a : driver.obj (.text:_SlDrvMsgRead)
                  20006dd0    0000034c                  : driver.obj (.text:_SlAsyncEventGenericHandler)
                  2000711c    0000026c     uart_if.obj (.text)
                  20007388    00000200     udma_if.obj (.text)
                  20007588    000001f4     rtsv7M4_T_le_eabi.lib : ull_div_t2.obj (.text)
                  2000777c    000001b6                           : fd_add_t2.obj (.text)
                  20007932    00000002     driverlib.a : interrupt.obj (.text:IntDefaultHandler)
                  20007934    0000019c     simplelink.a : wlan.obj (.text:sl_WlanConnect)
                  20007ad0    0000017c                  : driver.obj (.text:_SlDrvDataReadOp)
                  20007c4c    00000140                  : driver.obj (.text:_SlDrvDataWriteOp)
                  20007d8c    00000140                  : driver.obj (.text:_SlDrvRxHdrRead)
                  20007ecc    00000136     rtsv7M4_T_le_eabi.lib : fd_div_t2.obj (.text)
                  20008002    00000002     --HOLE-- [fill = 0]
                  20008004    00000134     driverlib.a : prcm.obj (.text:PRCMCC3200MCUInit)
                  20008138    00000128     simplelink.a : cc_pal.obj (.text:spi_Open)
                  20008260    00000118                  : driver.obj (.text:_SlDrvWaitForPoolObj)
                  20008378    00000114                  : driver.obj (.text:_SlDrvMsgWrite)
                  2000848c    00000110     rtsv7M4_T_le_eabi.lib : strtoul.obj (.text)
                  2000859c    0000010c     simplelink.a : driver.obj (.text:_SlDrvReleasePoolObj)
                  200086a8    000000fc     rtsv7M4_T_le_eabi.lib : fd_mul_t2.obj (.text)
                  200087a4    000000f0     driverlib.a : udma.obj (.text:uDMAChannelTransferSet)
                  20008894    000000ec     simplelink.a : cc_pal.obj (.text:spi_Write)
                  20008980    000000cc                  : device.obj (.text:sl_Stop)
                  20008a4c    000000cc                  : cc_pal.obj (.text:spi_Read)
                  20008b18    000000c8                  : device.obj (.text:sl_Start)
                  20008be0    000000bc                  : driver.obj (.text:_SlDrvMsgReadCmdCtx)
                  20008c9c    000000b4                  : socket.obj (.text:sl_SendTo)
                  20008d50    000000b2                  : netapp.obj (.text:_SlDrvNetAppEventHandler)
                  20008e02    00000002     --HOLE-- [fill = 0]
                  20008e04    000000ac                  : socket.obj (.text:sl_RecvFrom)
                  20008eb0    000000a8     driverlib.a : interrupt.obj (.text:IntDisable)
                  20008f58    000000a8                 : interrupt.obj (.text:IntEnable)
                  20009000    000000a0                 : spi.obj (.text:SPIConfigSetExpClk)
                  200090a0    0000009c     rtsv7M4_T_le_eabi.lib : memcpy_t2.obj (.text)
                  2000913c    00000098     simplelink.a : driver.obj (.text:_SlFindAndSetActiveObj)
                  200091d4    00000094     driverlib.a : prcm.obj (.text:PRCMPeripheralClockGet)
                  20009268    00000094     simplelink.a : driver.obj (.text:_SlDrvClassifyRxMsg)
                  200092fc    00000094                  : driver.obj (.text:_SlDrvMsgReadSpawnCtx)
                  20009390    00000094     rtsv7M4_T_le_eabi.lib : auto_init.obj (.text)
                  20009424    00000090     simplelink.a : driver.obj (.text:_SlDrvDriverCBInit)
                  200094b4    00000088     driverlib.a : pin.obj (.text:PinConfigSet)
                  2000953c    00000088     simplelink.a : driver.obj (.text:_SlDrvCmdOp)
                  200095c4    00000088     rtsv7M4_T_le_eabi.lib : vsnprintf.obj (.text)
                  2000964c    00000088     simplelink.a : netapp.obj (.text:sl_NetAppMDNSRegisterUnregisterService)
                  200096d4    00000086     rtsv7M4_T_le_eabi.lib : fd_cmp_t2.obj (.text:__aeabi_cdcmple)
                  2000975a    00000086                           : fd_cmp_t2.obj (.text:__aeabi_cdrcmple)
                  200097e0    00000084     simplelink.a : netapp.obj (.text:_sl_HandleAsync_DnsGetHostByName)
                  20009864    00000080                  : cc_pal.obj (.text:NwpPowerOnPreamble)
                  200098e4    0000007c                  : device.obj (.text:sl_DevGet)
                  20009960    00000078                  : cc_pal.obj (.text:SetupDMAReceive)
                  200099d8    00000078                  : device.obj (.text:_sl_HandleAsync_InitComplete)
                  20009a50    00000078                  : netapp.obj (.text:_sl_HandleAsync_PingResponse)
                  20009ac8    00000078     rtsv7M4_T_le_eabi.lib : memset_t2.obj (.text)
                  20009b40    00000076     driverlib.a : uart.obj (.text:UARTConfigSetExpClk)
                  20009bb6    00000002     --HOLE-- [fill = 0]
                  20009bb8    00000074     simplelink.a : cc_pal.obj (.text:spi_Close)
                  20009c2c    0000006e                  : socket.obj (.text:_sl_TruncatePayloadByProtocol)
                  20009c9a    00000002     --HOLE-- [fill = 0]
                  20009c9c    0000006c                  : socket.obj (.text:_sl_HandleAsync_Connect)
                  20009d08    00000068                  : socket.obj (.text:_sl_HandleAsync_Accept)
                  20009d70    00000068                  : netapp.obj (.text:_sl_HandleAsync_DnsGetHostByService)
                  20009dd8    00000064     driverlib.a : udma.obj (.text:uDMAChannelAttributeDisable)
                  20009e3c    00000064                 : udma.obj (.text:uDMAChannelAttributeEnable)
                  20009ea0    00000060     simplelink.a : driver.obj (.text:_SlDrvDriverCBDeinit)
                  20009f00    0000005e     rtsv7M4_T_le_eabi.lib : copy_decompress_rle.obj (.text)
                  20009f5e    00000002     --HOLE-- [fill = 0]
                  20009f60    0000005c     simplelink.a : socket.obj (.text:_sl_HandleAsync_Select)
                  20009fbc    0000005c                  : socket.obj (.text:sl_Bind)
                  2000a018    0000005a     rtsv7M4_T_le_eabi.lib : ltoa.obj (.text)
                  2000a072    00000002     --HOLE-- [fill = 0]
                  2000a074    00000058     driverlib.a : interrupt.obj (.text:IntPendClear)
                  2000a0cc    00000058                 : prcm.obj (.text:PRCMPeripheralReset)
                  2000a124    00000058     simplelink.a : device.obj (.text:_sl_HandleAsync_Stop)
                  2000a17c    00000054     driverlib.a : interrupt.obj (.text:IntPrioritySet)
                  2000a1d0    00000054     simplelink.a : netapp.obj (.text:sl_NetAppSendTokenValue)
                  2000a224    0000004c     driverlib.a : spi.obj (.text:SPIIntEnable)
                  2000a270    0000004c                 : spi.obj (.text:SPIIntNumberGet)
                  2000a2bc    0000004c     rtsv7M4_T_le_eabi.lib : atoi.obj (.text)
                  2000a308    0000004c     driverlib.a : udma.obj (.text:uDMAChannelAssign)
                  2000a354    0000004a     simplelink.a : device.obj (.text:_sl_GetStartResponseConvert)
                  2000a39e    00000002     --HOLE-- [fill = 0]
                  2000a3a0    00000048     driverlib.a : spi.obj (.text:SPIIntClear)
                  2000a3e8    00000048     rtsv7M4_T_le_eabi.lib : fd_toi_t2.obj (.text)
                  2000a430    00000048     simplelink.a : wlan.obj (.text:sl_WlanSet)
                  2000a478    00000044     driverlib.a : spi.obj (.text:SPIDmaMaskGet)
                  2000a4bc    00000044     rtsv7M4_T_le_eabi.lib : cpy_tbl.obj (.text)
                  2000a500    00000044                           : exit.obj (.text)
                  2000a544    00000044                           : xdtest.obj (.text)
                  2000a588    00000044     simplelink.a : netcfg.obj (.text:sl_NetCfgSet)
                  2000a5cc    00000040     driverlib.a : pin.obj (.text:PinModeSet)
                  2000a60c    00000040     simplelink.a : driver.obj (.text:_SlDrvRxIrqHandler)
                  2000a64c    00000040                  : nonos.obj (.text:_SlNonOsMainLoopTask)
                  2000a68c    00000040                  : driver.obj (.text:_SlRemoveFromList)
                  2000a6cc    00000040     rtsv7M4_T_le_eabi.lib : strtok.obj (.text)
                  2000a70c    00000040     simplelink.a : wlan.obj (.text:sl_WlanPolicySet)
                  2000a74c    00000040                  : wlan.obj (.text:sl_WlanRxFilterSet)
                  2000a78c    0000003c                  : cc_pal.obj (.text:NwpPowerOff)
                  2000a7c8    0000003c     driverlib.a : prcm.obj (.text:PRCMPeripheralClkEnable)
                  2000a804    0000003c     simplelink.a : driver.obj (.text:_SlDrvObjInit)
                  2000a840    0000003c     driverlib.a : udma.obj (.text:uDMAChannelControlSet)
                  2000a87c    00000038     simplelink.a : cc_pal.obj (.text:NwpRegisterInterruptHandler)
                  2000a8b4    00000038                  : socket.obj (.text:sl_Htonl)
                  2000a8ec    00000034     driverlib.a : prcm.obj (.text:PRCMPeripheralStatusGet)
                  2000a920    00000034                 : spi.obj (.text:SPIFIFOLevelSet)
                  2000a954    00000034     simplelink.a : driver.obj (.text:_SlDrvBasicCmd)
                  2000a988    00000034     rtsv7M4_T_le_eabi.lib : boot.obj (.text)
                  2000a9bc    00000034     simplelink.a : socket.obj (.text:sl_Htons)
                  2000a9f0    00000030                  : cc_pal.obj (.text:NwpPowerOn)
                  2000aa20    00000030     driverlib.a : uart.obj (.text:UARTDisable)
                  2000aa50    00000030     simplelink.a : flowcont.obj (.text:_SlDrvFlowContDeinit)
                  2000aa80    00000030                  : flowcont.obj (.text:_SlDrvFlowContInit)
                  2000aab0    00000030                  : nonos.obj (.text:_SlNonOsSemGet)
                  2000aae0    00000030                  : socket.obj (.text:sl_Socket)
                  2000ab10    0000002e     rtsv7M4_T_le_eabi.lib : i_tofd_t2.obj (.text)
                  2000ab3e    00000002     --HOLE-- [fill = 0]
                  2000ab40    0000002c     driverlib.a : prcm.obj (.text:PRCMSysResetCauseGet)
                  2000ab6c    0000002a     rtsv7M4_T_le_eabi.lib : strspn.obj (.text)
                  2000ab96    00000002     --HOLE-- [fill = 0]
                  2000ab98    00000028     driverlib.a : prcm.obj (.text:PRCMPeripheralClkDisable)
                  2000abc0    00000028     simplelink.a : socket.obj (.text:_sl_BuildAddress)
                  2000abe8    00000028                  : wlan.obj (.text:sl_WlanSetMode)
                  2000ac10    00000024                  : cc_pal.obj (.text:DmaSpiSwIntHandler)
                  2000ac34    00000024     driverlib.a : interrupt.obj (.text:IntUnregister)
                  2000ac58    00000024                 : uart.obj (.text:UARTEnable)
                  2000ac7c    00000024     rtsv7M4_T_le_eabi.lib : memmov.obj (.text)
                  2000aca0    00000024     simplelink.a : socket.obj (.text:sl_Close)
                  2000acc4    00000024                  : wlan.obj (.text:sl_WlanProfileDel)
                  2000ace8    00000022     driverlib.a : spi.obj (.text:SPIReset)
                  2000ad0a    00000022                 : spi.obj (.text:SPIWordCountSet)
                  2000ad2c    00000022     rtsv7M4_T_le_eabi.lib : strcspn.obj (.text)
                  2000ad4e    00000002     --HOLE-- [fill = 0]
                  2000ad50    00000020     driverlib.a : interrupt.obj (.text:IntRegister)
                  2000ad70    00000020     simplelink.a : driver.obj (.text:_SlDrvCmdSend)
                  2000ad90    00000020                  : nonos.obj (.text:_SlNonOsSpawn)
                  2000adb0    0000001e     driverlib.a : uart.obj (.text:UARTCharPut)
                  2000adce    00000002     --HOLE-- [fill = 0]
                  2000add0    0000001c     simplelink.a : driver.obj (.text:_SlDrvObjDeInit)
                  2000adec    0000001c     pinmux.obj (.text)
                  2000ae08    0000001c     rtsv7M4_T_le_eabi.lib : memccpy.obj (.text)
                  2000ae24    0000001c     driverlib.a : udma.obj (.text:uDMAChannelDisable)
                  2000ae40    0000001c                 : udma.obj (.text:uDMAChannelEnable)
                  2000ae5c    0000001c                 : udma.obj (.text:uDMAChannelRequest)
                  2000ae78    0000001a     simplelink.a : netapp.obj (.text:CopyPingResultsToReport)
                  2000ae92    0000001a     driverlib.a : pin.obj (.text:PinTypeUART)
                  2000aeac    0000001a                 : spi.obj (.text:SPIDmaDisable)
                  2000aec6    0000001a                 : spi.obj (.text:SPIDmaEnable)
                  2000aee0    0000001a                 : spi.obj (.text:SPIFIFODisable)
                  2000aefa    0000001a                 : spi.obj (.text:SPIFIFOEnable)
                  2000af14    0000001a                 : spi.obj (.text:SPIIntUnregister)
                  2000af2e    0000001a     simplelink.a : device.obj (.text:_SlDrvDeviceEventHandler)
                  2000af48    00000018     driverlib.a : spi.obj (.text:SPICSDisable)
                  2000af60    00000018                 : spi.obj (.text:SPICSEnable)
                  2000af78    00000018                 : spi.obj (.text:SPIDisable)
                  2000af90    00000018                 : spi.obj (.text:SPIEnable)
                  2000afa8    00000018     rtsv7M4_T_le_eabi.lib : args_main.obj (.text)
                  2000afc0    00000018                           : ll_mul_t2.obj (.text)
                  2000afd8    00000016     driverlib.a : prcm.obj (.text:PRCMHIBRegRead)
                  2000afee    00000016                 : prcm.obj (.text:PRCMHIBRegWrite)
                  2000b004    00000016                 : uart.obj (.text:UARTCharGet)
                  2000b01a    00000016                 : udma.obj (.text:uDMAIntRegister)
                  2000b030    00000014                 : cpu.obj (.text:CPUcpsie)
                  2000b044    00000014                 : interrupt.obj (.text:IntVTableBaseSet)
                  2000b058    00000014     simplelink.a : driver.obj (.text:_SlDrvShiftDWord)
                  2000b06c    00000014     rtsv7M4_T_le_eabi.lib : _lock.obj (.text)
                  2000b080    00000014                           : strlen.obj (.text)
                  2000b094    00000014     driverlib.a : udma.obj (.text:uDMAControlBaseSet)
                  2000b0a8    00000014                 : udma.obj (.text:uDMAIntClear)
                  2000b0bc    00000012     rtsv7M4_T_le_eabi.lib : copy_zero_init.obj (.text:decompress:ZI)
                  2000b0ce    00000012     simplelink.a : netapp.obj (.text:sl_NetAppMDNSUnRegisterService)
                  2000b0e0    00000012     driverlib.a : udma.obj (.text:uDMAIntUnregister)
                  2000b0f2    00000002     --HOLE-- [fill = 0]
                  2000b0f4    00000010     simplelink.a : cc_pal.obj (.text:NwpMaskInterrupt)
                  2000b104    0000000e     rtsv7M4_T_le_eabi.lib : copy_decompress_none.obj (.text:decompress:none)
                  2000b112    0000000e                           : xdclass.obj (.text)
                  2000b120    0000000e     startup_ccs.obj (.text)
                  2000b12e    00000002     --HOLE-- [fill = 0]
                  2000b130    0000000c     simplelink.a : cc_pal.obj (.text:NwpUnMaskInterrupt)
                  2000b13c    0000000c     driverlib.a : udma.obj (.text:uDMADisable)
                  2000b148    0000000c                 : udma.obj (.text:uDMAEnable)
                  2000b154    0000000c                 : udma.obj (.text:uDMAIntStatus)
                  2000b160    0000000a                 : interrupt.obj (.text:IntMasterEnable)
                  2000b16a    00000008     simplelink.a : nonos.obj (.text:_SlNonOsSemSet)
                  2000b172    00000008                  : wlan.obj (.text:sl_WlanDisconnect)
                  2000b17a    00000006     driverlib.a : utils.obj (.text:UtilsDelay)
                  2000b180    00000006     rtsv7M4_T_le_eabi.lib : copy_decompress_rle.obj (.text:decompress:rle24)

.const     0    2000b188    00000694     
                  2000b188    00000102     rtsv7M4_T_le_eabi.lib : ctype.obj (.const:.string:_ctypes_)
                  2000b28a    00000002     --HOLE-- [fill = 0]
                  2000b28c    00000100     driverlib.a : pin.obj (.const:g_ulPinToPadMap)
                  2000b38c    000000ec     simplelink.a : wlan.obj (.const)
                  2000b478    000000d4     driverlib.a : interrupt.obj (.const:g_pulRegs)
                  2000b54c    000000a8                 : prcm.obj (.const:PRCM_PeriphRegsList)
                  2000b5f4    00000080                 : interrupt.obj (.const)
                  2000b674    0000004c     simplelink.a : driver.obj (.const)
                  2000b6c0    00000035     main.obj (.const:.string)
                  2000b6f5    00000003     --HOLE-- [fill = 0]
                  2000b6f8    00000034     simplelink.a : socket.obj (.const)
                  2000b72c    0000002c     main.obj (.const:$P$T1$2)
                  2000b758    00000028     simplelink.a : netapp.obj (.const)
                  2000b780    00000024     driverlib.a : spi.obj (.const:g_ppulSPIIntMap)
                  2000b7a4    00000022     main.obj (.const:.string:$P$T0$1)
                  2000b7c6    00000002     --HOLE-- [fill = 0]
                  2000b7c8    00000020     main.obj (.const)
                  2000b7e8    00000018     driverlib.a : spi.obj (.const)
                  2000b800    00000014     simplelink.a : device.obj (.const)
                  2000b814    00000008                  : netcfg.obj (.const)

.cinit     0    2000b820    00000058     
                  2000b820    00000034     (.cinit..data.load) [load image, compression = rle]
                  2000b854    0000000c     (__TI_handler_table)
                  2000b860    00000008     (.cinit..bss.load) [load image, compression = zero_init]
                  2000b868    00000010     (__TI_cinit_table)

.bss       0    20017000    00000c00     UNINITIALIZED
                  20017000    00000578     main.obj (.bss:g_cBsdBuf)
                  20017578    00000100     udma_if.obj (.bss:gfpAppCallbackHndl)
                  20017678    00000028     simplelink.a : nonos.obj (.bss:g__SlNonOsCB)
                  200176a0    00000024     main.obj (.bss:g_ucConnectionSSID)
                  200176c4    00000008     (.common:g_ucConnectionBSSID)
                  200176cc    00000004     (.common:__Errorlog)
                  200176d0    00000001     (.common:g_cDummy)
                  200176d1    00000001     (.common:iDone)
                  200176d2    0000012e     --HOLE--
                  20017800    00000400     udma_if.obj (.bss:gpCtlTbl)

.sysmem    0    20017c00    00000800     UNINITIALIZED
                  20017c00    00000008     rtsv7M4_T_le_eabi.lib : memory.obj (.sysmem)
                  20017c08    000007f8     --HOLE--

.data      0    20018400    00000210     UNINITIALIZED
                  20018400    00000170     simplelink.a : driver.obj (.data)
                  20018570    0000005c                  : cc_pal.obj (.data)
                  200185cc    0000001c     main.obj (.data)
                  200185e8    0000000c     rtsv7M4_T_le_eabi.lib : memory.obj (.data)
                  200185f4    00000008                           : _lock.obj (.data)
                  200185fc    00000008                           : exit.obj (.data)
                  20018604    00000004                           : errno.obj (.data)
                  20018608    00000004                           : stkdepth_vars.obj (.data)
                  2001860c    00000004                           : strtok.obj (.data)

.stack     0    2002f800    00000800     UNINITIALIZED
                  2002f800    00000800     --HOLE--


LINKER GENERATED COPY TABLES

__TI_cinit_table @ 2000b868 records: 2, size/record: 8, table size: 16
	.data: load addr=2000b820, load size=00000034 bytes, run addr=20018400, run size=00000210 bytes, compression=rle
	.bss: load addr=2000b860, load size=00000008 bytes, run addr=20017000, run size=00000c00 bytes, compression=zero_init


LINKER GENERATED HANDLER TABLE

__TI_handler_table @ 2000b854 records: 3, size/record: 4, table size: 12
	index: 0, handler: __TI_decompress_rle24
	index: 1, handler: __TI_decompress_none
	index: 2, handler: __TI_zero_init


GLOBAL SYMBOLS: SORTED ALPHABETICALLY BY Name 

address    name
--------   ----
20005189   BsdUdpClient
2000527d   BsdUdpServer
2000a501   C$$EXIT
2000b031   CPUcpsie
2000715d   ClearTerm
2000ae79   CopyPingResultsToReport
2000752f   DMASetupTransfer
2000739f   DmaErrorIntHandler
2000ac11   DmaSpiSwIntHandler
20007389   DmaSwIntHandler
20007167   Error
2000719f   GetCmd
2000711d   InitTerm
20008eb1   IntDisable
20008f59   IntEnable
2000b161   IntMasterEnable
2000a075   IntPendClear
2000a17d   IntPrioritySet
2000ad51   IntRegister
2000ac35   IntUnregister
2000b045   IntVTableBaseSet
20004b5d   IpAddressParser
2000713b   Message
2000b0f5   NwpMaskInterrupt
2000a78d   NwpPowerOff
2000a9f1   NwpPowerOn
20009865   NwpPowerOnPreamble
2000a87d   NwpRegisterInterruptHandler
2000b131   NwpUnMaskInterrupt
20008005   PRCMCC3200MCUInit
2000afd9   PRCMHIBRegRead
2000afef   PRCMHIBRegWrite
2000ab99   PRCMPeripheralClkDisable
2000a7c9   PRCMPeripheralClkEnable
200091d5   PRCMPeripheralClockGet
2000a0cd   PRCMPeripheralReset
2000a8ed   PRCMPeripheralStatusGet
2000ab41   PRCMSysResetCauseGet
200094b5   PinConfigSet
2000a5cd   PinModeSet
2000aded   PinMuxConfig
2000ae93   PinTypeUART
200072c9   Report
2000b121   ResetISR
UNDEFED    SHT$$INIT_ARRAY$$Base
UNDEFED    SHT$$INIT_ARRAY$$Limit
2000af49   SPICSDisable
2000af61   SPICSEnable
20009001   SPIConfigSetExpClk
2000af79   SPIDisable
2000aead   SPIDmaDisable
2000aec7   SPIDmaEnable
2000af91   SPIEnable
2000aee1   SPIFIFODisable
2000aefb   SPIFIFOEnable
2000a921   SPIFIFOLevelSet
2000a3a1   SPIIntClear
2000a225   SPIIntEnable
2000af15   SPIIntUnregister
2000ace9   SPIReset
2000ad0b   SPIWordCountSet
20007431   SetupTransfer
200045dd   SimpleLinkGeneralEventHandler
200045c5   SimpleLinkHttpServerCallback
20004511   SimpleLinkNetAppEventHandler
200045f7   SimpleLinkSockEventHandler
20004401   SimpleLinkWlanEventHandler
20007231   TrimSpace
2000b005   UARTCharGet
2000adb1   UARTCharPut
20009b41   UARTConfigSetExpClk
2000aa21   UARTDisable
2000ac59   UARTEnable
20007403   UDMAChannelSelect
2000751b   UDMADeInit
200073ab   UDMAInit
20007475   UDMASetupAutoMemTransfer
200074a9   UDMASetupPingPongTransfer
20007503   UDMAStartTransfer
2000750f   UDMAStopTransfer
20004c41   UserInput
2000b17b   UtilsDelay
2000b113   _Dclass
2000a545   _Dtest
20018604   _Errno
2000b718   _SlAcceptCmdCtrl
2000b688   _SlActionLookupTable
20006dd1   _SlAsyncEventGenericHandler
2000b80c   _SlDeviceGetCmdCtrl
2000b810   _SlDeviceSetCmdCtrl
2000a955   _SlDrvBasicCmd
20009269   _SlDrvClassifyRxMsg
2000953d   _SlDrvCmdOp
2000ad71   _SlDrvCmdSend
20007ad1   _SlDrvDataReadOp
20007c4d   _SlDrvDataWriteOp
2000af2f   _SlDrvDeviceEventHandler
20009ea1   _SlDrvDriverCBDeinit
20009425   _SlDrvDriverCBInit
2000aa51   _SlDrvFlowContDeinit
2000aa81   _SlDrvFlowContInit
20006a1d   _SlDrvMsgRead
20008be1   _SlDrvMsgReadCmdCtx
200092fd   _SlDrvMsgReadSpawnCtx
20008379   _SlDrvMsgWrite
20008d51   _SlDrvNetAppEventHandler
2000add1   _SlDrvObjDeInit
2000a805   _SlDrvObjInit
2000859d   _SlDrvReleasePoolObj
20007d8d   _SlDrvRxHdrRead
2000a60d   _SlDrvRxIrqHandler
2000b059   _SlDrvShiftDWord
20008261   _SlDrvWaitForPoolObj
2000b808   _SlEventMaskGetCmdCtrl
2000b804   _SlEventMaskSetCmdCtrl
2000913d   _SlFindAndSetActiveObj
2000b770   _SlGetHostByNameCtrl
2000b76c   _SlGetHostByServiceCtrl
2000b764   _SlGetServiceListeCtrl
2000b724   _SlGetSockOptCmdCtrl
2000b714   _SlListenCmdCtrl
2000b77c   _SlNetAppGetCmdCtrl
2000b778   _SlNetAppSendTokenValueCmdCtrl
2000b774   _SlNetAppSetCmdCtrl
2000b75c   _SlNetAppStartCtrl
2000b760   _SlNetAppStopCtrl
2000b818   _SlNetCfgGetCmdCtrl
2000b814   _SlNetCfgSetCmdCtrl
2000a64d   _SlNonOsMainLoopTask
2000aab1   _SlNonOsSemGet
2000b16b   _SlNonOsSemSet
2000ad91   _SlNonOsSpawn
2000b394   _SlPolicyGetCmdCtrl
2000b390   _SlPolicySetCmdCtrl
2000b39c   _SlProfileDelCmdCtrl
2000b398   _SlProfileGetCmdCtrl
2000b71c   _SlRecvCmdCtrl
2000b70c   _SlRecvfomCmdCtrl
2000b768   _SlRegisterServiceCtrl
2000a68d   _SlRemoveFromList
2000b3a4   _SlRxFilterAddtCmdCtrl
2000b3ac   _SlRxFilterGetCmdCtrl
2000b3a8   _SlRxFilterSetCmdCtrl
2000b728   _SlSelectCmdCtrl
2000b710   _SlSendCmdCtrl
2000b720   _SlSetSockOptCmdCtrl
2000b3b0   _SlSmartConfigStartCmdCtrl
2000b708   _SlSockCloseCmdCtrl
2000b704   _SlSockSocketCmdCtrl
2000b800   _SlStopCmdCtrl
2000b3bc   _SlWlanCfgGetCmdCtrl
2000b3b8   _SlWlanCfgSetCmdCtrl
2000b3a0   _SlWlanGetNetworkListCtrl
2000b3b4   _SlWlanSetModeCmdCtrl
20030000   __STACK_END
00000800   __STACK_SIZE
00000800   __SYSMEM_SIZE
2000b868   __TI_CINIT_Base
2000b878   __TI_CINIT_Limit
2000b854   __TI_Handler_Table_Base
2000b860   __TI_Handler_Table_Limit
00000001   __TI_args_main
20009391   __TI_auto_init
200185fc   __TI_cleanup_ptr
2000b105   __TI_decompress_none
2000b181   __TI_decompress_rle24
20018600   __TI_dtors_ptr
20006347   __TI_printfi
2000b820   __TI_static_base__
2000b0bd   __TI_zero_init
200096d5   __aeabi_cdcmpeq
200096d5   __aeabi_cdcmple
2000975b   __aeabi_cdrcmple
2000a3e9   __aeabi_d2iz
20007787   __aeabi_dadd
20007ecd   __aeabi_ddiv
200086a9   __aeabi_dmul
2000777d   __aeabi_dsub
2000ab11   __aeabi_i2d
2000afc1   __aeabi_lmul
20009ac9   __aeabi_memclr
20009ac9   __aeabi_memclr4
20009ac9   __aeabi_memclr8
200090a1   __aeabi_memcpy
200090a1   __aeabi_memcpy4
200090a1   __aeabi_memcpy8
20009acb   __aeabi_memset
20009acb   __aeabi_memset4
20009acb   __aeabi_memset8
20007589   __aeabi_uldivmod
ffffffff   __binit__
ffffffff   __c_args__
2002f800   __stack
2000afa9   _args_main
2000a989   _c_int00
2000b188   _ctypes_
200185f4   _lock
2000b07b   _nop
2000b073   _register_lock
2000b06d   _register_unlock
2000abc1   _sl_BuildAddress
2000a355   _sl_GetStartResponseConvert
20009d09   _sl_HandleAsync_Accept
20009c9d   _sl_HandleAsync_Connect
200097e1   _sl_HandleAsync_DnsGetHostByName
20009d71   _sl_HandleAsync_DnsGetHostByService
200099d9   _sl_HandleAsync_InitComplete
20009a51   _sl_HandleAsync_PingResponse
20009f61   _sl_HandleAsync_Select
2000a125   _sl_HandleAsync_Stop
20009c2d   _sl_TruncatePayloadByProtocol
20017c00   _sys_memory
200185f8   _unlock
2000a505   abort
2000a2bd   atoi
ffffffff   binit
200069e5   calloc
2000a4bd   copy_in
2000a50d   exit
2000673f   free
20018404   gFirstCmdMode
2000b680   g_H2NCnysPattern
2000b678   g_H2NSyncPattern
20018570   g_SpiFd
2001840c   g_StatMem
20017678   g__SlNonOsCB
20017000   g_cBsdBuf
200176d0   g_cDummy
20018408   g_pCB
20018574   g_pHostIntHdl
20004000   g_pfnVectors
200176c4   g_ucConnectionBSSID
200176a0   g_ucConnectionSSID
20018578   g_ucDMAEnabled
2001857c   g_ucDinDout
200185e0   g_ucSimplelinkstarted
200185d8   g_uiPortNum
200185d4   g_ulDestinationIp
200185d0   g_ulGatewayIP
200185e4   g_ulIpAddr
200185dc   g_ulPacketCount
200185cc   g_ulStatus
20017578   gfpAppCallbackHndl
20017800   gpCtlTbl
200176d1   iDone
2000a019   ltoa
200054b5   main
20018608   main_func_sp
200066dd   malloc
20006905   memalign
2000ae09   memccpy
200090a1   memcpy
2000ac7d   memmove
20009ad1   memset
20006651   minit
20018400   pPingCallBackFunc
200067ff   realloc
20009fbd   sl_Bind
2000aca1   sl_Close
200098e5   sl_DevGet
2000a8b5   sl_Htonl
2000a9bd   sl_Htons
2000964d   sl_NetAppMDNSRegisterUnregisterService
2000b0cf   sl_NetAppMDNSUnRegisterService
2000a1d1   sl_NetAppSendTokenValue
2000a589   sl_NetCfgSet
20008e05   sl_RecvFrom
20008c9d   sl_SendTo
2000aae1   sl_Socket
20008b19   sl_Start
20008981   sl_Stop
20007935   sl_WlanConnect
2000b173   sl_WlanDisconnect
2000a70d   sl_WlanPolicySet
2000acc5   sl_WlanProfileDel
2000a74d   sl_WlanRxFilterSet
2000a431   sl_WlanSet
2000abe9   sl_WlanSetMode
20009bb9   spi_Close
20008139   spi_Open
20008a4d   spi_Read
20008895   spi_Write
2000ad2d   strcspn
2000b081   strlen
2000ab6d   strspn
2000a6cd   strtok
2000848d   strtoul
2000a309   uDMAChannelAssign
20009dd9   uDMAChannelAttributeDisable
20009e3d   uDMAChannelAttributeEnable
2000a841   uDMAChannelControlSet
2000ae25   uDMAChannelDisable
2000ae41   uDMAChannelEnable
2000ae5d   uDMAChannelRequest
200087a5   uDMAChannelTransferSet
2000b095   uDMAControlBaseSet
2000b13d   uDMADisable
2000b149   uDMAEnable
2000b0a9   uDMAIntClear
2000b01b   uDMAIntRegister
2000b155   uDMAIntStatus
2000b0e1   uDMAIntUnregister
200095c5   vsnprintf


GLOBAL SYMBOLS: SORTED BY Symbol Address 

address    name
--------   ----
00000001   __TI_args_main
00000800   __STACK_SIZE
00000800   __SYSMEM_SIZE
20004000   g_pfnVectors
20004401   SimpleLinkWlanEventHandler
20004511   SimpleLinkNetAppEventHandler
200045c5   SimpleLinkHttpServerCallback
200045dd   SimpleLinkGeneralEventHandler
200045f7   SimpleLinkSockEventHandler
20004b5d   IpAddressParser
20004c41   UserInput
20005189   BsdUdpClient
2000527d   BsdUdpServer
200054b5   main
20006347   __TI_printfi
20006651   minit
200066dd   malloc
2000673f   free
200067ff   realloc
20006905   memalign
200069e5   calloc
20006a1d   _SlDrvMsgRead
20006dd1   _SlAsyncEventGenericHandler
2000711d   InitTerm
2000713b   Message
2000715d   ClearTerm
20007167   Error
2000719f   GetCmd
20007231   TrimSpace
200072c9   Report
20007389   DmaSwIntHandler
2000739f   DmaErrorIntHandler
200073ab   UDMAInit
20007403   UDMAChannelSelect
20007431   SetupTransfer
20007475   UDMASetupAutoMemTransfer
200074a9   UDMASetupPingPongTransfer
20007503   UDMAStartTransfer
2000750f   UDMAStopTransfer
2000751b   UDMADeInit
2000752f   DMASetupTransfer
20007589   __aeabi_uldivmod
2000777d   __aeabi_dsub
20007787   __aeabi_dadd
20007935   sl_WlanConnect
20007ad1   _SlDrvDataReadOp
20007c4d   _SlDrvDataWriteOp
20007d8d   _SlDrvRxHdrRead
20007ecd   __aeabi_ddiv
20008005   PRCMCC3200MCUInit
20008139   spi_Open
20008261   _SlDrvWaitForPoolObj
20008379   _SlDrvMsgWrite
2000848d   strtoul
2000859d   _SlDrvReleasePoolObj
200086a9   __aeabi_dmul
200087a5   uDMAChannelTransferSet
20008895   spi_Write
20008981   sl_Stop
20008a4d   spi_Read
20008b19   sl_Start
20008be1   _SlDrvMsgReadCmdCtx
20008c9d   sl_SendTo
20008d51   _SlDrvNetAppEventHandler
20008e05   sl_RecvFrom
20008eb1   IntDisable
20008f59   IntEnable
20009001   SPIConfigSetExpClk
200090a1   __aeabi_memcpy
200090a1   __aeabi_memcpy4
200090a1   __aeabi_memcpy8
200090a1   memcpy
2000913d   _SlFindAndSetActiveObj
200091d5   PRCMPeripheralClockGet
20009269   _SlDrvClassifyRxMsg
200092fd   _SlDrvMsgReadSpawnCtx
20009391   __TI_auto_init
20009425   _SlDrvDriverCBInit
200094b5   PinConfigSet
2000953d   _SlDrvCmdOp
200095c5   vsnprintf
2000964d   sl_NetAppMDNSRegisterUnregisterService
200096d5   __aeabi_cdcmpeq
200096d5   __aeabi_cdcmple
2000975b   __aeabi_cdrcmple
200097e1   _sl_HandleAsync_DnsGetHostByName
20009865   NwpPowerOnPreamble
200098e5   sl_DevGet
200099d9   _sl_HandleAsync_InitComplete
20009a51   _sl_HandleAsync_PingResponse
20009ac9   __aeabi_memclr
20009ac9   __aeabi_memclr4
20009ac9   __aeabi_memclr8
20009acb   __aeabi_memset
20009acb   __aeabi_memset4
20009acb   __aeabi_memset8
20009ad1   memset
20009b41   UARTConfigSetExpClk
20009bb9   spi_Close
20009c2d   _sl_TruncatePayloadByProtocol
20009c9d   _sl_HandleAsync_Connect
20009d09   _sl_HandleAsync_Accept
20009d71   _sl_HandleAsync_DnsGetHostByService
20009dd9   uDMAChannelAttributeDisable
20009e3d   uDMAChannelAttributeEnable
20009ea1   _SlDrvDriverCBDeinit
20009f61   _sl_HandleAsync_Select
20009fbd   sl_Bind
2000a019   ltoa
2000a075   IntPendClear
2000a0cd   PRCMPeripheralReset
2000a125   _sl_HandleAsync_Stop
2000a17d   IntPrioritySet
2000a1d1   sl_NetAppSendTokenValue
2000a225   SPIIntEnable
2000a2bd   atoi
2000a309   uDMAChannelAssign
2000a355   _sl_GetStartResponseConvert
2000a3a1   SPIIntClear
2000a3e9   __aeabi_d2iz
2000a431   sl_WlanSet
2000a4bd   copy_in
2000a501   C$$EXIT
2000a505   abort
2000a50d   exit
2000a545   _Dtest
2000a589   sl_NetCfgSet
2000a5cd   PinModeSet
2000a60d   _SlDrvRxIrqHandler
2000a64d   _SlNonOsMainLoopTask
2000a68d   _SlRemoveFromList
2000a6cd   strtok
2000a70d   sl_WlanPolicySet
2000a74d   sl_WlanRxFilterSet
2000a78d   NwpPowerOff
2000a7c9   PRCMPeripheralClkEnable
2000a805   _SlDrvObjInit
2000a841   uDMAChannelControlSet
2000a87d   NwpRegisterInterruptHandler
2000a8b5   sl_Htonl
2000a8ed   PRCMPeripheralStatusGet
2000a921   SPIFIFOLevelSet
2000a955   _SlDrvBasicCmd
2000a989   _c_int00
2000a9bd   sl_Htons
2000a9f1   NwpPowerOn
2000aa21   UARTDisable
2000aa51   _SlDrvFlowContDeinit
2000aa81   _SlDrvFlowContInit
2000aab1   _SlNonOsSemGet
2000aae1   sl_Socket
2000ab11   __aeabi_i2d
2000ab41   PRCMSysResetCauseGet
2000ab6d   strspn
2000ab99   PRCMPeripheralClkDisable
2000abc1   _sl_BuildAddress
2000abe9   sl_WlanSetMode
2000ac11   DmaSpiSwIntHandler
2000ac35   IntUnregister
2000ac59   UARTEnable
2000ac7d   memmove
2000aca1   sl_Close
2000acc5   sl_WlanProfileDel
2000ace9   SPIReset
2000ad0b   SPIWordCountSet
2000ad2d   strcspn
2000ad51   IntRegister
2000ad71   _SlDrvCmdSend
2000ad91   _SlNonOsSpawn
2000adb1   UARTCharPut
2000add1   _SlDrvObjDeInit
2000aded   PinMuxConfig
2000ae09   memccpy
2000ae25   uDMAChannelDisable
2000ae41   uDMAChannelEnable
2000ae5d   uDMAChannelRequest
2000ae79   CopyPingResultsToReport
2000ae93   PinTypeUART
2000aead   SPIDmaDisable
2000aec7   SPIDmaEnable
2000aee1   SPIFIFODisable
2000aefb   SPIFIFOEnable
2000af15   SPIIntUnregister
2000af2f   _SlDrvDeviceEventHandler
2000af49   SPICSDisable
2000af61   SPICSEnable
2000af79   SPIDisable
2000af91   SPIEnable
2000afa9   _args_main
2000afc1   __aeabi_lmul
2000afd9   PRCMHIBRegRead
2000afef   PRCMHIBRegWrite
2000b005   UARTCharGet
2000b01b   uDMAIntRegister
2000b031   CPUcpsie
2000b045   IntVTableBaseSet
2000b059   _SlDrvShiftDWord
2000b06d   _register_unlock
2000b073   _register_lock
2000b07b   _nop
2000b081   strlen
2000b095   uDMAControlBaseSet
2000b0a9   uDMAIntClear
2000b0bd   __TI_zero_init
2000b0cf   sl_NetAppMDNSUnRegisterService
2000b0e1   uDMAIntUnregister
2000b0f5   NwpMaskInterrupt
2000b105   __TI_decompress_none
2000b113   _Dclass
2000b121   ResetISR
2000b131   NwpUnMaskInterrupt
2000b13d   uDMADisable
2000b149   uDMAEnable
2000b155   uDMAIntStatus
2000b161   IntMasterEnable
2000b16b   _SlNonOsSemSet
2000b173   sl_WlanDisconnect
2000b17b   UtilsDelay
2000b181   __TI_decompress_rle24
2000b188   _ctypes_
2000b390   _SlPolicySetCmdCtrl
2000b394   _SlPolicyGetCmdCtrl
2000b398   _SlProfileGetCmdCtrl
2000b39c   _SlProfileDelCmdCtrl
2000b3a0   _SlWlanGetNetworkListCtrl
2000b3a4   _SlRxFilterAddtCmdCtrl
2000b3a8   _SlRxFilterSetCmdCtrl
2000b3ac   _SlRxFilterGetCmdCtrl
2000b3b0   _SlSmartConfigStartCmdCtrl
2000b3b4   _SlWlanSetModeCmdCtrl
2000b3b8   _SlWlanCfgSetCmdCtrl
2000b3bc   _SlWlanCfgGetCmdCtrl
2000b678   g_H2NSyncPattern
2000b680   g_H2NCnysPattern
2000b688   _SlActionLookupTable
2000b704   _SlSockSocketCmdCtrl
2000b708   _SlSockCloseCmdCtrl
2000b70c   _SlRecvfomCmdCtrl
2000b710   _SlSendCmdCtrl
2000b714   _SlListenCmdCtrl
2000b718   _SlAcceptCmdCtrl
2000b71c   _SlRecvCmdCtrl
2000b720   _SlSetSockOptCmdCtrl
2000b724   _SlGetSockOptCmdCtrl
2000b728   _SlSelectCmdCtrl
2000b75c   _SlNetAppStartCtrl
2000b760   _SlNetAppStopCtrl
2000b764   _SlGetServiceListeCtrl
2000b768   _SlRegisterServiceCtrl
2000b76c   _SlGetHostByServiceCtrl
2000b770   _SlGetHostByNameCtrl
2000b774   _SlNetAppSetCmdCtrl
2000b778   _SlNetAppSendTokenValueCmdCtrl
2000b77c   _SlNetAppGetCmdCtrl
2000b800   _SlStopCmdCtrl
2000b804   _SlEventMaskSetCmdCtrl
2000b808   _SlEventMaskGetCmdCtrl
2000b80c   _SlDeviceGetCmdCtrl
2000b810   _SlDeviceSetCmdCtrl
2000b814   _SlNetCfgSetCmdCtrl
2000b818   _SlNetCfgGetCmdCtrl
2000b820   __TI_static_base__
2000b854   __TI_Handler_Table_Base
2000b860   __TI_Handler_Table_Limit
2000b868   __TI_CINIT_Base
2000b878   __TI_CINIT_Limit
20017000   g_cBsdBuf
20017578   gfpAppCallbackHndl
20017678   g__SlNonOsCB
200176a0   g_ucConnectionSSID
200176c4   g_ucConnectionBSSID
200176d0   g_cDummy
200176d1   iDone
20017800   gpCtlTbl
20017c00   _sys_memory
20018400   pPingCallBackFunc
20018404   gFirstCmdMode
20018408   g_pCB
2001840c   g_StatMem
20018570   g_SpiFd
20018574   g_pHostIntHdl
20018578   g_ucDMAEnabled
2001857c   g_ucDinDout
200185cc   g_ulStatus
200185d0   g_ulGatewayIP
200185d4   g_ulDestinationIp
200185d8   g_uiPortNum
200185dc   g_ulPacketCount
200185e0   g_ucSimplelinkstarted
200185e4   g_ulIpAddr
200185f4   _lock
200185f8   _unlock
200185fc   __TI_cleanup_ptr
20018600   __TI_dtors_ptr
20018604   _Errno
20018608   main_func_sp
2002f800   __stack
20030000   __STACK_END
ffffffff   __binit__
ffffffff   __c_args__
ffffffff   binit
UNDEFED    SHT$$INIT_ARRAY$$Base
UNDEFED    SHT$$INIT_ARRAY$$Limit

[303 symbols]
