******************************************************************************
                  TI ARM Linker PC v5.1.6                      
******************************************************************************
>> Linked Mon Nov 30 10:32:05 2015

OUTPUT FILE NAME:   <udp_socket.out>
ENTRY POINT SYMBOL: "_c_int00"  address: 2000a8e5


MEMORY CONFIGURATION

         name            origin    length      used     unused   attr    fill
----------------------  --------  ---------  --------  --------  ----  --------
  SRAM_CODE             20004000   00013000  000077da  0000b826  RW X
  SRAM_DATA             20017000   00019000  000022c0  00016d40  RW X


SEGMENT ALLOCATION MAP

run origin  load origin   length   init length attrs members
----------  ----------- ---------- ----------- ----- -------
20004000    20004000    000077e0   000077e0    r-x
  20004000    20004000    00000400   00000400    r-- .intvecs
  20004400    20004400    00006cee   00006cee    r-x .text
  2000b0f0    2000b0f0    00000674   00000674    r-- .const
  2000b768    2000b768    00000078   00000078    r-- .cinit
20017000    20017000    00001ac0   00000000    rw-
  20017000    20017000    00001068   00000000    rw- .bss
  20018068    20018068    00000800   00000000    rw- .sysmem
  20018868    20018868    00000258   00000000    rw- .data
2002f800    2002f800    00000800   00000000    rw-
  2002f800    2002f800    00000800   00000000    rw- .stack


SECTION ALLOCATION MAP

 output                                  attributes/
section   page    origin      length       input sections
--------  ----  ----------  ----------   ----------------
.init_array 
*          0    20004000    00000000     UNINITIALIZED

.intvecs   0    20004000    00000400     
                  20004000    00000400     startup_ccs.obj (.intvecs)

.text      0    20004400    00006cee     
                  20004400    00000ec0     rtsv7M4_T_le_eabi.lib : _printfi.obj (.text)
                  200052c0    00000e8c     main.obj (.text)
                  2000614c    0000040c     spi.obj (.text)
                  20006558    000003cc     rtsv7M4_T_le_eabi.lib : memory.obj (.text)
                  20006924    000003b4     simplelink.a : driver.obj (.text:_SlDrvMsgRead)
                  20006cd8    0000034c                  : driver.obj (.text:_SlAsyncEventGenericHandler)
                  20007024    0000026c     uart_if.obj (.text)
                  20007290    00000200     udma_if.obj (.text)
                  20007490    000001f4     rtsv7M4_T_le_eabi.lib : ull_div_t2.obj (.text)
                  20007684    000001b6                           : fd_add_t2.obj (.text)
                  2000783a    00000002     driverlib.a : interrupt.obj (.text:IntDefaultHandler)
                  2000783c    0000019c     simplelink.a : wlan.obj (.text:sl_WlanConnect)
                  200079d8    0000017c                  : driver.obj (.text:_SlDrvDataReadOp)
                  20007b54    00000140                  : driver.obj (.text:_SlDrvDataWriteOp)
                  20007c94    00000140                  : driver.obj (.text:_SlDrvRxHdrRead)
                  20007dd4    00000136     rtsv7M4_T_le_eabi.lib : fd_div_t2.obj (.text)
                  20007f0a    00000002     --HOLE-- [fill = 0]
                  20007f0c    00000134     driverlib.a : prcm.obj (.text:PRCMCC3200MCUInit)
                  20008040    00000128     simplelink.a : cc_pal.obj (.text:spi_Open)
                  20008168    00000118                  : driver.obj (.text:_SlDrvWaitForPoolObj)
                  20008280    00000114                  : driver.obj (.text:_SlDrvMsgWrite)
                  20008394    0000010c                  : driver.obj (.text:_SlDrvReleasePoolObj)
                  200084a0    000000fc     rtsv7M4_T_le_eabi.lib : fd_mul_t2.obj (.text)
                  2000859c    000000f0     driverlib.a : udma.obj (.text:uDMAChannelTransferSet)
                  2000868c    000000ec     simplelink.a : cc_pal.obj (.text:spi_Write)
                  20008778    000000cc                  : device.obj (.text:sl_Stop)
                  20008844    000000cc                  : cc_pal.obj (.text:spi_Read)
                  20008910    000000c8                  : device.obj (.text:sl_Start)
                  200089d8    000000bc                  : driver.obj (.text:_SlDrvMsgReadCmdCtx)
                  20008a94    000000b4                  : socket.obj (.text:sl_SendTo)
                  20008b48    000000b2                  : netapp.obj (.text:_SlDrvNetAppEventHandler)
                  20008bfa    00000002     --HOLE-- [fill = 0]
                  20008bfc    000000ac                  : socket.obj (.text:sl_RecvFrom)
                  20008ca8    000000a8     driverlib.a : interrupt.obj (.text:IntDisable)
                  20008d50    000000a8                 : interrupt.obj (.text:IntEnable)
                  20008df8    000000a0                 : spi.obj (.text:SPIConfigSetExpClk)
                  20008e98    0000009c     rtsv7M4_T_le_eabi.lib : memcpy_t2.obj (.text)
                  20008f34    00000098     simplelink.a : driver.obj (.text:_SlFindAndSetActiveObj)
                  20008fcc    00000094     driverlib.a : prcm.obj (.text:PRCMPeripheralClockGet)
                  20009060    00000094     simplelink.a : driver.obj (.text:_SlDrvClassifyRxMsg)
                  200090f4    00000094                  : driver.obj (.text:_SlDrvMsgReadSpawnCtx)
                  20009188    00000094     rtsv7M4_T_le_eabi.lib : auto_init.obj (.text)
                  2000921c    00000090     simplelink.a : driver.obj (.text:_SlDrvDriverCBInit)
                  200092ac    00000088     driverlib.a : pin.obj (.text:PinConfigSet)
                  20009334    00000088     simplelink.a : driver.obj (.text:_SlDrvCmdOp)
                  200093bc    00000088     rtsv7M4_T_le_eabi.lib : vsnprintf.obj (.text)
                  20009444    00000088     simplelink.a : netapp.obj (.text:sl_NetAppMDNSRegisterUnregisterService)
                  200094cc    00000086     rtsv7M4_T_le_eabi.lib : fd_cmp_t2.obj (.text:__aeabi_cdcmple)
                  20009552    00000086                           : fd_cmp_t2.obj (.text:__aeabi_cdrcmple)
                  200095d8    00000084     simplelink.a : netapp.obj (.text:_sl_HandleAsync_DnsGetHostByName)
                  2000965c    00000080                  : cc_pal.obj (.text:NwpPowerOnPreamble)
                  200096dc    0000007c     driverlib.a : spi.obj (.text:SPIIntStatus)
                  20009758    0000007c     simplelink.a : device.obj (.text:sl_DevGet)
                  200097d4    00000078                  : cc_pal.obj (.text:SetupDMAReceive)
                  2000984c    00000078                  : device.obj (.text:_sl_HandleAsync_InitComplete)
                  200098c4    00000078                  : netapp.obj (.text:_sl_HandleAsync_PingResponse)
                  2000993c    00000078     rtsv7M4_T_le_eabi.lib : memset_t2.obj (.text)
                  200099b4    00000076     driverlib.a : uart.obj (.text:UARTConfigSetExpClk)
                  20009a2a    00000002     --HOLE-- [fill = 0]
                  20009a2c    00000074     simplelink.a : cc_pal.obj (.text:spi_Close)
                  20009aa0    0000006e                  : socket.obj (.text:_sl_TruncatePayloadByProtocol)
                  20009b0e    00000002     --HOLE-- [fill = 0]
                  20009b10    0000006c                  : socket.obj (.text:_sl_HandleAsync_Connect)
                  20009b7c    00000068                  : socket.obj (.text:_sl_HandleAsync_Accept)
                  20009be4    00000068                  : netapp.obj (.text:_sl_HandleAsync_DnsGetHostByService)
                  20009c4c    00000064     driverlib.a : udma.obj (.text:uDMAChannelAttributeDisable)
                  20009cb0    00000064                 : udma.obj (.text:uDMAChannelAttributeEnable)
                  20009d14    00000060     simplelink.a : driver.obj (.text:_SlDrvDriverCBDeinit)
                  20009d74    0000005e     rtsv7M4_T_le_eabi.lib : copy_decompress_rle.obj (.text)
                  20009dd2    00000002     --HOLE-- [fill = 0]
                  20009dd4    0000005c     simplelink.a : socket.obj (.text:_sl_HandleAsync_Select)
                  20009e30    0000005c                  : socket.obj (.text:sl_Bind)
                  20009e8c    0000005a     rtsv7M4_T_le_eabi.lib : ltoa.obj (.text)
                  20009ee6    00000002     --HOLE-- [fill = 0]
                  20009ee8    00000058     driverlib.a : interrupt.obj (.text:IntPendClear)
                  20009f40    00000058                 : prcm.obj (.text:PRCMPeripheralReset)
                  20009f98    00000058     simplelink.a : device.obj (.text:_sl_HandleAsync_Stop)
                  20009ff0    00000054     driverlib.a : interrupt.obj (.text:IntPrioritySet)
                  2000a044    00000054     simplelink.a : netapp.obj (.text:sl_NetAppSendTokenValue)
                  2000a098    0000004c     driverlib.a : spi.obj (.text:SPIIntDisable)
                  2000a0e4    0000004c                 : spi.obj (.text:SPIIntEnable)
                  2000a130    0000004c                 : spi.obj (.text:SPIIntNumberGet)
                  2000a17c    0000004c     rtsv7M4_T_le_eabi.lib : atoi.obj (.text)
                  2000a1c8    0000004c     simplelink.a : socket.obj (.text:sl_SetSockOpt)
                  2000a214    0000004c     driverlib.a : udma.obj (.text:uDMAChannelAssign)
                  2000a260    0000004c                 : udma.obj (.text:uDMAChannelModeGet)
                  2000a2ac    0000004a     simplelink.a : device.obj (.text:_sl_GetStartResponseConvert)
                  2000a2f6    00000002     --HOLE-- [fill = 0]
                  2000a2f8    00000048     driverlib.a : spi.obj (.text:SPIIntClear)
                  2000a340    00000048     rtsv7M4_T_le_eabi.lib : fd_toi_t2.obj (.text)
                  2000a388    00000048     simplelink.a : wlan.obj (.text:sl_WlanSet)
                  2000a3d0    00000044     driverlib.a : spi.obj (.text:SPIDmaMaskGet)
                  2000a414    00000044     pinmux.obj (.text)
                  2000a458    00000044     rtsv7M4_T_le_eabi.lib : cpy_tbl.obj (.text)
                  2000a49c    00000044                           : exit.obj (.text)
                  2000a4e0    00000044                           : xdtest.obj (.text)
                  2000a524    00000044     simplelink.a : netcfg.obj (.text:sl_NetCfgSet)
                  2000a568    00000040     driverlib.a : pin.obj (.text:PinModeSet)
                  2000a5a8    00000040     simplelink.a : driver.obj (.text:_SlDrvRxIrqHandler)
                  2000a5e8    00000040                  : nonos.obj (.text:_SlNonOsMainLoopTask)
                  2000a628    00000040                  : driver.obj (.text:_SlRemoveFromList)
                  2000a668    00000040                  : wlan.obj (.text:sl_WlanPolicySet)
                  2000a6a8    00000040                  : wlan.obj (.text:sl_WlanRxFilterSet)
                  2000a6e8    0000003c                  : cc_pal.obj (.text:NwpPowerOff)
                  2000a724    0000003c     driverlib.a : prcm.obj (.text:PRCMPeripheralClkEnable)
                  2000a760    0000003c     simplelink.a : driver.obj (.text:_SlDrvObjInit)
                  2000a79c    0000003c     driverlib.a : udma.obj (.text:uDMAChannelControlSet)
                  2000a7d8    00000038     simplelink.a : cc_pal.obj (.text:NwpRegisterInterruptHandler)
                  2000a810    00000038                  : socket.obj (.text:sl_Htonl)
                  2000a848    00000034     driverlib.a : prcm.obj (.text:PRCMPeripheralStatusGet)
                  2000a87c    00000034                 : spi.obj (.text:SPIFIFOLevelSet)
                  2000a8b0    00000034     simplelink.a : driver.obj (.text:_SlDrvBasicCmd)
                  2000a8e4    00000034     rtsv7M4_T_le_eabi.lib : boot.obj (.text)
                  2000a918    00000034     simplelink.a : socket.obj (.text:sl_Htons)
                  2000a94c    00000030                  : cc_pal.obj (.text:NwpPowerOn)
                  2000a97c    00000030     driverlib.a : uart.obj (.text:UARTDisable)
                  2000a9ac    00000030     simplelink.a : flowcont.obj (.text:_SlDrvFlowContDeinit)
                  2000a9dc    00000030                  : flowcont.obj (.text:_SlDrvFlowContInit)
                  2000aa0c    00000030                  : nonos.obj (.text:_SlNonOsSemGet)
                  2000aa3c    00000030                  : socket.obj (.text:sl_Socket)
                  2000aa6c    0000002e     rtsv7M4_T_le_eabi.lib : i_tofd_t2.obj (.text)
                  2000aa9a    00000002     --HOLE-- [fill = 0]
                  2000aa9c    0000002c     driverlib.a : prcm.obj (.text:PRCMSysResetCauseGet)
                  2000aac8    00000028                 : prcm.obj (.text:PRCMPeripheralClkDisable)
                  2000aaf0    00000028     simplelink.a : socket.obj (.text:_sl_BuildAddress)
                  2000ab18    00000028                  : wlan.obj (.text:sl_WlanSetMode)
                  2000ab40    00000024                  : cc_pal.obj (.text:DmaSpiSwIntHandler)
                  2000ab64    00000024     driverlib.a : interrupt.obj (.text:IntUnregister)
                  2000ab88    00000024                 : uart.obj (.text:UARTEnable)
                  2000abac    00000024     rtsv7M4_T_le_eabi.lib : memmov.obj (.text)
                  2000abd0    00000024     simplelink.a : socket.obj (.text:sl_Close)
                  2000abf4    00000024                  : wlan.obj (.text:sl_WlanProfileDel)
                  2000ac18    00000022     driverlib.a : spi.obj (.text:SPIReset)
                  2000ac3a    00000022                 : spi.obj (.text:SPIWordCountSet)
                  2000ac5c    00000020                 : interrupt.obj (.text:IntRegister)
                  2000ac7c    00000020                 : spi.obj (.text:SPIDataGet)
                  2000ac9c    00000020     simplelink.a : driver.obj (.text:_SlDrvCmdSend)
                  2000acbc    00000020                  : nonos.obj (.text:_SlNonOsSpawn)
                  2000acdc    0000001e     driverlib.a : spi.obj (.text:SPIDataPut)
                  2000acfa    0000001e                 : spi.obj (.text:SPIIntRegister)
                  2000ad18    0000001e                 : uart.obj (.text:UARTCharPut)
                  2000ad36    00000002     --HOLE-- [fill = 0]
                  2000ad38    0000001c     simplelink.a : driver.obj (.text:_SlDrvObjDeInit)
                  2000ad54    0000001c     rtsv7M4_T_le_eabi.lib : memccpy.obj (.text)
                  2000ad70    0000001c     driverlib.a : udma.obj (.text:uDMAChannelDisable)
                  2000ad8c    0000001c                 : udma.obj (.text:uDMAChannelEnable)
                  2000ada8    0000001c                 : udma.obj (.text:uDMAChannelRequest)
                  2000adc4    0000001a     simplelink.a : netapp.obj (.text:CopyPingResultsToReport)
                  2000adde    0000001a     driverlib.a : pin.obj (.text:PinTypeSPI)
                  2000adf8    0000001a                 : pin.obj (.text:PinTypeUART)
                  2000ae12    0000001a                 : spi.obj (.text:SPIDmaDisable)
                  2000ae2c    0000001a                 : spi.obj (.text:SPIDmaEnable)
                  2000ae46    0000001a                 : spi.obj (.text:SPIFIFODisable)
                  2000ae60    0000001a                 : spi.obj (.text:SPIFIFOEnable)
                  2000ae7a    0000001a                 : spi.obj (.text:SPIIntUnregister)
                  2000ae94    0000001a     simplelink.a : device.obj (.text:_SlDrvDeviceEventHandler)
                  2000aeae    00000018     driverlib.a : spi.obj (.text:SPICSDisable)
                  2000aec6    00000018                 : spi.obj (.text:SPICSEnable)
                  2000aede    00000018                 : spi.obj (.text:SPIDisable)
                  2000aef6    00000018                 : spi.obj (.text:SPIEnable)
                  2000af0e    00000002     --HOLE-- [fill = 0]
                  2000af10    00000018     rtsv7M4_T_le_eabi.lib : args_main.obj (.text)
                  2000af28    00000018                           : ll_mul_t2.obj (.text)
                  2000af40    00000016     driverlib.a : prcm.obj (.text:PRCMHIBRegRead)
                  2000af56    00000016                 : prcm.obj (.text:PRCMHIBRegWrite)
                  2000af6c    00000016                 : uart.obj (.text:UARTCharGet)
                  2000af82    00000016                 : udma.obj (.text:uDMAIntRegister)
                  2000af98    00000014                 : cpu.obj (.text:CPUcpsie)
                  2000afac    00000014                 : interrupt.obj (.text:IntVTableBaseSet)
                  2000afc0    00000014     simplelink.a : driver.obj (.text:_SlDrvShiftDWord)
                  2000afd4    00000014     rtsv7M4_T_le_eabi.lib : _lock.obj (.text)
                  2000afe8    00000014                           : strlen.obj (.text)
                  2000affc    00000014     driverlib.a : udma.obj (.text:uDMAControlBaseSet)
                  2000b010    00000014                 : udma.obj (.text:uDMAIntClear)
                  2000b024    00000012     rtsv7M4_T_le_eabi.lib : copy_zero_init.obj (.text:decompress:ZI)
                  2000b036    00000012     simplelink.a : netapp.obj (.text:sl_NetAppMDNSUnRegisterService)
                  2000b048    00000012     driverlib.a : udma.obj (.text:uDMAIntUnregister)
                  2000b05a    00000002     --HOLE-- [fill = 0]
                  2000b05c    00000010     simplelink.a : cc_pal.obj (.text:NwpMaskInterrupt)
                  2000b06c    0000000e     rtsv7M4_T_le_eabi.lib : copy_decompress_none.obj (.text:decompress:none)
                  2000b07a    0000000e                           : xdclass.obj (.text)
                  2000b088    0000000e     startup_ccs.obj (.text)
                  2000b096    00000002     --HOLE-- [fill = 0]
                  2000b098    0000000c     simplelink.a : cc_pal.obj (.text:NwpUnMaskInterrupt)
                  2000b0a4    0000000c     driverlib.a : udma.obj (.text:uDMADisable)
                  2000b0b0    0000000c                 : udma.obj (.text:uDMAEnable)
                  2000b0bc    0000000c                 : udma.obj (.text:uDMAIntStatus)
                  2000b0c8    0000000a                 : interrupt.obj (.text:IntMasterEnable)
                  2000b0d2    00000008     simplelink.a : nonos.obj (.text:_SlNonOsSemSet)
                  2000b0da    00000008                  : wlan.obj (.text:sl_WlanDisconnect)
                  2000b0e2    00000006     driverlib.a : utils.obj (.text:UtilsDelay)
                  2000b0e8    00000006     rtsv7M4_T_le_eabi.lib : copy_decompress_rle.obj (.text:decompress:rle24)

.const     0    2000b0f0    00000674     
                  2000b0f0    00000102     rtsv7M4_T_le_eabi.lib : ctype.obj (.const:.string:_ctypes_)
                  2000b1f2    00000002     --HOLE-- [fill = 0]
                  2000b1f4    00000100     driverlib.a : pin.obj (.const:g_ulPinToPadMap)
                  2000b2f4    000000ec     simplelink.a : wlan.obj (.const)
                  2000b3e0    000000d4     driverlib.a : interrupt.obj (.const:g_pulRegs)
                  2000b4b4    000000a8                 : prcm.obj (.const:PRCM_PeriphRegsList)
                  2000b55c    00000080                 : interrupt.obj (.const)
                  2000b5dc    0000004c     simplelink.a : driver.obj (.const)
                  2000b628    00000034                  : socket.obj (.const)
                  2000b65c    0000002c     main.obj (.const:$P$T1$2)
                  2000b688    00000028     simplelink.a : netapp.obj (.const)
                  2000b6b0    00000024     driverlib.a : spi.obj (.const:g_ppulSPIIntMap)
                  2000b6d4    00000022     main.obj (.const:.string:$P$T0$1)
                  2000b6f6    00000002     --HOLE-- [fill = 0]
                  2000b6f8    00000020     main.obj (.const)
                  2000b718    00000018     driverlib.a : spi.obj (.const)
                  2000b730    00000016     main.obj (.const:.string)
                  2000b746    00000002     --HOLE-- [fill = 0]
                  2000b748    00000014     simplelink.a : device.obj (.const)
                  2000b75c    00000008                  : netcfg.obj (.const)

.cinit     0    2000b768    00000078     
                  2000b768    00000051     (.cinit..data.load) [load image, compression = rle]
                  2000b7b9    00000003     --HOLE-- [fill = 0]
                  2000b7bc    0000000c     (__TI_handler_table)
                  2000b7c8    00000008     (.cinit..bss.load) [load image, compression = zero_init]
                  2000b7d0    00000010     (__TI_cinit_table)

.bss       0    20017000    00001068     UNINITIALIZED
                  20017000    00000578     spi.obj (.bss:myStrA)
                  20017578    00000578     spi.obj (.bss:myStrB)
                  20017af0    00000100     udma_if.obj (.bss:gfpAppCallbackHndl)
                  20017bf0    0000000c     (.common:cmd_buffer)
                  20017bfc    00000004     (.common:Reset_SYNC)
                  20017c00    00000400     udma_if.obj (.bss:gpCtlTbl)
                  20018000    00000028     simplelink.a : nonos.obj (.bss:g__SlNonOsCB)
                  20018028    00000024     main.obj (.bss:g_ucConnectionSSID)
                  2001804c    00000008     (.common:g_ucConnectionBSSID)
                  20018054    00000004     (.common:__Errorlog)
                  20018058    00000004     (.common:recvfromflag)
                  2001805c    00000004     (.common:rx_udp_server)
                  20018060    00000004     (.common:udploop)
                  20018064    00000002     (.common:ulRecvData)
                  20018066    00000001     (.common:g_cDummy)
                  20018067    00000001     (.common:iDone)

.sysmem    0    20018068    00000800     UNINITIALIZED
                  20018068    00000008     rtsv7M4_T_le_eabi.lib : memory.obj (.sysmem)
                  20018070    000007f8     --HOLE--

.data      0    20018868    00000258     UNINITIALIZED
                  20018868    00000170     simplelink.a : driver.obj (.data)
                  200189d8    0000005c                  : cc_pal.obj (.data)
                  20018a34    00000038     spi.obj (.data)
                  20018a6c    00000034     main.obj (.data)
                  20018aa0    0000000c     rtsv7M4_T_le_eabi.lib : memory.obj (.data)
                  20018aac    00000008                           : _lock.obj (.data)
                  20018ab4    00000008                           : exit.obj (.data)
                  20018abc    00000004                           : stkdepth_vars.obj (.data)

.stack     0    2002f800    00000800     UNINITIALIZED
                  2002f800    00000800     --HOLE--


LINKER GENERATED COPY TABLES

__TI_cinit_table @ 2000b7d0 records: 2, size/record: 8, table size: 16
	.data: load addr=2000b768, load size=00000051 bytes, run addr=20018868, run size=00000258 bytes, compression=rle
	.bss: load addr=2000b7c8, load size=00000008 bytes, run addr=20017000, run size=00001068 bytes, compression=zero_init


LINKER GENERATED HANDLER TABLE

__TI_handler_table @ 2000b7bc records: 3, size/record: 4, table size: 12
	index: 0, handler: __TI_decompress_rle24
	index: 1, handler: __TI_decompress_none
	index: 2, handler: __TI_zero_init


GLOBAL SYMBOLS: SORTED ALPHABETICALLY BY Name 

address    name
--------   ----
2000a49d   C$$EXIT
2000af99   CPUcpsie
20007065   ClearTerm
2000adc5   CopyPingResultsToReport
20007437   DMASetupTransfer
200072a7   DmaErrorIntHandler
2000ab41   DmaSpiSwIntHandler
20007291   DmaSwIntHandler
2000706f   Error
200070a7   GetCmd
20007025   InitTerm
20008ca9   IntDisable
20008d51   IntEnable
2000b0c9   IntMasterEnable
20009ee9   IntPendClear
20009ff1   IntPrioritySet
2000ac5d   IntRegister
2000ab65   IntUnregister
2000afad   IntVTableBaseSet
20007043   Message
2000b05d   NwpMaskInterrupt
2000a6e9   NwpPowerOff
2000a94d   NwpPowerOn
2000965d   NwpPowerOnPreamble
2000a7d9   NwpRegisterInterruptHandler
2000b099   NwpUnMaskInterrupt
20007f0d   PRCMCC3200MCUInit
2000af41   PRCMHIBRegRead
2000af57   PRCMHIBRegWrite
2000aac9   PRCMPeripheralClkDisable
2000a725   PRCMPeripheralClkEnable
20008fcd   PRCMPeripheralClockGet
20009f41   PRCMPeripheralReset
2000a849   PRCMPeripheralStatusGet
2000aa9d   PRCMSysResetCauseGet
200092ad   PinConfigSet
2000a569   PinModeSet
2000a415   PinMuxConfig
2000addf   PinTypeSPI
2000adf9   PinTypeUART
200071d1   Report
2000b089   ResetISR
20017bfc   Reset_SYNC
UNDEFED    SHT$$INIT_ARRAY$$Base
UNDEFED    SHT$$INIT_ARRAY$$Limit
2000aeaf   SPICSDisable
2000aec7   SPICSEnable
20008df9   SPIConfigSetExpClk
2000ac7d   SPIDataGet
2000acdd   SPIDataPut
2000aedf   SPIDisable
2000ae13   SPIDmaDisable
2000ae2d   SPIDmaEnable
2000aef7   SPIEnable
2000ae47   SPIFIFODisable
2000ae61   SPIFIFOEnable
2000a87d   SPIFIFOLevelSet
2000a2f9   SPIIntClear
2000a099   SPIIntDisable
2000a0e5   SPIIntEnable
2000acfb   SPIIntRegister
200096dd   SPIIntStatus
2000ae7b   SPIIntUnregister
2000ac19   SPIReset
2000ac3b   SPIWordCountSet
20007339   SetupTransfer
200054c9   SimpleLinkGeneralEventHandler
2000551d   SimpleLinkHttpServerCallback
20005409   SimpleLinkNetAppEventHandler
20005529   SimpleLinkSockEventHandler
200052f9   SimpleLinkWlanEventHandler
200062bb   SlaveMain
20007139   TrimSpace
2000af6d   UARTCharGet
2000ad19   UARTCharPut
200099b5   UARTConfigSetExpClk
2000a97d   UARTDisable
2000ab89   UARTEnable
2000730b   UDMAChannelSelect
20007423   UDMADeInit
200072b3   UDMAInit
2000737d   UDMASetupAutoMemTransfer
200073b1   UDMASetupPingPongTransfer
2000740b   UDMAStartTransfer
20007417   UDMAStopTransfer
20005b0d   UdpServer
2000b0e3   UtilsDelay
2000b07b   _Dclass
2000a4e1   _Dtest
2000b648   _SlAcceptCmdCtrl
2000b5f0   _SlActionLookupTable
20006cd9   _SlAsyncEventGenericHandler
2000b754   _SlDeviceGetCmdCtrl
2000b758   _SlDeviceSetCmdCtrl
2000a8b1   _SlDrvBasicCmd
20009061   _SlDrvClassifyRxMsg
20009335   _SlDrvCmdOp
2000ac9d   _SlDrvCmdSend
200079d9   _SlDrvDataReadOp
20007b55   _SlDrvDataWriteOp
2000ae95   _SlDrvDeviceEventHandler
20009d15   _SlDrvDriverCBDeinit
2000921d   _SlDrvDriverCBInit
2000a9ad   _SlDrvFlowContDeinit
2000a9dd   _SlDrvFlowContInit
20006925   _SlDrvMsgRead
200089d9   _SlDrvMsgReadCmdCtx
200090f5   _SlDrvMsgReadSpawnCtx
20008281   _SlDrvMsgWrite
20008b49   _SlDrvNetAppEventHandler
2000ad39   _SlDrvObjDeInit
2000a761   _SlDrvObjInit
20008395   _SlDrvReleasePoolObj
20007c95   _SlDrvRxHdrRead
2000a5a9   _SlDrvRxIrqHandler
2000afc1   _SlDrvShiftDWord
20008169   _SlDrvWaitForPoolObj
2000b750   _SlEventMaskGetCmdCtrl
2000b74c   _SlEventMaskSetCmdCtrl
20008f35   _SlFindAndSetActiveObj
2000b6a0   _SlGetHostByNameCtrl
2000b69c   _SlGetHostByServiceCtrl
2000b694   _SlGetServiceListeCtrl
2000b654   _SlGetSockOptCmdCtrl
2000b644   _SlListenCmdCtrl
2000b6ac   _SlNetAppGetCmdCtrl
2000b6a8   _SlNetAppSendTokenValueCmdCtrl
2000b6a4   _SlNetAppSetCmdCtrl
2000b68c   _SlNetAppStartCtrl
2000b690   _SlNetAppStopCtrl
2000b760   _SlNetCfgGetCmdCtrl
2000b75c   _SlNetCfgSetCmdCtrl
2000a5e9   _SlNonOsMainLoopTask
2000aa0d   _SlNonOsSemGet
2000b0d3   _SlNonOsSemSet
2000acbd   _SlNonOsSpawn
2000b2fc   _SlPolicyGetCmdCtrl
2000b2f8   _SlPolicySetCmdCtrl
2000b304   _SlProfileDelCmdCtrl
2000b300   _SlProfileGetCmdCtrl
2000b64c   _SlRecvCmdCtrl
2000b63c   _SlRecvfomCmdCtrl
2000b698   _SlRegisterServiceCtrl
2000a629   _SlRemoveFromList
2000b30c   _SlRxFilterAddtCmdCtrl
2000b314   _SlRxFilterGetCmdCtrl
2000b310   _SlRxFilterSetCmdCtrl
2000b658   _SlSelectCmdCtrl
2000b640   _SlSendCmdCtrl
2000b650   _SlSetSockOptCmdCtrl
2000b318   _SlSmartConfigStartCmdCtrl
2000b638   _SlSockCloseCmdCtrl
2000b634   _SlSockSocketCmdCtrl
2000b748   _SlStopCmdCtrl
2000b324   _SlWlanCfgGetCmdCtrl
2000b320   _SlWlanCfgSetCmdCtrl
2000b308   _SlWlanGetNetworkListCtrl
2000b31c   _SlWlanSetModeCmdCtrl
20030000   __STACK_END
00000800   __STACK_SIZE
00000800   __SYSMEM_SIZE
2000b7d0   __TI_CINIT_Base
2000b7e0   __TI_CINIT_Limit
2000b7bc   __TI_Handler_Table_Base
2000b7c8   __TI_Handler_Table_Limit
00000001   __TI_args_main
20009189   __TI_auto_init
20018ab4   __TI_cleanup_ptr
2000b06d   __TI_decompress_none
2000b0e9   __TI_decompress_rle24
20018ab8   __TI_dtors_ptr
20004fb7   __TI_printfi
2000b768   __TI_static_base__
2000b025   __TI_zero_init
200094cd   __aeabi_cdcmpeq
200094cd   __aeabi_cdcmple
20009553   __aeabi_cdrcmple
2000a341   __aeabi_d2iz
2000768f   __aeabi_dadd
20007dd5   __aeabi_ddiv
200084a1   __aeabi_dmul
20007685   __aeabi_dsub
2000aa6d   __aeabi_i2d
2000af29   __aeabi_lmul
2000993d   __aeabi_memclr
2000993d   __aeabi_memclr4
2000993d   __aeabi_memclr8
20008e99   __aeabi_memcpy
20008e99   __aeabi_memcpy4
20008e99   __aeabi_memcpy8
2000993f   __aeabi_memset
2000993f   __aeabi_memset4
2000993f   __aeabi_memset8
20007491   __aeabi_uldivmod
ffffffff   __binit__
ffffffff   __c_args__
2002f800   __stack
2000af11   _args_main
2000a8e5   _c_int00
2000b0f0   _ctypes_
20018aac   _lock
2000afe3   _nop
2000afdb   _register_lock
2000afd5   _register_unlock
2000aaf1   _sl_BuildAddress
2000a2ad   _sl_GetStartResponseConvert
20009b7d   _sl_HandleAsync_Accept
20009b11   _sl_HandleAsync_Connect
200095d9   _sl_HandleAsync_DnsGetHostByName
20009be5   _sl_HandleAsync_DnsGetHostByService
2000984d   _sl_HandleAsync_InitComplete
200098c5   _sl_HandleAsync_PingResponse
20009dd5   _sl_HandleAsync_Select
20009f99   _sl_HandleAsync_Stop
20009aa1   _sl_TruncatePayloadByProtocol
20018068   _sys_memory
20018ab0   _unlock
2000a4a1   abort
2000a17d   atoi
ffffffff   binit
20018a34   c_full
200068ed   calloc
20018a44   check_cmd
20018a68   check_frame_start
20018a40   chk_bufa_flag
20018a5c   cmd_ack
20018a60   cmd_ackcheck
20017bf0   cmd_buffer
20018a64   cmd_index
20018a4c   cmd_sent
2000a459   copy_in
2000a4a9   exit
20018a3c   flag
20018a50   flow_ctrl
20006491   frame_sync
20006647   free
2001886c   gFirstCmdMode
2000b5e8   g_H2NCnysPattern
2000b5e0   g_H2NSyncPattern
200189d8   g_SpiFd
20018874   g_StatMem
20018000   g__SlNonOsCB
20018066   g_cDummy
20018870   g_pCB
200189dc   g_pHostIntHdl
20004000   g_pfnVectors
2001804c   g_ucConnectionBSSID
20018028   g_ucConnectionSSID
200189e0   g_ucDMAEnabled
200189e4   g_ucDinDout
20018a80   g_ucSimplelinkstarted
20018a78   g_uiPortNum
20018a74   g_ulDestinationIp
20018a70   g_ulGatewayIP
20018a84   g_ulIpAddr
20018a7c   g_ulPacketCount
20018a6c   g_ulStatus
20018a48   get_sync_cmd_resp
20017af0   gfpAppCallbackHndl
20017c00   gpCtlTbl
20018067   iDone
20018a38   index
20009e8d   ltoa
20005ef1   main
20018abc   main_func_sp
200065e5   malloc
2000680d   memalign
2000ad55   memccpy
20008e99   memcpy
2000abad   memmove
20009945   memset
20006559   minit
200052c1   ms_delay
20017000   myStrA
20017578   myStrB
20018a94   num
20018868   pPingCallBackFunc
20006707   realloc
20018a54   recv_ping_packet
20018a58   recv_pong_packet
20018058   recvfromflag
20006409   reset_sync_spi
2001805c   rx_udp_server
20006367   send_cmd
20009e31   sl_Bind
2000abd1   sl_Close
20009759   sl_DevGet
2000a811   sl_Htonl
2000a919   sl_Htons
20009445   sl_NetAppMDNSRegisterUnregisterService
2000b037   sl_NetAppMDNSUnRegisterService
2000a045   sl_NetAppSendTokenValue
2000a525   sl_NetCfgSet
20008bfd   sl_RecvFrom
20008a95   sl_SendTo
2000a1c9   sl_SetSockOpt
2000aa3d   sl_Socket
20008911   sl_Start
20008779   sl_Stop
2000783d   sl_WlanConnect
2000b0db   sl_WlanDisconnect
2000a669   sl_WlanPolicySet
2000abf5   sl_WlanProfileDel
2000a6a9   sl_WlanRxFilterSet
2000a389   sl_WlanSet
2000ab19   sl_WlanSetMode
20006509   spi
20009a2d   spi_Close
20008041   spi_Open
20008845   spi_Read
2000868d   spi_Write
2000afe9   strlen
20018a9c   tempCnt
20018a98   timerValue
2000a215   uDMAChannelAssign
20009c4d   uDMAChannelAttributeDisable
20009cb1   uDMAChannelAttributeEnable
2000a79d   uDMAChannelControlSet
2000ad71   uDMAChannelDisable
2000ad8d   uDMAChannelEnable
2000a261   uDMAChannelModeGet
2000ada9   uDMAChannelRequest
2000859d   uDMAChannelTransferSet
2000affd   uDMAControlBaseSet
2000b0a5   uDMADisable
2000b0b1   uDMAEnable
2000b011   uDMAIntClear
2000af83   uDMAIntRegister
2000b0bd   uDMAIntStatus
2000b049   uDMAIntUnregister
20018a88   udp_str
20018060   udploop
20018064   ulRecvData
200093bd   vsnprintf


GLOBAL SYMBOLS: SORTED BY Symbol Address 

address    name
--------   ----
00000001   __TI_args_main
00000800   __STACK_SIZE
00000800   __SYSMEM_SIZE
20004000   g_pfnVectors
20004fb7   __TI_printfi
200052c1   ms_delay
200052f9   SimpleLinkWlanEventHandler
20005409   SimpleLinkNetAppEventHandler
200054c9   SimpleLinkGeneralEventHandler
2000551d   SimpleLinkHttpServerCallback
20005529   SimpleLinkSockEventHandler
20005b0d   UdpServer
20005ef1   main
200062bb   SlaveMain
20006367   send_cmd
20006409   reset_sync_spi
20006491   frame_sync
20006509   spi
20006559   minit
200065e5   malloc
20006647   free
20006707   realloc
2000680d   memalign
200068ed   calloc
20006925   _SlDrvMsgRead
20006cd9   _SlAsyncEventGenericHandler
20007025   InitTerm
20007043   Message
20007065   ClearTerm
2000706f   Error
200070a7   GetCmd
20007139   TrimSpace
200071d1   Report
20007291   DmaSwIntHandler
200072a7   DmaErrorIntHandler
200072b3   UDMAInit
2000730b   UDMAChannelSelect
20007339   SetupTransfer
2000737d   UDMASetupAutoMemTransfer
200073b1   UDMASetupPingPongTransfer
2000740b   UDMAStartTransfer
20007417   UDMAStopTransfer
20007423   UDMADeInit
20007437   DMASetupTransfer
20007491   __aeabi_uldivmod
20007685   __aeabi_dsub
2000768f   __aeabi_dadd
2000783d   sl_WlanConnect
200079d9   _SlDrvDataReadOp
20007b55   _SlDrvDataWriteOp
20007c95   _SlDrvRxHdrRead
20007dd5   __aeabi_ddiv
20007f0d   PRCMCC3200MCUInit
20008041   spi_Open
20008169   _SlDrvWaitForPoolObj
20008281   _SlDrvMsgWrite
20008395   _SlDrvReleasePoolObj
200084a1   __aeabi_dmul
2000859d   uDMAChannelTransferSet
2000868d   spi_Write
20008779   sl_Stop
20008845   spi_Read
20008911   sl_Start
200089d9   _SlDrvMsgReadCmdCtx
20008a95   sl_SendTo
20008b49   _SlDrvNetAppEventHandler
20008bfd   sl_RecvFrom
20008ca9   IntDisable
20008d51   IntEnable
20008df9   SPIConfigSetExpClk
20008e99   __aeabi_memcpy
20008e99   __aeabi_memcpy4
20008e99   __aeabi_memcpy8
20008e99   memcpy
20008f35   _SlFindAndSetActiveObj
20008fcd   PRCMPeripheralClockGet
20009061   _SlDrvClassifyRxMsg
200090f5   _SlDrvMsgReadSpawnCtx
20009189   __TI_auto_init
2000921d   _SlDrvDriverCBInit
200092ad   PinConfigSet
20009335   _SlDrvCmdOp
200093bd   vsnprintf
20009445   sl_NetAppMDNSRegisterUnregisterService
200094cd   __aeabi_cdcmpeq
200094cd   __aeabi_cdcmple
20009553   __aeabi_cdrcmple
200095d9   _sl_HandleAsync_DnsGetHostByName
2000965d   NwpPowerOnPreamble
200096dd   SPIIntStatus
20009759   sl_DevGet
2000984d   _sl_HandleAsync_InitComplete
200098c5   _sl_HandleAsync_PingResponse
2000993d   __aeabi_memclr
2000993d   __aeabi_memclr4
2000993d   __aeabi_memclr8
2000993f   __aeabi_memset
2000993f   __aeabi_memset4
2000993f   __aeabi_memset8
20009945   memset
200099b5   UARTConfigSetExpClk
20009a2d   spi_Close
20009aa1   _sl_TruncatePayloadByProtocol
20009b11   _sl_HandleAsync_Connect
20009b7d   _sl_HandleAsync_Accept
20009be5   _sl_HandleAsync_DnsGetHostByService
20009c4d   uDMAChannelAttributeDisable
20009cb1   uDMAChannelAttributeEnable
20009d15   _SlDrvDriverCBDeinit
20009dd5   _sl_HandleAsync_Select
20009e31   sl_Bind
20009e8d   ltoa
20009ee9   IntPendClear
20009f41   PRCMPeripheralReset
20009f99   _sl_HandleAsync_Stop
20009ff1   IntPrioritySet
2000a045   sl_NetAppSendTokenValue
2000a099   SPIIntDisable
2000a0e5   SPIIntEnable
2000a17d   atoi
2000a1c9   sl_SetSockOpt
2000a215   uDMAChannelAssign
2000a261   uDMAChannelModeGet
2000a2ad   _sl_GetStartResponseConvert
2000a2f9   SPIIntClear
2000a341   __aeabi_d2iz
2000a389   sl_WlanSet
2000a415   PinMuxConfig
2000a459   copy_in
2000a49d   C$$EXIT
2000a4a1   abort
2000a4a9   exit
2000a4e1   _Dtest
2000a525   sl_NetCfgSet
2000a569   PinModeSet
2000a5a9   _SlDrvRxIrqHandler
2000a5e9   _SlNonOsMainLoopTask
2000a629   _SlRemoveFromList
2000a669   sl_WlanPolicySet
2000a6a9   sl_WlanRxFilterSet
2000a6e9   NwpPowerOff
2000a725   PRCMPeripheralClkEnable
2000a761   _SlDrvObjInit
2000a79d   uDMAChannelControlSet
2000a7d9   NwpRegisterInterruptHandler
2000a811   sl_Htonl
2000a849   PRCMPeripheralStatusGet
2000a87d   SPIFIFOLevelSet
2000a8b1   _SlDrvBasicCmd
2000a8e5   _c_int00
2000a919   sl_Htons
2000a94d   NwpPowerOn
2000a97d   UARTDisable
2000a9ad   _SlDrvFlowContDeinit
2000a9dd   _SlDrvFlowContInit
2000aa0d   _SlNonOsSemGet
2000aa3d   sl_Socket
2000aa6d   __aeabi_i2d
2000aa9d   PRCMSysResetCauseGet
2000aac9   PRCMPeripheralClkDisable
2000aaf1   _sl_BuildAddress
2000ab19   sl_WlanSetMode
2000ab41   DmaSpiSwIntHandler
2000ab65   IntUnregister
2000ab89   UARTEnable
2000abad   memmove
2000abd1   sl_Close
2000abf5   sl_WlanProfileDel
2000ac19   SPIReset
2000ac3b   SPIWordCountSet
2000ac5d   IntRegister
2000ac7d   SPIDataGet
2000ac9d   _SlDrvCmdSend
2000acbd   _SlNonOsSpawn
2000acdd   SPIDataPut
2000acfb   SPIIntRegister
2000ad19   UARTCharPut
2000ad39   _SlDrvObjDeInit
2000ad55   memccpy
2000ad71   uDMAChannelDisable
2000ad8d   uDMAChannelEnable
2000ada9   uDMAChannelRequest
2000adc5   CopyPingResultsToReport
2000addf   PinTypeSPI
2000adf9   PinTypeUART
2000ae13   SPIDmaDisable
2000ae2d   SPIDmaEnable
2000ae47   SPIFIFODisable
2000ae61   SPIFIFOEnable
2000ae7b   SPIIntUnregister
2000ae95   _SlDrvDeviceEventHandler
2000aeaf   SPICSDisable
2000aec7   SPICSEnable
2000aedf   SPIDisable
2000aef7   SPIEnable
2000af11   _args_main
2000af29   __aeabi_lmul
2000af41   PRCMHIBRegRead
2000af57   PRCMHIBRegWrite
2000af6d   UARTCharGet
2000af83   uDMAIntRegister
2000af99   CPUcpsie
2000afad   IntVTableBaseSet
2000afc1   _SlDrvShiftDWord
2000afd5   _register_unlock
2000afdb   _register_lock
2000afe3   _nop
2000afe9   strlen
2000affd   uDMAControlBaseSet
2000b011   uDMAIntClear
2000b025   __TI_zero_init
2000b037   sl_NetAppMDNSUnRegisterService
2000b049   uDMAIntUnregister
2000b05d   NwpMaskInterrupt
2000b06d   __TI_decompress_none
2000b07b   _Dclass
2000b089   ResetISR
2000b099   NwpUnMaskInterrupt
2000b0a5   uDMADisable
2000b0b1   uDMAEnable
2000b0bd   uDMAIntStatus
2000b0c9   IntMasterEnable
2000b0d3   _SlNonOsSemSet
2000b0db   sl_WlanDisconnect
2000b0e3   UtilsDelay
2000b0e9   __TI_decompress_rle24
2000b0f0   _ctypes_
2000b2f8   _SlPolicySetCmdCtrl
2000b2fc   _SlPolicyGetCmdCtrl
2000b300   _SlProfileGetCmdCtrl
2000b304   _SlProfileDelCmdCtrl
2000b308   _SlWlanGetNetworkListCtrl
2000b30c   _SlRxFilterAddtCmdCtrl
2000b310   _SlRxFilterSetCmdCtrl
2000b314   _SlRxFilterGetCmdCtrl
2000b318   _SlSmartConfigStartCmdCtrl
2000b31c   _SlWlanSetModeCmdCtrl
2000b320   _SlWlanCfgSetCmdCtrl
2000b324   _SlWlanCfgGetCmdCtrl
2000b5e0   g_H2NSyncPattern
2000b5e8   g_H2NCnysPattern
2000b5f0   _SlActionLookupTable
2000b634   _SlSockSocketCmdCtrl
2000b638   _SlSockCloseCmdCtrl
2000b63c   _SlRecvfomCmdCtrl
2000b640   _SlSendCmdCtrl
2000b644   _SlListenCmdCtrl
2000b648   _SlAcceptCmdCtrl
2000b64c   _SlRecvCmdCtrl
2000b650   _SlSetSockOptCmdCtrl
2000b654   _SlGetSockOptCmdCtrl
2000b658   _SlSelectCmdCtrl
2000b68c   _SlNetAppStartCtrl
2000b690   _SlNetAppStopCtrl
2000b694   _SlGetServiceListeCtrl
2000b698   _SlRegisterServiceCtrl
2000b69c   _SlGetHostByServiceCtrl
2000b6a0   _SlGetHostByNameCtrl
2000b6a4   _SlNetAppSetCmdCtrl
2000b6a8   _SlNetAppSendTokenValueCmdCtrl
2000b6ac   _SlNetAppGetCmdCtrl
2000b748   _SlStopCmdCtrl
2000b74c   _SlEventMaskSetCmdCtrl
2000b750   _SlEventMaskGetCmdCtrl
2000b754   _SlDeviceGetCmdCtrl
2000b758   _SlDeviceSetCmdCtrl
2000b75c   _SlNetCfgSetCmdCtrl
2000b760   _SlNetCfgGetCmdCtrl
2000b768   __TI_static_base__
2000b7bc   __TI_Handler_Table_Base
2000b7c8   __TI_Handler_Table_Limit
2000b7d0   __TI_CINIT_Base
2000b7e0   __TI_CINIT_Limit
20017000   myStrA
20017578   myStrB
20017af0   gfpAppCallbackHndl
20017bf0   cmd_buffer
20017bfc   Reset_SYNC
20017c00   gpCtlTbl
20018000   g__SlNonOsCB
20018028   g_ucConnectionSSID
2001804c   g_ucConnectionBSSID
20018058   recvfromflag
2001805c   rx_udp_server
20018060   udploop
20018064   ulRecvData
20018066   g_cDummy
20018067   iDone
20018068   _sys_memory
20018868   pPingCallBackFunc
2001886c   gFirstCmdMode
20018870   g_pCB
20018874   g_StatMem
200189d8   g_SpiFd
200189dc   g_pHostIntHdl
200189e0   g_ucDMAEnabled
200189e4   g_ucDinDout
20018a34   c_full
20018a38   index
20018a3c   flag
20018a40   chk_bufa_flag
20018a44   check_cmd
20018a48   get_sync_cmd_resp
20018a4c   cmd_sent
20018a50   flow_ctrl
20018a54   recv_ping_packet
20018a58   recv_pong_packet
20018a5c   cmd_ack
20018a60   cmd_ackcheck
20018a64   cmd_index
20018a68   check_frame_start
20018a6c   g_ulStatus
20018a70   g_ulGatewayIP
20018a74   g_ulDestinationIp
20018a78   g_uiPortNum
20018a7c   g_ulPacketCount
20018a80   g_ucSimplelinkstarted
20018a84   g_ulIpAddr
20018a88   udp_str
20018a94   num
20018a98   timerValue
20018a9c   tempCnt
20018aac   _lock
20018ab0   _unlock
20018ab4   __TI_cleanup_ptr
20018ab8   __TI_dtors_ptr
20018abc   main_func_sp
2002f800   __stack
20030000   __STACK_END
ffffffff   __binit__
ffffffff   __c_args__
ffffffff   binit
UNDEFED    SHT$$INIT_ARRAY$$Base
UNDEFED    SHT$$INIT_ARRAY$$Limit

[334 symbols]
