<?xml version="1.0"?>
<link_info>
   <banner>TI ARM Linker PC v5.1.6</banner>
   <copyright>Copyright (c) 1996-2014 Texas Instruments Incorporated</copyright>
   <link_time>0x565c1795</link_time>
   <link_errors>0x0</link_errors>
   <output_file>udp_socket.out</output_file>
   <entry_point>
      <name>_c_int00</name>
      <address>0x2000a8e5</address>
   </entry_point>
   <input_file_list>
      <input_file id="fl-2">
         <path>.\</path>
         <kind>object</kind>
         <file>main.obj</file>
         <name>main.obj</name>
      </input_file>
      <input_file id="fl-3">
         <path>.\</path>
         <kind>object</kind>
         <file>pinmux.obj</file>
         <name>pinmux.obj</name>
      </input_file>
      <input_file id="fl-4">
         <path>.\</path>
         <kind>object</kind>
         <file>spi.obj</file>
         <name>spi.obj</name>
      </input_file>
      <input_file id="fl-5">
         <path>.\</path>
         <kind>object</kind>
         <file>startup_ccs.obj</file>
         <name>startup_ccs.obj</name>
      </input_file>
      <input_file id="fl-6">
         <path>.\</path>
         <kind>object</kind>
         <file>timer_if.obj</file>
         <name>timer_if.obj</name>
      </input_file>
      <input_file id="fl-7">
         <path>.\</path>
         <kind>object</kind>
         <file>uart_if.obj</file>
         <name>uart_if.obj</name>
      </input_file>
      <input_file id="fl-8">
         <path>.\</path>
         <kind>object</kind>
         <file>udma_if.obj</file>
         <name>udma_if.obj</name>
      </input_file>
      <input_file id="fl-137">
         <path>c:\ti\ccsv6\tools\compiler\arm_5.1.6\lib\</path>
         <kind>archive</kind>
         <file>rtsv7M4_T_le_eabi.lib</file>
         <name>boot.obj</name>
      </input_file>
      <input_file id="fl-138">
         <path>c:\ti\ccsv6\tools\compiler\arm_5.1.6\lib\</path>
         <kind>archive</kind>
         <file>rtsv7M4_T_le_eabi.lib</file>
         <name>copy_decompress_none.obj</name>
      </input_file>
      <input_file id="fl-139">
         <path>c:\ti\ccsv6\tools\compiler\arm_5.1.6\lib\</path>
         <kind>archive</kind>
         <file>rtsv7M4_T_le_eabi.lib</file>
         <name>copy_decompress_rle.obj</name>
      </input_file>
      <input_file id="fl-13a">
         <path>c:\ti\ccsv6\tools\compiler\arm_5.1.6\lib\</path>
         <kind>archive</kind>
         <file>rtsv7M4_T_le_eabi.lib</file>
         <name>copy_zero_init.obj</name>
      </input_file>
      <input_file id="fl-13b">
         <path>c:\ti\ccsv6\tools\compiler\arm_5.1.6\lib\</path>
         <kind>archive</kind>
         <file>rtsv7M4_T_le_eabi.lib</file>
         <name>exit.obj</name>
      </input_file>
      <input_file id="fl-13c">
         <path>c:\ti\ccsv6\tools\compiler\arm_5.1.6\lib\</path>
         <kind>archive</kind>
         <file>rtsv7M4_T_le_eabi.lib</file>
         <name>memcpy_t2.obj</name>
      </input_file>
      <input_file id="fl-13d">
         <path>c:\ti\ccsv6\tools\compiler\arm_5.1.6\lib\</path>
         <kind>archive</kind>
         <file>rtsv7M4_T_le_eabi.lib</file>
         <name>memmov.obj</name>
      </input_file>
      <input_file id="fl-13e">
         <path>c:\ti\ccsv6\tools\compiler\arm_5.1.6\lib\</path>
         <kind>archive</kind>
         <file>rtsv7M4_T_le_eabi.lib</file>
         <name>memory.obj</name>
      </input_file>
      <input_file id="fl-13f">
         <path>c:\ti\ccsv6\tools\compiler\arm_5.1.6\lib\</path>
         <kind>archive</kind>
         <file>rtsv7M4_T_le_eabi.lib</file>
         <name>memset_t2.obj</name>
      </input_file>
      <input_file id="fl-140">
         <path>c:\ti\ccsv6\tools\compiler\arm_5.1.6\lib\</path>
         <kind>archive</kind>
         <file>rtsv7M4_T_le_eabi.lib</file>
         <name>stkdepth_vars.obj</name>
      </input_file>
      <input_file id="fl-141">
         <path>c:\ti\ccsv6\tools\compiler\arm_5.1.6\lib\</path>
         <kind>archive</kind>
         <file>rtsv7M4_T_le_eabi.lib</file>
         <name>strlen.obj</name>
      </input_file>
      <input_file id="fl-142">
         <path>c:\ti\ccsv6\tools\compiler\arm_5.1.6\lib\</path>
         <kind>archive</kind>
         <file>rtsv7M4_T_le_eabi.lib</file>
         <name>vsnprintf.obj</name>
      </input_file>
      <input_file id="fl-143">
         <path>c:\ti\ccsv6\tools\compiler\arm_5.1.6\lib\</path>
         <kind>archive</kind>
         <file>rtsv7M4_T_le_eabi.lib</file>
         <name>_lock.obj</name>
      </input_file>
      <input_file id="fl-144">
         <path>c:\ti\ccsv6\tools\compiler\arm_5.1.6\lib\</path>
         <kind>archive</kind>
         <file>rtsv7M4_T_le_eabi.lib</file>
         <name>_printfi.obj</name>
      </input_file>
      <input_file id="fl-145">
         <path>c:\ti\ccsv6\tools\compiler\arm_5.1.6\lib\</path>
         <kind>archive</kind>
         <file>rtsv7M4_T_le_eabi.lib</file>
         <name>args_main.obj</name>
      </input_file>
      <input_file id="fl-146">
         <path>c:\ti\ccsv6\tools\compiler\arm_5.1.6\lib\</path>
         <kind>archive</kind>
         <file>rtsv7M4_T_le_eabi.lib</file>
         <name>atoi.obj</name>
      </input_file>
      <input_file id="fl-147">
         <path>c:\ti\ccsv6\tools\compiler\arm_5.1.6\lib\</path>
         <kind>archive</kind>
         <file>rtsv7M4_T_le_eabi.lib</file>
         <name>auto_init.obj</name>
      </input_file>
      <input_file id="fl-148">
         <path>c:\ti\ccsv6\tools\compiler\arm_5.1.6\lib\</path>
         <kind>archive</kind>
         <file>rtsv7M4_T_le_eabi.lib</file>
         <name>cpy_tbl.obj</name>
      </input_file>
      <input_file id="fl-149">
         <path>c:\ti\ccsv6\tools\compiler\arm_5.1.6\lib\</path>
         <kind>archive</kind>
         <file>rtsv7M4_T_le_eabi.lib</file>
         <name>ctype.obj</name>
      </input_file>
      <input_file id="fl-14a">
         <path>c:\ti\ccsv6\tools\compiler\arm_5.1.6\lib\</path>
         <kind>archive</kind>
         <file>rtsv7M4_T_le_eabi.lib</file>
         <name>fd_add_t2.obj</name>
      </input_file>
      <input_file id="fl-14b">
         <path>c:\ti\ccsv6\tools\compiler\arm_5.1.6\lib\</path>
         <kind>archive</kind>
         <file>rtsv7M4_T_le_eabi.lib</file>
         <name>fd_cmp_t2.obj</name>
      </input_file>
      <input_file id="fl-14c">
         <path>c:\ti\ccsv6\tools\compiler\arm_5.1.6\lib\</path>
         <kind>archive</kind>
         <file>rtsv7M4_T_le_eabi.lib</file>
         <name>fd_div_t2.obj</name>
      </input_file>
      <input_file id="fl-14d">
         <path>c:\ti\ccsv6\tools\compiler\arm_5.1.6\lib\</path>
         <kind>archive</kind>
         <file>rtsv7M4_T_le_eabi.lib</file>
         <name>fd_mul_t2.obj</name>
      </input_file>
      <input_file id="fl-14e">
         <path>c:\ti\ccsv6\tools\compiler\arm_5.1.6\lib\</path>
         <kind>archive</kind>
         <file>rtsv7M4_T_le_eabi.lib</file>
         <name>fd_toi_t2.obj</name>
      </input_file>
      <input_file id="fl-14f">
         <path>c:\ti\ccsv6\tools\compiler\arm_5.1.6\lib\</path>
         <kind>archive</kind>
         <file>rtsv7M4_T_le_eabi.lib</file>
         <name>i_tofd_t2.obj</name>
      </input_file>
      <input_file id="fl-150">
         <path>c:\ti\ccsv6\tools\compiler\arm_5.1.6\lib\</path>
         <kind>archive</kind>
         <file>rtsv7M4_T_le_eabi.lib</file>
         <name>ll_mul_t2.obj</name>
      </input_file>
      <input_file id="fl-151">
         <path>c:\ti\ccsv6\tools\compiler\arm_5.1.6\lib\</path>
         <kind>archive</kind>
         <file>rtsv7M4_T_le_eabi.lib</file>
         <name>ltoa.obj</name>
      </input_file>
      <input_file id="fl-152">
         <path>c:\ti\ccsv6\tools\compiler\arm_5.1.6\lib\</path>
         <kind>archive</kind>
         <file>rtsv7M4_T_le_eabi.lib</file>
         <name>memccpy.obj</name>
      </input_file>
      <input_file id="fl-153">
         <path>c:\ti\ccsv6\tools\compiler\arm_5.1.6\lib\</path>
         <kind>archive</kind>
         <file>rtsv7M4_T_le_eabi.lib</file>
         <name>ull_div_t2.obj</name>
      </input_file>
      <input_file id="fl-154">
         <path>c:\ti\ccsv6\tools\compiler\arm_5.1.6\lib\</path>
         <kind>archive</kind>
         <file>rtsv7M4_T_le_eabi.lib</file>
         <name>xdclass.obj</name>
      </input_file>
      <input_file id="fl-155">
         <path>c:\ti\ccsv6\tools\compiler\arm_5.1.6\lib\</path>
         <kind>archive</kind>
         <file>rtsv7M4_T_le_eabi.lib</file>
         <name>xdtest.obj</name>
      </input_file>
      <input_file id="fl-156">
         <path>C:\ti\CC3200SDK_1.0.0\cc3200-sdk\example\udp_socket\ccs\\..\..\..\simplelink\ccs\NON_OS\</path>
         <kind>archive</kind>
         <file>simplelink.a</file>
         <name>device.obj</name>
      </input_file>
      <input_file id="fl-157">
         <path>C:\ti\CC3200SDK_1.0.0\cc3200-sdk\example\udp_socket\ccs\\..\..\..\simplelink\ccs\NON_OS\</path>
         <kind>archive</kind>
         <file>simplelink.a</file>
         <name>driver.obj</name>
      </input_file>
      <input_file id="fl-158">
         <path>C:\ti\CC3200SDK_1.0.0\cc3200-sdk\example\udp_socket\ccs\\..\..\..\simplelink\ccs\NON_OS\</path>
         <kind>archive</kind>
         <file>simplelink.a</file>
         <name>flowcont.obj</name>
      </input_file>
      <input_file id="fl-159">
         <path>C:\ti\CC3200SDK_1.0.0\cc3200-sdk\example\udp_socket\ccs\\..\..\..\simplelink\ccs\NON_OS\</path>
         <kind>archive</kind>
         <file>simplelink.a</file>
         <name>netapp.obj</name>
      </input_file>
      <input_file id="fl-15a">
         <path>C:\ti\CC3200SDK_1.0.0\cc3200-sdk\example\udp_socket\ccs\\..\..\..\simplelink\ccs\NON_OS\</path>
         <kind>archive</kind>
         <file>simplelink.a</file>
         <name>netcfg.obj</name>
      </input_file>
      <input_file id="fl-15b">
         <path>C:\ti\CC3200SDK_1.0.0\cc3200-sdk\example\udp_socket\ccs\\..\..\..\simplelink\ccs\NON_OS\</path>
         <kind>archive</kind>
         <file>simplelink.a</file>
         <name>nonos.obj</name>
      </input_file>
      <input_file id="fl-15c">
         <path>C:\ti\CC3200SDK_1.0.0\cc3200-sdk\example\udp_socket\ccs\\..\..\..\simplelink\ccs\NON_OS\</path>
         <kind>archive</kind>
         <file>simplelink.a</file>
         <name>socket.obj</name>
      </input_file>
      <input_file id="fl-15d">
         <path>C:\ti\CC3200SDK_1.0.0\cc3200-sdk\example\udp_socket\ccs\\..\..\..\simplelink\ccs\NON_OS\</path>
         <kind>archive</kind>
         <file>simplelink.a</file>
         <name>wlan.obj</name>
      </input_file>
      <input_file id="fl-15e">
         <path>C:\ti\CC3200SDK_1.0.0\cc3200-sdk\example\udp_socket\ccs\\..\..\..\simplelink\ccs\NON_OS\</path>
         <kind>archive</kind>
         <file>simplelink.a</file>
         <name>cc_pal.obj</name>
      </input_file>
      <input_file id="fl-15f">
         <path>C:\ti\CC3200SDK_1.0.0\cc3200-sdk\example\udp_socket\ccs\\..\..\..\driverlib\ccs\Release\</path>
         <kind>archive</kind>
         <file>driverlib.a</file>
         <name>interrupt.obj</name>
      </input_file>
      <input_file id="fl-160">
         <path>C:\ti\CC3200SDK_1.0.0\cc3200-sdk\example\udp_socket\ccs\\..\..\..\driverlib\ccs\Release\</path>
         <kind>archive</kind>
         <file>driverlib.a</file>
         <name>pin.obj</name>
      </input_file>
      <input_file id="fl-161">
         <path>C:\ti\CC3200SDK_1.0.0\cc3200-sdk\example\udp_socket\ccs\\..\..\..\driverlib\ccs\Release\</path>
         <kind>archive</kind>
         <file>driverlib.a</file>
         <name>prcm.obj</name>
      </input_file>
      <input_file id="fl-162">
         <path>C:\ti\CC3200SDK_1.0.0\cc3200-sdk\example\udp_socket\ccs\\..\..\..\driverlib\ccs\Release\</path>
         <kind>archive</kind>
         <file>driverlib.a</file>
         <name>spi.obj</name>
      </input_file>
      <input_file id="fl-163">
         <path>C:\ti\CC3200SDK_1.0.0\cc3200-sdk\example\udp_socket\ccs\\..\..\..\driverlib\ccs\Release\</path>
         <kind>archive</kind>
         <file>driverlib.a</file>
         <name>timer.obj</name>
      </input_file>
      <input_file id="fl-164">
         <path>C:\ti\CC3200SDK_1.0.0\cc3200-sdk\example\udp_socket\ccs\\..\..\..\driverlib\ccs\Release\</path>
         <kind>archive</kind>
         <file>driverlib.a</file>
         <name>uart.obj</name>
      </input_file>
      <input_file id="fl-165">
         <path>C:\ti\CC3200SDK_1.0.0\cc3200-sdk\example\udp_socket\ccs\\..\..\..\driverlib\ccs\Release\</path>
         <kind>archive</kind>
         <file>driverlib.a</file>
         <name>udma.obj</name>
      </input_file>
      <input_file id="fl-166">
         <path>C:\ti\CC3200SDK_1.0.0\cc3200-sdk\example\udp_socket\ccs\\..\..\..\driverlib\ccs\Release\</path>
         <kind>archive</kind>
         <file>driverlib.a</file>
         <name>utils.obj</name>
      </input_file>
      <input_file id="fl-167">
         <path>C:\ti\CC3200SDK_1.0.0\cc3200-sdk\example\udp_socket\ccs\\..\..\..\driverlib\ccs\Release\</path>
         <kind>archive</kind>
         <file>driverlib.a</file>
         <name>cpu.obj</name>
      </input_file>
      <input_file id="fl-168">
         <path>C:\ti\CC3200SDK_1.0.0\cc3200-sdk\example\udp_socket\ccs\\..\..\..\driverlib\ccs\Release\</path>
         <kind>archive</kind>
         <file>driverlib.a</file>
         <name>flash.obj</name>
      </input_file>
      <input_file id="fl-169">
         <path>c:\ti\ccsv6\tools\compiler\arm_5.1.6\lib\</path>
         <kind>archive</kind>
         <file>rtsv7M4_T_le_eabi.lib</file>
         <name>ll_lsr_t2.obj</name>
      </input_file>
   </input_file_list>
   <object_component_list>
      <object_component id="oc-e">
         <name>.intvecs</name>
         <load_address>0x20004000</load_address>
         <run_address>0x20004000</run_address>
         <size>0x400</size>
         <input_file_ref idref="fl-5"/>
      </object_component>
      <object_component id="oc-40a">
         <name>.text</name>
         <load_address>0x20004400</load_address>
         <run_address>0x20004400</run_address>
         <size>0xec0</size>
         <input_file_ref idref="fl-144"/>
      </object_component>
      <object_component id="oc-7d">
         <name>.text</name>
         <load_address>0x200052c0</load_address>
         <run_address>0x200052c0</run_address>
         <size>0xe8c</size>
         <input_file_ref idref="fl-2"/>
      </object_component>
      <object_component id="oc-13d">
         <name>.text</name>
         <load_address>0x2000614c</load_address>
         <run_address>0x2000614c</run_address>
         <size>0x40c</size>
         <input_file_ref idref="fl-4"/>
      </object_component>
      <object_component id="oc-1fa">
         <name>.text</name>
         <load_address>0x20006558</load_address>
         <run_address>0x20006558</run_address>
         <size>0x3cc</size>
         <input_file_ref idref="fl-13e"/>
      </object_component>
      <object_component id="oc-5d2">
         <name>.text:_SlDrvMsgRead</name>
         <load_address>0x20006924</load_address>
         <run_address>0x20006924</run_address>
         <size>0x3b4</size>
         <input_file_ref idref="fl-157"/>
      </object_component>
      <object_component id="oc-5d8">
         <name>.text:_SlAsyncEventGenericHandler</name>
         <load_address>0x20006cd8</load_address>
         <run_address>0x20006cd8</run_address>
         <size>0x34c</size>
         <input_file_ref idref="fl-157"/>
      </object_component>
      <object_component id="oc-b0">
         <name>.text</name>
         <load_address>0x20007024</load_address>
         <run_address>0x20007024</run_address>
         <size>0x26c</size>
         <input_file_ref idref="fl-7"/>
      </object_component>
      <object_component id="oc-182">
         <name>.text</name>
         <load_address>0x20007290</load_address>
         <run_address>0x20007290</run_address>
         <size>0x200</size>
         <input_file_ref idref="fl-8"/>
      </object_component>
      <object_component id="oc-55c">
         <name>.text</name>
         <load_address>0x20007490</load_address>
         <run_address>0x20007490</run_address>
         <size>0x1f4</size>
         <input_file_ref idref="fl-153"/>
      </object_component>
      <object_component id="oc-58a">
         <name>.text</name>
         <load_address>0x20007684</load_address>
         <run_address>0x20007684</run_address>
         <size>0x1b6</size>
         <input_file_ref idref="fl-14a"/>
      </object_component>
      <object_component id="oc-5c7">
         <name>.text:IntDefaultHandler</name>
         <load_address>0x2000783a</load_address>
         <run_address>0x2000783a</run_address>
         <size>0x2</size>
         <input_file_ref idref="fl-15f"/>
      </object_component>
      <object_component id="oc-156">
         <name>.text:sl_WlanConnect</name>
         <load_address>0x2000783c</load_address>
         <run_address>0x2000783c</run_address>
         <size>0x19c</size>
         <input_file_ref idref="fl-15d"/>
      </object_component>
      <object_component id="oc-343">
         <name>.text:_SlDrvDataReadOp</name>
         <load_address>0x200079d8</load_address>
         <run_address>0x200079d8</run_address>
         <size>0x17c</size>
         <input_file_ref idref="fl-157"/>
      </object_component>
      <object_component id="oc-33c">
         <name>.text:_SlDrvDataWriteOp</name>
         <load_address>0x20007b54</load_address>
         <run_address>0x20007b54</run_address>
         <size>0x140</size>
         <input_file_ref idref="fl-157"/>
      </object_component>
      <object_component id="oc-657">
         <name>.text:_SlDrvRxHdrRead</name>
         <load_address>0x20007c94</load_address>
         <run_address>0x20007c94</run_address>
         <size>0x140</size>
         <input_file_ref idref="fl-157"/>
      </object_component>
      <object_component id="oc-570">
         <name>.text</name>
         <load_address>0x20007dd4</load_address>
         <run_address>0x20007dd4</run_address>
         <size>0x136</size>
         <input_file_ref idref="fl-14c"/>
      </object_component>
      <object_component id="oc-16e">
         <name>.text:PRCMCC3200MCUInit</name>
         <load_address>0x20007f0c</load_address>
         <run_address>0x20007f0c</run_address>
         <size>0x134</size>
         <input_file_ref idref="fl-161"/>
      </object_component>
      <object_component id="oc-230">
         <name>.text:spi_Open</name>
         <load_address>0x20008040</load_address>
         <run_address>0x20008040</run_address>
         <size>0x128</size>
         <input_file_ref idref="fl-15e"/>
      </object_component>
      <object_component id="oc-236">
         <name>.text:_SlDrvWaitForPoolObj</name>
         <load_address>0x20008168</load_address>
         <run_address>0x20008168</run_address>
         <size>0x118</size>
         <input_file_ref idref="fl-157"/>
      </object_component>
      <object_component id="oc-4b7">
         <name>.text:_SlDrvMsgWrite</name>
         <load_address>0x20008280</load_address>
         <run_address>0x20008280</run_address>
         <size>0x114</size>
         <input_file_ref idref="fl-157"/>
      </object_component>
      <object_component id="oc-25a">
         <name>.text:_SlDrvReleasePoolObj</name>
         <load_address>0x20008394</load_address>
         <run_address>0x20008394</run_address>
         <size>0x10c</size>
         <input_file_ref idref="fl-157"/>
      </object_component>
      <object_component id="oc-56b">
         <name>.text</name>
         <load_address>0x200084a0</load_address>
         <run_address>0x200084a0</run_address>
         <size>0xfc</size>
         <input_file_ref idref="fl-14d"/>
      </object_component>
      <object_component id="oc-3b0">
         <name>.text:uDMAChannelTransferSet</name>
         <load_address>0x2000859c</load_address>
         <run_address>0x2000859c</run_address>
         <size>0xf0</size>
         <input_file_ref idref="fl-165"/>
      </object_component>
      <object_component id="oc-5df">
         <name>.text:spi_Write</name>
         <load_address>0x2000868c</load_address>
         <run_address>0x2000868c</run_address>
         <size>0xec</size>
         <input_file_ref idref="fl-15e"/>
      </object_component>
      <object_component id="oc-dc">
         <name>.text:sl_Stop</name>
         <load_address>0x20008778</load_address>
         <run_address>0x20008778</run_address>
         <size>0xcc</size>
         <input_file_ref idref="fl-156"/>
      </object_component>
      <object_component id="oc-663">
         <name>.text:spi_Read</name>
         <load_address>0x20008844</load_address>
         <run_address>0x20008844</run_address>
         <size>0xcc</size>
         <input_file_ref idref="fl-15e"/>
      </object_component>
      <object_component id="oc-ca">
         <name>.text:sl_Start</name>
         <load_address>0x20008910</load_address>
         <run_address>0x20008910</run_address>
         <size>0xc8</size>
         <input_file_ref idref="fl-156"/>
      </object_component>
      <object_component id="oc-4bd">
         <name>.text:_SlDrvMsgReadCmdCtx</name>
         <load_address>0x200089d8</load_address>
         <run_address>0x200089d8</run_address>
         <size>0xbc</size>
         <input_file_ref idref="fl-157"/>
      </object_component>
      <object_component id="oc-143">
         <name>.text:sl_SendTo</name>
         <load_address>0x20008a94</load_address>
         <run_address>0x20008a94</run_address>
         <size>0xb4</size>
         <input_file_ref idref="fl-15c"/>
      </object_component>
      <object_component id="oc-6a9">
         <name>.text:_SlDrvNetAppEventHandler</name>
         <load_address>0x20008b48</load_address>
         <run_address>0x20008b48</run_address>
         <size>0xb2</size>
         <input_file_ref idref="fl-159"/>
      </object_component>
      <object_component id="oc-149">
         <name>.text:sl_RecvFrom</name>
         <load_address>0x20008bfc</load_address>
         <run_address>0x20008bfc</run_address>
         <size>0xac</size>
         <input_file_ref idref="fl-15c"/>
      </object_component>
      <object_component id="oc-471">
         <name>.text:IntDisable</name>
         <load_address>0x20008ca8</load_address>
         <run_address>0x20008ca8</run_address>
         <size>0xa8</size>
         <input_file_ref idref="fl-15f"/>
      </object_component>
      <object_component id="oc-168">
         <name>.text:IntEnable</name>
         <load_address>0x20008d50</load_address>
         <run_address>0x20008d50</run_address>
         <size>0xa8</size>
         <input_file_ref idref="fl-15f"/>
      </object_component>
      <object_component id="oc-2ff">
         <name>.text:SPIConfigSetExpClk</name>
         <load_address>0x20008df8</load_address>
         <run_address>0x20008df8</run_address>
         <size>0xa0</size>
         <input_file_ref idref="fl-162"/>
      </object_component>
      <object_component id="oc-4a">
         <name>.text</name>
         <load_address>0x20008e98</load_address>
         <run_address>0x20008e98</run_address>
         <size>0x9c</size>
         <input_file_ref idref="fl-13c"/>
      </object_component>
      <object_component id="oc-669">
         <name>.text:_SlFindAndSetActiveObj</name>
         <load_address>0x20008f34</load_address>
         <run_address>0x20008f34</run_address>
         <size>0x98</size>
         <input_file_ref idref="fl-157"/>
      </object_component>
      <object_component id="oc-1d6">
         <name>.text:PRCMPeripheralClockGet</name>
         <load_address>0x20008fcc</load_address>
         <run_address>0x20008fcc</run_address>
         <size>0x94</size>
         <input_file_ref idref="fl-161"/>
      </object_component>
      <object_component id="oc-65d">
         <name>.text:_SlDrvClassifyRxMsg</name>
         <load_address>0x20009060</load_address>
         <run_address>0x20009060</run_address>
         <size>0x94</size>
         <input_file_ref idref="fl-157"/>
      </object_component>
      <object_component id="oc-4a0">
         <name>.text:_SlDrvMsgReadSpawnCtx</name>
         <load_address>0x200090f4</load_address>
         <run_address>0x200090f4</run_address>
         <size>0x94</size>
         <input_file_ref idref="fl-157"/>
      </object_component>
      <object_component id="oc-35">
         <name>.text</name>
         <load_address>0x20009188</load_address>
         <run_address>0x20009188</run_address>
         <size>0x94</size>
         <input_file_ref idref="fl-147"/>
      </object_component>
      <object_component id="oc-22a">
         <name>.text:_SlDrvDriverCBInit</name>
         <load_address>0x2000921c</load_address>
         <run_address>0x2000921c</run_address>
         <size>0x90</size>
         <input_file_ref idref="fl-157"/>
      </object_component>
      <object_component id="oc-54e">
         <name>.text:PinConfigSet</name>
         <load_address>0x200092ac</load_address>
         <run_address>0x200092ac</run_address>
         <size>0x88</size>
         <input_file_ref idref="fl-160"/>
      </object_component>
      <object_component id="oc-27c">
         <name>.text:_SlDrvCmdOp</name>
         <load_address>0x20009334</load_address>
         <run_address>0x20009334</run_address>
         <size>0x88</size>
         <input_file_ref idref="fl-157"/>
      </object_component>
      <object_component id="oc-1e8">
         <name>.text</name>
         <load_address>0x200093bc</load_address>
         <run_address>0x200093bc</run_address>
         <size>0x88</size>
         <input_file_ref idref="fl-142"/>
      </object_component>
      <object_component id="oc-2c1">
         <name>.text:sl_NetAppMDNSRegisterUnregisterService</name>
         <load_address>0x20009444</load_address>
         <run_address>0x20009444</run_address>
         <size>0x88</size>
         <input_file_ref idref="fl-159"/>
      </object_component>
      <object_component id="oc-566">
         <name>.text:__aeabi_cdcmple</name>
         <load_address>0x200094cc</load_address>
         <run_address>0x200094cc</run_address>
         <size>0x86</size>
         <input_file_ref idref="fl-14b"/>
      </object_component>
      <object_component id="oc-575">
         <name>.text:__aeabi_cdrcmple</name>
         <load_address>0x20009552</load_address>
         <run_address>0x20009552</run_address>
         <size>0x86</size>
         <input_file_ref idref="fl-14b"/>
      </object_component>
      <object_component id="oc-5fe">
         <name>.text:_sl_HandleAsync_DnsGetHostByName</name>
         <load_address>0x200095d8</load_address>
         <run_address>0x200095d8</run_address>
         <size>0x84</size>
         <input_file_ref idref="fl-159"/>
      </object_component>
      <object_component id="oc-224">
         <name>.text:NwpPowerOnPreamble</name>
         <load_address>0x2000965c</load_address>
         <run_address>0x2000965c</run_address>
         <size>0x80</size>
         <input_file_ref idref="fl-15e"/>
      </object_component>
      <object_component id="oc-2e1">
         <name>.text:SPIIntStatus</name>
         <load_address>0x200096dc</load_address>
         <run_address>0x200096dc</run_address>
         <size>0x7c</size>
         <input_file_ref idref="fl-162"/>
      </object_component>
      <object_component id="oc-e2">
         <name>.text:sl_DevGet</name>
         <load_address>0x20009758</load_address>
         <run_address>0x20009758</run_address>
         <size>0x7c</size>
         <input_file_ref idref="fl-156"/>
      </object_component>
      <object_component id="oc-6b6">
         <name>.text:SetupDMAReceive</name>
         <load_address>0x200097d4</load_address>
         <run_address>0x200097d4</run_address>
         <size>0x78</size>
         <input_file_ref idref="fl-15e"/>
      </object_component>
      <object_component id="oc-6d1">
         <name>.text:_sl_HandleAsync_InitComplete</name>
         <load_address>0x2000984c</load_address>
         <run_address>0x2000984c</run_address>
         <size>0x78</size>
         <input_file_ref idref="fl-156"/>
      </object_component>
      <object_component id="oc-60a">
         <name>.text:_sl_HandleAsync_PingResponse</name>
         <load_address>0x200098c4</load_address>
         <run_address>0x200098c4</run_address>
         <size>0x78</size>
         <input_file_ref idref="fl-159"/>
      </object_component>
      <object_component id="oc-b6">
         <name>.text</name>
         <load_address>0x2000993c</load_address>
         <run_address>0x2000993c</run_address>
         <size>0x78</size>
         <input_file_ref idref="fl-13f"/>
      </object_component>
      <object_component id="oc-1dc">
         <name>.text:UARTConfigSetExpClk</name>
         <load_address>0x200099b4</load_address>
         <run_address>0x200099b4</run_address>
         <size>0x76</size>
         <input_file_ref idref="fl-164"/>
      </object_component>
      <object_component id="oc-28d">
         <name>.text:spi_Close</name>
         <load_address>0x20009a2c</load_address>
         <run_address>0x20009a2c</run_address>
         <size>0x74</size>
         <input_file_ref idref="fl-15e"/>
      </object_component>
      <object_component id="oc-336">
         <name>.text:_sl_TruncatePayloadByProtocol</name>
         <load_address>0x20009aa0</load_address>
         <run_address>0x20009aa0</run_address>
         <size>0x6e</size>
         <input_file_ref idref="fl-15c"/>
      </object_component>
      <object_component id="oc-5f2">
         <name>.text:_sl_HandleAsync_Connect</name>
         <load_address>0x20009b10</load_address>
         <run_address>0x20009b10</run_address>
         <size>0x6c</size>
         <input_file_ref idref="fl-15c"/>
      </object_component>
      <object_component id="oc-5ec">
         <name>.text:_sl_HandleAsync_Accept</name>
         <load_address>0x20009b7c</load_address>
         <run_address>0x20009b7c</run_address>
         <size>0x68</size>
         <input_file_ref idref="fl-15c"/>
      </object_component>
      <object_component id="oc-604">
         <name>.text:_sl_HandleAsync_DnsGetHostByService</name>
         <load_address>0x20009be4</load_address>
         <run_address>0x20009be4</run_address>
         <size>0x68</size>
         <input_file_ref idref="fl-159"/>
      </object_component>
      <object_component id="oc-39e">
         <name>.text:uDMAChannelAttributeDisable</name>
         <load_address>0x20009c4c</load_address>
         <run_address>0x20009c4c</run_address>
         <size>0x64</size>
         <input_file_ref idref="fl-165"/>
      </object_component>
      <object_component id="oc-3aa">
         <name>.text:uDMAChannelAttributeEnable</name>
         <load_address>0x20009cb0</load_address>
         <run_address>0x20009cb0</run_address>
         <size>0x64</size>
         <input_file_ref idref="fl-165"/>
      </object_component>
      <object_component id="oc-293">
         <name>.text:_SlDrvDriverCBDeinit</name>
         <load_address>0x20009d14</load_address>
         <run_address>0x20009d14</run_address>
         <size>0x60</size>
         <input_file_ref idref="fl-157"/>
      </object_component>
      <object_component id="oc-5d">
         <name>.text</name>
         <load_address>0x20009d74</load_address>
         <run_address>0x20009d74</run_address>
         <size>0x5e</size>
         <input_file_ref idref="fl-139"/>
      </object_component>
      <object_component id="oc-5f8">
         <name>.text:_sl_HandleAsync_Select</name>
         <load_address>0x20009dd4</load_address>
         <run_address>0x20009dd4</run_address>
         <size>0x5c</size>
         <input_file_ref idref="fl-15c"/>
      </object_component>
      <object_component id="oc-12b">
         <name>.text:sl_Bind</name>
         <load_address>0x20009e30</load_address>
         <run_address>0x20009e30</run_address>
         <size>0x5c</size>
         <input_file_ref idref="fl-15c"/>
      </object_component>
      <object_component id="oc-57f">
         <name>.text</name>
         <load_address>0x20009e8c</load_address>
         <run_address>0x20009e8c</run_address>
         <size>0x5a</size>
         <input_file_ref idref="fl-151"/>
      </object_component>
      <object_component id="oc-47d">
         <name>.text:IntPendClear</name>
         <load_address>0x20009ee8</load_address>
         <run_address>0x20009ee8</run_address>
         <size>0x58</size>
         <input_file_ref idref="fl-15f"/>
      </object_component>
      <object_component id="oc-329">
         <name>.text:PRCMPeripheralReset</name>
         <load_address>0x20009f40</load_address>
         <run_address>0x20009f40</run_address>
         <size>0x58</size>
         <input_file_ref idref="fl-161"/>
      </object_component>
      <object_component id="oc-610">
         <name>.text:_sl_HandleAsync_Stop</name>
         <load_address>0x20009f98</load_address>
         <run_address>0x20009f98</run_address>
         <size>0x58</size>
         <input_file_ref idref="fl-156"/>
      </object_component>
      <object_component id="oc-452">
         <name>.text:IntPrioritySet</name>
         <load_address>0x20009ff0</load_address>
         <run_address>0x20009ff0</run_address>
         <size>0x54</size>
         <input_file_ref idref="fl-15f"/>
      </object_component>
      <object_component id="oc-6ca">
         <name>.text:sl_NetAppSendTokenValue</name>
         <load_address>0x2000a044</load_address>
         <run_address>0x2000a044</run_address>
         <size>0x54</size>
         <input_file_ref idref="fl-159"/>
      </object_component>
      <object_component id="oc-18e">
         <name>.text:SPIIntDisable</name>
         <load_address>0x2000a098</load_address>
         <run_address>0x2000a098</run_address>
         <size>0x4c</size>
         <input_file_ref idref="fl-162"/>
      </object_component>
      <object_component id="oc-311">
         <name>.text:SPIIntEnable</name>
         <load_address>0x2000a0e4</load_address>
         <run_address>0x2000a0e4</run_address>
         <size>0x4c</size>
         <input_file_ref idref="fl-162"/>
      </object_component>
      <object_component id="oc-50a">
         <name>.text:SPIIntNumberGet</name>
         <load_address>0x2000a130</load_address>
         <run_address>0x2000a130</run_address>
         <size>0x4c</size>
         <input_file_ref idref="fl-162"/>
      </object_component>
      <object_component id="oc-59b">
         <name>.text</name>
         <load_address>0x2000a17c</load_address>
         <run_address>0x2000a17c</run_address>
         <size>0x4c</size>
         <input_file_ref idref="fl-146"/>
      </object_component>
      <object_component id="oc-137">
         <name>.text:sl_SetSockOpt</name>
         <load_address>0x2000a1c8</load_address>
         <run_address>0x2000a1c8</run_address>
         <size>0x4c</size>
         <input_file_ref idref="fl-15c"/>
      </object_component>
      <object_component id="oc-398">
         <name>.text:uDMAChannelAssign</name>
         <load_address>0x2000a214</load_address>
         <run_address>0x2000a214</run_address>
         <size>0x4c</size>
         <input_file_ref idref="fl-165"/>
      </object_component>
      <object_component id="oc-2ed">
         <name>.text:uDMAChannelModeGet</name>
         <load_address>0x2000a260</load_address>
         <run_address>0x2000a260</run_address>
         <size>0x4c</size>
         <input_file_ref idref="fl-165"/>
      </object_component>
      <object_component id="oc-260">
         <name>.text:_sl_GetStartResponseConvert</name>
         <load_address>0x2000a2ac</load_address>
         <run_address>0x2000a2ac</run_address>
         <size>0x4a</size>
         <input_file_ref idref="fl-156"/>
      </object_component>
      <object_component id="oc-194">
         <name>.text:SPIIntClear</name>
         <load_address>0x2000a2f8</load_address>
         <run_address>0x2000a2f8</run_address>
         <size>0x48</size>
         <input_file_ref idref="fl-162"/>
      </object_component>
      <object_component id="oc-57a">
         <name>.text</name>
         <load_address>0x2000a340</load_address>
         <run_address>0x2000a340</run_address>
         <size>0x48</size>
         <input_file_ref idref="fl-14e"/>
      </object_component>
      <object_component id="oc-100">
         <name>.text:sl_WlanSet</name>
         <load_address>0x2000a388</load_address>
         <run_address>0x2000a388</run_address>
         <size>0x48</size>
         <input_file_ref idref="fl-15d"/>
      </object_component>
      <object_component id="oc-3f0">
         <name>.text:SPIDmaMaskGet</name>
         <load_address>0x2000a3d0</load_address>
         <run_address>0x2000a3d0</run_address>
         <size>0x44</size>
         <input_file_ref idref="fl-162"/>
      </object_component>
      <object_component id="oc-188">
         <name>.text</name>
         <load_address>0x2000a414</load_address>
         <run_address>0x2000a414</run_address>
         <size>0x44</size>
         <input_file_ref idref="fl-3"/>
      </object_component>
      <object_component id="oc-76">
         <name>.text</name>
         <load_address>0x2000a458</load_address>
         <run_address>0x2000a458</run_address>
         <size>0x44</size>
         <input_file_ref idref="fl-148"/>
      </object_component>
      <object_component id="oc-40">
         <name>.text</name>
         <load_address>0x2000a49c</load_address>
         <run_address>0x2000a49c</run_address>
         <size>0x44</size>
         <input_file_ref idref="fl-13b"/>
      </object_component>
      <object_component id="oc-63f">
         <name>.text</name>
         <load_address>0x2000a4e0</load_address>
         <run_address>0x2000a4e0</run_address>
         <size>0x44</size>
         <input_file_ref idref="fl-155"/>
      </object_component>
      <object_component id="oc-fa">
         <name>.text:sl_NetCfgSet</name>
         <load_address>0x2000a524</load_address>
         <run_address>0x2000a524</run_address>
         <size>0x44</size>
         <input_file_ref idref="fl-15a"/>
      </object_component>
      <object_component id="oc-548">
         <name>.text:PinModeSet</name>
         <load_address>0x2000a568</load_address>
         <run_address>0x2000a568</run_address>
         <size>0x40</size>
         <input_file_ref idref="fl-160"/>
      </object_component>
      <object_component id="oc-269">
         <name>.text:_SlDrvRxIrqHandler</name>
         <load_address>0x2000a5a8</load_address>
         <run_address>0x2000a5a8</run_address>
         <size>0x40</size>
         <input_file_ref idref="fl-157"/>
      </object_component>
      <object_component id="oc-d0">
         <name>.text:_SlNonOsMainLoopTask</name>
         <load_address>0x2000a5e8</load_address>
         <run_address>0x2000a5e8</run_address>
         <size>0x40</size>
         <input_file_ref idref="fl-15b"/>
      </object_component>
      <object_component id="oc-485">
         <name>.text:_SlRemoveFromList</name>
         <load_address>0x2000a628</load_address>
         <run_address>0x2000a628</run_address>
         <size>0x40</size>
         <input_file_ref idref="fl-157"/>
      </object_component>
      <object_component id="oc-e8">
         <name>.text:sl_WlanPolicySet</name>
         <load_address>0x2000a668</load_address>
         <run_address>0x2000a668</run_address>
         <size>0x40</size>
         <input_file_ref idref="fl-15d"/>
      </object_component>
      <object_component id="oc-113">
         <name>.text:sl_WlanRxFilterSet</name>
         <load_address>0x2000a6a8</load_address>
         <run_address>0x2000a6a8</run_address>
         <size>0x40</size>
         <input_file_ref idref="fl-15d"/>
      </object_component>
      <object_component id="oc-248">
         <name>.text:NwpPowerOff</name>
         <load_address>0x2000a6e8</load_address>
         <run_address>0x2000a6e8</run_address>
         <size>0x3c</size>
         <input_file_ref idref="fl-15e"/>
      </object_component>
      <object_component id="oc-323">
         <name>.text:PRCMPeripheralClkEnable</name>
         <load_address>0x2000a724</load_address>
         <run_address>0x2000a724</run_address>
         <size>0x3c</size>
         <input_file_ref idref="fl-161"/>
      </object_component>
      <object_component id="oc-427">
         <name>.text:_SlDrvObjInit</name>
         <load_address>0x2000a760</load_address>
         <run_address>0x2000a760</run_address>
         <size>0x3c</size>
         <input_file_ref idref="fl-157"/>
      </object_component>
      <object_component id="oc-3a4">
         <name>.text:uDMAChannelControlSet</name>
         <load_address>0x2000a79c</load_address>
         <run_address>0x2000a79c</run_address>
         <size>0x3c</size>
         <input_file_ref idref="fl-165"/>
      </object_component>
      <object_component id="oc-24e">
         <name>.text:NwpRegisterInterruptHandler</name>
         <load_address>0x2000a7d8</load_address>
         <run_address>0x2000a7d8</run_address>
         <size>0x38</size>
         <input_file_ref idref="fl-15e"/>
      </object_component>
      <object_component id="oc-11f">
         <name>.text:sl_Htonl</name>
         <load_address>0x2000a810</load_address>
         <run_address>0x2000a810</run_address>
         <size>0x38</size>
         <input_file_ref idref="fl-15c"/>
      </object_component>
      <object_component id="oc-43a">
         <name>.text:PRCMPeripheralStatusGet</name>
         <load_address>0x2000a848</load_address>
         <run_address>0x2000a848</run_address>
         <size>0x34</size>
         <input_file_ref idref="fl-161"/>
      </object_component>
      <object_component id="oc-446">
         <name>.text:SPIFIFOLevelSet</name>
         <load_address>0x2000a87c</load_address>
         <run_address>0x2000a87c</run_address>
         <size>0x34</size>
         <input_file_ref idref="fl-162"/>
      </object_component>
      <object_component id="oc-2aa">
         <name>.text:_SlDrvBasicCmd</name>
         <load_address>0x2000a8b0</load_address>
         <run_address>0x2000a8b0</run_address>
         <size>0x34</size>
         <input_file_ref idref="fl-157"/>
      </object_component>
      <object_component id="oc-11">
         <name>.text</name>
         <load_address>0x2000a8e4</load_address>
         <run_address>0x2000a8e4</run_address>
         <size>0x34</size>
         <input_file_ref idref="fl-137"/>
      </object_component>
      <object_component id="oc-119">
         <name>.text:sl_Htons</name>
         <load_address>0x2000a918</load_address>
         <run_address>0x2000a918</run_address>
         <size>0x34</size>
         <input_file_ref idref="fl-15c"/>
      </object_component>
      <object_component id="oc-254">
         <name>.text:NwpPowerOn</name>
         <load_address>0x2000a94c</load_address>
         <run_address>0x2000a94c</run_address>
         <size>0x30</size>
         <input_file_ref idref="fl-15e"/>
      </object_component>
      <object_component id="oc-3fc">
         <name>.text:UARTDisable</name>
         <load_address>0x2000a97c</load_address>
         <run_address>0x2000a97c</run_address>
         <size>0x30</size>
         <input_file_ref idref="fl-164"/>
      </object_component>
      <object_component id="oc-4dc">
         <name>.text:_SlDrvFlowContDeinit</name>
         <load_address>0x2000a9ac</load_address>
         <run_address>0x2000a9ac</run_address>
         <size>0x30</size>
         <input_file_ref idref="fl-158"/>
      </object_component>
      <object_component id="oc-42d">
         <name>.text:_SlDrvFlowContInit</name>
         <load_address>0x2000a9dc</load_address>
         <run_address>0x2000a9dc</run_address>
         <size>0x30</size>
         <input_file_ref idref="fl-158"/>
      </object_component>
      <object_component id="oc-23c">
         <name>.text:_SlNonOsSemGet</name>
         <load_address>0x2000aa0c</load_address>
         <run_address>0x2000aa0c</run_address>
         <size>0x30</size>
         <input_file_ref idref="fl-15b"/>
      </object_component>
      <object_component id="oc-125">
         <name>.text:sl_Socket</name>
         <load_address>0x2000aa3c</load_address>
         <run_address>0x2000aa3c</run_address>
         <size>0x30</size>
         <input_file_ref idref="fl-15c"/>
      </object_component>
      <object_component id="oc-585">
         <name>.text</name>
         <load_address>0x2000aa6c</load_address>
         <run_address>0x2000aa6c</run_address>
         <size>0x2e</size>
         <input_file_ref idref="fl-14f"/>
      </object_component>
      <object_component id="oc-36b">
         <name>.text:PRCMSysResetCauseGet</name>
         <load_address>0x2000aa9c</load_address>
         <run_address>0x2000aa9c</run_address>
         <size>0x2c</size>
         <input_file_ref idref="fl-161"/>
      </object_component>
      <object_component id="oc-365">
         <name>.text:PRCMPeripheralClkDisable</name>
         <load_address>0x2000aac8</load_address>
         <run_address>0x2000aac8</run_address>
         <size>0x28</size>
         <input_file_ref idref="fl-161"/>
      </object_component>
      <object_component id="oc-2d8">
         <name>.text:_sl_BuildAddress</name>
         <load_address>0x2000aaf0</load_address>
         <run_address>0x2000aaf0</run_address>
         <size>0x28</size>
         <input_file_ref idref="fl-15c"/>
      </object_component>
      <object_component id="oc-d6">
         <name>.text:sl_WlanSetMode</name>
         <load_address>0x2000ab18</load_address>
         <run_address>0x2000ab18</run_address>
         <size>0x28</size>
         <input_file_ref idref="fl-15d"/>
      </object_component>
      <object_component id="oc-45b">
         <name>.text:DmaSpiSwIntHandler</name>
         <load_address>0x2000ab40</load_address>
         <run_address>0x2000ab40</run_address>
         <size>0x24</size>
         <input_file_ref idref="fl-15e"/>
      </object_component>
      <object_component id="oc-477">
         <name>.text:IntUnregister</name>
         <load_address>0x2000ab64</load_address>
         <run_address>0x2000ab64</run_address>
         <size>0x24</size>
         <input_file_ref idref="fl-15f"/>
      </object_component>
      <object_component id="oc-402">
         <name>.text:UARTEnable</name>
         <load_address>0x2000ab88</load_address>
         <run_address>0x2000ab88</run_address>
         <size>0x24</size>
         <input_file_ref idref="fl-164"/>
      </object_component>
      <object_component id="oc-1f4">
         <name>.text</name>
         <load_address>0x2000abac</load_address>
         <run_address>0x2000abac</run_address>
         <size>0x24</size>
         <input_file_ref idref="fl-13d"/>
      </object_component>
      <object_component id="oc-131">
         <name>.text:sl_Close</name>
         <load_address>0x2000abd0</load_address>
         <run_address>0x2000abd0</run_address>
         <size>0x24</size>
         <input_file_ref idref="fl-15c"/>
      </object_component>
      <object_component id="oc-ee">
         <name>.text:sl_WlanProfileDel</name>
         <load_address>0x2000abf4</load_address>
         <run_address>0x2000abf4</run_address>
         <size>0x24</size>
         <input_file_ref idref="fl-15d"/>
      </object_component>
      <object_component id="oc-2f9">
         <name>.text:SPIReset</name>
         <load_address>0x2000ac18</load_address>
         <run_address>0x2000ac18</run_address>
         <size>0x22</size>
         <input_file_ref idref="fl-162"/>
      </object_component>
      <object_component id="oc-67d">
         <name>.text:SPIWordCountSet</name>
         <load_address>0x2000ac3a</load_address>
         <run_address>0x2000ac3a</run_address>
         <size>0x22</size>
         <input_file_ref idref="fl-162"/>
      </object_component>
      <object_component id="oc-44c">
         <name>.text:IntRegister</name>
         <load_address>0x2000ac5c</load_address>
         <run_address>0x2000ac5c</run_address>
         <size>0x20</size>
         <input_file_ref idref="fl-15f"/>
      </object_component>
      <object_component id="oc-31d">
         <name>.text:SPIDataGet</name>
         <load_address>0x2000ac7c</load_address>
         <run_address>0x2000ac7c</run_address>
         <size>0x20</size>
         <input_file_ref idref="fl-162"/>
      </object_component>
      <object_component id="oc-6d9">
         <name>.text:_SlDrvCmdSend</name>
         <load_address>0x2000ac9c</load_address>
         <run_address>0x2000ac9c</run_address>
         <size>0x20</size>
         <input_file_ref idref="fl-157"/>
      </object_component>
      <object_component id="oc-49a">
         <name>.text:_SlNonOsSpawn</name>
         <load_address>0x2000acbc</load_address>
         <run_address>0x2000acbc</run_address>
         <size>0x20</size>
         <input_file_ref idref="fl-15b"/>
      </object_component>
      <object_component id="oc-2e7">
         <name>.text:SPIDataPut</name>
         <load_address>0x2000acdc</load_address>
         <run_address>0x2000acdc</run_address>
         <size>0x1e</size>
         <input_file_ref idref="fl-162"/>
      </object_component>
      <object_component id="oc-305">
         <name>.text:SPIIntRegister</name>
         <load_address>0x2000acfa</load_address>
         <run_address>0x2000acfa</run_address>
         <size>0x1e</size>
         <input_file_ref idref="fl-162"/>
      </object_component>
      <object_component id="oc-1e2">
         <name>.text:UARTCharPut</name>
         <load_address>0x2000ad18</load_address>
         <run_address>0x2000ad18</run_address>
         <size>0x1e</size>
         <input_file_ref idref="fl-164"/>
      </object_component>
      <object_component id="oc-4e2">
         <name>.text:_SlDrvObjDeInit</name>
         <load_address>0x2000ad38</load_address>
         <run_address>0x2000ad38</run_address>
         <size>0x1c</size>
         <input_file_ref idref="fl-157"/>
      </object_component>
      <object_component id="oc-595">
         <name>.text</name>
         <load_address>0x2000ad54</load_address>
         <run_address>0x2000ad54</run_address>
         <size>0x1c</size>
         <input_file_ref idref="fl-152"/>
      </object_component>
      <object_component id="oc-3c2">
         <name>.text:uDMAChannelDisable</name>
         <load_address>0x2000ad70</load_address>
         <run_address>0x2000ad70</run_address>
         <size>0x1c</size>
         <input_file_ref idref="fl-165"/>
      </object_component>
      <object_component id="oc-3b6">
         <name>.text:uDMAChannelEnable</name>
         <load_address>0x2000ad8c</load_address>
         <run_address>0x2000ad8c</run_address>
         <size>0x1c</size>
         <input_file_ref idref="fl-165"/>
      </object_component>
      <object_component id="oc-3bc">
         <name>.text:uDMAChannelRequest</name>
         <load_address>0x2000ada8</load_address>
         <run_address>0x2000ada8</run_address>
         <size>0x1c</size>
         <input_file_ref idref="fl-165"/>
      </object_component>
      <object_component id="oc-68a">
         <name>.text:CopyPingResultsToReport</name>
         <load_address>0x2000adc4</load_address>
         <run_address>0x2000adc4</run_address>
         <size>0x1a</size>
         <input_file_ref idref="fl-159"/>
      </object_component>
      <object_component id="oc-3e9">
         <name>.text:PinTypeSPI</name>
         <load_address>0x2000adde</load_address>
         <run_address>0x2000adde</run_address>
         <size>0x1a</size>
         <input_file_ref idref="fl-160"/>
      </object_component>
      <object_component id="oc-3e3">
         <name>.text:PinTypeUART</name>
         <load_address>0x2000adf8</load_address>
         <run_address>0x2000adf8</run_address>
         <size>0x1a</size>
         <input_file_ref idref="fl-160"/>
      </object_component>
      <object_component id="oc-4d4">
         <name>.text:SPIDmaDisable</name>
         <load_address>0x2000ae12</load_address>
         <run_address>0x2000ae12</run_address>
         <size>0x1a</size>
         <input_file_ref idref="fl-162"/>
      </object_component>
      <object_component id="oc-30b">
         <name>.text:SPIDmaEnable</name>
         <load_address>0x2000ae2c</load_address>
         <run_address>0x2000ae2c</run_address>
         <size>0x1a</size>
         <input_file_ref idref="fl-162"/>
      </object_component>
      <object_component id="oc-4ce">
         <name>.text:SPIFIFODisable</name>
         <load_address>0x2000ae46</load_address>
         <run_address>0x2000ae46</run_address>
         <size>0x1a</size>
         <input_file_ref idref="fl-162"/>
      </object_component>
      <object_component id="oc-440">
         <name>.text:SPIFIFOEnable</name>
         <load_address>0x2000ae60</load_address>
         <run_address>0x2000ae60</run_address>
         <size>0x1a</size>
         <input_file_ref idref="fl-162"/>
      </object_component>
      <object_component id="oc-4c8">
         <name>.text:SPIIntUnregister</name>
         <load_address>0x2000ae7a</load_address>
         <run_address>0x2000ae7a</run_address>
         <size>0x1a</size>
         <input_file_ref idref="fl-162"/>
      </object_component>
      <object_component id="oc-6af">
         <name>.text:_SlDrvDeviceEventHandler</name>
         <load_address>0x2000ae94</load_address>
         <run_address>0x2000ae94</run_address>
         <size>0x1a</size>
         <input_file_ref idref="fl-156"/>
      </object_component>
      <object_component id="oc-434">
         <name>.text:SPICSDisable</name>
         <load_address>0x2000aeae</load_address>
         <run_address>0x2000aeae</run_address>
         <size>0x18</size>
         <input_file_ref idref="fl-162"/>
      </object_component>
      <object_component id="oc-677">
         <name>.text:SPICSEnable</name>
         <load_address>0x2000aec6</load_address>
         <run_address>0x2000aec6</run_address>
         <size>0x18</size>
         <input_file_ref idref="fl-162"/>
      </object_component>
      <object_component id="oc-2f3">
         <name>.text:SPIDisable</name>
         <load_address>0x2000aede</load_address>
         <run_address>0x2000aede</run_address>
         <size>0x18</size>
         <input_file_ref idref="fl-162"/>
      </object_component>
      <object_component id="oc-317">
         <name>.text:SPIEnable</name>
         <load_address>0x2000aef6</load_address>
         <run_address>0x2000aef6</run_address>
         <size>0x18</size>
         <input_file_ref idref="fl-162"/>
      </object_component>
      <object_component id="oc-3a">
         <name>.text</name>
         <load_address>0x2000af10</load_address>
         <run_address>0x2000af10</run_address>
         <size>0x18</size>
         <input_file_ref idref="fl-145"/>
      </object_component>
      <object_component id="oc-561">
         <name>.text</name>
         <load_address>0x2000af28</load_address>
         <run_address>0x2000af28</run_address>
         <size>0x18</size>
         <input_file_ref idref="fl-150"/>
      </object_component>
      <object_component id="oc-359">
         <name>.text:PRCMHIBRegRead</name>
         <load_address>0x2000af40</load_address>
         <run_address>0x2000af40</run_address>
         <size>0x16</size>
         <input_file_ref idref="fl-161"/>
      </object_component>
      <object_component id="oc-35f">
         <name>.text:PRCMHIBRegWrite</name>
         <load_address>0x2000af56</load_address>
         <run_address>0x2000af56</run_address>
         <size>0x16</size>
         <input_file_ref idref="fl-161"/>
      </object_component>
      <object_component id="oc-1ee">
         <name>.text:UARTCharGet</name>
         <load_address>0x2000af6c</load_address>
         <run_address>0x2000af6c</run_address>
         <size>0x16</size>
         <input_file_ref idref="fl-164"/>
      </object_component>
      <object_component id="oc-386">
         <name>.text:uDMAIntRegister</name>
         <load_address>0x2000af82</load_address>
         <run_address>0x2000af82</run_address>
         <size>0x16</size>
         <input_file_ref idref="fl-165"/>
      </object_component>
      <object_component id="oc-34e">
         <name>.text:CPUcpsie</name>
         <load_address>0x2000af98</load_address>
         <run_address>0x2000af98</run_address>
         <size>0x14</size>
         <input_file_ref idref="fl-167"/>
      </object_component>
      <object_component id="oc-15c">
         <name>.text:IntVTableBaseSet</name>
         <load_address>0x2000afac</load_address>
         <run_address>0x2000afac</run_address>
         <size>0x14</size>
         <input_file_ref idref="fl-15f"/>
      </object_component>
      <object_component id="oc-6a2">
         <name>.text:_SlDrvShiftDWord</name>
         <load_address>0x2000afc0</load_address>
         <run_address>0x2000afc0</run_address>
         <size>0x14</size>
         <input_file_ref idref="fl-157"/>
      </object_component>
      <object_component id="oc-1c1">
         <name>.text</name>
         <load_address>0x2000afd4</load_address>
         <run_address>0x2000afd4</run_address>
         <size>0x14</size>
         <input_file_ref idref="fl-143"/>
      </object_component>
      <object_component id="oc-150">
         <name>.text</name>
         <load_address>0x2000afe8</load_address>
         <run_address>0x2000afe8</run_address>
         <size>0x14</size>
         <input_file_ref idref="fl-141"/>
      </object_component>
      <object_component id="oc-392">
         <name>.text:uDMAControlBaseSet</name>
         <load_address>0x2000affc</load_address>
         <run_address>0x2000affc</run_address>
         <size>0x14</size>
         <input_file_ref idref="fl-165"/>
      </object_component>
      <object_component id="oc-380">
         <name>.text:uDMAIntClear</name>
         <load_address>0x2000b010</load_address>
         <run_address>0x2000b010</run_address>
         <size>0x14</size>
         <input_file_ref idref="fl-165"/>
      </object_component>
      <object_component id="oc-1c">
         <name>.text:decompress:ZI</name>
         <load_address>0x2000b024</load_address>
         <run_address>0x2000b024</run_address>
         <size>0x12</size>
         <input_file_ref idref="fl-13a"/>
      </object_component>
      <object_component id="oc-10c">
         <name>.text:sl_NetAppMDNSUnRegisterService</name>
         <load_address>0x2000b036</load_address>
         <run_address>0x2000b036</run_address>
         <size>0x12</size>
         <input_file_ref idref="fl-159"/>
      </object_component>
      <object_component id="oc-3c8">
         <name>.text:uDMAIntUnregister</name>
         <load_address>0x2000b048</load_address>
         <run_address>0x2000b048</run_address>
         <size>0x12</size>
         <input_file_ref idref="fl-165"/>
      </object_component>
      <object_component id="oc-494">
         <name>.text:NwpMaskInterrupt</name>
         <load_address>0x2000b05c</load_address>
         <run_address>0x2000b05c</run_address>
         <size>0x10</size>
         <input_file_ref idref="fl-15e"/>
      </object_component>
      <object_component id="oc-16">
         <name>.text:decompress:none</name>
         <load_address>0x2000b06c</load_address>
         <run_address>0x2000b06c</run_address>
         <size>0xe</size>
         <input_file_ref idref="fl-138"/>
      </object_component>
      <object_component id="oc-58f">
         <name>.text</name>
         <load_address>0x2000b07a</load_address>
         <run_address>0x2000b07a</run_address>
         <size>0xe</size>
         <input_file_ref idref="fl-154"/>
      </object_component>
      <object_component id="oc-2c">
         <name>.text</name>
         <load_address>0x2000b088</load_address>
         <run_address>0x2000b088</run_address>
         <size>0xe</size>
         <input_file_ref idref="fl-5"/>
      </object_component>
      <object_component id="oc-66f">
         <name>.text:NwpUnMaskInterrupt</name>
         <load_address>0x2000b098</load_address>
         <run_address>0x2000b098</run_address>
         <size>0xc</size>
         <input_file_ref idref="fl-15e"/>
      </object_component>
      <object_component id="oc-3ce">
         <name>.text:uDMADisable</name>
         <load_address>0x2000b0a4</load_address>
         <run_address>0x2000b0a4</run_address>
         <size>0xc</size>
         <input_file_ref idref="fl-165"/>
      </object_component>
      <object_component id="oc-38c">
         <name>.text:uDMAEnable</name>
         <load_address>0x2000b0b0</load_address>
         <run_address>0x2000b0b0</run_address>
         <size>0xc</size>
         <input_file_ref idref="fl-165"/>
      </object_component>
      <object_component id="oc-37a">
         <name>.text:uDMAIntStatus</name>
         <load_address>0x2000b0bc</load_address>
         <run_address>0x2000b0bc</run_address>
         <size>0xc</size>
         <input_file_ref idref="fl-165"/>
      </object_component>
      <object_component id="oc-162">
         <name>.text:IntMasterEnable</name>
         <load_address>0x2000b0c8</load_address>
         <run_address>0x2000b0c8</run_address>
         <size>0xa</size>
         <input_file_ref idref="fl-15f"/>
      </object_component>
      <object_component id="oc-242">
         <name>.text:_SlNonOsSemSet</name>
         <load_address>0x2000b0d2</load_address>
         <run_address>0x2000b0d2</run_address>
         <size>0x8</size>
         <input_file_ref idref="fl-15b"/>
      </object_component>
      <object_component id="oc-f4">
         <name>.text:sl_WlanDisconnect</name>
         <load_address>0x2000b0da</load_address>
         <run_address>0x2000b0da</run_address>
         <size>0x8</size>
         <input_file_ref idref="fl-15d"/>
      </object_component>
      <object_component id="oc-425">
         <name>.text:UtilsDelay</name>
         <load_address>0x2000b0e2</load_address>
         <run_address>0x2000b0e2</run_address>
         <size>0x6</size>
         <input_file_ref idref="fl-166"/>
      </object_component>
      <object_component id="oc-22">
         <name>.text:decompress:rle24</name>
         <load_address>0x2000b0e8</load_address>
         <run_address>0x2000b0e8</run_address>
         <size>0x6</size>
         <input_file_ref idref="fl-139"/>
      </object_component>
      <object_component id="oc-648">
         <name>.const:.string:_ctypes_</name>
         <load_address>0x2000b0f0</load_address>
         <run_address>0x2000b0f0</run_address>
         <size>0x102</size>
         <input_file_ref idref="fl-149"/>
      </object_component>
      <object_component id="oc-62d">
         <name>.const:g_ulPinToPadMap</name>
         <load_address>0x2000b1f4</load_address>
         <run_address>0x2000b1f4</run_address>
         <size>0x100</size>
         <input_file_ref idref="fl-160"/>
      </object_component>
      <object_component id="oc-282">
         <name>.const</name>
         <load_address>0x2000b2f4</load_address>
         <run_address>0x2000b2f4</run_address>
         <size>0xec</size>
         <input_file_ref idref="fl-15d"/>
      </object_component>
      <object_component id="oc-5ba">
         <name>.const:g_pulRegs</name>
         <load_address>0x2000b3e0</load_address>
         <run_address>0x2000b3e0</run_address>
         <size>0xd4</size>
         <input_file_ref idref="fl-15f"/>
      </object_component>
      <object_component id="oc-516">
         <name>.const:PRCM_PeriphRegsList</name>
         <load_address>0x2000b4b4</load_address>
         <run_address>0x2000b4b4</run_address>
         <size>0xa8</size>
         <input_file_ref idref="fl-161"/>
      </object_component>
      <object_component id="oc-355">
         <name>.const</name>
         <load_address>0x2000b55c</load_address>
         <run_address>0x2000b55c</run_address>
         <size>0x80</size>
         <input_file_ref idref="fl-15f"/>
      </object_component>
      <object_component id="oc-4eb">
         <name>.const</name>
         <load_address>0x2000b5dc</load_address>
         <run_address>0x2000b5dc</run_address>
         <size>0x4c</size>
         <input_file_ref idref="fl-157"/>
      </object_component>
      <object_component id="oc-2cd">
         <name>.const</name>
         <load_address>0x2000b628</load_address>
         <run_address>0x2000b628</run_address>
         <size>0x34</size>
         <input_file_ref idref="fl-15c"/>
      </object_component>
      <object_component id="oc-106">
         <name>.const:$P$T1$2</name>
         <load_address>0x2000b65c</load_address>
         <run_address>0x2000b65c</run_address>
         <size>0x2c</size>
         <input_file_ref idref="fl-2"/>
      </object_component>
      <object_component id="oc-4f3">
         <name>.const</name>
         <load_address>0x2000b688</load_address>
         <run_address>0x2000b688</run_address>
         <size>0x28</size>
         <input_file_ref idref="fl-159"/>
      </object_component>
      <object_component id="oc-61c">
         <name>.const:g_ppulSPIIntMap</name>
         <load_address>0x2000b6b0</load_address>
         <run_address>0x2000b6b0</run_address>
         <size>0x24</size>
         <input_file_ref idref="fl-162"/>
      </object_component>
      <object_component id="oc-112">
         <name>.const:.string:$P$T0$1</name>
         <load_address>0x2000b6d4</load_address>
         <run_address>0x2000b6d4</run_address>
         <size>0x22</size>
         <input_file_ref idref="fl-2"/>
      </object_component>
      <object_component id="oc-109">
         <name>.const</name>
         <load_address>0x2000b6f8</load_address>
         <run_address>0x2000b6f8</run_address>
         <size>0x20</size>
         <input_file_ref idref="fl-2"/>
      </object_component>
      <object_component id="oc-556">
         <name>.const</name>
         <load_address>0x2000b718</load_address>
         <run_address>0x2000b718</run_address>
         <size>0x18</size>
         <input_file_ref idref="fl-162"/>
      </object_component>
      <object_component id="oc-14f">
         <name>.const:.string</name>
         <load_address>0x2000b730</load_address>
         <run_address>0x2000b730</run_address>
         <size>0x16</size>
         <input_file_ref idref="fl-2"/>
      </object_component>
      <object_component id="oc-299">
         <name>.const</name>
         <load_address>0x2000b748</load_address>
         <run_address>0x2000b748</run_address>
         <size>0x14</size>
         <input_file_ref idref="fl-156"/>
      </object_component>
      <object_component id="oc-2b1">
         <name>.const</name>
         <load_address>0x2000b75c</load_address>
         <run_address>0x2000b75c</run_address>
         <size>0x8</size>
         <input_file_ref idref="fl-15a"/>
      </object_component>
      <object_component id="oc-700">
         <name>.cinit..data.load</name>
         <load_address>0x2000b768</load_address>
         <run_address>0x2000b768</run_address>
         <size>0x51</size>
      </object_component>
      <object_component id="oc-6fe">
         <name>__TI_handler_table</name>
         <load_address>0x2000b7bc</load_address>
         <run_address>0x2000b7bc</run_address>
         <size>0xc</size>
      </object_component>
      <object_component id="oc-701">
         <name>.cinit..bss.load</name>
         <load_address>0x2000b7c8</load_address>
         <run_address>0x2000b7c8</run_address>
         <size>0x8</size>
      </object_component>
      <object_component id="oc-6ff">
         <name>__TI_cinit_table</name>
         <load_address>0x2000b7d0</load_address>
         <run_address>0x2000b7d0</run_address>
         <size>0x10</size>
      </object_component>
      <object_component id="oc-46">
         <name>.data</name>
         <load_address>0x20018abc</load_address>
         <run_address>0x20018abc</run_address>
         <size>0x4</size>
         <input_file_ref idref="fl-140"/>
      </object_component>
      <object_component id="oc-85">
         <name>.data</name>
         <load_address>0x20018aac</load_address>
         <run_address>0x20018aac</run_address>
         <size>0x8</size>
         <input_file_ref idref="fl-143"/>
      </object_component>
      <object_component id="oc-88">
         <name>.data</name>
         <load_address>0x20018ab4</load_address>
         <run_address>0x20018ab4</run_address>
         <size>0x8</size>
         <input_file_ref idref="fl-13b"/>
      </object_component>
      <object_component id="oc-bb">
         <name>.data</name>
         <load_address>0x20018a6c</load_address>
         <run_address>0x20018a6c</run_address>
         <size>0x34</size>
         <input_file_ref idref="fl-2"/>
      </object_component>
      <object_component id="oc-179">
         <name>.data</name>
         <load_address>0x20018a34</load_address>
         <run_address>0x20018a34</run_address>
         <size>0x38</size>
         <input_file_ref idref="fl-4"/>
      </object_component>
      <object_component id="oc-266">
         <name>.data</name>
         <load_address>0x20018868</load_address>
         <run_address>0x20018868</run_address>
         <size>0x170</size>
         <input_file_ref idref="fl-157"/>
      </object_component>
      <object_component id="oc-41f">
         <name>.data</name>
         <load_address>0x20018aa0</load_address>
         <run_address>0x20018aa0</run_address>
         <size>0xc</size>
         <input_file_ref idref="fl-13e"/>
      </object_component>
      <object_component id="oc-458">
         <name>.data</name>
         <load_address>0x200189d8</load_address>
         <run_address>0x200189d8</run_address>
         <size>0x5c</size>
         <input_file_ref idref="fl-15e"/>
      </object_component>
      <object_component id="oc-be">
         <name>.bss:g_ucConnectionSSID</name>
         <uninitialized>true</uninitialized>
         <run_address>0x20018028</run_address>
         <size>0x24</size>
         <input_file_ref idref="fl-2"/>
      </object_component>
      <object_component id="oc-17c">
         <name>.bss:myStrA</name>
         <uninitialized>true</uninitialized>
         <run_address>0x20017000</run_address>
         <size>0x578</size>
         <input_file_ref idref="fl-4"/>
      </object_component>
      <object_component id="oc-17f">
         <name>.bss:myStrB</name>
         <uninitialized>true</uninitialized>
         <run_address>0x20017578</run_address>
         <size>0x578</size>
         <input_file_ref idref="fl-4"/>
      </object_component>
      <object_component id="oc-277">
         <name>.bss:g__SlNonOsCB</name>
         <uninitialized>true</uninitialized>
         <run_address>0x20018000</run_address>
         <size>0x28</size>
         <input_file_ref idref="fl-15b"/>
      </object_component>
      <object_component id="oc-3d7">
         <name>.bss:gpCtlTbl</name>
         <uninitialized>true</uninitialized>
         <run_address>0x20017c00</run_address>
         <size>0x400</size>
         <input_file_ref idref="fl-8"/>
      </object_component>
      <object_component id="oc-3da">
         <name>.bss:gfpAppCallbackHndl</name>
         <uninitialized>true</uninitialized>
         <run_address>0x20017af0</run_address>
         <size>0x100</size>
         <input_file_ref idref="fl-8"/>
      </object_component>
      <object_component id="oc-c9">
         <name>.common:g_ucConnectionBSSID</name>
         <uninitialized>true</uninitialized>
         <run_address>0x2001804c</run_address>
         <size>0x8</size>
      </object_component>
      <object_component id="oc-19a">
         <name>.common:recvfromflag</name>
         <uninitialized>true</uninitialized>
         <run_address>0x20018058</run_address>
         <size>0x4</size>
      </object_component>
      <object_component id="oc-175">
         <name>.common:udploop</name>
         <uninitialized>true</uninitialized>
         <run_address>0x20018060</run_address>
         <size>0x4</size>
      </object_component>
      <object_component id="oc-174">
         <name>.common:rx_udp_server</name>
         <uninitialized>true</uninitialized>
         <run_address>0x2001805c</run_address>
         <size>0x4</size>
      </object_component>
      <object_component id="oc-330">
         <name>.common:ulRecvData</name>
         <uninitialized>true</uninitialized>
         <run_address>0x20018064</run_address>
         <size>0x2</size>
      </object_component>
      <object_component id="oc-176">
         <name>.common:Reset_SYNC</name>
         <uninitialized>true</uninitialized>
         <run_address>0x20017bfc</run_address>
         <size>0x4</size>
      </object_component>
      <object_component id="oc-334">
         <name>.common:cmd_buffer</name>
         <uninitialized>true</uninitialized>
         <run_address>0x20017bf0</run_address>
         <size>0xc</size>
      </object_component>
      <object_component id="oc-200">
         <name>.common:__Errorlog</name>
         <uninitialized>true</uninitialized>
         <run_address>0x20018054</run_address>
         <size>0x4</size>
      </object_component>
      <object_component id="oc-3d4">
         <name>.common:iDone</name>
         <uninitialized>true</uninitialized>
         <run_address>0x20018067</run_address>
         <size>0x1</size>
      </object_component>
      <object_component id="oc-6bc">
         <name>.common:g_cDummy</name>
         <uninitialized>true</uninitialized>
         <run_address>0x20018066</run_address>
         <size>0x1</size>
      </object_component>
      <object_component id="oc-29">
         <name>.sysmem</name>
         <uninitialized>true</uninitialized>
         <run_address>0x20018068</run_address>
         <size>0x8</size>
         <input_file_ref idref="fl-13e"/>
      </object_component>
      <object_component id="oc-703">
         <name>.sysmem</name>
         <uninitialized>true</uninitialized>
         <run_address>0x20018068</run_address>
         <size>0x0</size>
      </object_component>
      <object_component id="oc-28">
         <name>.stack</name>
         <uninitialized>true</uninitialized>
         <run_address>0x2002f800</run_address>
         <size>0x0</size>
         <input_file_ref idref="fl-137"/>
      </object_component>
      <object_component id="oc-702">
         <name>.stack</name>
         <uninitialized>true</uninitialized>
         <run_address>0x2002f800</run_address>
         <size>0x0</size>
      </object_component>
      <object_component id="oc-f">
         <name>.debug_info</name>
         <load_address>0x0</load_address>
         <run_address>0x0</run_address>
         <size>0x103</size>
         <input_file_ref idref="fl-5"/>
      </object_component>
      <object_component id="oc-12">
         <name>.debug_info</name>
         <load_address>0x103</load_address>
         <run_address>0x103</run_address>
         <size>0x107</size>
         <input_file_ref idref="fl-137"/>
      </object_component>
      <object_component id="oc-17">
         <name>.debug_info</name>
         <load_address>0x20a</load_address>
         <run_address>0x20a</run_address>
         <size>0x1a8</size>
         <input_file_ref idref="fl-138"/>
      </object_component>
      <object_component id="oc-20">
         <name>.debug_info</name>
         <load_address>0x3b2</load_address>
         <run_address>0x3b2</run_address>
         <size>0x17e</size>
         <input_file_ref idref="fl-13a"/>
      </object_component>
      <object_component id="oc-26">
         <name>.debug_info</name>
         <load_address>0x530</load_address>
         <run_address>0x530</run_address>
         <size>0x1a2</size>
         <input_file_ref idref="fl-139"/>
      </object_component>
      <object_component id="oc-2a">
         <name>.debug_info</name>
         <load_address>0x6d2</load_address>
         <run_address>0x6d2</run_address>
         <size>0xca</size>
         <input_file_ref idref="fl-13e"/>
      </object_component>
      <object_component id="oc-2d">
         <name>.debug_info</name>
         <load_address>0x79c</load_address>
         <run_address>0x79c</run_address>
         <size>0x424</size>
         <input_file_ref idref="fl-5"/>
      </object_component>
      <object_component id="oc-34">
         <name>.debug_info</name>
         <load_address>0xbc0</load_address>
         <run_address>0xbc0</run_address>
         <size>0x118</size>
         <input_file_ref idref="fl-5"/>
      </object_component>
      <object_component id="oc-36">
         <name>.debug_info</name>
         <load_address>0xcd8</load_address>
         <run_address>0xcd8</run_address>
         <size>0x151</size>
         <input_file_ref idref="fl-147"/>
      </object_component>
      <object_component id="oc-3d">
         <name>.debug_info</name>
         <load_address>0xe29</load_address>
         <run_address>0xe29</run_address>
         <size>0x130</size>
         <input_file_ref idref="fl-145"/>
      </object_component>
      <object_component id="oc-44">
         <name>.debug_info</name>
         <load_address>0xf59</load_address>
         <run_address>0xf59</run_address>
         <size>0x1d6</size>
         <input_file_ref idref="fl-13b"/>
      </object_component>
      <object_component id="oc-47">
         <name>.debug_info</name>
         <load_address>0x112f</load_address>
         <run_address>0x112f</run_address>
         <size>0xd2</size>
         <input_file_ref idref="fl-140"/>
      </object_component>
      <object_component id="oc-4b">
         <name>.debug_info</name>
         <load_address>0x1201</load_address>
         <run_address>0x1201</run_address>
         <size>0xe0</size>
         <input_file_ref idref="fl-13c"/>
      </object_component>
      <object_component id="oc-50">
         <name>.debug_info</name>
         <load_address>0x12e1</load_address>
         <run_address>0x12e1</run_address>
         <size>0x46</size>
         <input_file_ref idref="fl-138"/>
      </object_component>
      <object_component id="oc-55">
         <name>.debug_info</name>
         <load_address>0x1327</load_address>
         <run_address>0x1327</run_address>
         <size>0x106</size>
         <input_file_ref idref="fl-138"/>
      </object_component>
      <object_component id="oc-57">
         <name>.debug_info</name>
         <load_address>0x142d</load_address>
         <run_address>0x142d</run_address>
         <size>0x46</size>
         <input_file_ref idref="fl-13a"/>
      </object_component>
      <object_component id="oc-5c">
         <name>.debug_info</name>
         <load_address>0x1473</load_address>
         <run_address>0x1473</run_address>
         <size>0xc1</size>
         <input_file_ref idref="fl-13a"/>
      </object_component>
      <object_component id="oc-61">
         <name>.debug_info</name>
         <load_address>0x1534</load_address>
         <run_address>0x1534</run_address>
         <size>0x203</size>
         <input_file_ref idref="fl-139"/>
      </object_component>
      <object_component id="oc-64">
         <name>.debug_info</name>
         <load_address>0x1737</load_address>
         <run_address>0x1737</run_address>
         <size>0xcb</size>
         <input_file_ref idref="fl-139"/>
      </object_component>
      <object_component id="oc-65">
         <name>.debug_info</name>
         <load_address>0x1802</load_address>
         <run_address>0x1802</run_address>
         <size>0x39</size>
         <input_file_ref idref="fl-139"/>
      </object_component>
      <object_component id="oc-6c">
         <name>.debug_info</name>
         <load_address>0x183b</load_address>
         <run_address>0x183b</run_address>
         <size>0x1eb</size>
         <input_file_ref idref="fl-13e"/>
      </object_component>
      <object_component id="oc-71">
[...]
         <name>_sl_BuildAddress</name>
         <value>0x2000aaf1</value>
         <object_component_ref idref="oc-2d8"/>
      </symbol>
      <symbol id="sm-ab4">
         <name>_sl_HandleAsync_Connect</name>
         <value>0x20009b11</value>
         <object_component_ref idref="oc-5f2"/>
      </symbol>
      <symbol id="sm-ab5">
         <name>sl_Htonl</name>
         <value>0x2000a811</value>
         <object_component_ref idref="oc-11f"/>
      </symbol>
      <symbol id="sm-ab6">
         <name>sl_Htons</name>
         <value>0x2000a919</value>
         <object_component_ref idref="oc-119"/>
      </symbol>
      <symbol id="sm-ab7">
         <name>_SlSelectCmdCtrl</name>
         <value>0x2000b658</value>
         <object_component_ref idref="oc-2cd"/>
      </symbol>
      <symbol id="sm-ab8">
         <name>sl_Socket</name>
         <value>0x2000aa3d</value>
         <object_component_ref idref="oc-125"/>
      </symbol>
      <symbol id="sm-ab9">
         <name>_sl_HandleAsync_Select</name>
         <value>0x20009dd5</value>
         <object_component_ref idref="oc-5f8"/>
      </symbol>
      <symbol id="sm-aba">
         <name>sl_RecvFrom</name>
         <value>0x20008bfd</value>
         <object_component_ref idref="oc-149"/>
      </symbol>
      <symbol id="sm-abb">
         <name>_SlSockSocketCmdCtrl</name>
         <value>0x2000b634</value>
         <object_component_ref idref="oc-2cd"/>
      </symbol>
      <symbol id="sm-abc">
         <name>_SlRecvfomCmdCtrl</name>
         <value>0x2000b63c</value>
         <object_component_ref idref="oc-2cd"/>
      </symbol>
      <symbol id="sm-abd">
         <name>_SlSetSockOptCmdCtrl</name>
         <value>0x2000b650</value>
         <object_component_ref idref="oc-2cd"/>
      </symbol>
      <symbol id="sm-abe">
         <name>_SlAcceptCmdCtrl</name>
         <value>0x2000b648</value>
         <object_component_ref idref="oc-2cd"/>
      </symbol>
      <symbol id="sm-abf">
         <name>_SlListenCmdCtrl</name>
         <value>0x2000b644</value>
         <object_component_ref idref="oc-2cd"/>
      </symbol>
      <symbol id="sm-ac0">
         <name>_SlRecvCmdCtrl</name>
         <value>0x2000b64c</value>
         <object_component_ref idref="oc-2cd"/>
      </symbol>
      <symbol id="sm-ac1">
         <name>_SlGetSockOptCmdCtrl</name>
         <value>0x2000b654</value>
         <object_component_ref idref="oc-2cd"/>
      </symbol>
      <symbol id="sm-ac2">
         <name>_sl_TruncatePayloadByProtocol</name>
         <value>0x20009aa1</value>
         <object_component_ref idref="oc-336"/>
      </symbol>
      <symbol id="sm-ac3">
         <name>sl_Close</name>
         <value>0x2000abd1</value>
         <object_component_ref idref="oc-131"/>
      </symbol>
      <symbol id="sm-ac4">
         <name>_sl_HandleAsync_Accept</name>
         <value>0x20009b7d</value>
         <object_component_ref idref="oc-5ec"/>
      </symbol>
      <symbol id="sm-ac5">
         <name>sl_SetSockOpt</name>
         <value>0x2000a1c9</value>
         <object_component_ref idref="oc-137"/>
      </symbol>
      <symbol id="sm-ac6">
         <name>sl_Bind</name>
         <value>0x20009e31</value>
         <object_component_ref idref="oc-12b"/>
      </symbol>
      <symbol id="sm-b37">
         <name>sl_WlanDisconnect</name>
         <value>0x2000b0db</value>
         <object_component_ref idref="oc-f4"/>
      </symbol>
      <symbol id="sm-b38">
         <name>_SlPolicyGetCmdCtrl</name>
         <value>0x2000b2fc</value>
         <object_component_ref idref="oc-282"/>
      </symbol>
      <symbol id="sm-b39">
         <name>_SlPolicySetCmdCtrl</name>
         <value>0x2000b2f8</value>
         <object_component_ref idref="oc-282"/>
      </symbol>
      <symbol id="sm-b3a">
         <name>_SlRxFilterGetCmdCtrl</name>
         <value>0x2000b314</value>
         <object_component_ref idref="oc-282"/>
      </symbol>
      <symbol id="sm-b3b">
         <name>_SlRxFilterSetCmdCtrl</name>
         <value>0x2000b310</value>
         <object_component_ref idref="oc-282"/>
      </symbol>
      <symbol id="sm-b3c">
         <name>_SlProfileGetCmdCtrl</name>
         <value>0x2000b300</value>
         <object_component_ref idref="oc-282"/>
      </symbol>
      <symbol id="sm-b3d">
         <name>_SlWlanGetNetworkListCtrl</name>
         <value>0x2000b308</value>
         <object_component_ref idref="oc-282"/>
      </symbol>
      <symbol id="sm-b3e">
         <name>sl_WlanPolicySet</name>
         <value>0x2000a669</value>
         <object_component_ref idref="oc-e8"/>
      </symbol>
      <symbol id="sm-b3f">
         <name>_SlProfileDelCmdCtrl</name>
         <value>0x2000b304</value>
         <object_component_ref idref="oc-282"/>
      </symbol>
      <symbol id="sm-b40">
         <name>_SlWlanSetModeCmdCtrl</name>
         <value>0x2000b31c</value>
         <object_component_ref idref="oc-282"/>
      </symbol>
      <symbol id="sm-b41">
         <name>_SlWlanCfgSetCmdCtrl</name>
         <value>0x2000b320</value>
         <object_component_ref idref="oc-282"/>
      </symbol>
      <symbol id="sm-b42">
         <name>_SlWlanCfgGetCmdCtrl</name>
         <value>0x2000b324</value>
         <object_component_ref idref="oc-282"/>
      </symbol>
      <symbol id="sm-b43">
         <name>sl_WlanProfileDel</name>
         <value>0x2000abf5</value>
         <object_component_ref idref="oc-ee"/>
      </symbol>
      <symbol id="sm-b44">
         <name>_SlRxFilterAddtCmdCtrl</name>
         <value>0x2000b30c</value>
         <object_component_ref idref="oc-282"/>
      </symbol>
      <symbol id="sm-b45">
         <name>sl_WlanRxFilterSet</name>
         <value>0x2000a6a9</value>
         <object_component_ref idref="oc-113"/>
      </symbol>
      <symbol id="sm-b46">
         <name>sl_WlanConnect</name>
         <value>0x2000783d</value>
         <object_component_ref idref="oc-156"/>
      </symbol>
      <symbol id="sm-b47">
         <name>sl_WlanSet</name>
         <value>0x2000a389</value>
         <object_component_ref idref="oc-100"/>
      </symbol>
      <symbol id="sm-b48">
         <name>_SlSmartConfigStartCmdCtrl</name>
         <value>0x2000b318</value>
         <object_component_ref idref="oc-282"/>
      </symbol>
      <symbol id="sm-b49">
         <name>sl_WlanSetMode</name>
         <value>0x2000ab19</value>
         <object_component_ref idref="oc-d6"/>
      </symbol>
      <symbol id="sm-c0e">
         <name>g_cDummy</name>
         <value>0x20018066</value>
      </symbol>
      <symbol id="sm-c0f">
         <name>NwpMaskInterrupt</name>
         <value>0x2000b05d</value>
         <object_component_ref idref="oc-494"/>
      </symbol>
      <symbol id="sm-c10">
         <name>NwpRegisterInterruptHandler</name>
         <value>0x2000a7d9</value>
         <object_component_ref idref="oc-24e"/>
      </symbol>
      <symbol id="sm-c11">
         <name>NwpPowerOnPreamble</name>
         <value>0x2000965d</value>
         <object_component_ref idref="oc-224"/>
      </symbol>
      <symbol id="sm-c12">
         <name>g_pHostIntHdl</name>
         <value>0x200189dc</value>
         <object_component_ref idref="oc-458"/>
      </symbol>
      <symbol id="sm-c13">
         <name>NwpUnMaskInterrupt</name>
         <value>0x2000b099</value>
         <object_component_ref idref="oc-66f"/>
      </symbol>
      <symbol id="sm-c14">
         <name>g_ucDinDout</name>
         <value>0x200189e4</value>
         <object_component_ref idref="oc-458"/>
      </symbol>
      <symbol id="sm-c15">
         <name>NwpPowerOff</name>
         <value>0x2000a6e9</value>
         <object_component_ref idref="oc-248"/>
      </symbol>
      <symbol id="sm-c16">
         <name>spi_Read</name>
         <value>0x20008845</value>
         <object_component_ref idref="oc-663"/>
      </symbol>
      <symbol id="sm-c17">
         <name>DmaSpiSwIntHandler</name>
         <value>0x2000ab41</value>
         <object_component_ref idref="oc-45b"/>
      </symbol>
      <symbol id="sm-c18">
         <name>NwpPowerOn</name>
         <value>0x2000a94d</value>
         <object_component_ref idref="oc-254"/>
      </symbol>
      <symbol id="sm-c19">
         <name>spi_Close</name>
         <value>0x20009a2d</value>
         <object_component_ref idref="oc-28d"/>
      </symbol>
      <symbol id="sm-c1a">
         <name>spi_Write</name>
         <value>0x2000868d</value>
         <object_component_ref idref="oc-5df"/>
      </symbol>
      <symbol id="sm-c1b">
         <name>spi_Open</name>
         <value>0x20008041</value>
         <object_component_ref idref="oc-230"/>
      </symbol>
      <symbol id="sm-c1c">
         <name>g_ucDMAEnabled</name>
         <value>0x200189e0</value>
         <object_component_ref idref="oc-458"/>
      </symbol>
      <symbol id="sm-c1d">
         <name>g_SpiFd</name>
         <value>0x200189d8</value>
         <object_component_ref idref="oc-458"/>
      </symbol>
      <symbol id="sm-ca3">
         <name>IntPendClear</name>
         <value>0x20009ee9</value>
         <object_component_ref idref="oc-47d"/>
      </symbol>
      <symbol id="sm-ca4">
         <name>IntPrioritySet</name>
         <value>0x20009ff1</value>
         <object_component_ref idref="oc-452"/>
      </symbol>
      <symbol id="sm-ca5">
         <name>IntVTableBaseSet</name>
         <value>0x2000afad</value>
         <object_component_ref idref="oc-15c"/>
      </symbol>
      <symbol id="sm-ca6">
         <name>IntEnable</name>
         <value>0x20008d51</value>
         <object_component_ref idref="oc-168"/>
      </symbol>
      <symbol id="sm-ca7">
         <name>IntDisable</name>
         <value>0x20008ca9</value>
         <object_component_ref idref="oc-471"/>
      </symbol>
      <symbol id="sm-ca8">
         <name>IntRegister</name>
         <value>0x2000ac5d</value>
         <object_component_ref idref="oc-44c"/>
      </symbol>
      <symbol id="sm-ca9">
         <name>IntUnregister</name>
         <value>0x2000ab65</value>
         <object_component_ref idref="oc-477"/>
      </symbol>
      <symbol id="sm-caa">
         <name>IntMasterEnable</name>
         <value>0x2000b0c9</value>
         <object_component_ref idref="oc-162"/>
      </symbol>
      <symbol id="sm-cdf">
         <name>PinTypeUART</name>
         <value>0x2000adf9</value>
         <object_component_ref idref="oc-3e3"/>
      </symbol>
      <symbol id="sm-ce0">
         <name>PinConfigSet</name>
         <value>0x200092ad</value>
         <object_component_ref idref="oc-54e"/>
      </symbol>
      <symbol id="sm-ce1">
         <name>PinTypeSPI</name>
         <value>0x2000addf</value>
         <object_component_ref idref="oc-3e9"/>
      </symbol>
      <symbol id="sm-ce2">
         <name>PinModeSet</name>
         <value>0x2000a569</value>
         <object_component_ref idref="oc-548"/>
      </symbol>
      <symbol id="sm-d71">
         <name>PRCMPeripheralReset</name>
         <value>0x20009f41</value>
         <object_component_ref idref="oc-329"/>
      </symbol>
      <symbol id="sm-d72">
         <name>PRCMPeripheralClkEnable</name>
         <value>0x2000a725</value>
         <object_component_ref idref="oc-323"/>
      </symbol>
      <symbol id="sm-d73">
         <name>PRCMPeripheralClockGet</name>
         <value>0x20008fcd</value>
         <object_component_ref idref="oc-1d6"/>
      </symbol>
      <symbol id="sm-d74">
         <name>PRCMCC3200MCUInit</name>
         <value>0x20007f0d</value>
         <object_component_ref idref="oc-16e"/>
      </symbol>
      <symbol id="sm-d75">
         <name>PRCMHIBRegWrite</name>
         <value>0x2000af57</value>
         <object_component_ref idref="oc-35f"/>
      </symbol>
      <symbol id="sm-d76">
         <name>PRCMSysResetCauseGet</name>
         <value>0x2000aa9d</value>
         <object_component_ref idref="oc-36b"/>
      </symbol>
      <symbol id="sm-d77">
         <name>PRCMPeripheralStatusGet</name>
         <value>0x2000a849</value>
         <object_component_ref idref="oc-43a"/>
      </symbol>
      <symbol id="sm-d78">
         <name>PRCMPeripheralClkDisable</name>
         <value>0x2000aac9</value>
         <object_component_ref idref="oc-365"/>
      </symbol>
      <symbol id="sm-d79">
         <name>PRCMHIBRegRead</name>
         <value>0x2000af41</value>
         <object_component_ref idref="oc-359"/>
      </symbol>
      <symbol id="sm-e6c">
         <name>SPIFIFODisable</name>
         <value>0x2000ae47</value>
         <object_component_ref idref="oc-4ce"/>
      </symbol>
      <symbol id="sm-e6d">
         <name>SPICSEnable</name>
         <value>0x2000aec7</value>
         <object_component_ref idref="oc-677"/>
      </symbol>
      <symbol id="sm-e6e">
         <name>SPIDisable</name>
         <value>0x2000aedf</value>
         <object_component_ref idref="oc-2f3"/>
      </symbol>
      <symbol id="sm-e6f">
         <name>SPIFIFOEnable</name>
         <value>0x2000ae61</value>
         <object_component_ref idref="oc-440"/>
      </symbol>
      <symbol id="sm-e70">
         <name>SPIWordCountSet</name>
         <value>0x2000ac3b</value>
         <object_component_ref idref="oc-67d"/>
      </symbol>
      <symbol id="sm-e71">
         <name>SPIDataPut</name>
         <value>0x2000acdd</value>
         <object_component_ref idref="oc-2e7"/>
      </symbol>
      <symbol id="sm-e72">
         <name>SPIEnable</name>
         <value>0x2000aef7</value>
         <object_component_ref idref="oc-317"/>
      </symbol>
      <symbol id="sm-e73">
         <name>SPIDataGet</name>
         <value>0x2000ac7d</value>
         <object_component_ref idref="oc-31d"/>
      </symbol>
      <symbol id="sm-e74">
         <name>SPIDmaEnable</name>
         <value>0x2000ae2d</value>
         <object_component_ref idref="oc-30b"/>
      </symbol>
      <symbol id="sm-e75">
         <name>SPIConfigSetExpClk</name>
         <value>0x20008df9</value>
         <object_component_ref idref="oc-2ff"/>
      </symbol>
      <symbol id="sm-e76">
         <name>SPIIntRegister</name>
         <value>0x2000acfb</value>
         <object_component_ref idref="oc-305"/>
      </symbol>
      <symbol id="sm-e77">
         <name>SPIIntUnregister</name>
         <value>0x2000ae7b</value>
         <object_component_ref idref="oc-4c8"/>
      </symbol>
      <symbol id="sm-e78">
         <name>SPIFIFOLevelSet</name>
         <value>0x2000a87d</value>
         <object_component_ref idref="oc-446"/>
      </symbol>
      <symbol id="sm-e79">
         <name>SPIDmaDisable</name>
         <value>0x2000ae13</value>
         <object_component_ref idref="oc-4d4"/>
      </symbol>
      <symbol id="sm-e7a">
         <name>SPIReset</name>
         <value>0x2000ac19</value>
         <object_component_ref idref="oc-2f9"/>
      </symbol>
      <symbol id="sm-e7b">
         <name>SPIIntStatus</name>
         <value>0x200096dd</value>
         <object_component_ref idref="oc-2e1"/>
      </symbol>
      <symbol id="sm-e7c">
         <name>SPIIntEnable</name>
         <value>0x2000a0e5</value>
         <object_component_ref idref="oc-311"/>
      </symbol>
      <symbol id="sm-e7d">
         <name>SPIIntClear</name>
         <value>0x2000a2f9</value>
         <object_component_ref idref="oc-194"/>
      </symbol>
      <symbol id="sm-e7e">
         <name>SPICSDisable</name>
         <value>0x2000aeaf</value>
         <object_component_ref idref="oc-434"/>
      </symbol>
      <symbol id="sm-e7f">
         <name>SPIIntDisable</name>
         <value>0x2000a099</value>
         <object_component_ref idref="oc-18e"/>
      </symbol>
      <symbol id="sm-eb1">
         <name>UARTConfigSetExpClk</name>
         <value>0x200099b5</value>
         <object_component_ref idref="oc-1dc"/>
      </symbol>
      <symbol id="sm-eb2">
         <name>UARTDisable</name>
         <value>0x2000a97d</value>
         <object_component_ref idref="oc-3fc"/>
      </symbol>
      <symbol id="sm-eb3">
         <name>UARTCharPut</name>
         <value>0x2000ad19</value>
         <object_component_ref idref="oc-1e2"/>
      </symbol>
      <symbol id="sm-eb4">
         <name>UARTEnable</name>
         <value>0x2000ab89</value>
         <object_component_ref idref="oc-402"/>
      </symbol>
      <symbol id="sm-eb5">
         <name>UARTCharGet</name>
         <value>0x2000af6d</value>
         <object_component_ref idref="oc-1ee"/>
      </symbol>
      <symbol id="sm-f6e">
         <name>uDMAChannelControlSet</name>
         <value>0x2000a79d</value>
         <object_component_ref idref="oc-3a4"/>
      </symbol>
      <symbol id="sm-f6f">
         <name>uDMAIntClear</name>
         <value>0x2000b011</value>
         <object_component_ref idref="oc-380"/>
      </symbol>
      <symbol id="sm-f70">
         <name>uDMAChannelDisable</name>
         <value>0x2000ad71</value>
         <object_component_ref idref="oc-3c2"/>
      </symbol>
      <symbol id="sm-f71">
         <name>uDMAChannelModeGet</name>
         <value>0x2000a261</value>
         <object_component_ref idref="oc-2ed"/>
      </symbol>
      <symbol id="sm-f72">
         <name>uDMAIntUnregister</name>
         <value>0x2000b049</value>
         <object_component_ref idref="oc-3c8"/>
      </symbol>
      <symbol id="sm-f73">
         <name>uDMAChannelAttributeEnable</name>
         <value>0x20009cb1</value>
         <object_component_ref idref="oc-3aa"/>
      </symbol>
      <symbol id="sm-f74">
         <name>uDMADisable</name>
         <value>0x2000b0a5</value>
         <object_component_ref idref="oc-3ce"/>
      </symbol>
      <symbol id="sm-f75">
         <name>uDMAChannelTransferSet</name>
         <value>0x2000859d</value>
         <object_component_ref idref="oc-3b0"/>
      </symbol>
      <symbol id="sm-f76">
         <name>uDMAIntStatus</name>
         <value>0x2000b0bd</value>
         <object_component_ref idref="oc-37a"/>
      </symbol>
      <symbol id="sm-f77">
         <name>uDMAChannelAssign</name>
         <value>0x2000a215</value>
         <object_component_ref idref="oc-398"/>
      </symbol>
      <symbol id="sm-f78">
         <name>uDMAIntRegister</name>
         <value>0x2000af83</value>
         <object_component_ref idref="oc-386"/>
      </symbol>
      <symbol id="sm-f79">
         <name>uDMAEnable</name>
         <value>0x2000b0b1</value>
         <object_component_ref idref="oc-38c"/>
      </symbol>
      <symbol id="sm-f7a">
         <name>uDMAControlBaseSet</name>
         <value>0x2000affd</value>
         <object_component_ref idref="oc-392"/>
      </symbol>
      <symbol id="sm-f7b">
         <name>uDMAChannelAttributeDisable</name>
         <value>0x20009c4d</value>
         <object_component_ref idref="oc-39e"/>
      </symbol>
      <symbol id="sm-f7c">
         <name>uDMAChannelEnable</name>
         <value>0x2000ad8d</value>
         <object_component_ref idref="oc-3b6"/>
      </symbol>
      <symbol id="sm-f7d">
         <name>uDMAChannelRequest</name>
         <value>0x2000ada9</value>
         <object_component_ref idref="oc-3bc"/>
      </symbol>
      <symbol id="sm-f81">
         <name>UtilsDelay</name>
         <value>0x2000b0e3</value>
         <object_component_ref idref="oc-425"/>
      </symbol>
      <symbol id="sm-f8b">
         <name>CPUcpsie</name>
         <value>0x2000af99</value>
         <object_component_ref idref="oc-34e"/>
      </symbol>
      <symbol id="sm-f8e">
         <name>__TI_static_base__</name>
         <value>0x2000b768</value>
      </symbol>
      <symbol id="sm-f8f">
         <name>__TI_args_main</name>
         <value>0x1</value>
      </symbol>
      <symbol id="sm-f90">
         <name>SHT$$INIT_ARRAY$$Limit</name>
         <value>0x0</value>
      </symbol>
      <symbol id="sm-f91">
         <name>SHT$$INIT_ARRAY$$Base</name>
         <value>0x0</value>
      </symbol>
   </symbol_table>
   <title>Link successful</title>
</link_info>
