******************************************************************************
                  TI ARM Linker PC v5.1.6                      
******************************************************************************
>> Linked Thu Oct 22 18:14:22 2015

OUTPUT FILE NAME:   <udp_socket.out>
ENTRY POINT SYMBOL: "_c_int00"  address: 2000a839


MEMORY CONFIGURATION

         name            origin    length      used     unused   attr    fill
----------------------  --------  ---------  --------  --------  ----  --------
  SRAM_CODE             20004000   00013000  00007706  0000b8fa  RW X
  SRAM_DATA             20017000   00019000  000022b8  00016d48  RW X


SEGMENT ALLOCATION MAP

run origin  load origin   length   init length attrs members
----------  ----------- ---------- ----------- ----- -------
20004000    20004000    00007708   00007708    r-x
  20004000    20004000    00000400   00000400    r-- .intvecs
  20004400    20004400    00006c22   00006c22    r-x .text
  2000b024    2000b024    00000674   00000674    r-- .const
  2000b698    2000b698    00000070   00000070    r-- .cinit
20017000    20017000    00001ab8   00000000    rw-
  20017000    20017000    00001068   00000000    rw- .bss
  20018068    20018068    00000800   00000000    rw- .sysmem
  20018868    20018868    00000250   00000000    rw- .data
2002f800    2002f800    00000800   00000000    rw-
  2002f800    2002f800    00000800   00000000    rw- .stack


SECTION ALLOCATION MAP

 output                                  attributes/
section   page    origin      length       input sections
--------  ----  ----------  ----------   ----------------
.init_array 
*          0    20004000    00000000     UNINITIALIZED

.intvecs   0    20004000    00000400     
                  20004000    00000400     startup_ccs.obj (.intvecs)

.text      0    20004400    00006c22     
                  20004400    00000ec0     rtsv7M4_T_le_eabi.lib : _printfi.obj (.text)
                  200052c0    00000dfc     main.obj (.text)
                  200060bc    000003f0     spi.obj (.text)
                  200064ac    000003cc     rtsv7M4_T_le_eabi.lib : memory.obj (.text)
                  20006878    000003b4     simplelink.a : driver.obj (.text:_SlDrvMsgRead)
                  20006c2c    0000034c                  : driver.obj (.text:_SlAsyncEventGenericHandler)
                  20006f78    0000026c     uart_if.obj (.text)
                  200071e4    00000200     udma_if.obj (.text)
                  200073e4    000001f4     rtsv7M4_T_le_eabi.lib : ull_div_t2.obj (.text)
                  200075d8    000001b6                           : fd_add_t2.obj (.text)
                  2000778e    00000002     driverlib.a : interrupt.obj (.text:IntDefaultHandler)
                  20007790    0000019c     simplelink.a : wlan.obj (.text:sl_WlanConnect)
                  2000792c    0000017c                  : driver.obj (.text:_SlDrvDataReadOp)
                  20007aa8    00000140                  : driver.obj (.text:_SlDrvDataWriteOp)
                  20007be8    00000140                  : driver.obj (.text:_SlDrvRxHdrRead)
                  20007d28    00000136     rtsv7M4_T_le_eabi.lib : fd_div_t2.obj (.text)
                  20007e5e    00000002     --HOLE-- [fill = 0]
                  20007e60    00000134     driverlib.a : prcm.obj (.text:PRCMCC3200MCUInit)
                  20007f94    00000128     simplelink.a : cc_pal.obj (.text:spi_Open)
                  200080bc    00000118                  : driver.obj (.text:_SlDrvWaitForPoolObj)
                  200081d4    00000114                  : driver.obj (.text:_SlDrvMsgWrite)
                  200082e8    0000010c                  : driver.obj (.text:_SlDrvReleasePoolObj)
                  200083f4    000000fc     rtsv7M4_T_le_eabi.lib : fd_mul_t2.obj (.text)
                  200084f0    000000f0     driverlib.a : udma.obj (.text:uDMAChannelTransferSet)
                  200085e0    000000ec     simplelink.a : cc_pal.obj (.text:spi_Write)
                  200086cc    000000cc                  : device.obj (.text:sl_Stop)
                  20008798    000000cc                  : cc_pal.obj (.text:spi_Read)
                  20008864    000000c8                  : device.obj (.text:sl_Start)
                  2000892c    000000bc                  : driver.obj (.text:_SlDrvMsgReadCmdCtx)
                  200089e8    000000b4                  : socket.obj (.text:sl_SendTo)
                  20008a9c    000000b2                  : netapp.obj (.text:_SlDrvNetAppEventHandler)
                  20008b4e    00000002     --HOLE-- [fill = 0]
                  20008b50    000000ac                  : socket.obj (.text:sl_RecvFrom)
                  20008bfc    000000a8     driverlib.a : interrupt.obj (.text:IntDisable)
                  20008ca4    000000a8                 : interrupt.obj (.text:IntEnable)
                  20008d4c    000000a0                 : spi.obj (.text:SPIConfigSetExpClk)
                  20008dec    0000009c     rtsv7M4_T_le_eabi.lib : memcpy_t2.obj (.text)
                  20008e88    00000098     simplelink.a : driver.obj (.text:_SlFindAndSetActiveObj)
                  20008f20    00000094     driverlib.a : prcm.obj (.text:PRCMPeripheralClockGet)
                  20008fb4    00000094     simplelink.a : driver.obj (.text:_SlDrvClassifyRxMsg)
                  20009048    00000094                  : driver.obj (.text:_SlDrvMsgReadSpawnCtx)
                  200090dc    00000094     rtsv7M4_T_le_eabi.lib : auto_init.obj (.text)
                  20009170    00000090     simplelink.a : driver.obj (.text:_SlDrvDriverCBInit)
                  20009200    00000088     driverlib.a : pin.obj (.text:PinConfigSet)
                  20009288    00000088     simplelink.a : driver.obj (.text:_SlDrvCmdOp)
                  20009310    00000088     rtsv7M4_T_le_eabi.lib : vsnprintf.obj (.text)
                  20009398    00000088     simplelink.a : netapp.obj (.text:sl_NetAppMDNSRegisterUnregisterService)
                  20009420    00000086     rtsv7M4_T_le_eabi.lib : fd_cmp_t2.obj (.text:__aeabi_cdcmple)
                  200094a6    00000086                           : fd_cmp_t2.obj (.text:__aeabi_cdrcmple)
                  2000952c    00000084     simplelink.a : netapp.obj (.text:_sl_HandleAsync_DnsGetHostByName)
                  200095b0    00000080                  : cc_pal.obj (.text:NwpPowerOnPreamble)
                  20009630    0000007c     driverlib.a : spi.obj (.text:SPIIntStatus)
                  200096ac    0000007c     simplelink.a : device.obj (.text:sl_DevGet)
                  20009728    00000078                  : cc_pal.obj (.text:SetupDMAReceive)
                  200097a0    00000078                  : device.obj (.text:_sl_HandleAsync_InitComplete)
                  20009818    00000078                  : netapp.obj (.text:_sl_HandleAsync_PingResponse)
                  20009890    00000078     rtsv7M4_T_le_eabi.lib : memset_t2.obj (.text)
                  20009908    00000076     driverlib.a : uart.obj (.text:UARTConfigSetExpClk)
                  2000997e    00000002     --HOLE-- [fill = 0]
                  20009980    00000074     simplelink.a : cc_pal.obj (.text:spi_Close)
                  200099f4    0000006e                  : socket.obj (.text:_sl_TruncatePayloadByProtocol)
                  20009a62    00000002     --HOLE-- [fill = 0]
                  20009a64    0000006c                  : socket.obj (.text:_sl_HandleAsync_Connect)
                  20009ad0    00000068                  : socket.obj (.text:_sl_HandleAsync_Accept)
                  20009b38    00000068                  : netapp.obj (.text:_sl_HandleAsync_DnsGetHostByService)
                  20009ba0    00000064     driverlib.a : udma.obj (.text:uDMAChannelAttributeDisable)
                  20009c04    00000064                 : udma.obj (.text:uDMAChannelAttributeEnable)
                  20009c68    00000060     simplelink.a : driver.obj (.text:_SlDrvDriverCBDeinit)
                  20009cc8    0000005e     rtsv7M4_T_le_eabi.lib : copy_decompress_rle.obj (.text)
                  20009d26    00000002     --HOLE-- [fill = 0]
                  20009d28    0000005c     simplelink.a : socket.obj (.text:_sl_HandleAsync_Select)
                  20009d84    0000005c                  : socket.obj (.text:sl_Bind)
                  20009de0    0000005a     rtsv7M4_T_le_eabi.lib : ltoa.obj (.text)
                  20009e3a    00000002     --HOLE-- [fill = 0]
                  20009e3c    00000058     driverlib.a : interrupt.obj (.text:IntPendClear)
                  20009e94    00000058                 : prcm.obj (.text:PRCMPeripheralReset)
                  20009eec    00000058     simplelink.a : device.obj (.text:_sl_HandleAsync_Stop)
                  20009f44    00000054     driverlib.a : interrupt.obj (.text:IntPrioritySet)
                  20009f98    00000054     simplelink.a : netapp.obj (.text:sl_NetAppSendTokenValue)
                  20009fec    0000004c     driverlib.a : spi.obj (.text:SPIIntDisable)
                  2000a038    0000004c                 : spi.obj (.text:SPIIntEnable)
                  2000a084    0000004c                 : spi.obj (.text:SPIIntNumberGet)
                  2000a0d0    0000004c     rtsv7M4_T_le_eabi.lib : atoi.obj (.text)
                  2000a11c    0000004c     simplelink.a : socket.obj (.text:sl_SetSockOpt)
                  2000a168    0000004c     driverlib.a : udma.obj (.text:uDMAChannelAssign)
                  2000a1b4    0000004c                 : udma.obj (.text:uDMAChannelModeGet)
                  2000a200    0000004a     simplelink.a : device.obj (.text:_sl_GetStartResponseConvert)
                  2000a24a    00000002     --HOLE-- [fill = 0]
                  2000a24c    00000048     driverlib.a : spi.obj (.text:SPIIntClear)
                  2000a294    00000048     rtsv7M4_T_le_eabi.lib : fd_toi_t2.obj (.text)
                  2000a2dc    00000048     simplelink.a : wlan.obj (.text:sl_WlanSet)
                  2000a324    00000044     driverlib.a : spi.obj (.text:SPIDmaMaskGet)
                  2000a368    00000044     pinmux.obj (.text)
                  2000a3ac    00000044     rtsv7M4_T_le_eabi.lib : cpy_tbl.obj (.text)
                  2000a3f0    00000044                           : exit.obj (.text)
                  2000a434    00000044                           : xdtest.obj (.text)
                  2000a478    00000044     simplelink.a : netcfg.obj (.text:sl_NetCfgSet)
                  2000a4bc    00000040     driverlib.a : pin.obj (.text:PinModeSet)
                  2000a4fc    00000040     simplelink.a : driver.obj (.text:_SlDrvRxIrqHandler)
                  2000a53c    00000040                  : nonos.obj (.text:_SlNonOsMainLoopTask)
                  2000a57c    00000040                  : driver.obj (.text:_SlRemoveFromList)
                  2000a5bc    00000040                  : wlan.obj (.text:sl_WlanPolicySet)
                  2000a5fc    00000040                  : wlan.obj (.text:sl_WlanRxFilterSet)
                  2000a63c    0000003c                  : cc_pal.obj (.text:NwpPowerOff)
                  2000a678    0000003c     driverlib.a : prcm.obj (.text:PRCMPeripheralClkEnable)
                  2000a6b4    0000003c     simplelink.a : driver.obj (.text:_SlDrvObjInit)
                  2000a6f0    0000003c     driverlib.a : udma.obj (.text:uDMAChannelControlSet)
                  2000a72c    00000038     simplelink.a : cc_pal.obj (.text:NwpRegisterInterruptHandler)
                  2000a764    00000038                  : socket.obj (.text:sl_Htonl)
                  2000a79c    00000034     driverlib.a : prcm.obj (.text:PRCMPeripheralStatusGet)
                  2000a7d0    00000034                 : spi.obj (.text:SPIFIFOLevelSet)
                  2000a804    00000034     simplelink.a : driver.obj (.text:_SlDrvBasicCmd)
                  2000a838    00000034     rtsv7M4_T_le_eabi.lib : boot.obj (.text)
                  2000a86c    00000034     simplelink.a : socket.obj (.text:sl_Htons)
                  2000a8a0    00000030                  : cc_pal.obj (.text:NwpPowerOn)
                  2000a8d0    00000030     driverlib.a : uart.obj (.text:UARTDisable)
                  2000a900    00000030     simplelink.a : flowcont.obj (.text:_SlDrvFlowContDeinit)
                  2000a930    00000030                  : flowcont.obj (.text:_SlDrvFlowContInit)
                  2000a960    00000030                  : nonos.obj (.text:_SlNonOsSemGet)
                  2000a990    00000030                  : socket.obj (.text:sl_Socket)
                  2000a9c0    0000002e     rtsv7M4_T_le_eabi.lib : i_tofd_t2.obj (.text)
                  2000a9ee    00000002     --HOLE-- [fill = 0]
                  2000a9f0    0000002c     driverlib.a : prcm.obj (.text:PRCMSysResetCauseGet)
                  2000aa1c    00000028                 : prcm.obj (.text:PRCMPeripheralClkDisable)
                  2000aa44    00000028     simplelink.a : socket.obj (.text:_sl_BuildAddress)
                  2000aa6c    00000028                  : wlan.obj (.text:sl_WlanSetMode)
                  2000aa94    00000024                  : cc_pal.obj (.text:DmaSpiSwIntHandler)
                  2000aab8    00000024     driverlib.a : interrupt.obj (.text:IntUnregister)
                  2000aadc    00000024                 : uart.obj (.text:UARTEnable)
                  2000ab00    00000024     rtsv7M4_T_le_eabi.lib : memmov.obj (.text)
                  2000ab24    00000024     simplelink.a : socket.obj (.text:sl_Close)
                  2000ab48    00000024                  : wlan.obj (.text:sl_WlanProfileDel)
                  2000ab6c    00000022     driverlib.a : spi.obj (.text:SPIReset)
                  2000ab8e    00000022                 : spi.obj (.text:SPIWordCountSet)
                  2000abb0    00000020                 : interrupt.obj (.text:IntRegister)
                  2000abd0    00000020     simplelink.a : driver.obj (.text:_SlDrvCmdSend)
                  2000abf0    00000020                  : nonos.obj (.text:_SlNonOsSpawn)
                  2000ac10    0000001e     driverlib.a : spi.obj (.text:SPIDataPut)
                  2000ac2e    0000001e                 : spi.obj (.text:SPIIntRegister)
                  2000ac4c    0000001e                 : uart.obj (.text:UARTCharPut)
                  2000ac6a    00000002     --HOLE-- [fill = 0]
                  2000ac6c    0000001c     simplelink.a : driver.obj (.text:_SlDrvObjDeInit)
                  2000ac88    0000001c     rtsv7M4_T_le_eabi.lib : memccpy.obj (.text)
                  2000aca4    0000001c     driverlib.a : udma.obj (.text:uDMAChannelDisable)
                  2000acc0    0000001c                 : udma.obj (.text:uDMAChannelEnable)
                  2000acdc    0000001c                 : udma.obj (.text:uDMAChannelRequest)
                  2000acf8    0000001a     simplelink.a : netapp.obj (.text:CopyPingResultsToReport)
                  2000ad12    0000001a     driverlib.a : pin.obj (.text:PinTypeSPI)
                  2000ad2c    0000001a                 : pin.obj (.text:PinTypeUART)
                  2000ad46    0000001a                 : spi.obj (.text:SPIDmaDisable)
                  2000ad60    0000001a                 : spi.obj (.text:SPIDmaEnable)
                  2000ad7a    0000001a                 : spi.obj (.text:SPIFIFODisable)
                  2000ad94    0000001a                 : spi.obj (.text:SPIFIFOEnable)
                  2000adae    0000001a                 : spi.obj (.text:SPIIntUnregister)
                  2000adc8    0000001a     simplelink.a : device.obj (.text:_SlDrvDeviceEventHandler)
                  2000ade2    00000018     driverlib.a : spi.obj (.text:SPICSDisable)
                  2000adfa    00000018                 : spi.obj (.text:SPICSEnable)
                  2000ae12    00000018                 : spi.obj (.text:SPIDisable)
                  2000ae2a    00000018                 : spi.obj (.text:SPIEnable)
                  2000ae42    00000002     --HOLE-- [fill = 0]
                  2000ae44    00000018     rtsv7M4_T_le_eabi.lib : args_main.obj (.text)
                  2000ae5c    00000018                           : ll_mul_t2.obj (.text)
                  2000ae74    00000016     driverlib.a : prcm.obj (.text:PRCMHIBRegRead)
                  2000ae8a    00000016                 : prcm.obj (.text:PRCMHIBRegWrite)
                  2000aea0    00000016                 : uart.obj (.text:UARTCharGet)
                  2000aeb6    00000016                 : udma.obj (.text:uDMAIntRegister)
                  2000aecc    00000014                 : cpu.obj (.text:CPUcpsie)
                  2000aee0    00000014                 : interrupt.obj (.text:IntVTableBaseSet)
                  2000aef4    00000014     simplelink.a : driver.obj (.text:_SlDrvShiftDWord)
                  2000af08    00000014     rtsv7M4_T_le_eabi.lib : _lock.obj (.text)
                  2000af1c    00000014                           : strlen.obj (.text)
                  2000af30    00000014     driverlib.a : udma.obj (.text:uDMAControlBaseSet)
                  2000af44    00000014                 : udma.obj (.text:uDMAIntClear)
                  2000af58    00000012     rtsv7M4_T_le_eabi.lib : copy_zero_init.obj (.text:decompress:ZI)
                  2000af6a    00000012     simplelink.a : netapp.obj (.text:sl_NetAppMDNSUnRegisterService)
                  2000af7c    00000012     driverlib.a : udma.obj (.text:uDMAIntUnregister)
                  2000af8e    00000002     --HOLE-- [fill = 0]
                  2000af90    00000010     simplelink.a : cc_pal.obj (.text:NwpMaskInterrupt)
                  2000afa0    0000000e     rtsv7M4_T_le_eabi.lib : copy_decompress_none.obj (.text:decompress:none)
                  2000afae    0000000e                           : xdclass.obj (.text)
                  2000afbc    0000000e     startup_ccs.obj (.text)
                  2000afca    00000002     --HOLE-- [fill = 0]
                  2000afcc    0000000c     simplelink.a : cc_pal.obj (.text:NwpUnMaskInterrupt)
                  2000afd8    0000000c     driverlib.a : udma.obj (.text:uDMADisable)
                  2000afe4    0000000c                 : udma.obj (.text:uDMAEnable)
                  2000aff0    0000000c                 : udma.obj (.text:uDMAIntStatus)
                  2000affc    0000000a                 : interrupt.obj (.text:IntMasterEnable)
                  2000b006    00000008     simplelink.a : nonos.obj (.text:_SlNonOsSemSet)
                  2000b00e    00000008                  : wlan.obj (.text:sl_WlanDisconnect)
                  2000b016    00000006     driverlib.a : utils.obj (.text:UtilsDelay)
                  2000b01c    00000006     rtsv7M4_T_le_eabi.lib : copy_decompress_rle.obj (.text:decompress:rle24)

.const     0    2000b024    00000674     
                  2000b024    00000102     rtsv7M4_T_le_eabi.lib : ctype.obj (.const:.string:_ctypes_)
                  2000b126    00000002     --HOLE-- [fill = 0]
                  2000b128    00000100     driverlib.a : pin.obj (.const:g_ulPinToPadMap)
                  2000b228    000000ec     simplelink.a : wlan.obj (.const)
                  2000b314    000000d4     driverlib.a : interrupt.obj (.const:g_pulRegs)
                  2000b3e8    000000a8                 : prcm.obj (.const:PRCM_PeriphRegsList)
                  2000b490    00000080                 : interrupt.obj (.const)
                  2000b510    0000004c     simplelink.a : driver.obj (.const)
                  2000b55c    00000034                  : socket.obj (.const)
                  2000b590    0000002c     main.obj (.const:$P$T1$2)
                  2000b5bc    00000028     simplelink.a : netapp.obj (.const)
                  2000b5e4    00000024     driverlib.a : spi.obj (.const:g_ppulSPIIntMap)
                  2000b608    00000022     main.obj (.const:.string:$P$T0$1)
                  2000b62a    00000002     --HOLE-- [fill = 0]
                  2000b62c    00000020     main.obj (.const)
                  2000b64c    00000018     driverlib.a : spi.obj (.const)
                  2000b664    00000016     main.obj (.const:.string)
                  2000b67a    00000002     --HOLE-- [fill = 0]
                  2000b67c    00000014     simplelink.a : device.obj (.const)
                  2000b690    00000008                  : netcfg.obj (.const)

.cinit     0    2000b698    00000070     
                  2000b698    0000004c     (.cinit..data.load) [load image, compression = rle]
                  2000b6e4    0000000c     (__TI_handler_table)
                  2000b6f0    00000008     (.cinit..bss.load) [load image, compression = zero_init]
                  2000b6f8    00000010     (__TI_cinit_table)

.bss       0    20017000    00001068     UNINITIALIZED
                  20017000    00000578     spi.obj (.bss:myStrA)
                  20017578    00000578     spi.obj (.bss:myStrB)
                  20017af0    00000100     udma_if.obj (.bss:gfpAppCallbackHndl)
                  20017bf0    0000000c     (.common:cmd_buffer)
                  20017bfc    00000004     (.common:Reset_SYNC)
                  20017c00    00000400     udma_if.obj (.bss:gpCtlTbl)
                  20018000    00000028     simplelink.a : nonos.obj (.bss:g__SlNonOsCB)
                  20018028    00000024     main.obj (.bss:g_ucConnectionSSID)
                  2001804c    00000008     (.common:g_ucConnectionBSSID)
                  20018054    00000004     (.common:__Errorlog)
                  20018058    00000004     (.common:recvfromflag)
                  2001805c    00000004     (.common:rx_udp_server)
                  20018060    00000004     (.common:udploop)
                  20018064    00000002     (.common:ulRecvData)
                  20018066    00000001     (.common:g_cDummy)
                  20018067    00000001     (.common:iDone)

.sysmem    0    20018068    00000800     UNINITIALIZED
                  20018068    00000008     rtsv7M4_T_le_eabi.lib : memory.obj (.sysmem)
                  20018070    000007f8     --HOLE--

.data      0    20018868    00000250     UNINITIALIZED
                  20018868    00000170     simplelink.a : driver.obj (.data)
                  200189d8    0000005c                  : cc_pal.obj (.data)
                  20018a34    00000034     main.obj (.data)
                  20018a68    00000030     spi.obj (.data)
                  20018a98    0000000c     rtsv7M4_T_le_eabi.lib : memory.obj (.data)
                  20018aa4    00000008                           : _lock.obj (.data)
                  20018aac    00000008                           : exit.obj (.data)
                  20018ab4    00000004                           : stkdepth_vars.obj (.data)

.stack     0    2002f800    00000800     UNINITIALIZED
                  2002f800    00000800     --HOLE--


LINKER GENERATED COPY TABLES

__TI_cinit_table @ 2000b6f8 records: 2, size/record: 8, table size: 16
	.data: load addr=2000b698, load size=0000004c bytes, run addr=20018868, run size=00000250 bytes, compression=rle
	.bss: load addr=2000b6f0, load size=00000008 bytes, run addr=20017000, run size=00001068 bytes, compression=zero_init


LINKER GENERATED HANDLER TABLE

__TI_handler_table @ 2000b6e4 records: 3, size/record: 4, table size: 12
	index: 0, handler: __TI_decompress_rle24
	index: 1, handler: __TI_decompress_none
	index: 2, handler: __TI_zero_init


GLOBAL SYMBOLS: SORTED ALPHABETICALLY BY Name 

address    name
--------   ----
2000a3f1   C$$EXIT
2000aecd   CPUcpsie
20006fb9   ClearTerm
2000acf9   CopyPingResultsToReport
2000738b   DMASetupTransfer
200071fb   DmaErrorIntHandler
2000aa95   DmaSpiSwIntHandler
200071e5   DmaSwIntHandler
20006fc3   Error
20006ffb   GetCmd
20006f79   InitTerm
20008bfd   IntDisable
20008ca5   IntEnable
2000affd   IntMasterEnable
20009e3d   IntPendClear
20009f45   IntPrioritySet
2000abb1   IntRegister
2000aab9   IntUnregister
2000aee1   IntVTableBaseSet
20006f97   Message
2000af91   NwpMaskInterrupt
2000a63d   NwpPowerOff
2000a8a1   NwpPowerOn
200095b1   NwpPowerOnPreamble
2000a72d   NwpRegisterInterruptHandler
2000afcd   NwpUnMaskInterrupt
20007e61   PRCMCC3200MCUInit
2000ae75   PRCMHIBRegRead
2000ae8b   PRCMHIBRegWrite
2000aa1d   PRCMPeripheralClkDisable
2000a679   PRCMPeripheralClkEnable
20008f21   PRCMPeripheralClockGet
20009e95   PRCMPeripheralReset
2000a79d   PRCMPeripheralStatusGet
2000a9f1   PRCMSysResetCauseGet
20009201   PinConfigSet
2000a4bd   PinModeSet
2000a369   PinMuxConfig
2000ad13   PinTypeSPI
2000ad2d   PinTypeUART
20007125   Report
2000afbd   ResetISR
20017bfc   Reset_SYNC
UNDEFED    SHT$$INIT_ARRAY$$Base
UNDEFED    SHT$$INIT_ARRAY$$Limit
2000ade3   SPICSDisable
2000adfb   SPICSEnable
20008d4d   SPIConfigSetExpClk
2000ac11   SPIDataPut
2000ae13   SPIDisable
2000ad47   SPIDmaDisable
2000ad61   SPIDmaEnable
2000ae2b   SPIEnable
2000ad7b   SPIFIFODisable
2000ad95   SPIFIFOEnable
2000a7d1   SPIFIFOLevelSet
2000a24d   SPIIntClear
20009fed   SPIIntDisable
2000a039   SPIIntEnable
2000ac2f   SPIIntRegister
20009631   SPIIntStatus
2000adaf   SPIIntUnregister
2000ab6d   SPIReset
2000ab8f   SPIWordCountSet
2000728d   SetupTransfer
200054c9   SimpleLinkGeneralEventHandler
2000551d   SimpleLinkHttpServerCallback
20005409   SimpleLinkNetAppEventHandler
20005529   SimpleLinkSockEventHandler
200052f9   SimpleLinkWlanEventHandler
2000622b   SlaveMain
2000708d   TrimSpace
2000aea1   UARTCharGet
2000ac4d   UARTCharPut
20009909   UARTConfigSetExpClk
2000a8d1   UARTDisable
2000aadd   UARTEnable
2000725f   UDMAChannelSelect
20007377   UDMADeInit
20007207   UDMAInit
200072d1   UDMASetupAutoMemTransfer
20007305   UDMASetupPingPongTransfer
2000735f   UDMAStartTransfer
2000736b   UDMAStopTransfer
20005ab1   UdpServer
2000b017   UtilsDelay
2000afaf   _Dclass
2000a435   _Dtest
2000b57c   _SlAcceptCmdCtrl
2000b524   _SlActionLookupTable
20006c2d   _SlAsyncEventGenericHandler
2000b688   _SlDeviceGetCmdCtrl
2000b68c   _SlDeviceSetCmdCtrl
2000a805   _SlDrvBasicCmd
20008fb5   _SlDrvClassifyRxMsg
20009289   _SlDrvCmdOp
2000abd1   _SlDrvCmdSend
2000792d   _SlDrvDataReadOp
20007aa9   _SlDrvDataWriteOp
2000adc9   _SlDrvDeviceEventHandler
20009c69   _SlDrvDriverCBDeinit
20009171   _SlDrvDriverCBInit
2000a901   _SlDrvFlowContDeinit
2000a931   _SlDrvFlowContInit
20006879   _SlDrvMsgRead
2000892d   _SlDrvMsgReadCmdCtx
20009049   _SlDrvMsgReadSpawnCtx
200081d5   _SlDrvMsgWrite
20008a9d   _SlDrvNetAppEventHandler
2000ac6d   _SlDrvObjDeInit
2000a6b5   _SlDrvObjInit
200082e9   _SlDrvReleasePoolObj
20007be9   _SlDrvRxHdrRead
2000a4fd   _SlDrvRxIrqHandler
2000aef5   _SlDrvShiftDWord
200080bd   _SlDrvWaitForPoolObj
2000b684   _SlEventMaskGetCmdCtrl
2000b680   _SlEventMaskSetCmdCtrl
20008e89   _SlFindAndSetActiveObj
2000b5d4   _SlGetHostByNameCtrl
2000b5d0   _SlGetHostByServiceCtrl
2000b5c8   _SlGetServiceListeCtrl
2000b588   _SlGetSockOptCmdCtrl
2000b578   _SlListenCmdCtrl
2000b5e0   _SlNetAppGetCmdCtrl
2000b5dc   _SlNetAppSendTokenValueCmdCtrl
2000b5d8   _SlNetAppSetCmdCtrl
2000b5c0   _SlNetAppStartCtrl
2000b5c4   _SlNetAppStopCtrl
2000b694   _SlNetCfgGetCmdCtrl
2000b690   _SlNetCfgSetCmdCtrl
2000a53d   _SlNonOsMainLoopTask
2000a961   _SlNonOsSemGet
2000b007   _SlNonOsSemSet
2000abf1   _SlNonOsSpawn
2000b230   _SlPolicyGetCmdCtrl
2000b22c   _SlPolicySetCmdCtrl
2000b238   _SlProfileDelCmdCtrl
2000b234   _SlProfileGetCmdCtrl
2000b580   _SlRecvCmdCtrl
2000b570   _SlRecvfomCmdCtrl
2000b5cc   _SlRegisterServiceCtrl
2000a57d   _SlRemoveFromList
2000b240   _SlRxFilterAddtCmdCtrl
2000b248   _SlRxFilterGetCmdCtrl
2000b244   _SlRxFilterSetCmdCtrl
2000b58c   _SlSelectCmdCtrl
2000b574   _SlSendCmdCtrl
2000b584   _SlSetSockOptCmdCtrl
2000b24c   _SlSmartConfigStartCmdCtrl
2000b56c   _SlSockCloseCmdCtrl
2000b568   _SlSockSocketCmdCtrl
2000b67c   _SlStopCmdCtrl
2000b258   _SlWlanCfgGetCmdCtrl
2000b254   _SlWlanCfgSetCmdCtrl
2000b23c   _SlWlanGetNetworkListCtrl
2000b250   _SlWlanSetModeCmdCtrl
20030000   __STACK_END
00000800   __STACK_SIZE
00000800   __SYSMEM_SIZE
2000b6f8   __TI_CINIT_Base
2000b708   __TI_CINIT_Limit
2000b6e4   __TI_Handler_Table_Base
2000b6f0   __TI_Handler_Table_Limit
00000001   __TI_args_main
200090dd   __TI_auto_init
20018aac   __TI_cleanup_ptr
2000afa1   __TI_decompress_none
2000b01d   __TI_decompress_rle24
20018ab0   __TI_dtors_ptr
20004fb7   __TI_printfi
2000b698   __TI_static_base__
2000af59   __TI_zero_init
20009421   __aeabi_cdcmpeq
20009421   __aeabi_cdcmple
200094a7   __aeabi_cdrcmple
2000a295   __aeabi_d2iz
200075e3   __aeabi_dadd
20007d29   __aeabi_ddiv
200083f5   __aeabi_dmul
200075d9   __aeabi_dsub
2000a9c1   __aeabi_i2d
2000ae5d   __aeabi_lmul
20009891   __aeabi_memclr
20009891   __aeabi_memclr4
20009891   __aeabi_memclr8
20008ded   __aeabi_memcpy
20008ded   __aeabi_memcpy4
20008ded   __aeabi_memcpy8
20009893   __aeabi_memset
20009893   __aeabi_memset4
20009893   __aeabi_memset8
200073e5   __aeabi_uldivmod
ffffffff   __binit__
ffffffff   __c_args__
2002f800   __stack
2000ae45   _args_main
2000a839   _c_int00
2000b024   _ctypes_
20018aa4   _lock
2000af17   _nop
2000af0f   _register_lock
2000af09   _register_unlock
2000aa45   _sl_BuildAddress
2000a201   _sl_GetStartResponseConvert
20009ad1   _sl_HandleAsync_Accept
20009a65   _sl_HandleAsync_Connect
2000952d   _sl_HandleAsync_DnsGetHostByName
20009b39   _sl_HandleAsync_DnsGetHostByService
200097a1   _sl_HandleAsync_InitComplete
20009819   _sl_HandleAsync_PingResponse
20009d29   _sl_HandleAsync_Select
20009eed   _sl_HandleAsync_Stop
200099f5   _sl_TruncatePayloadByProtocol
20018068   _sys_memory
20018aa8   _unlock
2000a3f5   abort
2000a0d1   atoi
ffffffff   binit
20018a68   c_full
20006841   calloc
20018a78   check_cmd
20018a94   check_frame_start
20018a74   chk_bufa_flag
20017bf0   cmd_buffer
20018a90   cmd_index
20018a80   cmd_sent
2000a3ad   copy_in
2000a3fd   exit
20018a70   flag
20018a84   flow_ctrl
200063e5   frame_sync
2000659b   free
2001886c   gFirstCmdMode
2000b51c   g_H2NCnysPattern
2000b514   g_H2NSyncPattern
200189d8   g_SpiFd
20018874   g_StatMem
20018000   g__SlNonOsCB
20018066   g_cDummy
20018870   g_pCB
200189dc   g_pHostIntHdl
20004000   g_pfnVectors
2001804c   g_ucConnectionBSSID
20018028   g_ucConnectionSSID
200189e0   g_ucDMAEnabled
200189e4   g_ucDinDout
20018a48   g_ucSimplelinkstarted
20018a40   g_uiPortNum
20018a3c   g_ulDestinationIp
20018a38   g_ulGatewayIP
20018a4c   g_ulIpAddr
20018a44   g_ulPacketCount
20018a34   g_ulStatus
20018a7c   get_sync_cmd_resp
20017af0   gfpAppCallbackHndl
20017c00   gpCtlTbl
20018067   iDone
20018a6c   index
20009de1   ltoa
20005e51   main
20018ab4   main_func_sp
20006539   malloc
20006761   memalign
2000ac89   memccpy
20008ded   memcpy
2000ab01   memmove
20009899   memset
200064ad   minit
200052c1   ms_delay
20017000   myStrA
20017578   myStrB
20018a5c   num
20018868   pPingCallBackFunc
2000665b   realloc
20018a88   recv_ping_packet
20018a8c   recv_pong_packet
20018058   recvfromflag
20006361   reset_sync_spi
2001805c   rx_udp_server
200062d7   send_cmd
20009d85   sl_Bind
2000ab25   sl_Close
200096ad   sl_DevGet
2000a765   sl_Htonl
2000a86d   sl_Htons
20009399   sl_NetAppMDNSRegisterUnregisterService
2000af6b   sl_NetAppMDNSUnRegisterService
20009f99   sl_NetAppSendTokenValue
2000a479   sl_NetCfgSet
20008b51   sl_RecvFrom
200089e9   sl_SendTo
2000a11d   sl_SetSockOpt
2000a991   sl_Socket
20008865   sl_Start
200086cd   sl_Stop
20007791   sl_WlanConnect
2000b00f   sl_WlanDisconnect
2000a5bd   sl_WlanPolicySet
2000ab49   sl_WlanProfileDel
2000a5fd   sl_WlanRxFilterSet
2000a2dd   sl_WlanSet
2000aa6d   sl_WlanSetMode
20006461   spi
20009981   spi_Close
20007f95   spi_Open
20008799   spi_Read
200085e1   spi_Write
2000af1d   strlen
20018a64   tempCnt
20018a60   timerValue
2000a169   uDMAChannelAssign
20009ba1   uDMAChannelAttributeDisable
20009c05   uDMAChannelAttributeEnable
2000a6f1   uDMAChannelControlSet
2000aca5   uDMAChannelDisable
2000acc1   uDMAChannelEnable
2000a1b5   uDMAChannelModeGet
2000acdd   uDMAChannelRequest
200084f1   uDMAChannelTransferSet
2000af31   uDMAControlBaseSet
2000afd9   uDMADisable
2000afe5   uDMAEnable
2000af45   uDMAIntClear
2000aeb7   uDMAIntRegister
2000aff1   uDMAIntStatus
2000af7d   uDMAIntUnregister
20018a50   udp_str
20018060   udploop
20018064   ulRecvData
20009311   vsnprintf


GLOBAL SYMBOLS: SORTED BY Symbol Address 

address    name
--------   ----
00000001   __TI_args_main
00000800   __STACK_SIZE
00000800   __SYSMEM_SIZE
20004000   g_pfnVectors
20004fb7   __TI_printfi
200052c1   ms_delay
200052f9   SimpleLinkWlanEventHandler
20005409   SimpleLinkNetAppEventHandler
200054c9   SimpleLinkGeneralEventHandler
2000551d   SimpleLinkHttpServerCallback
20005529   SimpleLinkSockEventHandler
20005ab1   UdpServer
20005e51   main
2000622b   SlaveMain
200062d7   send_cmd
20006361   reset_sync_spi
200063e5   frame_sync
20006461   spi
200064ad   minit
20006539   malloc
2000659b   free
2000665b   realloc
20006761   memalign
20006841   calloc
20006879   _SlDrvMsgRead
20006c2d   _SlAsyncEventGenericHandler
20006f79   InitTerm
20006f97   Message
20006fb9   ClearTerm
20006fc3   Error
20006ffb   GetCmd
2000708d   TrimSpace
20007125   Report
200071e5   DmaSwIntHandler
200071fb   DmaErrorIntHandler
20007207   UDMAInit
2000725f   UDMAChannelSelect
2000728d   SetupTransfer
200072d1   UDMASetupAutoMemTransfer
20007305   UDMASetupPingPongTransfer
2000735f   UDMAStartTransfer
2000736b   UDMAStopTransfer
20007377   UDMADeInit
2000738b   DMASetupTransfer
200073e5   __aeabi_uldivmod
200075d9   __aeabi_dsub
200075e3   __aeabi_dadd
20007791   sl_WlanConnect
2000792d   _SlDrvDataReadOp
20007aa9   _SlDrvDataWriteOp
20007be9   _SlDrvRxHdrRead
20007d29   __aeabi_ddiv
20007e61   PRCMCC3200MCUInit
20007f95   spi_Open
200080bd   _SlDrvWaitForPoolObj
200081d5   _SlDrvMsgWrite
200082e9   _SlDrvReleasePoolObj
200083f5   __aeabi_dmul
200084f1   uDMAChannelTransferSet
200085e1   spi_Write
200086cd   sl_Stop
20008799   spi_Read
20008865   sl_Start
2000892d   _SlDrvMsgReadCmdCtx
200089e9   sl_SendTo
20008a9d   _SlDrvNetAppEventHandler
20008b51   sl_RecvFrom
20008bfd   IntDisable
20008ca5   IntEnable
20008d4d   SPIConfigSetExpClk
20008ded   __aeabi_memcpy
20008ded   __aeabi_memcpy4
20008ded   __aeabi_memcpy8
20008ded   memcpy
20008e89   _SlFindAndSetActiveObj
20008f21   PRCMPeripheralClockGet
20008fb5   _SlDrvClassifyRxMsg
20009049   _SlDrvMsgReadSpawnCtx
200090dd   __TI_auto_init
20009171   _SlDrvDriverCBInit
20009201   PinConfigSet
20009289   _SlDrvCmdOp
20009311   vsnprintf
20009399   sl_NetAppMDNSRegisterUnregisterService
20009421   __aeabi_cdcmpeq
20009421   __aeabi_cdcmple
200094a7   __aeabi_cdrcmple
2000952d   _sl_HandleAsync_DnsGetHostByName
200095b1   NwpPowerOnPreamble
20009631   SPIIntStatus
200096ad   sl_DevGet
200097a1   _sl_HandleAsync_InitComplete
20009819   _sl_HandleAsync_PingResponse
20009891   __aeabi_memclr
20009891   __aeabi_memclr4
20009891   __aeabi_memclr8
20009893   __aeabi_memset
20009893   __aeabi_memset4
20009893   __aeabi_memset8
20009899   memset
20009909   UARTConfigSetExpClk
20009981   spi_Close
200099f5   _sl_TruncatePayloadByProtocol
20009a65   _sl_HandleAsync_Connect
20009ad1   _sl_HandleAsync_Accept
20009b39   _sl_HandleAsync_DnsGetHostByService
20009ba1   uDMAChannelAttributeDisable
20009c05   uDMAChannelAttributeEnable
20009c69   _SlDrvDriverCBDeinit
20009d29   _sl_HandleAsync_Select
20009d85   sl_Bind
20009de1   ltoa
20009e3d   IntPendClear
20009e95   PRCMPeripheralReset
20009eed   _sl_HandleAsync_Stop
20009f45   IntPrioritySet
20009f99   sl_NetAppSendTokenValue
20009fed   SPIIntDisable
2000a039   SPIIntEnable
2000a0d1   atoi
2000a11d   sl_SetSockOpt
2000a169   uDMAChannelAssign
2000a1b5   uDMAChannelModeGet
2000a201   _sl_GetStartResponseConvert
2000a24d   SPIIntClear
2000a295   __aeabi_d2iz
2000a2dd   sl_WlanSet
2000a369   PinMuxConfig
2000a3ad   copy_in
2000a3f1   C$$EXIT
2000a3f5   abort
2000a3fd   exit
2000a435   _Dtest
2000a479   sl_NetCfgSet
2000a4bd   PinModeSet
2000a4fd   _SlDrvRxIrqHandler
2000a53d   _SlNonOsMainLoopTask
2000a57d   _SlRemoveFromList
2000a5bd   sl_WlanPolicySet
2000a5fd   sl_WlanRxFilterSet
2000a63d   NwpPowerOff
2000a679   PRCMPeripheralClkEnable
2000a6b5   _SlDrvObjInit
2000a6f1   uDMAChannelControlSet
2000a72d   NwpRegisterInterruptHandler
2000a765   sl_Htonl
2000a79d   PRCMPeripheralStatusGet
2000a7d1   SPIFIFOLevelSet
2000a805   _SlDrvBasicCmd
2000a839   _c_int00
2000a86d   sl_Htons
2000a8a1   NwpPowerOn
2000a8d1   UARTDisable
2000a901   _SlDrvFlowContDeinit
2000a931   _SlDrvFlowContInit
2000a961   _SlNonOsSemGet
2000a991   sl_Socket
2000a9c1   __aeabi_i2d
2000a9f1   PRCMSysResetCauseGet
2000aa1d   PRCMPeripheralClkDisable
2000aa45   _sl_BuildAddress
2000aa6d   sl_WlanSetMode
2000aa95   DmaSpiSwIntHandler
2000aab9   IntUnregister
2000aadd   UARTEnable
2000ab01   memmove
2000ab25   sl_Close
2000ab49   sl_WlanProfileDel
2000ab6d   SPIReset
2000ab8f   SPIWordCountSet
2000abb1   IntRegister
2000abd1   _SlDrvCmdSend
2000abf1   _SlNonOsSpawn
2000ac11   SPIDataPut
2000ac2f   SPIIntRegister
2000ac4d   UARTCharPut
2000ac6d   _SlDrvObjDeInit
2000ac89   memccpy
2000aca5   uDMAChannelDisable
2000acc1   uDMAChannelEnable
2000acdd   uDMAChannelRequest
2000acf9   CopyPingResultsToReport
2000ad13   PinTypeSPI
2000ad2d   PinTypeUART
2000ad47   SPIDmaDisable
2000ad61   SPIDmaEnable
2000ad7b   SPIFIFODisable
2000ad95   SPIFIFOEnable
2000adaf   SPIIntUnregister
2000adc9   _SlDrvDeviceEventHandler
2000ade3   SPICSDisable
2000adfb   SPICSEnable
2000ae13   SPIDisable
2000ae2b   SPIEnable
2000ae45   _args_main
2000ae5d   __aeabi_lmul
2000ae75   PRCMHIBRegRead
2000ae8b   PRCMHIBRegWrite
2000aea1   UARTCharGet
2000aeb7   uDMAIntRegister
2000aecd   CPUcpsie
2000aee1   IntVTableBaseSet
2000aef5   _SlDrvShiftDWord
2000af09   _register_unlock
2000af0f   _register_lock
2000af17   _nop
2000af1d   strlen
2000af31   uDMAControlBaseSet
2000af45   uDMAIntClear
2000af59   __TI_zero_init
2000af6b   sl_NetAppMDNSUnRegisterService
2000af7d   uDMAIntUnregister
2000af91   NwpMaskInterrupt
2000afa1   __TI_decompress_none
2000afaf   _Dclass
2000afbd   ResetISR
2000afcd   NwpUnMaskInterrupt
2000afd9   uDMADisable
2000afe5   uDMAEnable
2000aff1   uDMAIntStatus
2000affd   IntMasterEnable
2000b007   _SlNonOsSemSet
2000b00f   sl_WlanDisconnect
2000b017   UtilsDelay
2000b01d   __TI_decompress_rle24
2000b024   _ctypes_
2000b22c   _SlPolicySetCmdCtrl
2000b230   _SlPolicyGetCmdCtrl
2000b234   _SlProfileGetCmdCtrl
2000b238   _SlProfileDelCmdCtrl
2000b23c   _SlWlanGetNetworkListCtrl
2000b240   _SlRxFilterAddtCmdCtrl
2000b244   _SlRxFilterSetCmdCtrl
2000b248   _SlRxFilterGetCmdCtrl
2000b24c   _SlSmartConfigStartCmdCtrl
2000b250   _SlWlanSetModeCmdCtrl
2000b254   _SlWlanCfgSetCmdCtrl
2000b258   _SlWlanCfgGetCmdCtrl
2000b514   g_H2NSyncPattern
2000b51c   g_H2NCnysPattern
2000b524   _SlActionLookupTable
2000b568   _SlSockSocketCmdCtrl
2000b56c   _SlSockCloseCmdCtrl
2000b570   _SlRecvfomCmdCtrl
2000b574   _SlSendCmdCtrl
2000b578   _SlListenCmdCtrl
2000b57c   _SlAcceptCmdCtrl
2000b580   _SlRecvCmdCtrl
2000b584   _SlSetSockOptCmdCtrl
2000b588   _SlGetSockOptCmdCtrl
2000b58c   _SlSelectCmdCtrl
2000b5c0   _SlNetAppStartCtrl
2000b5c4   _SlNetAppStopCtrl
2000b5c8   _SlGetServiceListeCtrl
2000b5cc   _SlRegisterServiceCtrl
2000b5d0   _SlGetHostByServiceCtrl
2000b5d4   _SlGetHostByNameCtrl
2000b5d8   _SlNetAppSetCmdCtrl
2000b5dc   _SlNetAppSendTokenValueCmdCtrl
2000b5e0   _SlNetAppGetCmdCtrl
2000b67c   _SlStopCmdCtrl
2000b680   _SlEventMaskSetCmdCtrl
2000b684   _SlEventMaskGetCmdCtrl
2000b688   _SlDeviceGetCmdCtrl
2000b68c   _SlDeviceSetCmdCtrl
2000b690   _SlNetCfgSetCmdCtrl
2000b694   _SlNetCfgGetCmdCtrl
2000b698   __TI_static_base__
2000b6e4   __TI_Handler_Table_Base
2000b6f0   __TI_Handler_Table_Limit
2000b6f8   __TI_CINIT_Base
2000b708   __TI_CINIT_Limit
20017000   myStrA
20017578   myStrB
20017af0   gfpAppCallbackHndl
20017bf0   cmd_buffer
20017bfc   Reset_SYNC
20017c00   gpCtlTbl
20018000   g__SlNonOsCB
20018028   g_ucConnectionSSID
2001804c   g_ucConnectionBSSID
20018058   recvfromflag
2001805c   rx_udp_server
20018060   udploop
20018064   ulRecvData
20018066   g_cDummy
20018067   iDone
20018068   _sys_memory
20018868   pPingCallBackFunc
2001886c   gFirstCmdMode
20018870   g_pCB
20018874   g_StatMem
200189d8   g_SpiFd
200189dc   g_pHostIntHdl
200189e0   g_ucDMAEnabled
200189e4   g_ucDinDout
20018a34   g_ulStatus
20018a38   g_ulGatewayIP
20018a3c   g_ulDestinationIp
20018a40   g_uiPortNum
20018a44   g_ulPacketCount
20018a48   g_ucSimplelinkstarted
20018a4c   g_ulIpAddr
20018a50   udp_str
20018a5c   num
20018a60   timerValue
20018a64   tempCnt
20018a68   c_full
20018a6c   index
20018a70   flag
20018a74   chk_bufa_flag
20018a78   check_cmd
20018a7c   get_sync_cmd_resp
20018a80   cmd_sent
20018a84   flow_ctrl
20018a88   recv_ping_packet
20018a8c   recv_pong_packet
20018a90   cmd_index
20018a94   check_frame_start
20018aa4   _lock
20018aa8   _unlock
20018aac   __TI_cleanup_ptr
20018ab0   __TI_dtors_ptr
20018ab4   main_func_sp
2002f800   __stack
20030000   __STACK_END
ffffffff   __binit__
ffffffff   __c_args__
ffffffff   binit
UNDEFED    SHT$$INIT_ARRAY$$Base
UNDEFED    SHT$$INIT_ARRAY$$Limit

[331 symbols]
